TRACE::2025-10-15.20:11:12::SCWPlatform::Trying to open the hw design at C:/Users/oscar/OneDrive/Documentos/UCM/QUINTO/SE/Practicas_SE/Practica2/design_2_wrapper/hw/design_2_wrapper.xsa
TRACE::2025-10-15.20:11:12::SCWPlatform::DSA given C:/Users/oscar/OneDrive/Documentos/UCM/QUINTO/SE/Practicas_SE/Practica2/design_2_wrapper/hw/design_2_wrapper.xsa
TRACE::2025-10-15.20:11:12::SCWPlatform::DSA absoulate path C:/Users/oscar/OneDrive/Documentos/UCM/QUINTO/SE/Practicas_SE/Practica2/design_2_wrapper/hw/design_2_wrapper.xsa
TRACE::2025-10-15.20:11:12::SCWPlatform::DSA directory C:/Users/oscar/OneDrive/Documentos/UCM/QUINTO/SE/Practicas_SE/Practica2/design_2_wrapper/hw
TRACE::2025-10-15.20:11:12::SCWPlatform:: Platform Path C:/Users/oscar/OneDrive/Documentos/UCM/QUINTO/SE/Practicas_SE/Practica2/design_2_wrapper/hw/design_2_wrapper.xsa
TRACE::2025-10-15.20:11:12::SCWPlatform:: Unique name xilinx:basys3::0.0
TRACE::2025-10-15.20:11:12::SCWPlatform::Do not have an existing db opened. 
TRACE::2025-10-15.20:11:13::SCWPlatform::Opened new HwDB with name design_2_wrapper_0
TRACE::2025-10-15.20:11:13::SCWWriter::formatted JSON is {
	"platformName":	"design_2_wrapper",
	"sprVersion":	"2.0",
	"mode":	"gui",
	"dsaType":	"Fixed",
	"platformDesc":	"design_2_wrapper",
	"platHandOff":	"<platformDir>.xsa",
	"platIntHandOff":	"<platformDir>/hw/design_2_wrapper.xsa",
	"deviceType":	"FPGA",
	"platIsPrebuiltAutogen":	"false",
	"platIsNoBootBsp":	"false",
	"hasFsblMakeHasChanges":	"false",
	"hasPmufwMakeHasChanges":	"false",
	"platPreBuiltFlag":	false,
	"platformSamplesDir":	""
}
TRACE::2025-10-15.20:11:13::SCWWriter::formatted JSON is {
	"platformName":	"design_2_wrapper",
	"sprVersion":	"2.0",
	"mode":	"gui",
	"dsaType":	"Fixed",
	"platformDesc":	"design_2_wrapper",
	"platHandOff":	"<platformDir>.xsa",
	"platIntHandOff":	"<platformDir>/hw/design_2_wrapper.xsa",
	"deviceType":	"FPGA",
	"platIsPrebuiltAutogen":	"false",
	"platIsNoBootBsp":	"false",
	"hasFsblMakeHasChanges":	"false",
	"hasPmufwMakeHasChanges":	"false",
	"platPreBuiltFlag":	false,
	"platformSamplesDir":	"",
	"platActiveSys":	"design_2_wrapper",
	"systems":	[{
			"systemName":	"design_2_wrapper",
			"systemDesc":	"design_2_wrapper",
			"sysIsBootAutoGen":	"true",
			"systemDispName":	"design_2_wrapper"
		}]
}
TRACE::2025-10-15.20:11:13::SCWPlatform::Boot application domains not present, creating them
TRACE::2025-10-15.20:11:13::SCWPlatform::Pure FPGA device, no boot application will be created.
TRACE::2025-10-15.20:11:13::SCWWriter::formatted JSON is {
	"platformName":	"design_2_wrapper",
	"sprVersion":	"2.0",
	"mode":	"gui",
	"dsaType":	"Fixed",
	"platformDesc":	"design_2_wrapper",
	"platHandOff":	"<platformDir>.xsa",
	"platIntHandOff":	"<platformDir>/hw/design_2_wrapper.xsa",
	"deviceType":	"FPGA",
	"platIsPrebuiltAutogen":	"false",
	"platIsNoBootBsp":	"false",
	"hasFsblMakeHasChanges":	"false",
	"hasPmufwMakeHasChanges":	"false",
	"platPreBuiltFlag":	false,
	"platformSamplesDir":	"",
	"platActiveSys":	"design_2_wrapper",
	"systems":	[{
			"systemName":	"design_2_wrapper",
			"systemDesc":	"design_2_wrapper",
			"sysIsBootAutoGen":	"true",
			"systemDispName":	"design_2_wrapper"
		}]
}
TRACE::2025-10-15.20:11:13::SCWWriter::formatted JSON is {
	"platformName":	"design_2_wrapper",
	"sprVersion":	"2.0",
	"mode":	"gui",
	"dsaType":	"Fixed",
	"platformDesc":	"design_2_wrapper",
	"platHandOff":	"<platformDir>.xsa",
	"platIntHandOff":	"<platformDir>/hw/design_2_wrapper.xsa",
	"deviceType":	"FPGA",
	"platIsPrebuiltAutogen":	"false",
	"platIsNoBootBsp":	"false",
	"hasFsblMakeHasChanges":	"false",
	"hasPmufwMakeHasChanges":	"false",
	"platPreBuiltFlag":	false,
	"platformSamplesDir":	"",
	"platActiveSys":	"design_2_wrapper",
	"systems":	[{
			"systemName":	"design_2_wrapper",
			"systemDesc":	"design_2_wrapper",
			"sysIsBootAutoGen":	"true",
			"systemDispName":	"design_2_wrapper"
		}]
}
TRACE::2025-10-15.20:11:13::SCWPlatform::Trying to open the hw design at C:/Users/oscar/OneDrive/Documentos/UCM/QUINTO/SE/Practicas_SE/Practica2/design_2_wrapper/hw/design_2_wrapper.xsa
TRACE::2025-10-15.20:11:13::SCWPlatform::DSA given C:/Users/oscar/OneDrive/Documentos/UCM/QUINTO/SE/Practicas_SE/Practica2/design_2_wrapper/hw/design_2_wrapper.xsa
TRACE::2025-10-15.20:11:13::SCWPlatform::DSA absoulate path C:/Users/oscar/OneDrive/Documentos/UCM/QUINTO/SE/Practicas_SE/Practica2/design_2_wrapper/hw/design_2_wrapper.xsa
TRACE::2025-10-15.20:11:13::SCWPlatform::DSA directory C:/Users/oscar/OneDrive/Documentos/UCM/QUINTO/SE/Practicas_SE/Practica2/design_2_wrapper/hw
TRACE::2025-10-15.20:11:13::SCWPlatform:: Platform Path C:/Users/oscar/OneDrive/Documentos/UCM/QUINTO/SE/Practicas_SE/Practica2/design_2_wrapper/hw/design_2_wrapper.xsa
TRACE::2025-10-15.20:11:13::SCWPlatform:: Unique name xilinx:basys3::0.0
TRACE::2025-10-15.20:11:13::SCWPlatform::Trying to set the existing hwdb with name design_2_wrapper_0
TRACE::2025-10-15.20:11:13::SCWPlatform::Opened existing hwdb design_2_wrapper_0
TRACE::2025-10-15.20:11:13::SCWPlatform::Found the Hw Db part of the input DSA
TRACE::2025-10-15.20:11:13::SCWPlatform::Trying to open the hw design at C:/Users/oscar/OneDrive/Documentos/UCM/QUINTO/SE/Practicas_SE/Practica2/design_2_wrapper/hw/design_2_wrapper.xsa
TRACE::2025-10-15.20:11:13::SCWPlatform::DSA given C:/Users/oscar/OneDrive/Documentos/UCM/QUINTO/SE/Practicas_SE/Practica2/design_2_wrapper/hw/design_2_wrapper.xsa
TRACE::2025-10-15.20:11:13::SCWPlatform::DSA absoulate path C:/Users/oscar/OneDrive/Documentos/UCM/QUINTO/SE/Practicas_SE/Practica2/design_2_wrapper/hw/design_2_wrapper.xsa
TRACE::2025-10-15.20:11:13::SCWPlatform::DSA directory C:/Users/oscar/OneDrive/Documentos/UCM/QUINTO/SE/Practicas_SE/Practica2/design_2_wrapper/hw
TRACE::2025-10-15.20:11:13::SCWPlatform:: Platform Path C:/Users/oscar/OneDrive/Documentos/UCM/QUINTO/SE/Practicas_SE/Practica2/design_2_wrapper/hw/design_2_wrapper.xsa
TRACE::2025-10-15.20:11:13::SCWPlatform:: Unique name xilinx:basys3::0.0
TRACE::2025-10-15.20:11:13::SCWPlatform::Trying to set the existing hwdb with name design_2_wrapper_0
TRACE::2025-10-15.20:11:13::SCWPlatform::Opened existing hwdb design_2_wrapper_0
TRACE::2025-10-15.20:11:13::SCWPlatform::Found the Hw Db part of the input DSA
TRACE::2025-10-15.20:11:13::SCWDomain::checking for install qemu data   : 
TRACE::2025-10-15.20:11:13::SCWPlatform::Trying to open the hw design at C:/Users/oscar/OneDrive/Documentos/UCM/QUINTO/SE/Practicas_SE/Practica2/design_2_wrapper/hw/design_2_wrapper.xsa
TRACE::2025-10-15.20:11:13::SCWPlatform::DSA given C:/Users/oscar/OneDrive/Documentos/UCM/QUINTO/SE/Practicas_SE/Practica2/design_2_wrapper/hw/design_2_wrapper.xsa
TRACE::2025-10-15.20:11:13::SCWPlatform::DSA absoulate path C:/Users/oscar/OneDrive/Documentos/UCM/QUINTO/SE/Practicas_SE/Practica2/design_2_wrapper/hw/design_2_wrapper.xsa
TRACE::2025-10-15.20:11:13::SCWPlatform::DSA directory C:/Users/oscar/OneDrive/Documentos/UCM/QUINTO/SE/Practicas_SE/Practica2/design_2_wrapper/hw
TRACE::2025-10-15.20:11:13::SCWPlatform:: Platform Path C:/Users/oscar/OneDrive/Documentos/UCM/QUINTO/SE/Practicas_SE/Practica2/design_2_wrapper/hw/design_2_wrapper.xsa
TRACE::2025-10-15.20:11:13::SCWPlatform:: Unique name xilinx:basys3::0.0
TRACE::2025-10-15.20:11:13::SCWPlatform::Trying to set the existing hwdb with name design_2_wrapper_0
TRACE::2025-10-15.20:11:13::SCWPlatform::Opened existing hwdb design_2_wrapper_0
TRACE::2025-10-15.20:11:13::SCWPlatform::Found the Hw Db part of the input DSA
TRACE::2025-10-15.20:11:13::SCWPlatform::Trying to open the hw design at C:/Users/oscar/OneDrive/Documentos/UCM/QUINTO/SE/Practicas_SE/Practica2/design_2_wrapper/hw/design_2_wrapper.xsa
TRACE::2025-10-15.20:11:13::SCWPlatform::DSA given C:/Users/oscar/OneDrive/Documentos/UCM/QUINTO/SE/Practicas_SE/Practica2/design_2_wrapper/hw/design_2_wrapper.xsa
TRACE::2025-10-15.20:11:13::SCWPlatform::DSA absoulate path C:/Users/oscar/OneDrive/Documentos/UCM/QUINTO/SE/Practicas_SE/Practica2/design_2_wrapper/hw/design_2_wrapper.xsa
TRACE::2025-10-15.20:11:13::SCWPlatform::DSA directory C:/Users/oscar/OneDrive/Documentos/UCM/QUINTO/SE/Practicas_SE/Practica2/design_2_wrapper/hw
TRACE::2025-10-15.20:11:13::SCWPlatform:: Platform Path C:/Users/oscar/OneDrive/Documentos/UCM/QUINTO/SE/Practicas_SE/Practica2/design_2_wrapper/hw/design_2_wrapper.xsa
TRACE::2025-10-15.20:11:13::SCWPlatform:: Unique name xilinx:basys3::0.0
TRACE::2025-10-15.20:11:13::SCWPlatform::Trying to set the existing hwdb with name design_2_wrapper_0
TRACE::2025-10-15.20:11:13::SCWPlatform::Opened existing hwdb design_2_wrapper_0
TRACE::2025-10-15.20:11:13::SCWPlatform::Found the Hw Db part of the input DSA
TRACE::2025-10-15.20:11:13::SCWPlatform::Trying to open the hw design at C:/Users/oscar/OneDrive/Documentos/UCM/QUINTO/SE/Practicas_SE/Practica2/design_2_wrapper/hw/design_2_wrapper.xsa
TRACE::2025-10-15.20:11:13::SCWPlatform::DSA given C:/Users/oscar/OneDrive/Documentos/UCM/QUINTO/SE/Practicas_SE/Practica2/design_2_wrapper/hw/design_2_wrapper.xsa
TRACE::2025-10-15.20:11:13::SCWPlatform::DSA absoulate path C:/Users/oscar/OneDrive/Documentos/UCM/QUINTO/SE/Practicas_SE/Practica2/design_2_wrapper/hw/design_2_wrapper.xsa
TRACE::2025-10-15.20:11:13::SCWPlatform::DSA directory C:/Users/oscar/OneDrive/Documentos/UCM/QUINTO/SE/Practicas_SE/Practica2/design_2_wrapper/hw
TRACE::2025-10-15.20:11:13::SCWPlatform:: Platform Path C:/Users/oscar/OneDrive/Documentos/UCM/QUINTO/SE/Practicas_SE/Practica2/design_2_wrapper/hw/design_2_wrapper.xsa
TRACE::2025-10-15.20:11:13::SCWPlatform:: Unique name xilinx:basys3::0.0
TRACE::2025-10-15.20:11:13::SCWPlatform::Trying to set the existing hwdb with name design_2_wrapper_0
TRACE::2025-10-15.20:11:13::SCWPlatform::Opened existing hwdb design_2_wrapper_0
TRACE::2025-10-15.20:11:13::SCWPlatform::Found the Hw Db part of the input DSA
TRACE::2025-10-15.20:11:13::SCWMssOS::Checking the sw design at  C:/Users/oscar/OneDrive/Documentos/UCM/QUINTO/SE/Practicas_SE/Practica2/design_2_wrapper/microblaze_0/standalone_microblaze_0/bsp/system.mss
TRACE::2025-10-15.20:11:13::SCWMssOS::DEBUG:  swdes dump  
TRACE::2025-10-15.20:11:13::SCWMssOS::No sw design opened at  C:/Users/oscar/OneDrive/Documentos/UCM/QUINTO/SE/Practicas_SE/Practica2/design_2_wrapper/microblaze_0/standalone_microblaze_0/bsp/system.mss
TRACE::2025-10-15.20:11:13::SCWMssOS::mss does not exists at C:/Users/oscar/OneDrive/Documentos/UCM/QUINTO/SE/Practicas_SE/Practica2/design_2_wrapper/microblaze_0/standalone_microblaze_0/bsp/system.mss
TRACE::2025-10-15.20:11:13::SCWMssOS::Creating sw design at  C:/Users/oscar/OneDrive/Documentos/UCM/QUINTO/SE/Practicas_SE/Practica2/design_2_wrapper/microblaze_0/standalone_microblaze_0/bsp/system.mss
TRACE::2025-10-15.20:11:13::SCWMssOS::Adding the swdes entry, created swdb C:/Users/oscar/OneDrive/Documentos/UCM/QUINTO/SE/Practicas_SE/Practica2/design_2_wrapper/microblaze_0/standalone_microblaze_0/bsp/system.mss with des name C:/Users/oscar/OneDrive/Documentos/UCM/QUINTO/SE/Practicas_SE/Practica2/design_2_wrapper/microblaze_0/standalone_microblaze_0/bsp/system.mss
TRACE::2025-10-15.20:11:13::SCWMssOS::updating the scw layer changes to swdes at   C:/Users/oscar/OneDrive/Documentos/UCM/QUINTO/SE/Practicas_SE/Practica2/design_2_wrapper/microblaze_0/standalone_microblaze_0/bsp/system.mss
TRACE::2025-10-15.20:11:13::SCWMssOS::Writing mss at C:/Users/oscar/OneDrive/Documentos/UCM/QUINTO/SE/Practicas_SE/Practica2/design_2_wrapper/microblaze_0/standalone_microblaze_0/bsp/system.mss
TRACE::2025-10-15.20:11:13::SCWMssOS::Completed writing the mss file at C:/Users/oscar/OneDrive/Documentos/UCM/QUINTO/SE/Practicas_SE/Practica2/design_2_wrapper/microblaze_0/standalone_microblaze_0/bsp
TRACE::2025-10-15.20:11:13::SCWMssOS::Picking up changes from newly written mss file into SCW Layer. 
TRACE::2025-10-15.20:11:13::SCWMssOS::Updated the changes from newly written mss file into SCW Layer. 
TRACE::2025-10-15.20:11:13::SCWMssOS::Completed writing the mss file at C:/Users/oscar/OneDrive/Documentos/UCM/QUINTO/SE/Practicas_SE/Practica2/design_2_wrapper/microblaze_0/standalone_microblaze_0/bsp
TRACE::2025-10-15.20:11:13::SCWMssOS::Forcing BSP Sources regeneration.
TRACE::2025-10-15.20:11:15::SCWMssOS::Saving the mss changes C:/Users/oscar/OneDrive/Documentos/UCM/QUINTO/SE/Practicas_SE/Practica2/design_2_wrapper/microblaze_0/standalone_microblaze_0/bsp/system.mss
TRACE::2025-10-15.20:11:15::SCWMssOS::Adding the swdes entry, mss present, able to open swdb C:/Users/oscar/OneDrive/Documentos/UCM/QUINTO/SE/Practicas_SE/Practica2/design_2_wrapper/microblaze_0/standalone_microblaze_0/bsp/system.mss with des name system
TRACE::2025-10-15.20:11:15::SCWMssOS::Writing the mss file completed C:/Users/oscar/OneDrive/Documentos/UCM/QUINTO/SE/Practicas_SE/Practica2/design_2_wrapper/microblaze_0/standalone_microblaze_0/bsp/system.mss
TRACE::2025-10-15.20:11:15::SCWMssOS::Commit changes completed.
TRACE::2025-10-15.20:11:15::SCWPlatform::Trying to open the hw design at C:/Users/oscar/OneDrive/Documentos/UCM/QUINTO/SE/Practicas_SE/Practica2/design_2_wrapper/hw/design_2_wrapper.xsa
TRACE::2025-10-15.20:11:15::SCWPlatform::DSA given C:/Users/oscar/OneDrive/Documentos/UCM/QUINTO/SE/Practicas_SE/Practica2/design_2_wrapper/hw/design_2_wrapper.xsa
TRACE::2025-10-15.20:11:15::SCWPlatform::DSA absoulate path C:/Users/oscar/OneDrive/Documentos/UCM/QUINTO/SE/Practicas_SE/Practica2/design_2_wrapper/hw/design_2_wrapper.xsa
TRACE::2025-10-15.20:11:15::SCWPlatform::DSA directory C:/Users/oscar/OneDrive/Documentos/UCM/QUINTO/SE/Practicas_SE/Practica2/design_2_wrapper/hw
TRACE::2025-10-15.20:11:15::SCWPlatform:: Platform Path C:/Users/oscar/OneDrive/Documentos/UCM/QUINTO/SE/Practicas_SE/Practica2/design_2_wrapper/hw/design_2_wrapper.xsa
TRACE::2025-10-15.20:11:15::SCWPlatform:: Unique name xilinx:basys3::0.0
TRACE::2025-10-15.20:11:15::SCWPlatform::Trying to set the existing hwdb with name design_2_wrapper_0
TRACE::2025-10-15.20:11:15::SCWPlatform::Opened existing hwdb design_2_wrapper_0
TRACE::2025-10-15.20:11:15::SCWPlatform::Found the Hw Db part of the input DSA
TRACE::2025-10-15.20:11:15::SCWMssOS::Checking the sw design at  C:/Users/oscar/OneDrive/Documentos/UCM/QUINTO/SE/Practicas_SE/Practica2/design_2_wrapper/microblaze_0/standalone_microblaze_0/bsp/system.mss
TRACE::2025-10-15.20:11:15::SCWMssOS::DEBUG:  swdes dump  C:/Users/oscar/OneDrive/Documentos/UCM/QUINTO/SE/Practicas_SE/Practica2/design_2_wrapper/microblaze_0/standalone_microblaze_0/bsp/system.mss|system||

TRACE::2025-10-15.20:11:15::SCWMssOS::Sw design exists and opened at  C:/Users/oscar/OneDrive/Documentos/UCM/QUINTO/SE/Practicas_SE/Practica2/design_2_wrapper/microblaze_0/standalone_microblaze_0/bsp/system.mss
TRACE::2025-10-15.20:11:15::SCWPlatform::Trying to open the hw design at C:/Users/oscar/OneDrive/Documentos/UCM/QUINTO/SE/Practicas_SE/Practica2/design_2_wrapper/hw/design_2_wrapper.xsa
TRACE::2025-10-15.20:11:15::SCWPlatform::DSA given C:/Users/oscar/OneDrive/Documentos/UCM/QUINTO/SE/Practicas_SE/Practica2/design_2_wrapper/hw/design_2_wrapper.xsa
TRACE::2025-10-15.20:11:15::SCWPlatform::DSA absoulate path C:/Users/oscar/OneDrive/Documentos/UCM/QUINTO/SE/Practicas_SE/Practica2/design_2_wrapper/hw/design_2_wrapper.xsa
TRACE::2025-10-15.20:11:15::SCWPlatform::DSA directory C:/Users/oscar/OneDrive/Documentos/UCM/QUINTO/SE/Practicas_SE/Practica2/design_2_wrapper/hw
TRACE::2025-10-15.20:11:15::SCWPlatform:: Platform Path C:/Users/oscar/OneDrive/Documentos/UCM/QUINTO/SE/Practicas_SE/Practica2/design_2_wrapper/hw/design_2_wrapper.xsa
TRACE::2025-10-15.20:11:15::SCWPlatform:: Unique name xilinx:basys3::0.0
TRACE::2025-10-15.20:11:15::SCWPlatform::Trying to set the existing hwdb with name design_2_wrapper_0
TRACE::2025-10-15.20:11:15::SCWPlatform::Opened existing hwdb design_2_wrapper_0
TRACE::2025-10-15.20:11:15::SCWPlatform::Found the Hw Db part of the input DSA
TRACE::2025-10-15.20:11:15::SCWMssOS::Checking the sw design at  C:/Users/oscar/OneDrive/Documentos/UCM/QUINTO/SE/Practicas_SE/Practica2/design_2_wrapper/microblaze_0/standalone_microblaze_0/bsp/system.mss
TRACE::2025-10-15.20:11:15::SCWMssOS::DEBUG:  swdes dump  C:/Users/oscar/OneDrive/Documentos/UCM/QUINTO/SE/Practicas_SE/Practica2/design_2_wrapper/microblaze_0/standalone_microblaze_0/bsp/system.mss|system||

TRACE::2025-10-15.20:11:15::SCWMssOS::Sw design exists and opened at  C:/Users/oscar/OneDrive/Documentos/UCM/QUINTO/SE/Practicas_SE/Practica2/design_2_wrapper/microblaze_0/standalone_microblaze_0/bsp/system.mss
TRACE::2025-10-15.20:11:15::SCWPlatform::Trying to open the hw design at C:/Users/oscar/OneDrive/Documentos/UCM/QUINTO/SE/Practicas_SE/Practica2/design_2_wrapper/hw/design_2_wrapper.xsa
TRACE::2025-10-15.20:11:15::SCWPlatform::DSA given C:/Users/oscar/OneDrive/Documentos/UCM/QUINTO/SE/Practicas_SE/Practica2/design_2_wrapper/hw/design_2_wrapper.xsa
TRACE::2025-10-15.20:11:15::SCWPlatform::DSA absoulate path C:/Users/oscar/OneDrive/Documentos/UCM/QUINTO/SE/Practicas_SE/Practica2/design_2_wrapper/hw/design_2_wrapper.xsa
TRACE::2025-10-15.20:11:15::SCWPlatform::DSA directory C:/Users/oscar/OneDrive/Documentos/UCM/QUINTO/SE/Practicas_SE/Practica2/design_2_wrapper/hw
TRACE::2025-10-15.20:11:15::SCWPlatform:: Platform Path C:/Users/oscar/OneDrive/Documentos/UCM/QUINTO/SE/Practicas_SE/Practica2/design_2_wrapper/hw/design_2_wrapper.xsa
TRACE::2025-10-15.20:11:15::SCWPlatform:: Unique name xilinx:basys3::0.0
TRACE::2025-10-15.20:11:15::SCWPlatform::Trying to set the existing hwdb with name design_2_wrapper_0
TRACE::2025-10-15.20:11:15::SCWPlatform::Opened existing hwdb design_2_wrapper_0
TRACE::2025-10-15.20:11:15::SCWPlatform::Found the Hw Db part of the input DSA
TRACE::2025-10-15.20:11:15::SCWMssOS::Checking the sw design at  C:/Users/oscar/OneDrive/Documentos/UCM/QUINTO/SE/Practicas_SE/Practica2/design_2_wrapper/microblaze_0/standalone_microblaze_0/bsp/system.mss
TRACE::2025-10-15.20:11:15::SCWMssOS::DEBUG:  swdes dump  C:/Users/oscar/OneDrive/Documentos/UCM/QUINTO/SE/Practicas_SE/Practica2/design_2_wrapper/microblaze_0/standalone_microblaze_0/bsp/system.mss|system||

TRACE::2025-10-15.20:11:15::SCWMssOS::Sw design exists and opened at  C:/Users/oscar/OneDrive/Documentos/UCM/QUINTO/SE/Practicas_SE/Practica2/design_2_wrapper/microblaze_0/standalone_microblaze_0/bsp/system.mss
TRACE::2025-10-15.20:11:15::SCWWriter::formatted JSON is {
	"platformName":	"design_2_wrapper",
	"sprVersion":	"2.0",
	"mode":	"gui",
	"dsaType":	"Fixed",
	"platformDesc":	"design_2_wrapper",
	"platHandOff":	"<platformDir>.xsa",
	"platIntHandOff":	"<platformDir>/hw/design_2_wrapper.xsa",
	"deviceType":	"FPGA",
	"platIsPrebuiltAutogen":	"false",
	"platIsNoBootBsp":	"false",
	"hasFsblMakeHasChanges":	"false",
	"hasPmufwMakeHasChanges":	"false",
	"platPreBuiltFlag":	false,
	"platformSamplesDir":	"",
	"platActiveSys":	"design_2_wrapper",
	"systems":	[{
			"systemName":	"design_2_wrapper",
			"systemDesc":	"design_2_wrapper",
			"sysIsBootAutoGen":	"true",
			"systemDispName":	"design_2_wrapper",
			"sysActiveDom":	"standalone_microblaze_0",
			"sysDefaultDom":	"standalone_microblaze_0",
			"domains":	[{
					"domainName":	"standalone_microblaze_0",
					"domainDispName":	"standalone_microblaze_0",
					"domainDesc":	"standalone_microblaze_0",
					"processors":	"microblaze_0",
					"os":	"standalone",
					"sdxOs":	"standalone",
					"debugEnable":	"False",
					"domRuntimes":	["cpp"],
					"swRepo":	"",
					"mssOsVer":	"8.1",
					"mssFile":	"",
					"md5Digest":	"25c07a82bf59ba87c8ca238ad5b8ea01",
					"compatibleApp":	"peripheral_tests",
					"domType":	"mssDomain",
					"arch":	"32-bit",
					"appSettings":	{
						"appCompilerFlags":	"",
						"appLinkerFlags":	""
					},
					"addedLibs":	[],
					"libOptions":	{
						"libsContainingOptions":	[]
					},
					"prebuiltLibs":	{
						"prebuiltIncPath":	[],
						"prebuiltLibPath":	[]
					},
					"isolation":	{
					}
				}]
		}]
}
LOG::2025-10-15.20:11:15::SCWPlatform::Started generating the artifacts platform design_2_wrapper
TRACE::2025-10-15.20:11:15::SCWPlatform::Sanity checking of platform is completed
LOG::2025-10-15.20:11:15::SCWPlatform::Started generating the artifacts for system configuration design_2_wrapper
LOG::2025-10-15.20:11:15::SCWSystem::Checking the domain standalone_microblaze_0
LOG::2025-10-15.20:11:15::SCWSystem::Not a boot domain 
LOG::2025-10-15.20:11:15::SCWSystem::Started Processing the domain standalone_microblaze_0
TRACE::2025-10-15.20:11:15::SCWDomain::Generating domain artifcats
TRACE::2025-10-15.20:11:15::SCWMssOS::Generating standalone artifcats
TRACE::2025-10-15.20:11:15::SCWMssOS:: Copying the user libraries. 
TRACE::2025-10-15.20:11:15::SCWPlatform::Trying to open the hw design at C:/Users/oscar/OneDrive/Documentos/UCM/QUINTO/SE/Practicas_SE/Practica2/design_2_wrapper/hw/design_2_wrapper.xsa
TRACE::2025-10-15.20:11:15::SCWPlatform::DSA given C:/Users/oscar/OneDrive/Documentos/UCM/QUINTO/SE/Practicas_SE/Practica2/design_2_wrapper/hw/design_2_wrapper.xsa
TRACE::2025-10-15.20:11:15::SCWPlatform::DSA absoulate path C:/Users/oscar/OneDrive/Documentos/UCM/QUINTO/SE/Practicas_SE/Practica2/design_2_wrapper/hw/design_2_wrapper.xsa
TRACE::2025-10-15.20:11:15::SCWPlatform::DSA directory C:/Users/oscar/OneDrive/Documentos/UCM/QUINTO/SE/Practicas_SE/Practica2/design_2_wrapper/hw
TRACE::2025-10-15.20:11:15::SCWPlatform:: Platform Path C:/Users/oscar/OneDrive/Documentos/UCM/QUINTO/SE/Practicas_SE/Practica2/design_2_wrapper/hw/design_2_wrapper.xsa
TRACE::2025-10-15.20:11:15::SCWPlatform:: Unique name xilinx:basys3::0.0
TRACE::2025-10-15.20:11:15::SCWPlatform::Trying to set the existing hwdb with name design_2_wrapper_0
TRACE::2025-10-15.20:11:15::SCWPlatform::Opened existing hwdb design_2_wrapper_0
TRACE::2025-10-15.20:11:15::SCWPlatform::Found the Hw Db part of the input DSA
TRACE::2025-10-15.20:11:15::SCWMssOS::Checking the sw design at  C:/Users/oscar/OneDrive/Documentos/UCM/QUINTO/SE/Practicas_SE/Practica2/design_2_wrapper/microblaze_0/standalone_microblaze_0/bsp/system.mss
TRACE::2025-10-15.20:11:15::SCWMssOS::DEBUG:  swdes dump  C:/Users/oscar/OneDrive/Documentos/UCM/QUINTO/SE/Practicas_SE/Practica2/design_2_wrapper/microblaze_0/standalone_microblaze_0/bsp/system.mss|system||

TRACE::2025-10-15.20:11:15::SCWMssOS::Sw design exists and opened at  C:/Users/oscar/OneDrive/Documentos/UCM/QUINTO/SE/Practicas_SE/Practica2/design_2_wrapper/microblaze_0/standalone_microblaze_0/bsp/system.mss
TRACE::2025-10-15.20:11:15::SCWMssOS::Completed writing the mss file at C:/Users/oscar/OneDrive/Documentos/UCM/QUINTO/SE/Practicas_SE/Practica2/design_2_wrapper/microblaze_0/standalone_microblaze_0/bsp
TRACE::2025-10-15.20:11:15::SCWMssOS::Mss edits present, copying mssfile into export location C:/Users/oscar/OneDrive/Documentos/UCM/QUINTO/SE/Practicas_SE/Practica2/design_2_wrapper/microblaze_0/standalone_microblaze_0/bsp/system.mss
TRACE::2025-10-15.20:11:15::SCWMssOS::bsp generated is upto date with the mss file. Skipping bsp generation.
TRACE::2025-10-15.20:11:15::SCWMssOS::BSP is already built. skipping the bsp build ... 
TRACE::2025-10-15.20:11:15::SCWDomain::Skipping the build for domain :  standalone_microblaze_0
TRACE::2025-10-15.20:11:15::SCWMssOS::skipping the bsp build ... 
TRACE::2025-10-15.20:11:15::SCWMssOS::Copying to export directory.
TRACE::2025-10-15.20:11:15::SCWMssOS:: Checking if to create the Supporting Applications
TRACE::2025-10-15.20:11:15::SCWMssOS:: No Linux domain exists, trying to generate FSBL 
LOG::2025-10-15.20:11:15::SCWSystem::Completed Processing the domain standalone_microblaze_0
LOG::2025-10-15.20:11:15::SCWSystem::Completed Processing the sysconfig design_2_wrapper
LOG::2025-10-15.20:11:15::SCWPlatform::Completed generating the artifacts for system configuration design_2_wrapper
TRACE::2025-10-15.20:11:15::SCWPlatform::Started preparing the platform 
TRACE::2025-10-15.20:11:15::SCWSystem::Writing the bif file for system config design_2_wrapper
TRACE::2025-10-15.20:11:15::SCWSystem::dir created 
TRACE::2025-10-15.20:11:15::SCWSystem::Writing the bif 
TRACE::2025-10-15.20:11:15::SCWPlatform::Started writing the spfm file 
TRACE::2025-10-15.20:11:15::SCWPlatform::Started writing the xpfm file 
TRACE::2025-10-15.20:11:15::SCWPlatform::Completed generating the platform
TRACE::2025-10-15.20:11:15::SCWMssOS::Saving the mss changes C:/Users/oscar/OneDrive/Documentos/UCM/QUINTO/SE/Practicas_SE/Practica2/design_2_wrapper/microblaze_0/standalone_microblaze_0/bsp/system.mss
TRACE::2025-10-15.20:11:15::SCWMssOS::Found a swdesign opened with the mssfile.
TRACE::2025-10-15.20:11:15::SCWMssOS::Completed writemss as part of save.
TRACE::2025-10-15.20:11:15::SCWMssOS::Commit changes completed.
TRACE::2025-10-15.20:11:15::SCWPlatform::Trying to open the hw design at C:/Users/oscar/OneDrive/Documentos/UCM/QUINTO/SE/Practicas_SE/Practica2/design_2_wrapper/hw/design_2_wrapper.xsa
TRACE::2025-10-15.20:11:15::SCWPlatform::DSA given C:/Users/oscar/OneDrive/Documentos/UCM/QUINTO/SE/Practicas_SE/Practica2/design_2_wrapper/hw/design_2_wrapper.xsa
TRACE::2025-10-15.20:11:15::SCWPlatform::DSA absoulate path C:/Users/oscar/OneDrive/Documentos/UCM/QUINTO/SE/Practicas_SE/Practica2/design_2_wrapper/hw/design_2_wrapper.xsa
TRACE::2025-10-15.20:11:15::SCWPlatform::DSA directory C:/Users/oscar/OneDrive/Documentos/UCM/QUINTO/SE/Practicas_SE/Practica2/design_2_wrapper/hw
TRACE::2025-10-15.20:11:15::SCWPlatform:: Platform Path C:/Users/oscar/OneDrive/Documentos/UCM/QUINTO/SE/Practicas_SE/Practica2/design_2_wrapper/hw/design_2_wrapper.xsa
TRACE::2025-10-15.20:11:15::SCWPlatform:: Unique name xilinx:basys3::0.0
TRACE::2025-10-15.20:11:15::SCWPlatform::Trying to set the existing hwdb with name design_2_wrapper_0
TRACE::2025-10-15.20:11:15::SCWPlatform::Opened existing hwdb design_2_wrapper_0
TRACE::2025-10-15.20:11:15::SCWPlatform::Found the Hw Db part of the input DSA
TRACE::2025-10-15.20:11:15::SCWMssOS::Checking the sw design at  C:/Users/oscar/OneDrive/Documentos/UCM/QUINTO/SE/Practicas_SE/Practica2/design_2_wrapper/microblaze_0/standalone_microblaze_0/bsp/system.mss
TRACE::2025-10-15.20:11:15::SCWMssOS::DEBUG:  swdes dump  C:/Users/oscar/OneDrive/Documentos/UCM/QUINTO/SE/Practicas_SE/Practica2/design_2_wrapper/microblaze_0/standalone_microblaze_0/bsp/system.mss|system||

TRACE::2025-10-15.20:11:15::SCWMssOS::Sw design exists and opened at  C:/Users/oscar/OneDrive/Documentos/UCM/QUINTO/SE/Practicas_SE/Practica2/design_2_wrapper/microblaze_0/standalone_microblaze_0/bsp/system.mss
TRACE::2025-10-15.20:11:15::SCWPlatform::Trying to open the hw design at C:/Users/oscar/OneDrive/Documentos/UCM/QUINTO/SE/Practicas_SE/Practica2/design_2_wrapper/hw/design_2_wrapper.xsa
TRACE::2025-10-15.20:11:15::SCWPlatform::DSA given C:/Users/oscar/OneDrive/Documentos/UCM/QUINTO/SE/Practicas_SE/Practica2/design_2_wrapper/hw/design_2_wrapper.xsa
TRACE::2025-10-15.20:11:15::SCWPlatform::DSA absoulate path C:/Users/oscar/OneDrive/Documentos/UCM/QUINTO/SE/Practicas_SE/Practica2/design_2_wrapper/hw/design_2_wrapper.xsa
TRACE::2025-10-15.20:11:15::SCWPlatform::DSA directory C:/Users/oscar/OneDrive/Documentos/UCM/QUINTO/SE/Practicas_SE/Practica2/design_2_wrapper/hw
TRACE::2025-10-15.20:11:15::SCWPlatform:: Platform Path C:/Users/oscar/OneDrive/Documentos/UCM/QUINTO/SE/Practicas_SE/Practica2/design_2_wrapper/hw/design_2_wrapper.xsa
TRACE::2025-10-15.20:11:15::SCWPlatform:: Unique name xilinx:basys3::0.0
TRACE::2025-10-15.20:11:15::SCWPlatform::Trying to set the existing hwdb with name design_2_wrapper_0
TRACE::2025-10-15.20:11:15::SCWPlatform::Opened existing hwdb design_2_wrapper_0
TRACE::2025-10-15.20:11:15::SCWPlatform::Found the Hw Db part of the input DSA
TRACE::2025-10-15.20:11:15::SCWMssOS::Checking the sw design at  C:/Users/oscar/OneDrive/Documentos/UCM/QUINTO/SE/Practicas_SE/Practica2/design_2_wrapper/microblaze_0/standalone_microblaze_0/bsp/system.mss
TRACE::2025-10-15.20:11:15::SCWMssOS::DEBUG:  swdes dump  C:/Users/oscar/OneDrive/Documentos/UCM/QUINTO/SE/Practicas_SE/Practica2/design_2_wrapper/microblaze_0/standalone_microblaze_0/bsp/system.mss|system||

TRACE::2025-10-15.20:11:15::SCWMssOS::Sw design exists and opened at  C:/Users/oscar/OneDrive/Documentos/UCM/QUINTO/SE/Practicas_SE/Practica2/design_2_wrapper/microblaze_0/standalone_microblaze_0/bsp/system.mss
TRACE::2025-10-15.20:11:15::SCWPlatform::Trying to open the hw design at C:/Users/oscar/OneDrive/Documentos/UCM/QUINTO/SE/Practicas_SE/Practica2/design_2_wrapper/hw/design_2_wrapper.xsa
TRACE::2025-10-15.20:11:15::SCWPlatform::DSA given C:/Users/oscar/OneDrive/Documentos/UCM/QUINTO/SE/Practicas_SE/Practica2/design_2_wrapper/hw/design_2_wrapper.xsa
TRACE::2025-10-15.20:11:15::SCWPlatform::DSA absoulate path C:/Users/oscar/OneDrive/Documentos/UCM/QUINTO/SE/Practicas_SE/Practica2/design_2_wrapper/hw/design_2_wrapper.xsa
TRACE::2025-10-15.20:11:15::SCWPlatform::DSA directory C:/Users/oscar/OneDrive/Documentos/UCM/QUINTO/SE/Practicas_SE/Practica2/design_2_wrapper/hw
TRACE::2025-10-15.20:11:15::SCWPlatform:: Platform Path C:/Users/oscar/OneDrive/Documentos/UCM/QUINTO/SE/Practicas_SE/Practica2/design_2_wrapper/hw/design_2_wrapper.xsa
TRACE::2025-10-15.20:11:15::SCWPlatform:: Unique name xilinx:basys3::0.0
TRACE::2025-10-15.20:11:15::SCWPlatform::Trying to set the existing hwdb with name design_2_wrapper_0
TRACE::2025-10-15.20:11:15::SCWPlatform::Opened existing hwdb design_2_wrapper_0
TRACE::2025-10-15.20:11:15::SCWPlatform::Found the Hw Db part of the input DSA
TRACE::2025-10-15.20:11:15::SCWMssOS::Checking the sw design at  C:/Users/oscar/OneDrive/Documentos/UCM/QUINTO/SE/Practicas_SE/Practica2/design_2_wrapper/microblaze_0/standalone_microblaze_0/bsp/system.mss
TRACE::2025-10-15.20:11:15::SCWMssOS::DEBUG:  swdes dump  C:/Users/oscar/OneDrive/Documentos/UCM/QUINTO/SE/Practicas_SE/Practica2/design_2_wrapper/microblaze_0/standalone_microblaze_0/bsp/system.mss|system||

TRACE::2025-10-15.20:11:15::SCWMssOS::Sw design exists and opened at  C:/Users/oscar/OneDrive/Documentos/UCM/QUINTO/SE/Practicas_SE/Practica2/design_2_wrapper/microblaze_0/standalone_microblaze_0/bsp/system.mss
TRACE::2025-10-15.20:11:15::SCWWriter::formatted JSON is {
	"platformName":	"design_2_wrapper",
	"sprVersion":	"2.0",
	"mode":	"gui",
	"dsaType":	"Fixed",
	"platformDesc":	"design_2_wrapper",
	"platHandOff":	"<platformDir>.xsa",
	"platIntHandOff":	"<platformDir>/hw/design_2_wrapper.xsa",
	"deviceType":	"FPGA",
	"platIsPrebuiltAutogen":	"false",
	"platIsNoBootBsp":	"false",
	"hasFsblMakeHasChanges":	"false",
	"hasPmufwMakeHasChanges":	"false",
	"platPreBuiltFlag":	false,
	"platformSamplesDir":	"",
	"platActiveSys":	"design_2_wrapper",
	"systems":	[{
			"systemName":	"design_2_wrapper",
			"systemDesc":	"design_2_wrapper",
			"sysIsBootAutoGen":	"true",
			"systemDispName":	"design_2_wrapper",
			"sysActiveDom":	"standalone_microblaze_0",
			"sysDefaultDom":	"standalone_microblaze_0",
			"domains":	[{
					"domainName":	"standalone_microblaze_0",
					"domainDispName":	"standalone_microblaze_0",
					"domainDesc":	"standalone_microblaze_0",
					"processors":	"microblaze_0",
					"os":	"standalone",
					"sdxOs":	"standalone",
					"debugEnable":	"False",
					"domRuntimes":	["cpp"],
					"swRepo":	"",
					"mssOsVer":	"8.1",
					"mssFile":	"",
					"md5Digest":	"25c07a82bf59ba87c8ca238ad5b8ea01",
					"compatibleApp":	"peripheral_tests",
					"domType":	"mssDomain",
					"arch":	"32-bit",
					"appSettings":	{
						"appCompilerFlags":	"",
						"appLinkerFlags":	""
					},
					"addedLibs":	[],
					"libOptions":	{
						"libsContainingOptions":	[]
					},
					"prebuiltLibs":	{
						"prebuiltIncPath":	[],
						"prebuiltLibPath":	[]
					},
					"isolation":	{
					}
				}]
		}]
}
KEYINFO::2025-10-15.20:11:15::SCWPlatform::updated the xpfm file.
TRACE::2025-10-15.20:11:15::SCWPlatform::Trying to open the hw design at C:/Users/oscar/OneDrive/Documentos/UCM/QUINTO/SE/Practicas_SE/Practica2/design_2_wrapper/hw/design_2_wrapper.xsa
TRACE::2025-10-15.20:11:15::SCWPlatform::DSA given C:/Users/oscar/OneDrive/Documentos/UCM/QUINTO/SE/Practicas_SE/Practica2/design_2_wrapper/hw/design_2_wrapper.xsa
TRACE::2025-10-15.20:11:15::SCWPlatform::DSA absoulate path C:/Users/oscar/OneDrive/Documentos/UCM/QUINTO/SE/Practicas_SE/Practica2/design_2_wrapper/hw/design_2_wrapper.xsa
TRACE::2025-10-15.20:11:15::SCWPlatform::DSA directory C:/Users/oscar/OneDrive/Documentos/UCM/QUINTO/SE/Practicas_SE/Practica2/design_2_wrapper/hw
TRACE::2025-10-15.20:11:15::SCWPlatform:: Platform Path C:/Users/oscar/OneDrive/Documentos/UCM/QUINTO/SE/Practicas_SE/Practica2/design_2_wrapper/hw/design_2_wrapper.xsa
TRACE::2025-10-15.20:11:15::SCWPlatform:: Unique name xilinx:basys3::0.0
TRACE::2025-10-15.20:11:15::SCWPlatform::Trying to set the existing hwdb with name design_2_wrapper_0
TRACE::2025-10-15.20:11:15::SCWPlatform::Opened existing hwdb design_2_wrapper_0
TRACE::2025-10-15.20:11:15::SCWPlatform::Found the Hw Db part of the input DSA
TRACE::2025-10-15.20:11:15::SCWMssOS::Checking the sw design at  C:/Users/oscar/OneDrive/Documentos/UCM/QUINTO/SE/Practicas_SE/Practica2/design_2_wrapper/microblaze_0/standalone_microblaze_0/bsp/system.mss
TRACE::2025-10-15.20:11:15::SCWMssOS::DEBUG:  swdes dump  C:/Users/oscar/OneDrive/Documentos/UCM/QUINTO/SE/Practicas_SE/Practica2/design_2_wrapper/microblaze_0/standalone_microblaze_0/bsp/system.mss|system||

TRACE::2025-10-15.20:11:15::SCWMssOS::Sw design exists and opened at  C:/Users/oscar/OneDrive/Documentos/UCM/QUINTO/SE/Practicas_SE/Practica2/design_2_wrapper/microblaze_0/standalone_microblaze_0/bsp/system.mss
TRACE::2025-10-15.20:11:15::SCWMssOS::Saving the mss changes C:/Users/oscar/OneDrive/Documentos/UCM/QUINTO/SE/Practicas_SE/Practica2/design_2_wrapper/microblaze_0/standalone_microblaze_0/bsp/system.mss
TRACE::2025-10-15.20:11:15::SCWMssOS::Found a swdesign opened with the mssfile.
TRACE::2025-10-15.20:11:15::SCWMssOS::Completed writemss as part of save.
TRACE::2025-10-15.20:11:15::SCWMssOS::Commit changes completed.
TRACE::2025-10-15.20:11:15::SCWPlatform::Trying to open the hw design at C:/Users/oscar/OneDrive/Documentos/UCM/QUINTO/SE/Practicas_SE/Practica2/design_2_wrapper/hw/design_2_wrapper.xsa
TRACE::2025-10-15.20:11:15::SCWPlatform::DSA given C:/Users/oscar/OneDrive/Documentos/UCM/QUINTO/SE/Practicas_SE/Practica2/design_2_wrapper/hw/design_2_wrapper.xsa
TRACE::2025-10-15.20:11:15::SCWPlatform::DSA absoulate path C:/Users/oscar/OneDrive/Documentos/UCM/QUINTO/SE/Practicas_SE/Practica2/design_2_wrapper/hw/design_2_wrapper.xsa
TRACE::2025-10-15.20:11:15::SCWPlatform::DSA directory C:/Users/oscar/OneDrive/Documentos/UCM/QUINTO/SE/Practicas_SE/Practica2/design_2_wrapper/hw
TRACE::2025-10-15.20:11:15::SCWPlatform:: Platform Path C:/Users/oscar/OneDrive/Documentos/UCM/QUINTO/SE/Practicas_SE/Practica2/design_2_wrapper/hw/design_2_wrapper.xsa
TRACE::2025-10-15.20:11:15::SCWPlatform:: Unique name xilinx:basys3::0.0
TRACE::2025-10-15.20:11:15::SCWPlatform::Trying to set the existing hwdb with name design_2_wrapper_0
TRACE::2025-10-15.20:11:15::SCWPlatform::Opened existing hwdb design_2_wrapper_0
TRACE::2025-10-15.20:11:15::SCWPlatform::Found the Hw Db part of the input DSA
TRACE::2025-10-15.20:11:15::SCWMssOS::Checking the sw design at  C:/Users/oscar/OneDrive/Documentos/UCM/QUINTO/SE/Practicas_SE/Practica2/design_2_wrapper/microblaze_0/standalone_microblaze_0/bsp/system.mss
TRACE::2025-10-15.20:11:15::SCWMssOS::DEBUG:  swdes dump  C:/Users/oscar/OneDrive/Documentos/UCM/QUINTO/SE/Practicas_SE/Practica2/design_2_wrapper/microblaze_0/standalone_microblaze_0/bsp/system.mss|system||

TRACE::2025-10-15.20:11:15::SCWMssOS::Sw design exists and opened at  C:/Users/oscar/OneDrive/Documentos/UCM/QUINTO/SE/Practicas_SE/Practica2/design_2_wrapper/microblaze_0/standalone_microblaze_0/bsp/system.mss
TRACE::2025-10-15.20:11:15::SCWPlatform::Trying to open the hw design at C:/Users/oscar/OneDrive/Documentos/UCM/QUINTO/SE/Practicas_SE/Practica2/design_2_wrapper/hw/design_2_wrapper.xsa
TRACE::2025-10-15.20:11:15::SCWPlatform::DSA given C:/Users/oscar/OneDrive/Documentos/UCM/QUINTO/SE/Practicas_SE/Practica2/design_2_wrapper/hw/design_2_wrapper.xsa
TRACE::2025-10-15.20:11:15::SCWPlatform::DSA absoulate path C:/Users/oscar/OneDrive/Documentos/UCM/QUINTO/SE/Practicas_SE/Practica2/design_2_wrapper/hw/design_2_wrapper.xsa
TRACE::2025-10-15.20:11:15::SCWPlatform::DSA directory C:/Users/oscar/OneDrive/Documentos/UCM/QUINTO/SE/Practicas_SE/Practica2/design_2_wrapper/hw
TRACE::2025-10-15.20:11:15::SCWPlatform:: Platform Path C:/Users/oscar/OneDrive/Documentos/UCM/QUINTO/SE/Practicas_SE/Practica2/design_2_wrapper/hw/design_2_wrapper.xsa
TRACE::2025-10-15.20:11:15::SCWPlatform:: Unique name xilinx:basys3::0.0
TRACE::2025-10-15.20:11:15::SCWPlatform::Trying to set the existing hwdb with name design_2_wrapper_0
TRACE::2025-10-15.20:11:15::SCWPlatform::Opened existing hwdb design_2_wrapper_0
TRACE::2025-10-15.20:11:15::SCWPlatform::Found the Hw Db part of the input DSA
TRACE::2025-10-15.20:11:15::SCWMssOS::Checking the sw design at  C:/Users/oscar/OneDrive/Documentos/UCM/QUINTO/SE/Practicas_SE/Practica2/design_2_wrapper/microblaze_0/standalone_microblaze_0/bsp/system.mss
TRACE::2025-10-15.20:11:15::SCWMssOS::DEBUG:  swdes dump  C:/Users/oscar/OneDrive/Documentos/UCM/QUINTO/SE/Practicas_SE/Practica2/design_2_wrapper/microblaze_0/standalone_microblaze_0/bsp/system.mss|system||

TRACE::2025-10-15.20:11:15::SCWMssOS::Sw design exists and opened at  C:/Users/oscar/OneDrive/Documentos/UCM/QUINTO/SE/Practicas_SE/Practica2/design_2_wrapper/microblaze_0/standalone_microblaze_0/bsp/system.mss
TRACE::2025-10-15.20:11:15::SCWPlatform::Trying to open the hw design at C:/Users/oscar/OneDrive/Documentos/UCM/QUINTO/SE/Practicas_SE/Practica2/design_2_wrapper/hw/design_2_wrapper.xsa
TRACE::2025-10-15.20:11:15::SCWPlatform::DSA given C:/Users/oscar/OneDrive/Documentos/UCM/QUINTO/SE/Practicas_SE/Practica2/design_2_wrapper/hw/design_2_wrapper.xsa
TRACE::2025-10-15.20:11:15::SCWPlatform::DSA absoulate path C:/Users/oscar/OneDrive/Documentos/UCM/QUINTO/SE/Practicas_SE/Practica2/design_2_wrapper/hw/design_2_wrapper.xsa
TRACE::2025-10-15.20:11:15::SCWPlatform::DSA directory C:/Users/oscar/OneDrive/Documentos/UCM/QUINTO/SE/Practicas_SE/Practica2/design_2_wrapper/hw
TRACE::2025-10-15.20:11:15::SCWPlatform:: Platform Path C:/Users/oscar/OneDrive/Documentos/UCM/QUINTO/SE/Practicas_SE/Practica2/design_2_wrapper/hw/design_2_wrapper.xsa
TRACE::2025-10-15.20:11:15::SCWPlatform:: Unique name xilinx:basys3::0.0
TRACE::2025-10-15.20:11:15::SCWPlatform::Trying to set the existing hwdb with name design_2_wrapper_0
TRACE::2025-10-15.20:11:15::SCWPlatform::Opened existing hwdb design_2_wrapper_0
TRACE::2025-10-15.20:11:15::SCWPlatform::Found the Hw Db part of the input DSA
TRACE::2025-10-15.20:11:15::SCWMssOS::Checking the sw design at  C:/Users/oscar/OneDrive/Documentos/UCM/QUINTO/SE/Practicas_SE/Practica2/design_2_wrapper/microblaze_0/standalone_microblaze_0/bsp/system.mss
TRACE::2025-10-15.20:11:15::SCWMssOS::DEBUG:  swdes dump  C:/Users/oscar/OneDrive/Documentos/UCM/QUINTO/SE/Practicas_SE/Practica2/design_2_wrapper/microblaze_0/standalone_microblaze_0/bsp/system.mss|system||

TRACE::2025-10-15.20:11:15::SCWMssOS::Sw design exists and opened at  C:/Users/oscar/OneDrive/Documentos/UCM/QUINTO/SE/Practicas_SE/Practica2/design_2_wrapper/microblaze_0/standalone_microblaze_0/bsp/system.mss
TRACE::2025-10-15.20:11:15::SCWWriter::formatted JSON is {
	"platformName":	"design_2_wrapper",
	"sprVersion":	"2.0",
	"mode":	"gui",
	"dsaType":	"Fixed",
	"platformDesc":	"design_2_wrapper",
	"platHandOff":	"<platformDir>.xsa",
	"platIntHandOff":	"<platformDir>/hw/design_2_wrapper.xsa",
	"deviceType":	"FPGA",
	"platIsPrebuiltAutogen":	"false",
	"platIsNoBootBsp":	"false",
	"hasFsblMakeHasChanges":	"false",
	"hasPmufwMakeHasChanges":	"false",
	"platPreBuiltFlag":	false,
	"platformSamplesDir":	"",
	"platActiveSys":	"design_2_wrapper",
	"systems":	[{
			"systemName":	"design_2_wrapper",
			"systemDesc":	"design_2_wrapper",
			"sysIsBootAutoGen":	"true",
			"systemDispName":	"design_2_wrapper",
			"sysActiveDom":	"standalone_microblaze_0",
			"sysDefaultDom":	"standalone_microblaze_0",
			"domains":	[{
					"domainName":	"standalone_microblaze_0",
					"domainDispName":	"standalone_microblaze_0",
					"domainDesc":	"standalone_microblaze_0",
					"processors":	"microblaze_0",
					"os":	"standalone",
					"sdxOs":	"standalone",
					"debugEnable":	"False",
					"domRuntimes":	["cpp"],
					"swRepo":	"",
					"mssOsVer":	"8.1",
					"mssFile":	"",
					"md5Digest":	"25c07a82bf59ba87c8ca238ad5b8ea01",
					"compatibleApp":	"peripheral_tests",
					"domType":	"mssDomain",
					"arch":	"32-bit",
					"appSettings":	{
						"appCompilerFlags":	"",
						"appLinkerFlags":	""
					},
					"addedLibs":	[],
					"libOptions":	{
						"libsContainingOptions":	[]
					},
					"prebuiltLibs":	{
						"prebuiltIncPath":	[],
						"prebuiltLibPath":	[]
					},
					"isolation":	{
					}
				}]
		}]
}
TRACE::2025-10-15.20:11:15::SCWPlatform::Trying to open the hw design at C:/Users/oscar/OneDrive/Documentos/UCM/QUINTO/SE/Practicas_SE/Practica2/design_2_wrapper/hw/design_2_wrapper.xsa
TRACE::2025-10-15.20:11:15::SCWPlatform::DSA given C:/Users/oscar/OneDrive/Documentos/UCM/QUINTO/SE/Practicas_SE/Practica2/design_2_wrapper/hw/design_2_wrapper.xsa
TRACE::2025-10-15.20:11:15::SCWPlatform::DSA absoulate path C:/Users/oscar/OneDrive/Documentos/UCM/QUINTO/SE/Practicas_SE/Practica2/design_2_wrapper/hw/design_2_wrapper.xsa
TRACE::2025-10-15.20:11:15::SCWPlatform::DSA directory C:/Users/oscar/OneDrive/Documentos/UCM/QUINTO/SE/Practicas_SE/Practica2/design_2_wrapper/hw
TRACE::2025-10-15.20:11:15::SCWPlatform:: Platform Path C:/Users/oscar/OneDrive/Documentos/UCM/QUINTO/SE/Practicas_SE/Practica2/design_2_wrapper/hw/design_2_wrapper.xsa
TRACE::2025-10-15.20:11:15::SCWPlatform:: Unique name xilinx:basys3::0.0
TRACE::2025-10-15.20:11:15::SCWPlatform::Trying to set the existing hwdb with name design_2_wrapper_0
TRACE::2025-10-15.20:11:15::SCWPlatform::Opened existing hwdb design_2_wrapper_0
TRACE::2025-10-15.20:11:15::SCWPlatform::Found the Hw Db part of the input DSA
TRACE::2025-10-15.20:11:15::SCWMssOS::Checking the sw design at  C:/Users/oscar/OneDrive/Documentos/UCM/QUINTO/SE/Practicas_SE/Practica2/design_2_wrapper/microblaze_0/standalone_microblaze_0/bsp/system.mss
TRACE::2025-10-15.20:11:15::SCWMssOS::DEBUG:  swdes dump  C:/Users/oscar/OneDrive/Documentos/UCM/QUINTO/SE/Practicas_SE/Practica2/design_2_wrapper/microblaze_0/standalone_microblaze_0/bsp/system.mss|system||

TRACE::2025-10-15.20:11:15::SCWMssOS::Sw design exists and opened at  C:/Users/oscar/OneDrive/Documentos/UCM/QUINTO/SE/Practicas_SE/Practica2/design_2_wrapper/microblaze_0/standalone_microblaze_0/bsp/system.mss
TRACE::2025-10-15.20:11:15::SCWPlatform::Trying to open the hw design at C:/Users/oscar/OneDrive/Documentos/UCM/QUINTO/SE/Practicas_SE/Practica2/design_2_wrapper/hw/design_2_wrapper.xsa
TRACE::2025-10-15.20:11:15::SCWPlatform::DSA given C:/Users/oscar/OneDrive/Documentos/UCM/QUINTO/SE/Practicas_SE/Practica2/design_2_wrapper/hw/design_2_wrapper.xsa
TRACE::2025-10-15.20:11:15::SCWPlatform::DSA absoulate path C:/Users/oscar/OneDrive/Documentos/UCM/QUINTO/SE/Practicas_SE/Practica2/design_2_wrapper/hw/design_2_wrapper.xsa
TRACE::2025-10-15.20:11:15::SCWPlatform::DSA directory C:/Users/oscar/OneDrive/Documentos/UCM/QUINTO/SE/Practicas_SE/Practica2/design_2_wrapper/hw
TRACE::2025-10-15.20:11:15::SCWPlatform:: Platform Path C:/Users/oscar/OneDrive/Documentos/UCM/QUINTO/SE/Practicas_SE/Practica2/design_2_wrapper/hw/design_2_wrapper.xsa
TRACE::2025-10-15.20:11:15::SCWPlatform:: Unique name xilinx:basys3::0.0
TRACE::2025-10-15.20:11:15::SCWPlatform::Trying to set the existing hwdb with name design_2_wrapper_0
TRACE::2025-10-15.20:11:15::SCWPlatform::Opened existing hwdb design_2_wrapper_0
TRACE::2025-10-15.20:11:15::SCWPlatform::Found the Hw Db part of the input DSA
TRACE::2025-10-15.20:11:15::SCWMssOS::Checking the sw design at  C:/Users/oscar/OneDrive/Documentos/UCM/QUINTO/SE/Practicas_SE/Practica2/design_2_wrapper/microblaze_0/standalone_microblaze_0/bsp/system.mss
TRACE::2025-10-15.20:11:15::SCWMssOS::DEBUG:  swdes dump  C:/Users/oscar/OneDrive/Documentos/UCM/QUINTO/SE/Practicas_SE/Practica2/design_2_wrapper/microblaze_0/standalone_microblaze_0/bsp/system.mss|system||

TRACE::2025-10-15.20:11:15::SCWMssOS::Sw design exists and opened at  C:/Users/oscar/OneDrive/Documentos/UCM/QUINTO/SE/Practicas_SE/Practica2/design_2_wrapper/microblaze_0/standalone_microblaze_0/bsp/system.mss
TRACE::2025-10-15.20:11:15::SCWMssOS::Saving the mss changes C:/Users/oscar/OneDrive/Documentos/UCM/QUINTO/SE/Practicas_SE/Practica2/design_2_wrapper/microblaze_0/standalone_microblaze_0/bsp/system.mss
TRACE::2025-10-15.20:11:15::SCWMssOS::Found a swdesign opened with the mssfile.
TRACE::2025-10-15.20:11:15::SCWMssOS::Completed writemss as part of save.
TRACE::2025-10-15.20:11:15::SCWMssOS::Commit changes completed.
TRACE::2025-10-15.20:11:15::SCWPlatform::Trying to open the hw design at C:/Users/oscar/OneDrive/Documentos/UCM/QUINTO/SE/Practicas_SE/Practica2/design_2_wrapper/hw/design_2_wrapper.xsa
TRACE::2025-10-15.20:11:15::SCWPlatform::DSA given C:/Users/oscar/OneDrive/Documentos/UCM/QUINTO/SE/Practicas_SE/Practica2/design_2_wrapper/hw/design_2_wrapper.xsa
TRACE::2025-10-15.20:11:15::SCWPlatform::DSA absoulate path C:/Users/oscar/OneDrive/Documentos/UCM/QUINTO/SE/Practicas_SE/Practica2/design_2_wrapper/hw/design_2_wrapper.xsa
TRACE::2025-10-15.20:11:15::SCWPlatform::DSA directory C:/Users/oscar/OneDrive/Documentos/UCM/QUINTO/SE/Practicas_SE/Practica2/design_2_wrapper/hw
TRACE::2025-10-15.20:11:15::SCWPlatform:: Platform Path C:/Users/oscar/OneDrive/Documentos/UCM/QUINTO/SE/Practicas_SE/Practica2/design_2_wrapper/hw/design_2_wrapper.xsa
TRACE::2025-10-15.20:11:15::SCWPlatform:: Unique name xilinx:basys3::0.0
TRACE::2025-10-15.20:11:15::SCWPlatform::Trying to set the existing hwdb with name design_2_wrapper_0
TRACE::2025-10-15.20:11:15::SCWPlatform::Opened existing hwdb design_2_wrapper_0
TRACE::2025-10-15.20:11:15::SCWPlatform::Found the Hw Db part of the input DSA
TRACE::2025-10-15.20:11:15::SCWMssOS::Checking the sw design at  C:/Users/oscar/OneDrive/Documentos/UCM/QUINTO/SE/Practicas_SE/Practica2/design_2_wrapper/microblaze_0/standalone_microblaze_0/bsp/system.mss
TRACE::2025-10-15.20:11:15::SCWMssOS::DEBUG:  swdes dump  C:/Users/oscar/OneDrive/Documentos/UCM/QUINTO/SE/Practicas_SE/Practica2/design_2_wrapper/microblaze_0/standalone_microblaze_0/bsp/system.mss|system||

TRACE::2025-10-15.20:11:15::SCWMssOS::Sw design exists and opened at  C:/Users/oscar/OneDrive/Documentos/UCM/QUINTO/SE/Practicas_SE/Practica2/design_2_wrapper/microblaze_0/standalone_microblaze_0/bsp/system.mss
TRACE::2025-10-15.20:11:15::SCWPlatform::Trying to open the hw design at C:/Users/oscar/OneDrive/Documentos/UCM/QUINTO/SE/Practicas_SE/Practica2/design_2_wrapper/hw/design_2_wrapper.xsa
TRACE::2025-10-15.20:11:15::SCWPlatform::DSA given C:/Users/oscar/OneDrive/Documentos/UCM/QUINTO/SE/Practicas_SE/Practica2/design_2_wrapper/hw/design_2_wrapper.xsa
TRACE::2025-10-15.20:11:15::SCWPlatform::DSA absoulate path C:/Users/oscar/OneDrive/Documentos/UCM/QUINTO/SE/Practicas_SE/Practica2/design_2_wrapper/hw/design_2_wrapper.xsa
TRACE::2025-10-15.20:11:15::SCWPlatform::DSA directory C:/Users/oscar/OneDrive/Documentos/UCM/QUINTO/SE/Practicas_SE/Practica2/design_2_wrapper/hw
TRACE::2025-10-15.20:11:15::SCWPlatform:: Platform Path C:/Users/oscar/OneDrive/Documentos/UCM/QUINTO/SE/Practicas_SE/Practica2/design_2_wrapper/hw/design_2_wrapper.xsa
TRACE::2025-10-15.20:11:15::SCWPlatform:: Unique name xilinx:basys3::0.0
TRACE::2025-10-15.20:11:15::SCWPlatform::Trying to set the existing hwdb with name design_2_wrapper_0
TRACE::2025-10-15.20:11:15::SCWPlatform::Opened existing hwdb design_2_wrapper_0
TRACE::2025-10-15.20:11:15::SCWPlatform::Found the Hw Db part of the input DSA
TRACE::2025-10-15.20:11:15::SCWMssOS::Checking the sw design at  C:/Users/oscar/OneDrive/Documentos/UCM/QUINTO/SE/Practicas_SE/Practica2/design_2_wrapper/microblaze_0/standalone_microblaze_0/bsp/system.mss
TRACE::2025-10-15.20:11:15::SCWMssOS::DEBUG:  swdes dump  C:/Users/oscar/OneDrive/Documentos/UCM/QUINTO/SE/Practicas_SE/Practica2/design_2_wrapper/microblaze_0/standalone_microblaze_0/bsp/system.mss|system||

TRACE::2025-10-15.20:11:15::SCWMssOS::Sw design exists and opened at  C:/Users/oscar/OneDrive/Documentos/UCM/QUINTO/SE/Practicas_SE/Practica2/design_2_wrapper/microblaze_0/standalone_microblaze_0/bsp/system.mss
TRACE::2025-10-15.20:11:15::SCWPlatform::Trying to open the hw design at C:/Users/oscar/OneDrive/Documentos/UCM/QUINTO/SE/Practicas_SE/Practica2/design_2_wrapper/hw/design_2_wrapper.xsa
TRACE::2025-10-15.20:11:15::SCWPlatform::DSA given C:/Users/oscar/OneDrive/Documentos/UCM/QUINTO/SE/Practicas_SE/Practica2/design_2_wrapper/hw/design_2_wrapper.xsa
TRACE::2025-10-15.20:11:15::SCWPlatform::DSA absoulate path C:/Users/oscar/OneDrive/Documentos/UCM/QUINTO/SE/Practicas_SE/Practica2/design_2_wrapper/hw/design_2_wrapper.xsa
TRACE::2025-10-15.20:11:15::SCWPlatform::DSA directory C:/Users/oscar/OneDrive/Documentos/UCM/QUINTO/SE/Practicas_SE/Practica2/design_2_wrapper/hw
TRACE::2025-10-15.20:11:15::SCWPlatform:: Platform Path C:/Users/oscar/OneDrive/Documentos/UCM/QUINTO/SE/Practicas_SE/Practica2/design_2_wrapper/hw/design_2_wrapper.xsa
TRACE::2025-10-15.20:11:15::SCWPlatform:: Unique name xilinx:basys3::0.0
TRACE::2025-10-15.20:11:15::SCWPlatform::Trying to set the existing hwdb with name design_2_wrapper_0
TRACE::2025-10-15.20:11:15::SCWPlatform::Opened existing hwdb design_2_wrapper_0
TRACE::2025-10-15.20:11:15::SCWPlatform::Found the Hw Db part of the input DSA
TRACE::2025-10-15.20:11:15::SCWMssOS::Checking the sw design at  C:/Users/oscar/OneDrive/Documentos/UCM/QUINTO/SE/Practicas_SE/Practica2/design_2_wrapper/microblaze_0/standalone_microblaze_0/bsp/system.mss
TRACE::2025-10-15.20:11:15::SCWMssOS::DEBUG:  swdes dump  C:/Users/oscar/OneDrive/Documentos/UCM/QUINTO/SE/Practicas_SE/Practica2/design_2_wrapper/microblaze_0/standalone_microblaze_0/bsp/system.mss|system||

TRACE::2025-10-15.20:11:15::SCWMssOS::Sw design exists and opened at  C:/Users/oscar/OneDrive/Documentos/UCM/QUINTO/SE/Practicas_SE/Practica2/design_2_wrapper/microblaze_0/standalone_microblaze_0/bsp/system.mss
TRACE::2025-10-15.20:11:15::SCWWriter::formatted JSON is {
	"platformName":	"design_2_wrapper",
	"sprVersion":	"2.0",
	"mode":	"gui",
	"dsaType":	"Fixed",
	"platformDesc":	"design_2_wrapper",
	"platHandOff":	"<platformDir>.xsa",
	"platIntHandOff":	"<platformDir>/hw/design_2_wrapper.xsa",
	"deviceType":	"FPGA",
	"platIsPrebuiltAutogen":	"false",
	"platIsNoBootBsp":	"false",
	"hasFsblMakeHasChanges":	"false",
	"hasPmufwMakeHasChanges":	"false",
	"platPreBuiltFlag":	false,
	"platformSamplesDir":	"",
	"platActiveSys":	"design_2_wrapper",
	"systems":	[{
			"systemName":	"design_2_wrapper",
			"systemDesc":	"design_2_wrapper",
			"sysIsBootAutoGen":	"true",
			"systemDispName":	"design_2_wrapper",
			"sysActiveDom":	"standalone_microblaze_0",
			"sysDefaultDom":	"standalone_microblaze_0",
			"domains":	[{
					"domainName":	"standalone_microblaze_0",
					"domainDispName":	"standalone_microblaze_0",
					"domainDesc":	"standalone_microblaze_0",
					"processors":	"microblaze_0",
					"os":	"standalone",
					"sdxOs":	"standalone",
					"debugEnable":	"False",
					"domRuntimes":	["cpp"],
					"swRepo":	"",
					"mssOsVer":	"8.1",
					"mssFile":	"",
					"md5Digest":	"25c07a82bf59ba87c8ca238ad5b8ea01",
					"compatibleApp":	"peripheral_tests",
					"domType":	"mssDomain",
					"arch":	"32-bit",
					"appSettings":	{
						"appCompilerFlags":	"",
						"appLinkerFlags":	""
					},
					"addedLibs":	[],
					"libOptions":	{
						"libsContainingOptions":	[]
					},
					"prebuiltLibs":	{
						"prebuiltIncPath":	[],
						"prebuiltLibPath":	[]
					},
					"isolation":	{
					}
				}]
		}]
}
LOG::2025-10-15.20:11:15::SCWPlatform::Started generating the artifacts platform design_2_wrapper
TRACE::2025-10-15.20:11:15::SCWPlatform::Sanity checking of platform is completed
LOG::2025-10-15.20:11:15::SCWPlatform::Started generating the artifacts for system configuration design_2_wrapper
LOG::2025-10-15.20:11:15::SCWSystem::Started Processing the domain standalone_microblaze_0
TRACE::2025-10-15.20:11:15::SCWDomain::Generating domain artifcats
TRACE::2025-10-15.20:11:15::SCWMssOS::Generating standalone artifcats
TRACE::2025-10-15.20:11:15::SCWMssOS:: Copying the user libraries. 
TRACE::2025-10-15.20:11:15::SCWPlatform::Trying to open the hw design at C:/Users/oscar/OneDrive/Documentos/UCM/QUINTO/SE/Practicas_SE/Practica2/design_2_wrapper/hw/design_2_wrapper.xsa
TRACE::2025-10-15.20:11:15::SCWPlatform::DSA given C:/Users/oscar/OneDrive/Documentos/UCM/QUINTO/SE/Practicas_SE/Practica2/design_2_wrapper/hw/design_2_wrapper.xsa
TRACE::2025-10-15.20:11:15::SCWPlatform::DSA absoulate path C:/Users/oscar/OneDrive/Documentos/UCM/QUINTO/SE/Practicas_SE/Practica2/design_2_wrapper/hw/design_2_wrapper.xsa
TRACE::2025-10-15.20:11:15::SCWPlatform::DSA directory C:/Users/oscar/OneDrive/Documentos/UCM/QUINTO/SE/Practicas_SE/Practica2/design_2_wrapper/hw
TRACE::2025-10-15.20:11:15::SCWPlatform:: Platform Path C:/Users/oscar/OneDrive/Documentos/UCM/QUINTO/SE/Practicas_SE/Practica2/design_2_wrapper/hw/design_2_wrapper.xsa
TRACE::2025-10-15.20:11:15::SCWPlatform:: Unique name xilinx:basys3::0.0
TRACE::2025-10-15.20:11:15::SCWPlatform::Trying to set the existing hwdb with name design_2_wrapper_0
TRACE::2025-10-15.20:11:15::SCWPlatform::Opened existing hwdb design_2_wrapper_0
TRACE::2025-10-15.20:11:15::SCWPlatform::Found the Hw Db part of the input DSA
TRACE::2025-10-15.20:11:15::SCWMssOS::Checking the sw design at  C:/Users/oscar/OneDrive/Documentos/UCM/QUINTO/SE/Practicas_SE/Practica2/design_2_wrapper/microblaze_0/standalone_microblaze_0/bsp/system.mss
TRACE::2025-10-15.20:11:15::SCWMssOS::DEBUG:  swdes dump  C:/Users/oscar/OneDrive/Documentos/UCM/QUINTO/SE/Practicas_SE/Practica2/design_2_wrapper/microblaze_0/standalone_microblaze_0/bsp/system.mss|system||

TRACE::2025-10-15.20:11:15::SCWMssOS::Sw design exists and opened at  C:/Users/oscar/OneDrive/Documentos/UCM/QUINTO/SE/Practicas_SE/Practica2/design_2_wrapper/microblaze_0/standalone_microblaze_0/bsp/system.mss
TRACE::2025-10-15.20:11:15::SCWMssOS::Completed writing the mss file at C:/Users/oscar/OneDrive/Documentos/UCM/QUINTO/SE/Practicas_SE/Practica2/design_2_wrapper/microblaze_0/standalone_microblaze_0/bsp
TRACE::2025-10-15.20:11:15::SCWMssOS::Mss edits present, copying mssfile into export location C:/Users/oscar/OneDrive/Documentos/UCM/QUINTO/SE/Practicas_SE/Practica2/design_2_wrapper/microblaze_0/standalone_microblaze_0/bsp/system.mss
TRACE::2025-10-15.20:11:15::SCWMssOS::bsp generated is upto date with the mss file. Skipping bsp generation.
TRACE::2025-10-15.20:11:15::SCWMssOS::BSP is already built. skipping the bsp build ... 
TRACE::2025-10-15.20:11:15::SCWDomain::Building the domain as part of full build :  standalone_microblaze_0
TRACE::2025-10-15.20:11:15::SCWMssOS::skipping the bsp build ... 
TRACE::2025-10-15.20:11:15::SCWMssOS::Copying to export directory.
TRACE::2025-10-15.20:11:15::SCWMssOS:: Checking if to create the Supporting Applications
TRACE::2025-10-15.20:11:15::SCWMssOS:: No Linux domain exists, trying to generate FSBL 
LOG::2025-10-15.20:11:15::SCWSystem::Completed Processing the domain standalone_microblaze_0
LOG::2025-10-15.20:11:15::SCWSystem::Completed Processing the sysconfig design_2_wrapper
LOG::2025-10-15.20:11:15::SCWPlatform::Completed generating the artifacts for system configuration design_2_wrapper
TRACE::2025-10-15.20:11:15::SCWPlatform::Started preparing the platform 
TRACE::2025-10-15.20:11:15::SCWSystem::Writing the bif file for system config design_2_wrapper
TRACE::2025-10-15.20:11:15::SCWSystem::dir created 
TRACE::2025-10-15.20:11:15::SCWSystem::Writing the bif 
TRACE::2025-10-15.20:11:15::SCWPlatform::Started writing the spfm file 
TRACE::2025-10-15.20:11:15::SCWPlatform::Started writing the xpfm file 
TRACE::2025-10-15.20:11:15::SCWPlatform::Completed generating the platform
TRACE::2025-10-15.20:11:15::SCWMssOS::Saving the mss changes C:/Users/oscar/OneDrive/Documentos/UCM/QUINTO/SE/Practicas_SE/Practica2/design_2_wrapper/microblaze_0/standalone_microblaze_0/bsp/system.mss
TRACE::2025-10-15.20:11:15::SCWMssOS::Found a swdesign opened with the mssfile.
TRACE::2025-10-15.20:11:15::SCWMssOS::Completed writemss as part of save.
TRACE::2025-10-15.20:11:15::SCWMssOS::Commit changes completed.
TRACE::2025-10-15.20:11:15::SCWPlatform::Trying to open the hw design at C:/Users/oscar/OneDrive/Documentos/UCM/QUINTO/SE/Practicas_SE/Practica2/design_2_wrapper/hw/design_2_wrapper.xsa
TRACE::2025-10-15.20:11:15::SCWPlatform::DSA given C:/Users/oscar/OneDrive/Documentos/UCM/QUINTO/SE/Practicas_SE/Practica2/design_2_wrapper/hw/design_2_wrapper.xsa
TRACE::2025-10-15.20:11:15::SCWPlatform::DSA absoulate path C:/Users/oscar/OneDrive/Documentos/UCM/QUINTO/SE/Practicas_SE/Practica2/design_2_wrapper/hw/design_2_wrapper.xsa
TRACE::2025-10-15.20:11:15::SCWPlatform::DSA directory C:/Users/oscar/OneDrive/Documentos/UCM/QUINTO/SE/Practicas_SE/Practica2/design_2_wrapper/hw
TRACE::2025-10-15.20:11:15::SCWPlatform:: Platform Path C:/Users/oscar/OneDrive/Documentos/UCM/QUINTO/SE/Practicas_SE/Practica2/design_2_wrapper/hw/design_2_wrapper.xsa
TRACE::2025-10-15.20:11:15::SCWPlatform:: Unique name xilinx:basys3::0.0
TRACE::2025-10-15.20:11:15::SCWPlatform::Trying to set the existing hwdb with name design_2_wrapper_0
TRACE::2025-10-15.20:11:15::SCWPlatform::Opened existing hwdb design_2_wrapper_0
TRACE::2025-10-15.20:11:15::SCWPlatform::Found the Hw Db part of the input DSA
TRACE::2025-10-15.20:11:15::SCWMssOS::Checking the sw design at  C:/Users/oscar/OneDrive/Documentos/UCM/QUINTO/SE/Practicas_SE/Practica2/design_2_wrapper/microblaze_0/standalone_microblaze_0/bsp/system.mss
TRACE::2025-10-15.20:11:15::SCWMssOS::DEBUG:  swdes dump  C:/Users/oscar/OneDrive/Documentos/UCM/QUINTO/SE/Practicas_SE/Practica2/design_2_wrapper/microblaze_0/standalone_microblaze_0/bsp/system.mss|system||

TRACE::2025-10-15.20:11:15::SCWMssOS::Sw design exists and opened at  C:/Users/oscar/OneDrive/Documentos/UCM/QUINTO/SE/Practicas_SE/Practica2/design_2_wrapper/microblaze_0/standalone_microblaze_0/bsp/system.mss
TRACE::2025-10-15.20:11:15::SCWPlatform::Trying to open the hw design at C:/Users/oscar/OneDrive/Documentos/UCM/QUINTO/SE/Practicas_SE/Practica2/design_2_wrapper/hw/design_2_wrapper.xsa
TRACE::2025-10-15.20:11:15::SCWPlatform::DSA given C:/Users/oscar/OneDrive/Documentos/UCM/QUINTO/SE/Practicas_SE/Practica2/design_2_wrapper/hw/design_2_wrapper.xsa
TRACE::2025-10-15.20:11:15::SCWPlatform::DSA absoulate path C:/Users/oscar/OneDrive/Documentos/UCM/QUINTO/SE/Practicas_SE/Practica2/design_2_wrapper/hw/design_2_wrapper.xsa
TRACE::2025-10-15.20:11:15::SCWPlatform::DSA directory C:/Users/oscar/OneDrive/Documentos/UCM/QUINTO/SE/Practicas_SE/Practica2/design_2_wrapper/hw
TRACE::2025-10-15.20:11:15::SCWPlatform:: Platform Path C:/Users/oscar/OneDrive/Documentos/UCM/QUINTO/SE/Practicas_SE/Practica2/design_2_wrapper/hw/design_2_wrapper.xsa
TRACE::2025-10-15.20:11:15::SCWPlatform:: Unique name xilinx:basys3::0.0
TRACE::2025-10-15.20:11:15::SCWPlatform::Trying to set the existing hwdb with name design_2_wrapper_0
TRACE::2025-10-15.20:11:15::SCWPlatform::Opened existing hwdb design_2_wrapper_0
TRACE::2025-10-15.20:11:15::SCWPlatform::Found the Hw Db part of the input DSA
TRACE::2025-10-15.20:11:15::SCWMssOS::Checking the sw design at  C:/Users/oscar/OneDrive/Documentos/UCM/QUINTO/SE/Practicas_SE/Practica2/design_2_wrapper/microblaze_0/standalone_microblaze_0/bsp/system.mss
TRACE::2025-10-15.20:11:15::SCWMssOS::DEBUG:  swdes dump  C:/Users/oscar/OneDrive/Documentos/UCM/QUINTO/SE/Practicas_SE/Practica2/design_2_wrapper/microblaze_0/standalone_microblaze_0/bsp/system.mss|system||

TRACE::2025-10-15.20:11:15::SCWMssOS::Sw design exists and opened at  C:/Users/oscar/OneDrive/Documentos/UCM/QUINTO/SE/Practicas_SE/Practica2/design_2_wrapper/microblaze_0/standalone_microblaze_0/bsp/system.mss
TRACE::2025-10-15.20:11:15::SCWPlatform::Trying to open the hw design at C:/Users/oscar/OneDrive/Documentos/UCM/QUINTO/SE/Practicas_SE/Practica2/design_2_wrapper/hw/design_2_wrapper.xsa
TRACE::2025-10-15.20:11:15::SCWPlatform::DSA given C:/Users/oscar/OneDrive/Documentos/UCM/QUINTO/SE/Practicas_SE/Practica2/design_2_wrapper/hw/design_2_wrapper.xsa
TRACE::2025-10-15.20:11:15::SCWPlatform::DSA absoulate path C:/Users/oscar/OneDrive/Documentos/UCM/QUINTO/SE/Practicas_SE/Practica2/design_2_wrapper/hw/design_2_wrapper.xsa
TRACE::2025-10-15.20:11:15::SCWPlatform::DSA directory C:/Users/oscar/OneDrive/Documentos/UCM/QUINTO/SE/Practicas_SE/Practica2/design_2_wrapper/hw
TRACE::2025-10-15.20:11:15::SCWPlatform:: Platform Path C:/Users/oscar/OneDrive/Documentos/UCM/QUINTO/SE/Practicas_SE/Practica2/design_2_wrapper/hw/design_2_wrapper.xsa
TRACE::2025-10-15.20:11:15::SCWPlatform:: Unique name xilinx:basys3::0.0
TRACE::2025-10-15.20:11:15::SCWPlatform::Trying to set the existing hwdb with name design_2_wrapper_0
TRACE::2025-10-15.20:11:15::SCWPlatform::Opened existing hwdb design_2_wrapper_0
TRACE::2025-10-15.20:11:15::SCWPlatform::Found the Hw Db part of the input DSA
TRACE::2025-10-15.20:11:15::SCWMssOS::Checking the sw design at  C:/Users/oscar/OneDrive/Documentos/UCM/QUINTO/SE/Practicas_SE/Practica2/design_2_wrapper/microblaze_0/standalone_microblaze_0/bsp/system.mss
TRACE::2025-10-15.20:11:15::SCWMssOS::DEBUG:  swdes dump  C:/Users/oscar/OneDrive/Documentos/UCM/QUINTO/SE/Practicas_SE/Practica2/design_2_wrapper/microblaze_0/standalone_microblaze_0/bsp/system.mss|system||

TRACE::2025-10-15.20:11:15::SCWMssOS::Sw design exists and opened at  C:/Users/oscar/OneDrive/Documentos/UCM/QUINTO/SE/Practicas_SE/Practica2/design_2_wrapper/microblaze_0/standalone_microblaze_0/bsp/system.mss
TRACE::2025-10-15.20:11:15::SCWWriter::formatted JSON is {
	"platformName":	"design_2_wrapper",
	"sprVersion":	"2.0",
	"mode":	"gui",
	"dsaType":	"Fixed",
	"platformDesc":	"design_2_wrapper",
	"platHandOff":	"<platformDir>.xsa",
	"platIntHandOff":	"<platformDir>/hw/design_2_wrapper.xsa",
	"deviceType":	"FPGA",
	"platIsPrebuiltAutogen":	"false",
	"platIsNoBootBsp":	"false",
	"hasFsblMakeHasChanges":	"false",
	"hasPmufwMakeHasChanges":	"false",
	"platPreBuiltFlag":	false,
	"platformSamplesDir":	"",
	"platActiveSys":	"design_2_wrapper",
	"systems":	[{
			"systemName":	"design_2_wrapper",
			"systemDesc":	"design_2_wrapper",
			"sysIsBootAutoGen":	"true",
			"systemDispName":	"design_2_wrapper",
			"sysActiveDom":	"standalone_microblaze_0",
			"sysDefaultDom":	"standalone_microblaze_0",
			"domains":	[{
					"domainName":	"standalone_microblaze_0",
					"domainDispName":	"standalone_microblaze_0",
					"domainDesc":	"standalone_microblaze_0",
					"processors":	"microblaze_0",
					"os":	"standalone",
					"sdxOs":	"standalone",
					"debugEnable":	"False",
					"domRuntimes":	["cpp"],
					"swRepo":	"",
					"mssOsVer":	"8.1",
					"mssFile":	"",
					"md5Digest":	"25c07a82bf59ba87c8ca238ad5b8ea01",
					"compatibleApp":	"peripheral_tests",
					"domType":	"mssDomain",
					"arch":	"32-bit",
					"appSettings":	{
						"appCompilerFlags":	"",
						"appLinkerFlags":	""
					},
					"addedLibs":	[],
					"libOptions":	{
						"libsContainingOptions":	[]
					},
					"prebuiltLibs":	{
						"prebuiltIncPath":	[],
						"prebuiltLibPath":	[]
					},
					"isolation":	{
					}
				}]
		}]
}
KEYINFO::2025-10-15.20:11:15::SCWPlatform::updated the xpfm file.
LOG::2025-10-15.20:18:20::SCWPlatform::Started generating the artifacts platform design_2_wrapper
TRACE::2025-10-15.20:18:20::SCWPlatform::Sanity checking of platform is completed
LOG::2025-10-15.20:18:20::SCWPlatform::Started generating the artifacts for system configuration design_2_wrapper
LOG::2025-10-15.20:18:20::SCWSystem::Checking the domain standalone_microblaze_0
LOG::2025-10-15.20:18:20::SCWSystem::Not a boot domain 
LOG::2025-10-15.20:18:20::SCWSystem::Started Processing the domain standalone_microblaze_0
TRACE::2025-10-15.20:18:20::SCWDomain::Generating domain artifcats
TRACE::2025-10-15.20:18:20::SCWMssOS::Generating standalone artifcats
TRACE::2025-10-15.20:18:20::SCWMssOS:: Copying the user libraries. 
TRACE::2025-10-15.20:18:20::SCWPlatform::Trying to open the hw design at C:/Users/oscar/OneDrive/Documentos/UCM/QUINTO/SE/Practicas_SE/Practica2/design_2_wrapper/hw/design_2_wrapper.xsa
TRACE::2025-10-15.20:18:20::SCWPlatform::DSA given C:/Users/oscar/OneDrive/Documentos/UCM/QUINTO/SE/Practicas_SE/Practica2/design_2_wrapper/hw/design_2_wrapper.xsa
TRACE::2025-10-15.20:18:20::SCWPlatform::DSA absoulate path C:/Users/oscar/OneDrive/Documentos/UCM/QUINTO/SE/Practicas_SE/Practica2/design_2_wrapper/hw/design_2_wrapper.xsa
TRACE::2025-10-15.20:18:20::SCWPlatform::DSA directory C:/Users/oscar/OneDrive/Documentos/UCM/QUINTO/SE/Practicas_SE/Practica2/design_2_wrapper/hw
TRACE::2025-10-15.20:18:20::SCWPlatform:: Platform Path C:/Users/oscar/OneDrive/Documentos/UCM/QUINTO/SE/Practicas_SE/Practica2/design_2_wrapper/hw/design_2_wrapper.xsa
TRACE::2025-10-15.20:18:20::SCWPlatform:: Unique name xilinx:basys3::0.0
TRACE::2025-10-15.20:18:20::SCWPlatform::Trying to set the existing hwdb with name design_2_wrapper_0
TRACE::2025-10-15.20:18:20::SCWPlatform::Opened existing hwdb design_2_wrapper_0
TRACE::2025-10-15.20:18:20::SCWPlatform::Found the Hw Db part of the input DSA
TRACE::2025-10-15.20:18:20::SCWMssOS::Checking the sw design at  C:/Users/oscar/OneDrive/Documentos/UCM/QUINTO/SE/Practicas_SE/Practica2/design_2_wrapper/microblaze_0/standalone_microblaze_0/bsp/system.mss
TRACE::2025-10-15.20:18:20::SCWMssOS::DEBUG:  swdes dump  C:/Users/oscar/OneDrive/Documentos/UCM/QUINTO/SE/Practicas_SE/Practica2/design_2_wrapper/microblaze_0/standalone_microblaze_0/bsp/system.mss|system||

TRACE::2025-10-15.20:18:20::SCWMssOS::Sw design exists and opened at  C:/Users/oscar/OneDrive/Documentos/UCM/QUINTO/SE/Practicas_SE/Practica2/design_2_wrapper/microblaze_0/standalone_microblaze_0/bsp/system.mss
TRACE::2025-10-15.20:18:20::SCWMssOS::Completed writing the mss file at C:/Users/oscar/OneDrive/Documentos/UCM/QUINTO/SE/Practicas_SE/Practica2/design_2_wrapper/microblaze_0/standalone_microblaze_0/bsp
TRACE::2025-10-15.20:18:20::SCWMssOS::Mss edits present, copying mssfile into export location C:/Users/oscar/OneDrive/Documentos/UCM/QUINTO/SE/Practicas_SE/Practica2/design_2_wrapper/microblaze_0/standalone_microblaze_0/bsp/system.mss
TRACE::2025-10-15.20:18:20::SCWMssOS::bsp generated is upto date with the mss file. Skipping bsp generation.
TRACE::2025-10-15.20:18:20::SCWMssOS::BSP is already built. skipping the bsp build ... 
TRACE::2025-10-15.20:18:20::SCWDomain::Building the domain as part of full build :  standalone_microblaze_0
TRACE::2025-10-15.20:18:20::SCWMssOS::doing bsp build ... 
TRACE::2025-10-15.20:18:20::SCWMssOS::System Command Ran  C: & cd  C:/Users/oscar/OneDrive/Documentos/UCM/QUINTO/SE/Practicas_SE/Practica2/design_2_wrapper/microblaze_0/standalone_microblaze_0/bsp & make 
TRACE::2025-10-15.20:18:21::SCWMssOS::make --no-print-directory seq_libs

TRACE::2025-10-15.20:18:21::SCWMssOS::"Running Make include in microblaze_0/libsrc/bram_v4_8/src"

TRACE::2025-10-15.20:18:21::SCWMssOS::make -C microblaze_0/libsrc/bram_v4_8/src -s include  "SHELL=CMD" "COMPILER=mb-gcc" "ASSEMBLER=mb-as" "ARCHIVER=mb-ar" "COMPILE
TRACE::2025-10-15.20:18:21::SCWMssOS::R_FLAGS=  -O2 -c -mcpu=v11.0 -mlittle-endian -mxl-soft-mul" "EXTRA_COMPILER_FLAGS=-g -ffunction-sections -fdata-sections -Wall 
TRACE::2025-10-15.20:18:21::SCWMssOS::-Wextra -fno-tree-loop-distribute-patterns"

TRACE::2025-10-15.20:18:21::SCWMssOS::"Running Make include in microblaze_0/libsrc/copro_v1_0/src"

TRACE::2025-10-15.20:18:21::SCWMssOS::make -C microblaze_0/libsrc/copro_v1_0/src -s include  "SHELL=CMD" "COMPILER=mb-gcc" "ASSEMBLER=mb-as" "ARCHIVER=mb-ar" "COMPIL
TRACE::2025-10-15.20:18:21::SCWMssOS::ER_FLAGS=  -O2 -c -mcpu=v11.0 -mlittle-endian -mxl-soft-mul" "EXTRA_COMPILER_FLAGS=-g -ffunction-sections -fdata-sections -Wall
TRACE::2025-10-15.20:18:21::SCWMssOS:: -Wextra -fno-tree-loop-distribute-patterns"

TRACE::2025-10-15.20:18:21::SCWMssOS::"Running Make include in microblaze_0/libsrc/cpu_v2_17/src"

TRACE::2025-10-15.20:18:21::SCWMssOS::make -C microblaze_0/libsrc/cpu_v2_17/src -s include  "SHELL=CMD" "COMPILER=mb-gcc" "ASSEMBLER=mb-as" "ARCHIVER=mb-ar" "COMPILE
TRACE::2025-10-15.20:18:21::SCWMssOS::R_FLAGS=  -O2 -c -mcpu=v11.0 -mlittle-endian -mxl-soft-mul" "EXTRA_COMPILER_FLAGS=-g -ffunction-sections -fdata-sections -Wall 
TRACE::2025-10-15.20:18:21::SCWMssOS::-Wextra -fno-tree-loop-distribute-patterns"

TRACE::2025-10-15.20:18:21::SCWMssOS::"Running Make include in microblaze_0/libsrc/standalone_v8_1/src"

TRACE::2025-10-15.20:18:21::SCWMssOS::make -C microblaze_0/libsrc/standalone_v8_1/src -s include  "SHELL=CMD" "COMPILER=mb-gcc" "ASSEMBLER=mb-as" "ARCHIVER=mb-ar" "C
TRACE::2025-10-15.20:18:21::SCWMssOS::OMPILER_FLAGS=  -O2 -c -mcpu=v11.0 -mlittle-endian -mxl-soft-mul" "EXTRA_COMPILER_FLAGS=-g -ffunction-sections -fdata-sections 
TRACE::2025-10-15.20:18:21::SCWMssOS::-Wall -Wextra -fno-tree-loop-distribute-patterns"

TRACE::2025-10-15.20:18:22::SCWMssOS::"Running Make include in microblaze_0/libsrc/uartlite_v3_8/src"

TRACE::2025-10-15.20:18:22::SCWMssOS::make -C microblaze_0/libsrc/uartlite_v3_8/src -s include  "SHELL=CMD" "COMPILER=mb-gcc" "ASSEMBLER=mb-as" "ARCHIVER=mb-ar" "COM
TRACE::2025-10-15.20:18:22::SCWMssOS::PILER_FLAGS=  -O2 -c -mcpu=v11.0 -mlittle-endian -mxl-soft-mul" "EXTRA_COMPILER_FLAGS=-g -ffunction-sections -fdata-sections -W
TRACE::2025-10-15.20:18:22::SCWMssOS::all -Wextra -fno-tree-loop-distribute-patterns"

TRACE::2025-10-15.20:18:22::SCWMssOS::"Running Make libs in microblaze_0/libsrc/copro_v1_0/src"

TRACE::2025-10-15.20:18:22::SCWMssOS::make -C microblaze_0/libsrc/copro_v1_0/src -s libs  "SHELL=CMD" "COMPILER=mb-gcc" "ASSEMBLER=mb-as" "ARCHIVER=mb-ar" "COMPILER_
TRACE::2025-10-15.20:18:22::SCWMssOS::FLAGS=  -O2 -c -mcpu=v11.0 -mlittle-endian -mxl-soft-mul" "EXTRA_COMPILER_FLAGS=-g -ffunction-sections -fdata-sections -Wall -W
TRACE::2025-10-15.20:18:22::SCWMssOS::extra -fno-tree-loop-distribute-patterns"

TRACE::2025-10-15.20:18:22::SCWMssOS::"Compiling copro..."

TRACE::2025-10-15.20:18:22::SCWMssOS::'Finished building libraries sequentially.'

TRACE::2025-10-15.20:18:22::SCWMssOS::make -j 10 --no-print-directory par_libs

TRACE::2025-10-15.20:18:23::SCWMssOS::"Running Make include in microblaze_0/libsrc/bram_v4_8/src"

TRACE::2025-10-15.20:18:23::SCWMssOS::make -C microblaze_0/libsrc/bram_v4_8/src -s include  "SHELL=CMD" "COMPILER=mb-gcc" "ASSEMBLER=mb-as" "ARCHIVER=mb-ar" "COMPILE
TRACE::2025-10-15.20:18:23::SCWMssOS::R_FLAGS=  -O2 -c -mcpu=v11.0 -mlittle-endian -mxl-soft-mul" "EXTRA_COMPILER_FLAGS=-g -ffunction-sections -fdata-sections -Wall 
TRACE::2025-10-15.20:18:23::SCWMssOS::-Wextra -fno-tree-loop-distribute-patterns"

TRACE::2025-10-15.20:18:23::SCWMssOS::"Running Make include in microblaze_0/libsrc/copro_v1_0/src"

TRACE::2025-10-15.20:18:23::SCWMssOS::make -C microblaze_0/libsrc/copro_v1_0/src -s include  "SHELL=CMD" "COMPILER=mb-gcc" "ASSEMBLER=mb-as" "ARCHIVER=mb-ar" "COMPIL
TRACE::2025-10-15.20:18:23::SCWMssOS::ER_FLAGS=  -O2 -c -mcpu=v11.0 -mlittle-endian -mxl-soft-mul" "EXTRA_COMPILER_FLAGS=-g -ffunction-sections -fdata-sections -Wall
TRACE::2025-10-15.20:18:23::SCWMssOS:: -Wextra -fno-tree-loop-distribute-patterns"

TRACE::2025-10-15.20:18:23::SCWMssOS::"Running Make include in microblaze_0/libsrc/cpu_v2_17/src"

TRACE::2025-10-15.20:18:23::SCWMssOS::make -C microblaze_0/libsrc/cpu_v2_17/src -s include  "SHELL=CMD" "COMPILER=mb-gcc" "ASSEMBLER=mb-as" "ARCHIVER=mb-ar" "COMPILE
TRACE::2025-10-15.20:18:23::SCWMssOS::R_FLAGS=  -O2 -c -mcpu=v11.0 -mlittle-endian -mxl-soft-mul" "EXTRA_COMPILER_FLAGS=-g -ffunction-sections -fdata-sections -Wall 
TRACE::2025-10-15.20:18:23::SCWMssOS::-Wextra -fno-tree-loop-distribute-patterns"

TRACE::2025-10-15.20:18:23::SCWMssOS::"Running Make include in microblaze_0/libsrc/standalone_v8_1/src"

TRACE::2025-10-15.20:18:23::SCWMssOS::make -C microblaze_0/libsrc/standalone_v8_1/src -s include  "SHELL=CMD" "COMPILER=mb-gcc" "ASSEMBLER=mb-as" "ARCHIVER=mb-ar" "C
TRACE::2025-10-15.20:18:23::SCWMssOS::OMPILER_FLAGS=  -O2 -c -mcpu=v11.0 -mlittle-endian -mxl-soft-mul" "EXTRA_COMPILER_FLAGS=-g -ffunction-sections -fdata-sections 
TRACE::2025-10-15.20:18:23::SCWMssOS::-Wall -Wextra -fno-tree-loop-distribute-patterns"

TRACE::2025-10-15.20:18:23::SCWMssOS::"Running Make include in microblaze_0/libsrc/uartlite_v3_8/src"

TRACE::2025-10-15.20:18:23::SCWMssOS::make -C microblaze_0/libsrc/uartlite_v3_8/src -s include  "SHELL=CMD" "COMPILER=mb-gcc" "ASSEMBLER=mb-as" "ARCHIVER=mb-ar" "COM
TRACE::2025-10-15.20:18:23::SCWMssOS::PILER_FLAGS=  -O2 -c -mcpu=v11.0 -mlittle-endian -mxl-soft-mul" "EXTRA_COMPILER_FLAGS=-g -ffunction-sections -fdata-sections -W
TRACE::2025-10-15.20:18:23::SCWMssOS::all -Wextra -fno-tree-loop-distribute-patterns"

TRACE::2025-10-15.20:18:23::SCWMssOS::"Running Make libs in microblaze_0/libsrc/bram_v4_8/src"

TRACE::2025-10-15.20:18:23::SCWMssOS::make -C microblaze_0/libsrc/bram_v4_8/src -s libs  "SHELL=CMD" "COMPILER=mb-gcc" "ASSEMBLER=mb-as" "ARCHIVER=mb-ar" "COMPILER_F
TRACE::2025-10-15.20:18:23::SCWMssOS::LAGS=  -O2 -c -mcpu=v11.0 -mlittle-endian -mxl-soft-mul" "EXTRA_COMPILER_FLAGS=-g -ffunction-sections -fdata-sections -Wall -We
TRACE::2025-10-15.20:18:23::SCWMssOS::xtra -fno-tree-loop-distribute-patterns"

TRACE::2025-10-15.20:18:23::SCWMssOS::"Running Make libs in microblaze_0/libsrc/cpu_v2_17/src"

TRACE::2025-10-15.20:18:23::SCWMssOS::make -C microblaze_0/libsrc/cpu_v2_17/src -s libs  "SHELL=CMD" "COMPILER=mb-gcc" "ASSEMBLER=mb-as" "ARCHIVER=mb-ar" "COMPILER_F
TRACE::2025-10-15.20:18:23::SCWMssOS::LAGS=  -O2 -c -mcpu=v11.0 -mlittle-endian -mxl-soft-mul" "EXTRA_COMPILER_FLAGS=-g -ffunction-sections -fdata-sections -Wall -We
TRACE::2025-10-15.20:18:23::SCWMssOS::xtra -fno-tree-loop-distribute-patterns"

TRACE::2025-10-15.20:18:23::SCWMssOS::"Running Make libs in microblaze_0/libsrc/standalone_v8_1/src"

TRACE::2025-10-15.20:18:23::SCWMssOS::make -C microblaze_0/libsrc/standalone_v8_1/src -s libs  "SHELL=CMD" "COMPILER=mb-gcc" "ASSEMBLER=mb-as" "ARCHIVER=mb-ar" "COMP
TRACE::2025-10-15.20:18:23::SCWMssOS::ILER_FLAGS=  -O2 -c -mcpu=v11.0 -mlittle-endian -mxl-soft-mul" "EXTRA_COMPILER_FLAGS=-g -ffunction-sections -fdata-sections -Wa
TRACE::2025-10-15.20:18:23::SCWMssOS::ll -Wextra -fno-tree-loop-distribute-patterns"

TRACE::2025-10-15.20:18:23::SCWMssOS::"Running Make libs in microblaze_0/libsrc/uartlite_v3_8/src"

TRACE::2025-10-15.20:18:23::SCWMssOS::make -C microblaze_0/libsrc/uartlite_v3_8/src -s libs  "SHELL=CMD" "COMPILER=mb-gcc" "ASSEMBLER=mb-as" "ARCHIVER=mb-ar" "COMPIL
TRACE::2025-10-15.20:18:23::SCWMssOS::ER_FLAGS=  -O2 -c -mcpu=v11.0 -mlittle-endian -mxl-soft-mul" "EXTRA_COMPILER_FLAGS=-g -ffunction-sections -fdata-sections -Wall
TRACE::2025-10-15.20:18:23::SCWMssOS:: -Wextra -fno-tree-loop-distribute-patterns"

TRACE::2025-10-15.20:18:24::SCWMssOS::"DEBUG NON_LTO_OBJECTS is ../../../lib/microblaze_interrupt_handler.o"

TRACE::2025-10-15.20:18:24::SCWMssOS::'Finished building libraries parallelly.'

TRACE::2025-10-15.20:18:24::SCWMssOS::make --no-print-directory archive

TRACE::2025-10-15.20:18:24::SCWMssOS::mb-ar -r  microblaze_0/lib/libxil.a microblaze_0/lib/_exit.o microblaze_0/lib/errno.o microblaze_0/lib/fcntl.o microblaze_0/lib
TRACE::2025-10-15.20:18:24::SCWMssOS::/hw_exception_handler.o microblaze_0/lib/inbyte.o microblaze_0/lib/microblaze_disable_dcache.o microblaze_0/lib/microblaze_disa
TRACE::2025-10-15.20:18:24::SCWMssOS::ble_exceptions.o microblaze_0/lib/microblaze_disable_icache.o microblaze_0/lib/microblaze_disable_interrupts.o microblaze_0/lib
TRACE::2025-10-15.20:18:24::SCWMssOS::/microblaze_enable_dcache.o microblaze_0/lib/microblaze_enable_exceptions.o microblaze_0/lib/microblaze_enable_icache.o microbl
TRACE::2025-10-15.20:18:24::SCWMssOS::aze_0/lib/microblaze_enable_interrupts.o microblaze_0/lib/microblaze_exception_handler.o microblaze_0/lib/microblaze_flush_cach
TRACE::2025-10-15.20:18:24::SCWMssOS::e_ext.o microblaze_0/lib/microblaze_flush_cache_ext_range.o microblaze_0/lib/microblaze_flush_dcache.o microblaze_0/lib/microbl
TRACE::2025-10-15.20:18:24::SCWMssOS::aze_flush_dcache_range.o microblaze_0/lib/microblaze_init_dcache_range.o microblaze_0/lib/microblaze_init_icache_range.o microb
TRACE::2025-10-15.20:18:24::SCWMssOS::laze_0/lib/microblaze_interrupt_handler.o microblaze_0/lib/microblaze_interrupts_g.o microblaze_0/lib/microblaze_invalidate_cac
TRACE::2025-10-15.20:18:24::SCWMssOS::he_ext.o microblaze_0/lib/microblaze_invalidate_cache_ext_range.o microblaze_0/lib/microblaze_invalidate_dcache.o microblaze_0/
TRACE::2025-10-15.20:18:24::SCWMssOS::lib/microblaze_invalidate_dcache_range.o microblaze_0/lib/microblaze_invalidate_icache.o microblaze_0/lib/microblaze_invalidate
TRACE::2025-10-15.20:18:24::SCWMssOS::_icache_range.o microblaze_0/lib/microblaze_scrub.o microblaze_0/lib/microblaze_selftest.o microblaze_0/lib/microblaze_sleep.o 
TRACE::2025-10-15.20:18:24::SCWMssOS::microblaze_0/lib/microblaze_update_dcache.o microblaze_0/lib/microblaze_update_icache.o microblaze_0/lib/outbyte.o microblaze_0
TRACE::2025-10-15.20:18:24::SCWMssOS::/lib/print.o microblaze_0/lib/pvr.o microblaze_0/lib/xbram.o microblaze_0/lib/xbram_g.o microblaze_0/lib/xbram_intr.o microblaz
TRACE::2025-10-15.20:18:24::SCWMssOS::e_0/lib/xbram_selftest.o microblaze_0/lib/xbram_sinit.o microblaze_0/lib/xil_assert.o microblaze_0/lib/xil_cache.o microblaze_0
TRACE::2025-10-15.20:18:24::SCWMssOS::/lib/xil_clocking.o microblaze_0/lib/xil_exception.o microblaze_0/lib/xil_mem.o microblaze_0/lib/xil_misc_psreset_api.o microbl
TRACE::2025-10-15.20:18:24::SCWMssOS::aze_0/lib/xil_printf.o microblaze_0/lib/xil_sleepcommon.o microblaze_0/lib/xil_testcache.o microblaze_0/lib/xil_testio.o microb
TRACE::2025-10-15.20:18:24::SCWMssOS::laze_0/lib/xil_testmem.o microblaze_0/lib/xil_util.o microblaze_0/lib/xinterrupt_wrap.o microblaze_0/lib/xio.o microblaze_0/lib
TRACE::2025-10-15.20:18:24::SCWMssOS::/xplatform_info.o microblaze_0/lib/xuartlite.o microblaze_0/lib/xuartlite_g.o microblaze_0/lib/xuartlite_intr.o microblaze_0/li
TRACE::2025-10-15.20:18:24::SCWMssOS::b/xuartlite_l.o microblaze_0/lib/xuartlite_selftest.o microblaze_0/lib/xuartlite_sinit.o microblaze_0/lib/xuartlite_stats.o

TRACE::2025-10-15.20:18:24::SCWMssOS::'Finished building libraries'

TRACE::2025-10-15.20:18:24::SCWMssOS::Copying to export directory.
TRACE::2025-10-15.20:18:25::SCWMssOS:: Checking if to create the Supporting Applications
TRACE::2025-10-15.20:18:25::SCWMssOS:: No Linux domain exists, trying to generate FSBL 
LOG::2025-10-15.20:18:25::SCWSystem::Completed Processing the domain standalone_microblaze_0
LOG::2025-10-15.20:18:25::SCWSystem::Completed Processing the sysconfig design_2_wrapper
LOG::2025-10-15.20:18:25::SCWPlatform::Completed generating the artifacts for system configuration design_2_wrapper
TRACE::2025-10-15.20:18:25::SCWPlatform::Started preparing the platform 
TRACE::2025-10-15.20:18:25::SCWSystem::Writing the bif file for system config design_2_wrapper
TRACE::2025-10-15.20:18:25::SCWSystem::dir created 
TRACE::2025-10-15.20:18:25::SCWSystem::Writing the bif 
TRACE::2025-10-15.20:18:25::SCWPlatform::Started writing the spfm file 
TRACE::2025-10-15.20:18:25::SCWPlatform::Started writing the xpfm file 
TRACE::2025-10-15.20:18:25::SCWPlatform::Completed generating the platform
TRACE::2025-10-15.20:18:25::SCWMssOS::Saving the mss changes C:/Users/oscar/OneDrive/Documentos/UCM/QUINTO/SE/Practicas_SE/Practica2/design_2_wrapper/microblaze_0/standalone_microblaze_0/bsp/system.mss
TRACE::2025-10-15.20:18:25::SCWMssOS::Found a swdesign opened with the mssfile.
TRACE::2025-10-15.20:18:25::SCWMssOS::Completed writemss as part of save.
TRACE::2025-10-15.20:18:25::SCWMssOS::Commit changes completed.
TRACE::2025-10-15.20:18:25::SCWPlatform::Trying to open the hw design at C:/Users/oscar/OneDrive/Documentos/UCM/QUINTO/SE/Practicas_SE/Practica2/design_2_wrapper/hw/design_2_wrapper.xsa
TRACE::2025-10-15.20:18:25::SCWPlatform::DSA given C:/Users/oscar/OneDrive/Documentos/UCM/QUINTO/SE/Practicas_SE/Practica2/design_2_wrapper/hw/design_2_wrapper.xsa
TRACE::2025-10-15.20:18:25::SCWPlatform::DSA absoulate path C:/Users/oscar/OneDrive/Documentos/UCM/QUINTO/SE/Practicas_SE/Practica2/design_2_wrapper/hw/design_2_wrapper.xsa
TRACE::2025-10-15.20:18:25::SCWPlatform::DSA directory C:/Users/oscar/OneDrive/Documentos/UCM/QUINTO/SE/Practicas_SE/Practica2/design_2_wrapper/hw
TRACE::2025-10-15.20:18:25::SCWPlatform:: Platform Path C:/Users/oscar/OneDrive/Documentos/UCM/QUINTO/SE/Practicas_SE/Practica2/design_2_wrapper/hw/design_2_wrapper.xsa
TRACE::2025-10-15.20:18:25::SCWPlatform:: Unique name xilinx:basys3::0.0
TRACE::2025-10-15.20:18:25::SCWPlatform::Trying to set the existing hwdb with name design_2_wrapper_0
TRACE::2025-10-15.20:18:25::SCWPlatform::Opened existing hwdb design_2_wrapper_0
TRACE::2025-10-15.20:18:25::SCWPlatform::Found the Hw Db part of the input DSA
TRACE::2025-10-15.20:18:25::SCWMssOS::Checking the sw design at  C:/Users/oscar/OneDrive/Documentos/UCM/QUINTO/SE/Practicas_SE/Practica2/design_2_wrapper/microblaze_0/standalone_microblaze_0/bsp/system.mss
TRACE::2025-10-15.20:18:25::SCWMssOS::DEBUG:  swdes dump  C:/Users/oscar/OneDrive/Documentos/UCM/QUINTO/SE/Practicas_SE/Practica2/design_2_wrapper/microblaze_0/standalone_microblaze_0/bsp/system.mss|system||

TRACE::2025-10-15.20:18:25::SCWMssOS::Sw design exists and opened at  C:/Users/oscar/OneDrive/Documentos/UCM/QUINTO/SE/Practicas_SE/Practica2/design_2_wrapper/microblaze_0/standalone_microblaze_0/bsp/system.mss
TRACE::2025-10-15.20:18:25::SCWPlatform::Trying to open the hw design at C:/Users/oscar/OneDrive/Documentos/UCM/QUINTO/SE/Practicas_SE/Practica2/design_2_wrapper/hw/design_2_wrapper.xsa
TRACE::2025-10-15.20:18:25::SCWPlatform::DSA given C:/Users/oscar/OneDrive/Documentos/UCM/QUINTO/SE/Practicas_SE/Practica2/design_2_wrapper/hw/design_2_wrapper.xsa
TRACE::2025-10-15.20:18:25::SCWPlatform::DSA absoulate path C:/Users/oscar/OneDrive/Documentos/UCM/QUINTO/SE/Practicas_SE/Practica2/design_2_wrapper/hw/design_2_wrapper.xsa
TRACE::2025-10-15.20:18:25::SCWPlatform::DSA directory C:/Users/oscar/OneDrive/Documentos/UCM/QUINTO/SE/Practicas_SE/Practica2/design_2_wrapper/hw
TRACE::2025-10-15.20:18:25::SCWPlatform:: Platform Path C:/Users/oscar/OneDrive/Documentos/UCM/QUINTO/SE/Practicas_SE/Practica2/design_2_wrapper/hw/design_2_wrapper.xsa
TRACE::2025-10-15.20:18:25::SCWPlatform:: Unique name xilinx:basys3::0.0
TRACE::2025-10-15.20:18:25::SCWPlatform::Trying to set the existing hwdb with name design_2_wrapper_0
TRACE::2025-10-15.20:18:25::SCWPlatform::Opened existing hwdb design_2_wrapper_0
TRACE::2025-10-15.20:18:25::SCWPlatform::Found the Hw Db part of the input DSA
TRACE::2025-10-15.20:18:25::SCWMssOS::Checking the sw design at  C:/Users/oscar/OneDrive/Documentos/UCM/QUINTO/SE/Practicas_SE/Practica2/design_2_wrapper/microblaze_0/standalone_microblaze_0/bsp/system.mss
TRACE::2025-10-15.20:18:25::SCWMssOS::DEBUG:  swdes dump  C:/Users/oscar/OneDrive/Documentos/UCM/QUINTO/SE/Practicas_SE/Practica2/design_2_wrapper/microblaze_0/standalone_microblaze_0/bsp/system.mss|system||

TRACE::2025-10-15.20:18:25::SCWMssOS::Sw design exists and opened at  C:/Users/oscar/OneDrive/Documentos/UCM/QUINTO/SE/Practicas_SE/Practica2/design_2_wrapper/microblaze_0/standalone_microblaze_0/bsp/system.mss
TRACE::2025-10-15.20:18:25::SCWPlatform::Trying to open the hw design at C:/Users/oscar/OneDrive/Documentos/UCM/QUINTO/SE/Practicas_SE/Practica2/design_2_wrapper/hw/design_2_wrapper.xsa
TRACE::2025-10-15.20:18:25::SCWPlatform::DSA given C:/Users/oscar/OneDrive/Documentos/UCM/QUINTO/SE/Practicas_SE/Practica2/design_2_wrapper/hw/design_2_wrapper.xsa
TRACE::2025-10-15.20:18:25::SCWPlatform::DSA absoulate path C:/Users/oscar/OneDrive/Documentos/UCM/QUINTO/SE/Practicas_SE/Practica2/design_2_wrapper/hw/design_2_wrapper.xsa
TRACE::2025-10-15.20:18:25::SCWPlatform::DSA directory C:/Users/oscar/OneDrive/Documentos/UCM/QUINTO/SE/Practicas_SE/Practica2/design_2_wrapper/hw
TRACE::2025-10-15.20:18:25::SCWPlatform:: Platform Path C:/Users/oscar/OneDrive/Documentos/UCM/QUINTO/SE/Practicas_SE/Practica2/design_2_wrapper/hw/design_2_wrapper.xsa
TRACE::2025-10-15.20:18:25::SCWPlatform:: Unique name xilinx:basys3::0.0
TRACE::2025-10-15.20:18:25::SCWPlatform::Trying to set the existing hwdb with name design_2_wrapper_0
TRACE::2025-10-15.20:18:25::SCWPlatform::Opened existing hwdb design_2_wrapper_0
TRACE::2025-10-15.20:18:25::SCWPlatform::Found the Hw Db part of the input DSA
TRACE::2025-10-15.20:18:25::SCWMssOS::Checking the sw design at  C:/Users/oscar/OneDrive/Documentos/UCM/QUINTO/SE/Practicas_SE/Practica2/design_2_wrapper/microblaze_0/standalone_microblaze_0/bsp/system.mss
TRACE::2025-10-15.20:18:25::SCWMssOS::DEBUG:  swdes dump  C:/Users/oscar/OneDrive/Documentos/UCM/QUINTO/SE/Practicas_SE/Practica2/design_2_wrapper/microblaze_0/standalone_microblaze_0/bsp/system.mss|system||

TRACE::2025-10-15.20:18:25::SCWMssOS::Sw design exists and opened at  C:/Users/oscar/OneDrive/Documentos/UCM/QUINTO/SE/Practicas_SE/Practica2/design_2_wrapper/microblaze_0/standalone_microblaze_0/bsp/system.mss
TRACE::2025-10-15.20:18:25::SCWWriter::formatted JSON is {
	"platformName":	"design_2_wrapper",
	"sprVersion":	"2.0",
	"mode":	"gui",
	"dsaType":	"Fixed",
	"platformDesc":	"design_2_wrapper",
	"platHandOff":	"<platformDir>.xsa",
	"platIntHandOff":	"<platformDir>/hw/design_2_wrapper.xsa",
	"deviceType":	"FPGA",
	"platIsPrebuiltAutogen":	"false",
	"platIsNoBootBsp":	"false",
	"hasFsblMakeHasChanges":	"false",
	"hasPmufwMakeHasChanges":	"false",
	"platPreBuiltFlag":	false,
	"platformSamplesDir":	"",
	"platActiveSys":	"design_2_wrapper",
	"systems":	[{
			"systemName":	"design_2_wrapper",
			"systemDesc":	"design_2_wrapper",
			"sysIsBootAutoGen":	"true",
			"systemDispName":	"design_2_wrapper",
			"sysActiveDom":	"standalone_microblaze_0",
			"sysDefaultDom":	"standalone_microblaze_0",
			"domains":	[{
					"domainName":	"standalone_microblaze_0",
					"domainDispName":	"standalone_microblaze_0",
					"domainDesc":	"standalone_microblaze_0",
					"processors":	"microblaze_0",
					"os":	"standalone",
					"sdxOs":	"standalone",
					"debugEnable":	"False",
					"domRuntimes":	["cpp"],
					"swRepo":	"",
					"mssOsVer":	"8.1",
					"mssFile":	"",
					"md5Digest":	"25c07a82bf59ba87c8ca238ad5b8ea01",
					"compatibleApp":	"peripheral_tests",
					"domType":	"mssDomain",
					"arch":	"32-bit",
					"appSettings":	{
						"appCompilerFlags":	"",
						"appLinkerFlags":	""
					},
					"addedLibs":	[],
					"libOptions":	{
						"libsContainingOptions":	[]
					},
					"prebuiltLibs":	{
						"prebuiltIncPath":	[],
						"prebuiltLibPath":	[]
					},
					"isolation":	{
					}
				}]
		}]
}
KEYINFO::2025-10-15.20:18:25::SCWPlatform::updated the xpfm file.
TRACE::2025-10-15.20:18:25::SCWPlatform::Trying to open the hw design at C:/Users/oscar/OneDrive/Documentos/UCM/QUINTO/SE/Practicas_SE/Practica2/design_2_wrapper/hw/design_2_wrapper.xsa
TRACE::2025-10-15.20:18:25::SCWPlatform::DSA given C:/Users/oscar/OneDrive/Documentos/UCM/QUINTO/SE/Practicas_SE/Practica2/design_2_wrapper/hw/design_2_wrapper.xsa
TRACE::2025-10-15.20:18:25::SCWPlatform::DSA absoulate path C:/Users/oscar/OneDrive/Documentos/UCM/QUINTO/SE/Practicas_SE/Practica2/design_2_wrapper/hw/design_2_wrapper.xsa
TRACE::2025-10-15.20:18:25::SCWPlatform::DSA directory C:/Users/oscar/OneDrive/Documentos/UCM/QUINTO/SE/Practicas_SE/Practica2/design_2_wrapper/hw
TRACE::2025-10-15.20:18:25::SCWPlatform:: Platform Path C:/Users/oscar/OneDrive/Documentos/UCM/QUINTO/SE/Practicas_SE/Practica2/design_2_wrapper/hw/design_2_wrapper.xsa
TRACE::2025-10-15.20:18:25::SCWPlatform:: Unique name xilinx:basys3::0.0
TRACE::2025-10-15.20:18:25::SCWPlatform::Trying to set the existing hwdb with name design_2_wrapper_0
TRACE::2025-10-15.20:18:25::SCWPlatform::Opened existing hwdb design_2_wrapper_0
TRACE::2025-10-15.20:18:25::SCWPlatform::Found the Hw Db part of the input DSA
TRACE::2025-10-15.20:18:25::SCWMssOS::Checking the sw design at  C:/Users/oscar/OneDrive/Documentos/UCM/QUINTO/SE/Practicas_SE/Practica2/design_2_wrapper/microblaze_0/standalone_microblaze_0/bsp/system.mss
TRACE::2025-10-15.20:18:25::SCWMssOS::DEBUG:  swdes dump  C:/Users/oscar/OneDrive/Documentos/UCM/QUINTO/SE/Practicas_SE/Practica2/design_2_wrapper/microblaze_0/standalone_microblaze_0/bsp/system.mss|system||

TRACE::2025-10-15.20:18:25::SCWMssOS::Sw design exists and opened at  C:/Users/oscar/OneDrive/Documentos/UCM/QUINTO/SE/Practicas_SE/Practica2/design_2_wrapper/microblaze_0/standalone_microblaze_0/bsp/system.mss
