20:32:47 DEBUG : Logs will be stored at 'C:/Users/oscar/OneDrive/Documentos/UCM/QUINTO/SE/Practicas_SE/IDE.log'.
20:33:16 INFO  : Launching XSCT server: xsct.bat -n  -interactive C:\Users\oscar\OneDrive\Documentos\UCM\QUINTO\SE\Practicas_SE\temp_xsdb_launch_script.tcl
20:33:16 INFO  : Registering command handlers for Vitis TCF services
20:33:16 INFO  : Platform repository initialization has completed.
20:33:18 INFO  : XSCT server has started successfully.
20:33:18 INFO  : plnx-install-location is set to ''
20:33:18 INFO  : Successfully done setting XSCT server connection channel  
20:33:18 INFO  : Successfully done query RDI_DATADIR 
20:33:18 INFO  : Successfully done setting workspace for the tool. 
20:33:44 INFO  : Result from executing command 'getProjects': design_2_wrapper
20:33:44 INFO  : Result from executing command 'getPlatforms': 
20:33:44 WARN  : An unexpected exception occurred in the module 'platform project logging'
20:33:44 INFO  : Platform 'design_2_wrapper' is added to custom repositories.
20:33:45 INFO  : Platform 'design_2_wrapper' is added to custom repositories.
20:35:50 INFO  : Result from executing command 'getProjects': design_2_wrapper
20:35:50 INFO  : Result from executing command 'getPlatforms': design_2_wrapper|C:/Users/oscar/OneDrive/Documentos/UCM/QUINTO/SE/Practicas_SE/design_2_wrapper/export/design_2_wrapper/design_2_wrapper.xpfm
20:35:51 INFO  : Checking for BSP changes to sync application flags for project 'P2_Vitis'...
20:36:13 INFO  : Bit file 'C:/Users/oscar/OneDrive/Documentos/UCM/QUINTO/SE/Practicas_SE/P2_Vitis/_ide/bitstream/download.bit' is generated.
20:36:15 INFO  : Connected to target on host '127.0.0.1' and port '3121'.
20:36:16 INFO  : 'targets -set -filter {jtag_cable_name =~ "Digilent Basys3 210183BB7CB4A" && level==0 && jtag_device_ctx=="jsn-Basys3-210183BB7CB4A-0362d093-0"}' command is executed.
20:36:17 INFO  : Device configured successfully with "C:/Users/oscar/OneDrive/Documentos/UCM/QUINTO/SE/Practicas_SE/P2_Vitis/_ide/bitstream/download.bit"
20:39:15 DEBUG : Logs will be stored at 'C:/Users/oscar/OneDrive/Documentos/UCM/QUINTO/SE/Practicas_SE/IDE.log'.
20:39:15 INFO  : Launching XSCT server: xsct.bat -n  -interactive C:\Users\oscar\OneDrive\Documentos\UCM\QUINTO\SE\Practicas_SE\temp_xsdb_launch_script.tcl
20:39:18 INFO  : Platform repository initialization has completed.
20:39:18 INFO  : Registering command handlers for Vitis TCF services
20:39:18 INFO  : XSCT server has started successfully.
20:39:18 INFO  : Successfully done setting XSCT server connection channel  
20:39:18 INFO  : plnx-install-location is set to ''
20:39:18 INFO  : Successfully done setting workspace for the tool. 
20:39:18 INFO  : Successfully done query RDI_DATADIR 
