
*** Running vivado
    with args -log design_5_wrapper.vdi -applog -m64 -product Vivado -messageDb vivado.pb -mode batch -source design_5_wrapper.tcl -notrace


ECHO est  desactivado.
ECHO est  desactivado.

****** Vivado v2023.1 (64-bit)
  **** SW Build 3865809 on Sun May  7 15:05:29 MDT 2023
  **** IP Build 3864474 on Sun May  7 20:36:21 MDT 2023
  **** SharedData Build 3865790 on Sun May 07 13:33:03 MDT 2023
    ** Copyright 1986-2022 Xilinx, Inc. All Rights Reserved.
    ** Copyright 2022-2023 Advanced Micro Devices, Inc. All Rights Reserved.

source design_5_wrapper.tcl -notrace
create_project: Time (s): cpu = 00:00:06 ; elapsed = 00:00:07 . Memory (MB): peak = 435.512 ; gain = 162.422
INFO: [IP_Flow 19-234] Refreshing IP repositories
INFO: [IP_Flow 19-1700] Loaded user IP repository 'c:/Users/oscar/OneDrive/Documentos/UCM/5_QUINTO/SE/Practicas_SE/Practica5/hw/ip_repo/vga_1_0'.
WARNING: [IP_Flow 19-2207] Repository 'c:/Users/oscar/OneDrive/Documentos/UCM/5_QUINTO/SE/Practicas_SE/Practica5/hw/ip_repo/vga_1_0' already exists; ignoring attempt to add it again.
INFO: [IP_Flow 19-1700] Loaded user IP repository 'c:/Users/oscar/OneDrive/Documentos/UCM/5_QUINTO/SE/Practicas_SE/Practica5/hw/ip_repo/vga_1_0'.
WARNING: [IP_Flow 19-2248] Failed to load user IP repository 'c:/Users/oscar/OneDrive/Documentos/UCM/5_QUINTO/SE/Practicas_SE/Practica5/hw/vga_1_0'; Can't find the specified path.
If this directory should no longer be in your list of user repositories, go to the IP Settings dialog and remove it.
WARNING: [IP_Flow 19-2248] Failed to load user IP repository 'c:/Users/oscar/OneDrive/Documentos/UCM/5_QUINTO/SE/Practicas_SE/Practica5/ip_repo/vga_1_0'; Can't find the specified path.
If this directory should no longer be in your list of user repositories, go to the IP Settings dialog and remove it.
INFO: [IP_Flow 19-2313] Loaded Vivado IP repository 'D:/Xilinx/Vivado/2023.1/data/ip'.
WARNING: [IP_Flow 19-4995] The host OS only allows 260 characters in a normal path. The IP cache path is more than 80 characters. If you experience issues with IP caching, please consider changing the IP cache to a location with a shorter path. Alternately consider using the OS subst command to map part of the path to a drive letter. 
Current IP cache path is C:/Users/oscar/OneDrive/Documentos/UCM/5_QUINTO/SE/Practicas_SE/Practica5/hw/Practica5.cache/ip 
Command: link_design -top design_5_wrapper -part xc7a35tcpg236-1
Design is defaulting to srcset: sources_1
Design is defaulting to constrset: constrs_1
INFO: [Device 21-403] Loading part xc7a35tcpg236-1
Netlist sorting complete. Time (s): cpu = 00:00:00 ; elapsed = 00:00:00.153 . Memory (MB): peak = 874.027 ; gain = 0.000
INFO: [Netlist 29-17] Analyzing 269 Unisim elements for replacement
INFO: [Netlist 29-28] Unisim Transformation completed in 0 CPU seconds
INFO: [Project 1-479] Netlist was created with Vivado 2023.1
INFO: [Project 1-570] Preparing netlist for logic optimization
Parsing XDC File [c:/Users/oscar/OneDrive/Documentos/UCM/5_QUINTO/SE/Practicas_SE/Practica5/hw/Practica5.gen/sources_1/bd/design_5/ip/design_5_microblaze_0_0/design_5_microblaze_0_0.xdc] for cell 'design_5_i/microblaze_0/U0'
Finished Parsing XDC File [c:/Users/oscar/OneDrive/Documentos/UCM/5_QUINTO/SE/Practicas_SE/Practica5/hw/Practica5.gen/sources_1/bd/design_5/ip/design_5_microblaze_0_0/design_5_microblaze_0_0.xdc] for cell 'design_5_i/microblaze_0/U0'
Parsing XDC File [c:/Users/oscar/OneDrive/Documentos/UCM/5_QUINTO/SE/Practicas_SE/Practica5/hw/Practica5.gen/sources_1/bd/design_5/ip/design_5_clk_wiz_1_0/design_5_clk_wiz_1_0_board.xdc] for cell 'design_5_i/clk_wiz_1/inst'
Finished Parsing XDC File [c:/Users/oscar/OneDrive/Documentos/UCM/5_QUINTO/SE/Practicas_SE/Practica5/hw/Practica5.gen/sources_1/bd/design_5/ip/design_5_clk_wiz_1_0/design_5_clk_wiz_1_0_board.xdc] for cell 'design_5_i/clk_wiz_1/inst'
Parsing XDC File [c:/Users/oscar/OneDrive/Documentos/UCM/5_QUINTO/SE/Practicas_SE/Practica5/hw/Practica5.gen/sources_1/bd/design_5/ip/design_5_clk_wiz_1_0/design_5_clk_wiz_1_0.xdc] for cell 'design_5_i/clk_wiz_1/inst'
INFO: [Timing 38-35] Done setting XDC timing constraints. [c:/Users/oscar/OneDrive/Documentos/UCM/5_QUINTO/SE/Practicas_SE/Practica5/hw/Practica5.gen/sources_1/bd/design_5/ip/design_5_clk_wiz_1_0/design_5_clk_wiz_1_0.xdc:57]
INFO: [Timing 38-2] Deriving generated clocks [c:/Users/oscar/OneDrive/Documentos/UCM/5_QUINTO/SE/Practicas_SE/Practica5/hw/Practica5.gen/sources_1/bd/design_5/ip/design_5_clk_wiz_1_0/design_5_clk_wiz_1_0.xdc:57]
get_clocks: Time (s): cpu = 00:00:07 ; elapsed = 00:00:07 . Memory (MB): peak = 1600.000 ; gain = 578.449
Finished Parsing XDC File [c:/Users/oscar/OneDrive/Documentos/UCM/5_QUINTO/SE/Practicas_SE/Practica5/hw/Practica5.gen/sources_1/bd/design_5/ip/design_5_clk_wiz_1_0/design_5_clk_wiz_1_0.xdc] for cell 'design_5_i/clk_wiz_1/inst'
Parsing XDC File [c:/Users/oscar/OneDrive/Documentos/UCM/5_QUINTO/SE/Practicas_SE/Practica5/hw/Practica5.gen/sources_1/bd/design_5/ip/design_5_rst_clk_wiz_1_100M_0/design_5_rst_clk_wiz_1_100M_0_board.xdc] for cell 'design_5_i/rst_clk_wiz_1_100M/U0'
Finished Parsing XDC File [c:/Users/oscar/OneDrive/Documentos/UCM/5_QUINTO/SE/Practicas_SE/Practica5/hw/Practica5.gen/sources_1/bd/design_5/ip/design_5_rst_clk_wiz_1_100M_0/design_5_rst_clk_wiz_1_100M_0_board.xdc] for cell 'design_5_i/rst_clk_wiz_1_100M/U0'
Parsing XDC File [c:/Users/oscar/OneDrive/Documentos/UCM/5_QUINTO/SE/Practicas_SE/Practica5/hw/Practica5.gen/sources_1/bd/design_5/ip/design_5_rst_clk_wiz_1_100M_0/design_5_rst_clk_wiz_1_100M_0.xdc] for cell 'design_5_i/rst_clk_wiz_1_100M/U0'
Finished Parsing XDC File [c:/Users/oscar/OneDrive/Documentos/UCM/5_QUINTO/SE/Practicas_SE/Practica5/hw/Practica5.gen/sources_1/bd/design_5/ip/design_5_rst_clk_wiz_1_100M_0/design_5_rst_clk_wiz_1_100M_0.xdc] for cell 'design_5_i/rst_clk_wiz_1_100M/U0'
Parsing XDC File [c:/Users/oscar/OneDrive/Documentos/UCM/5_QUINTO/SE/Practicas_SE/Practica5/hw/Practica5.gen/sources_1/bd/design_5/ip/design_5_vga_0_4/src/clk_ip_core/clk_ip_core.xdc] for cell 'design_5_i/vga_0/U0/vga_instance/display_image_inst/clk_ip_core_inst/inst'
INFO: [Timing 38-2] Deriving generated clocks [c:/Users/oscar/OneDrive/Documentos/UCM/5_QUINTO/SE/Practicas_SE/Practica5/hw/Practica5.gen/sources_1/bd/design_5/ip/design_5_vga_0_4/src/clk_ip_core/clk_ip_core.xdc:57]
Finished Parsing XDC File [c:/Users/oscar/OneDrive/Documentos/UCM/5_QUINTO/SE/Practicas_SE/Practica5/hw/Practica5.gen/sources_1/bd/design_5/ip/design_5_vga_0_4/src/clk_ip_core/clk_ip_core.xdc] for cell 'design_5_i/vga_0/U0/vga_instance/display_image_inst/clk_ip_core_inst/inst'
Parsing XDC File [c:/Users/oscar/OneDrive/Documentos/UCM/5_QUINTO/SE/Practicas_SE/Practica5/hw/Practica5.gen/sources_1/bd/design_5/ip/design_5_axi_uartlite_0_0/design_5_axi_uartlite_0_0_board.xdc] for cell 'design_5_i/axi_uartlite_0/U0'
Finished Parsing XDC File [c:/Users/oscar/OneDrive/Documentos/UCM/5_QUINTO/SE/Practicas_SE/Practica5/hw/Practica5.gen/sources_1/bd/design_5/ip/design_5_axi_uartlite_0_0/design_5_axi_uartlite_0_0_board.xdc] for cell 'design_5_i/axi_uartlite_0/U0'
Parsing XDC File [c:/Users/oscar/OneDrive/Documentos/UCM/5_QUINTO/SE/Practicas_SE/Practica5/hw/Practica5.gen/sources_1/bd/design_5/ip/design_5_axi_uartlite_0_0/design_5_axi_uartlite_0_0.xdc] for cell 'design_5_i/axi_uartlite_0/U0'
Finished Parsing XDC File [c:/Users/oscar/OneDrive/Documentos/UCM/5_QUINTO/SE/Practicas_SE/Practica5/hw/Practica5.gen/sources_1/bd/design_5/ip/design_5_axi_uartlite_0_0/design_5_axi_uartlite_0_0.xdc] for cell 'design_5_i/axi_uartlite_0/U0'
Parsing XDC File [C:/Users/oscar/OneDrive/Documentos/UCM/5_QUINTO/SE/Practicas_SE/Practica5/hw/Practica5.srcs/constrs_1/new/const.xdc]
Finished Parsing XDC File [C:/Users/oscar/OneDrive/Documentos/UCM/5_QUINTO/SE/Practicas_SE/Practica5/hw/Practica5.srcs/constrs_1/new/const.xdc]
Parsing XDC File [c:/Users/oscar/OneDrive/Documentos/UCM/5_QUINTO/SE/Practicas_SE/Practica5/hw/Practica5.gen/sources_1/bd/design_5/ip/design_5_mdm_1_0/design_5_mdm_1_0.xdc] for cell 'design_5_i/mdm_1/U0'
Finished Parsing XDC File [c:/Users/oscar/OneDrive/Documentos/UCM/5_QUINTO/SE/Practicas_SE/Practica5/hw/Practica5.gen/sources_1/bd/design_5/ip/design_5_mdm_1_0/design_5_mdm_1_0.xdc] for cell 'design_5_i/mdm_1/U0'
INFO: [Opt 31-138] Pushed 0 inverter(s) to 0 load pin(s).
Generating merged BMM file for the design top 'design_5_wrapper'...
INFO: [Memdata 28-144] Successfully populated the BRAM INIT strings from the following elf files: c:/Users/oscar/OneDrive/Documentos/UCM/5_QUINTO/SE/Practicas_SE/Practica5/hw/Practica5.gen/sources_1/bd/design_5/ip/design_5_microblaze_0_0/data/mb_bootloop_le.elf 
Netlist sorting complete. Time (s): cpu = 00:00:00 ; elapsed = 00:00:00.004 . Memory (MB): peak = 1600.000 ; gain = 0.000
INFO: [Project 1-111] Unisim Transformation Summary:
  A total of 117 instances were transformed.
  LUT6_2 => LUT6_2 (LUT5, LUT6): 80 instances
  RAM32M => RAM32M (RAMD32(x6), RAMS32(x2)): 19 instances
  RAM32X1D => RAM32X1D (RAMD32(x2)): 2 instances
  RAM64M => RAM64M (RAMD64E(x4)): 16 instances

15 Infos, 4 Warnings, 0 Critical Warnings and 0 Errors encountered.
link_design completed successfully
link_design: Time (s): cpu = 00:00:13 ; elapsed = 00:00:17 . Memory (MB): peak = 1600.000 ; gain = 1112.324
Command: opt_design
Attempting to get a license for feature 'Implementation' and/or device 'xc7a35t'
INFO: [Common 17-349] Got license for feature 'Implementation' and/or device 'xc7a35t'
Running DRC as a precondition to command opt_design

Starting DRC Task
INFO: [DRC 23-27] Running DRC with 2 threads
INFO: [Project 1-461] DRC finished with 0 Errors
INFO: [Project 1-462] Please refer to the DRC report (report_drc) for more information.

Time (s): cpu = 00:00:02 ; elapsed = 00:00:01 . Memory (MB): peak = 1600.000 ; gain = 0.000

Starting Cache Timing Information Task
INFO: [Timing 38-35] Done setting XDC timing constraints.
Ending Cache Timing Information Task | Checksum: 17206cd69

Time (s): cpu = 00:00:00 ; elapsed = 00:00:00.173 . Memory (MB): peak = 1620.246 ; gain = 20.246

Starting Logic Optimization Task

Phase 1 Retarget
INFO: [Opt 31-1566] Pulled 1 inverters resulting in an inversion of 14 pins
INFO: [Opt 31-138] Pushed 1 inverter(s) to 1 load pin(s).
INFO: [Opt 31-49] Retargeted 0 cell(s).
Phase 1 Retarget | Checksum: 1fb2af5f6

Time (s): cpu = 00:00:00 ; elapsed = 00:00:00.189 . Memory (MB): peak = 1964.109 ; gain = 0.000
INFO: [Opt 31-389] Phase Retarget created 9 cells and removed 27 cells
INFO: [Opt 31-1021] In phase Retarget, 3 netlist objects are constrained preventing optimization. Please run opt_design with -debug_log to get more detail. 

Phase 2 Constant propagation
INFO: [Opt 31-138] Pushed 0 inverter(s) to 0 load pin(s).
Phase 2 Constant propagation | Checksum: 1cc15e2d8

Time (s): cpu = 00:00:00 ; elapsed = 00:00:00.213 . Memory (MB): peak = 1964.109 ; gain = 0.000
INFO: [Opt 31-389] Phase Constant propagation created 5 cells and removed 22 cells
INFO: [Opt 31-1021] In phase Constant propagation, 1 netlist objects are constrained preventing optimization. Please run opt_design with -debug_log to get more detail. 

Phase 3 Sweep
Phase 3 Sweep | Checksum: 1d45083b6

Time (s): cpu = 00:00:00 ; elapsed = 00:00:00.294 . Memory (MB): peak = 1964.109 ; gain = 0.000
INFO: [Opt 31-389] Phase Sweep created 0 cells and removed 18 cells
INFO: [Opt 31-1021] In phase Sweep, 1 netlist objects are constrained preventing optimization. Please run opt_design with -debug_log to get more detail. 

Phase 4 BUFG optimization
INFO: [Opt 31-194] Inserted BUFG design_5_i/mdm_1/U0/Use_E2.BSCAN_I/Dbg_Update_0_BUFG_inst to drive 39 load(s) on clock net design_5_i/mdm_1/U0/Use_E2.BSCAN_I/Dbg_Update_0_BUFG
INFO: [Opt 31-193] Inserted 1 BUFG(s) on clock nets
Phase 4 BUFG optimization | Checksum: 1c88a143a

Time (s): cpu = 00:00:01 ; elapsed = 00:00:00.353 . Memory (MB): peak = 1964.109 ; gain = 0.000
INFO: [Opt 31-662] Phase BUFG optimization created 1 cells of which 1 are BUFGs and removed 0 cells.

Phase 5 Shift Register Optimization
INFO: [Opt 31-1064] SRL Remap converted 0 SRLs to 0 registers and converted 0 registers of register chains to 0 SRLs
Phase 5 Shift Register Optimization | Checksum: 26a4507cc

Time (s): cpu = 00:00:01 ; elapsed = 00:00:00.452 . Memory (MB): peak = 1964.109 ; gain = 0.000
INFO: [Opt 31-389] Phase Shift Register Optimization created 0 cells and removed 0 cells

Phase 6 Post Processing Netlist
Phase 6 Post Processing Netlist | Checksum: 26a4507cc

Time (s): cpu = 00:00:01 ; elapsed = 00:00:00.465 . Memory (MB): peak = 1964.109 ; gain = 0.000
INFO: [Opt 31-389] Phase Post Processing Netlist created 0 cells and removed 0 cells
INFO: [Opt 31-1021] In phase Post Processing Netlist, 1 netlist objects are constrained preventing optimization. Please run opt_design with -debug_log to get more detail. 
Opt_design Change Summary
=========================


-------------------------------------------------------------------------------------------------------------------------
|  Phase                        |  #Cells created  |  #Cells Removed  |  #Constrained objects preventing optimizations  |
-------------------------------------------------------------------------------------------------------------------------
|  Retarget                     |               9  |              27  |                                              3  |
|  Constant propagation         |               5  |              22  |                                              1  |
|  Sweep                        |               0  |              18  |                                              1  |
|  BUFG optimization            |               1  |               0  |                                              0  |
|  Shift Register Optimization  |               0  |               0  |                                              0  |
|  Post Processing Netlist      |               0  |               0  |                                              1  |
-------------------------------------------------------------------------------------------------------------------------



Starting Connectivity Check Task

Time (s): cpu = 00:00:00 ; elapsed = 00:00:00.005 . Memory (MB): peak = 1964.109 ; gain = 0.000
Ending Logic Optimization Task | Checksum: 26a4507cc

Time (s): cpu = 00:00:01 ; elapsed = 00:00:00.477 . Memory (MB): peak = 1964.109 ; gain = 0.000

Starting Power Optimization Task
INFO: [Pwropt 34-132] Skipping clock gating for clocks with a period < 2.00 ns.
INFO: [Pwropt 34-9] Applying IDT optimizations ...
INFO: [Pwropt 34-10] Applying ODC optimizations ...
INFO: [Timing 38-35] Done setting XDC timing constraints.
Running Vector-less Activity Propagation...

Finished Running Vector-less Activity Propagation


Starting PowerOpt Patch Enables Task
INFO: [Pwropt 34-162] WRITE_MODE attribute of 0 BRAM(s) out of a total of 4 has been updated to save power. Run report_power_opt to get a complete listing of the BRAMs updated.
INFO: [Pwropt 34-201] Structural ODC has moved 0 WE to EN ports
Number of BRAM Ports augmented: 0 newly gated: 0 Total Ports: 8
Ending PowerOpt Patch Enables Task | Checksum: 26a4507cc

Time (s): cpu = 00:00:00 ; elapsed = 00:00:00.029 . Memory (MB): peak = 2057.750 ; gain = 0.000
Ending Power Optimization Task | Checksum: 26a4507cc

Time (s): cpu = 00:00:02 ; elapsed = 00:00:01 . Memory (MB): peak = 2057.750 ; gain = 93.641

Starting Final Cleanup Task
Ending Final Cleanup Task | Checksum: 26a4507cc

Time (s): cpu = 00:00:00 ; elapsed = 00:00:00.001 . Memory (MB): peak = 2057.750 ; gain = 0.000

Starting Netlist Obfuscation Task
Netlist sorting complete. Time (s): cpu = 00:00:00 ; elapsed = 00:00:00.004 . Memory (MB): peak = 2057.750 ; gain = 0.000
Ending Netlist Obfuscation Task | Checksum: 26a4507cc

Time (s): cpu = 00:00:00 ; elapsed = 00:00:00.005 . Memory (MB): peak = 2057.750 ; gain = 0.000
INFO: [Common 17-83] Releasing license: Implementation
44 Infos, 4 Warnings, 0 Critical Warnings and 0 Errors encountered.
opt_design completed successfully
opt_design: Time (s): cpu = 00:00:08 ; elapsed = 00:00:06 . Memory (MB): peak = 2057.750 ; gain = 457.750
INFO: [runtcl-4] Executing : report_drc -file design_5_wrapper_drc_opted.rpt -pb design_5_wrapper_drc_opted.pb -rpx design_5_wrapper_drc_opted.rpx
Command: report_drc -file design_5_wrapper_drc_opted.rpt -pb design_5_wrapper_drc_opted.pb -rpx design_5_wrapper_drc_opted.rpx
INFO: [IP_Flow 19-1839] IP Catalog is up to date.
INFO: [DRC 23-27] Running DRC with 2 threads
INFO: [Vivado_Tcl 2-168] The results of DRC are in file C:/Users/oscar/OneDrive/Documentos/UCM/5_QUINTO/SE/Practicas_SE/Practica5/hw/Practica5.runs/impl_1/design_5_wrapper_drc_opted.rpt.
report_drc completed successfully
INFO: [Timing 38-35] Done setting XDC timing constraints.
INFO: [Timing 38-480] Writing timing data to binary archive.
Writing XDEF routing.
Writing XDEF routing logical nets.
Writing XDEF routing special nets.
Write XDEF Complete: Time (s): cpu = 00:00:00 ; elapsed = 00:00:00.029 . Memory (MB): peak = 2057.750 ; gain = 0.000
INFO: [Common 17-1381] The checkpoint 'C:/Users/oscar/OneDrive/Documentos/UCM/5_QUINTO/SE/Practicas_SE/Practica5/hw/Practica5.runs/impl_1/design_5_wrapper_opt.dcp' has been generated.
Command: place_design
Attempting to get a license for feature 'Implementation' and/or device 'xc7a35t'
INFO: [Common 17-349] Got license for feature 'Implementation' and/or device 'xc7a35t'
INFO: [DRC 23-27] Running DRC with 2 threads
INFO: [Vivado_Tcl 4-198] DRC finished with 0 Errors
INFO: [Vivado_Tcl 4-199] Please refer to the DRC report (report_drc) for more information.
Running DRC as a precondition to command place_design
INFO: [DRC 23-27] Running DRC with 2 threads
INFO: [Vivado_Tcl 4-198] DRC finished with 0 Errors
INFO: [Vivado_Tcl 4-199] Please refer to the DRC report (report_drc) for more information.

Starting Placer Task
INFO: [Place 30-611] Multithreading enabled for place_design using a maximum of 2 CPUs

Phase 1 Placer Initialization

Phase 1.1 Placer Initialization Netlist Sorting
Netlist sorting complete. Time (s): cpu = 00:00:00 ; elapsed = 00:00:00.005 . Memory (MB): peak = 2057.750 ; gain = 0.000
Phase 1.1 Placer Initialization Netlist Sorting | Checksum: 1c967d2ae

Time (s): cpu = 00:00:00 ; elapsed = 00:00:00.027 . Memory (MB): peak = 2057.750 ; gain = 0.000
Netlist sorting complete. Time (s): cpu = 00:00:00 ; elapsed = 00:00:00.004 . Memory (MB): peak = 2057.750 ; gain = 0.000

Phase 1.2 IO Placement/ Clock Placement/ Build Placer Device
Phase 1.2 IO Placement/ Clock Placement/ Build Placer Device | Checksum: 14bd1298f

Time (s): cpu = 00:00:00 ; elapsed = 00:00:00.323 . Memory (MB): peak = 2057.750 ; gain = 0.000

Phase 1.3 Build Placer Netlist Model
Phase 1.3 Build Placer Netlist Model | Checksum: 248aed259

Time (s): cpu = 00:00:01 ; elapsed = 00:00:01 . Memory (MB): peak = 2057.750 ; gain = 0.000

Phase 1.4 Constrain Clocks/Macros
Phase 1.4 Constrain Clocks/Macros | Checksum: 248aed259

Time (s): cpu = 00:00:01 ; elapsed = 00:00:01 . Memory (MB): peak = 2057.750 ; gain = 0.000
Phase 1 Placer Initialization | Checksum: 248aed259

Time (s): cpu = 00:00:01 ; elapsed = 00:00:01 . Memory (MB): peak = 2057.750 ; gain = 0.000

Phase 2 Global Placement

Phase 2.1 Floorplanning
Phase 2.1 Floorplanning | Checksum: 1deb4391f

Time (s): cpu = 00:00:02 ; elapsed = 00:00:01 . Memory (MB): peak = 2057.750 ; gain = 0.000

Phase 2.2 Update Timing before SLR Path Opt
Phase 2.2 Update Timing before SLR Path Opt | Checksum: 1f0301eca

Time (s): cpu = 00:00:02 ; elapsed = 00:00:01 . Memory (MB): peak = 2057.750 ; gain = 0.000

Phase 2.3 Post-Processing in Floorplanning
Phase 2.3 Post-Processing in Floorplanning | Checksum: 1f0301eca

Time (s): cpu = 00:00:02 ; elapsed = 00:00:01 . Memory (MB): peak = 2057.750 ; gain = 0.000

Phase 2.4 Global Placement Core

Phase 2.4.1 UpdateTiming Before Physical Synthesis
Phase 2.4.1 UpdateTiming Before Physical Synthesis | Checksum: 1d897f5ae

Time (s): cpu = 00:00:08 ; elapsed = 00:00:04 . Memory (MB): peak = 2057.750 ; gain = 0.000

Phase 2.4.2 Physical Synthesis In Placer
INFO: [Physopt 32-1035] Found 0 LUTNM shape to break, 132 LUT instances to create LUTNM shape
INFO: [Physopt 32-1044] Break lutnm for timing: one critical 0, two critical 0, total 0, new lutff created 0
INFO: [Physopt 32-1138] End 1 Pass. Optimized 65 nets or LUTs. Breaked 0 LUT, combined 65 existing LUTs and moved 0 existing LUT
INFO: [Physopt 32-65] No nets found for high-fanout optimization.
INFO: [Physopt 32-232] Optimized 0 net. Created 0 new instance.
INFO: [Physopt 32-775] End 1 Pass. Optimized 0 net or cell. Created 0 new cell, deleted 0 existing cell and moved 0 existing cell
INFO: [Physopt 32-456] No candidate cells for DSP register optimization found in the design.
INFO: [Physopt 32-775] End 2 Pass. Optimized 0 net or cell. Created 0 new cell, deleted 0 existing cell and moved 0 existing cell
INFO: [Physopt 32-1123] No candidate cells found for Shift Register to Pipeline optimization
INFO: [Physopt 32-775] End 2 Pass. Optimized 0 net or cell. Created 0 new cell, deleted 0 existing cell and moved 0 existing cell
INFO: [Physopt 32-677] No candidate cells for Shift Register optimization found in the design
INFO: [Physopt 32-775] End 1 Pass. Optimized 0 net or cell. Created 0 new cell, deleted 0 existing cell and moved 0 existing cell
INFO: [Physopt 32-526] No candidate cells for BRAM register optimization found in the design
INFO: [Physopt 32-775] End 1 Pass. Optimized 0 net or cell. Created 0 new cell, deleted 0 existing cell and moved 0 existing cell
INFO: [Physopt 32-846] No candidate cells for URAM register optimization found in the design
INFO: [Physopt 32-775] End 1 Pass. Optimized 0 net or cell. Created 0 new cell, deleted 0 existing cell and moved 0 existing cell
INFO: [Physopt 32-846] No candidate cells for URAM register optimization found in the design
INFO: [Physopt 32-775] End 1 Pass. Optimized 0 net or cell. Created 0 new cell, deleted 0 existing cell and moved 0 existing cell
INFO: [Physopt 32-949] No candidate nets found for dynamic/static region interface net replication
INFO: [Physopt 32-775] End 1 Pass. Optimized 0 net or cell. Created 0 new cell, deleted 0 existing cell and moved 0 existing cell
Netlist sorting complete. Time (s): cpu = 00:00:00 ; elapsed = 00:00:00.004 . Memory (MB): peak = 2057.750 ; gain = 0.000

Summary of Physical Synthesis Optimizations
============================================


-----------------------------------------------------------------------------------------------------------------------------------------------------------
|  Optimization                                     |  Added Cells  |  Removed Cells  |  Optimized Cells/Nets  |  Dont Touch  |  Iterations  |  Elapsed   |
-----------------------------------------------------------------------------------------------------------------------------------------------------------
|  LUT Combining                                    |            0  |             65  |                    65  |           0  |           1  |  00:00:00  |
|  Retime                                           |            0  |              0  |                     0  |           0  |           1  |  00:00:00  |
|  Very High Fanout                                 |            0  |              0  |                     0  |           0  |           1  |  00:00:00  |
|  DSP Register                                     |            0  |              0  |                     0  |           0  |           1  |  00:00:00  |
|  Shift Register to Pipeline                       |            0  |              0  |                     0  |           0  |           1  |  00:00:00  |
|  Shift Register                                   |            0  |              0  |                     0  |           0  |           1  |  00:00:00  |
|  BRAM Register                                    |            0  |              0  |                     0  |           0  |           1  |  00:00:00  |
|  URAM Register                                    |            0  |              0  |                     0  |           0  |           1  |  00:00:00  |
|  Dynamic/Static Region Interface Net Replication  |            0  |              0  |                     0  |           0  |           1  |  00:00:00  |
|  Total                                            |            0  |             65  |                    65  |           0  |           9  |  00:00:00  |
-----------------------------------------------------------------------------------------------------------------------------------------------------------


Phase 2.4.2 Physical Synthesis In Placer | Checksum: 1358f64b6

Time (s): cpu = 00:00:08 ; elapsed = 00:00:05 . Memory (MB): peak = 2057.750 ; gain = 0.000
Phase 2.4 Global Placement Core | Checksum: ccd2e300

Time (s): cpu = 00:00:09 ; elapsed = 00:00:05 . Memory (MB): peak = 2057.750 ; gain = 0.000
Phase 2 Global Placement | Checksum: ccd2e300

Time (s): cpu = 00:00:09 ; elapsed = 00:00:05 . Memory (MB): peak = 2057.750 ; gain = 0.000

Phase 3 Detail Placement

Phase 3.1 Commit Multi Column Macros
Phase 3.1 Commit Multi Column Macros | Checksum: 14e76bafd

Time (s): cpu = 00:00:09 ; elapsed = 00:00:05 . Memory (MB): peak = 2057.750 ; gain = 0.000

Phase 3.2 Commit Most Macros & LUTRAMs
Phase 3.2 Commit Most Macros & LUTRAMs | Checksum: 16f06d9f0

Time (s): cpu = 00:00:10 ; elapsed = 00:00:06 . Memory (MB): peak = 2057.750 ; gain = 0.000

Phase 3.3 Area Swap Optimization
Phase 3.3 Area Swap Optimization | Checksum: 14fc14bd6

Time (s): cpu = 00:00:10 ; elapsed = 00:00:06 . Memory (MB): peak = 2057.750 ; gain = 0.000

Phase 3.4 Pipeline Register Optimization
Phase 3.4 Pipeline Register Optimization | Checksum: f8d2d27e

Time (s): cpu = 00:00:10 ; elapsed = 00:00:06 . Memory (MB): peak = 2057.750 ; gain = 0.000

Phase 3.5 Fast Optimization
Phase 3.5 Fast Optimization | Checksum: 17e8837b7

Time (s): cpu = 00:00:10 ; elapsed = 00:00:06 . Memory (MB): peak = 2057.750 ; gain = 0.000

Phase 3.6 Small Shape Detail Placement
Phase 3.6 Small Shape Detail Placement | Checksum: 15c18b17f

Time (s): cpu = 00:00:11 ; elapsed = 00:00:07 . Memory (MB): peak = 2057.750 ; gain = 0.000

Phase 3.7 Re-assign LUT pins
Phase 3.7 Re-assign LUT pins | Checksum: 1135816f6

Time (s): cpu = 00:00:11 ; elapsed = 00:00:07 . Memory (MB): peak = 2057.750 ; gain = 0.000

Phase 3.8 Pipeline Register Optimization
Phase 3.8 Pipeline Register Optimization | Checksum: 7a14e2fc

Time (s): cpu = 00:00:11 ; elapsed = 00:00:07 . Memory (MB): peak = 2057.750 ; gain = 0.000

Phase 3.9 Fast Optimization
Phase 3.9 Fast Optimization | Checksum: 1a640cb30

Time (s): cpu = 00:00:12 ; elapsed = 00:00:08 . Memory (MB): peak = 2057.750 ; gain = 0.000
Phase 3 Detail Placement | Checksum: 1a640cb30

Time (s): cpu = 00:00:12 ; elapsed = 00:00:08 . Memory (MB): peak = 2057.750 ; gain = 0.000

Phase 4 Post Placement Optimization and Clean-Up

Phase 4.1 Post Commit Optimization
INFO: [Timing 38-35] Done setting XDC timing constraints.

Phase 4.1.1 Post Placement Optimization
Post Placement Optimization Initialization | Checksum: 15564c04e

Phase 4.1.1.1 BUFG Insertion

Starting Physical Synthesis Task

Phase 1 Physical Synthesis Initialization
INFO: [Physopt 32-721] Multithreading enabled for phys_opt_design using a maximum of 2 CPUs
INFO: [Physopt 32-619] Estimated Timing Summary | WNS=-1.794 | TNS=-174.494 |
Phase 1 Physical Synthesis Initialization | Checksum: 1a9f97ce0

Time (s): cpu = 00:00:00 ; elapsed = 00:00:00.146 . Memory (MB): peak = 2057.750 ; gain = 0.000
INFO: [Place 46-56] BUFG insertion identified 0 candidate nets. Inserted BUFG: 0, Replicated BUFG Driver: 0, Skipped due to Placement/Routing Conflicts: 0, Skipped due to Timing Degradation: 0, Skipped due to netlist editing failed: 0.
Ending Physical Synthesis Task | Checksum: 1a9f97ce0

Time (s): cpu = 00:00:00 ; elapsed = 00:00:00.171 . Memory (MB): peak = 2057.750 ; gain = 0.000
Phase 4.1.1.1 BUFG Insertion | Checksum: 15564c04e

Time (s): cpu = 00:00:14 ; elapsed = 00:00:09 . Memory (MB): peak = 2057.750 ; gain = 0.000

Phase 4.1.1.2 Post Placement Timing Optimization
INFO: [Place 30-746] Post Placement Timing Summary WNS=-1.417. For the most accurate timing information please run report_timing.
Phase 4.1.1.2 Post Placement Timing Optimization | Checksum: 19044ee01

Time (s): cpu = 00:00:17 ; elapsed = 00:00:12 . Memory (MB): peak = 2057.750 ; gain = 0.000

Time (s): cpu = 00:00:17 ; elapsed = 00:00:12 . Memory (MB): peak = 2057.750 ; gain = 0.000
Phase 4.1 Post Commit Optimization | Checksum: 19044ee01

Time (s): cpu = 00:00:17 ; elapsed = 00:00:12 . Memory (MB): peak = 2057.750 ; gain = 0.000

Phase 4.2 Post Placement Cleanup
Phase 4.2 Post Placement Cleanup | Checksum: 19044ee01

Time (s): cpu = 00:00:17 ; elapsed = 00:00:12 . Memory (MB): peak = 2057.750 ; gain = 0.000

Phase 4.3 Placer Reporting

Phase 4.3.1 Print Estimated Congestion
INFO: [Place 30-612] Post-Placement Estimated Congestion 
 ____________________________________________________
|           | Global Congestion | Short Congestion  |
| Direction | Region Size       | Region Size       |
|___________|___________________|___________________|
|      North|                1x1|                1x1|
|___________|___________________|___________________|
|      South|                1x1|                2x2|
|___________|___________________|___________________|
|       East|                1x1|                1x1|
|___________|___________________|___________________|
|       West|                1x1|                1x1|
|___________|___________________|___________________|

Phase 4.3.1 Print Estimated Congestion | Checksum: 19044ee01

Time (s): cpu = 00:00:17 ; elapsed = 00:00:12 . Memory (MB): peak = 2057.750 ; gain = 0.000
Phase 4.3 Placer Reporting | Checksum: 19044ee01

Time (s): cpu = 00:00:17 ; elapsed = 00:00:12 . Memory (MB): peak = 2057.750 ; gain = 0.000

Phase 4.4 Final Placement Cleanup
Netlist sorting complete. Time (s): cpu = 00:00:00 ; elapsed = 00:00:00.005 . Memory (MB): peak = 2057.750 ; gain = 0.000

Time (s): cpu = 00:00:17 ; elapsed = 00:00:12 . Memory (MB): peak = 2057.750 ; gain = 0.000
Phase 4 Post Placement Optimization and Clean-Up | Checksum: 1507815c6

Time (s): cpu = 00:00:17 ; elapsed = 00:00:12 . Memory (MB): peak = 2057.750 ; gain = 0.000
Ending Placer Task | Checksum: f9a3e983

Time (s): cpu = 00:00:17 ; elapsed = 00:00:12 . Memory (MB): peak = 2057.750 ; gain = 0.000
INFO: [Common 17-83] Releasing license: Implementation
86 Infos, 4 Warnings, 0 Critical Warnings and 0 Errors encountered.
place_design completed successfully
place_design: Time (s): cpu = 00:00:19 ; elapsed = 00:00:13 . Memory (MB): peak = 2057.750 ; gain = 0.000
INFO: [runtcl-4] Executing : report_io -file design_5_wrapper_io_placed.rpt
report_io: Time (s): cpu = 00:00:00 ; elapsed = 00:00:00.037 . Memory (MB): peak = 2057.750 ; gain = 0.000
INFO: [runtcl-4] Executing : report_utilization -file design_5_wrapper_utilization_placed.rpt -pb design_5_wrapper_utilization_placed.pb
INFO: [runtcl-4] Executing : report_control_sets -verbose -file design_5_wrapper_control_sets_placed.rpt
report_control_sets: Time (s): cpu = 00:00:00 ; elapsed = 00:00:00.012 . Memory (MB): peak = 2057.750 ; gain = 0.000
INFO: [Timing 38-480] Writing timing data to binary archive.
Writing XDEF routing.
Writing XDEF routing logical nets.
Writing XDEF routing special nets.
Write XDEF Complete: Time (s): cpu = 00:00:01 ; elapsed = 00:00:00.303 . Memory (MB): peak = 2057.750 ; gain = 0.000
INFO: [Common 17-1381] The checkpoint 'C:/Users/oscar/OneDrive/Documentos/UCM/5_QUINTO/SE/Practicas_SE/Practica5/hw/Practica5.runs/impl_1/design_5_wrapper_placed.dcp' has been generated.
Command: phys_opt_design
Attempting to get a license for feature 'Implementation' and/or device 'xc7a35t'
INFO: [Common 17-349] Got license for feature 'Implementation' and/or device 'xc7a35t'

Starting Initial Update Timing Task

Time (s): cpu = 00:00:01 ; elapsed = 00:00:00.447 . Memory (MB): peak = 2057.750 ; gain = 0.000
INFO: [Vivado_Tcl 4-1435] PhysOpt_Tcl_Interface Runtime Before Starting Physical Synthesis Task | CPU: 1.00s |  WALL: 0.47s
Netlist sorting complete. Time (s): cpu = 00:00:00 ; elapsed = 00:00:00.004 . Memory (MB): peak = 2057.750 ; gain = 0.000

Starting Physical Synthesis Task

Phase 1 Physical Synthesis Initialization
INFO: [Physopt 32-721] Multithreading enabled for phys_opt_design using a maximum of 2 CPUs
INFO: [Physopt 32-619] Estimated Timing Summary | WNS=-1.417 | TNS=-162.439 |
Phase 1 Physical Synthesis Initialization | Checksum: 195eabb86

Time (s): cpu = 00:00:01 ; elapsed = 00:00:00.304 . Memory (MB): peak = 2057.750 ; gain = 0.000
INFO: [Physopt 32-619] Estimated Timing Summary | WNS=-1.417 | TNS=-162.439 |

Phase 2 DSP Register Optimization
INFO: [Physopt 32-456] No candidate cells for DSP register optimization found in the design.
INFO: [Physopt 32-775] End 2 Pass. Optimized 0 net or cell. Created 0 new cell, deleted 0 existing cell and moved 0 existing cell
Phase 2 DSP Register Optimization | Checksum: 195eabb86

Time (s): cpu = 00:00:01 ; elapsed = 00:00:00.326 . Memory (MB): peak = 2057.750 ; gain = 0.000

Phase 3 Critical Path Optimization
INFO: [Physopt 32-619] Estimated Timing Summary | WNS=-1.417 | TNS=-162.439 |
INFO: [Physopt 32-702] Processed net design_5_i/vga_0/U0/vga_instance/display_image_inst/image_inst/use_image/RAM_reg_192_255_9_11/DOA. Optimizations did not improve timing on the net.
INFO: [Physopt 32-702] Processed net design_5_i/clk_wiz_1/inst/clk_out1_design_5_clk_wiz_1_0. Optimizations did not improve timing on the net.
INFO: [Physopt 32-608] Optimized 1 net.  Swapped 27 pins.
INFO: [Physopt 32-735] Processed net design_5_i/vga_0/U0/vga_instance/AXI_Stream_FIFO_inst/num_elem_reg[1]_1. Optimization improves timing on the net.
INFO: [Physopt 32-619] Estimated Timing Summary | WNS=-1.414 | TNS=-154.871 |
INFO: [Physopt 32-702] Processed net design_5_i/vga_0/U0/vga_instance/display_image_inst/image_inst/use_image/RAM_reg_128_191_6_8/DOA. Optimizations did not improve timing on the net.
INFO: [Physopt 32-81] Processed net design_5_i/vga_0/U0/vga_instance/AXI_Stream_FIFO_inst/num_elem_reg[3]_1. Replicated 1 times.
INFO: [Physopt 32-735] Processed net design_5_i/vga_0/U0/vga_instance/AXI_Stream_FIFO_inst/num_elem_reg[3]_1. Optimization improves timing on the net.
INFO: [Physopt 32-619] Estimated Timing Summary | WNS=-1.320 | TNS=-153.407 |
INFO: [Physopt 32-702] Processed net design_5_i/vga_0/U0/vga_instance/display_image_inst/image_inst/use_image/RAM_reg_0_63_6_8/DOA. Optimizations did not improve timing on the net.
INFO: [Physopt 32-81] Processed net design_5_i/vga_0/U0/vga_instance/AXI_Stream_FIFO_inst/num_elem_reg[1]_0. Replicated 1 times.
INFO: [Physopt 32-735] Processed net design_5_i/vga_0/U0/vga_instance/AXI_Stream_FIFO_inst/num_elem_reg[1]_0. Optimization improves timing on the net.
INFO: [Physopt 32-619] Estimated Timing Summary | WNS=-1.302 | TNS=-152.735 |
INFO: [Physopt 32-702] Processed net design_5_i/vga_0/U0/vga_instance/display_image_inst/image_inst/use_image/RAM_reg_64_127_9_11/DOA. Optimizations did not improve timing on the net.
INFO: [Physopt 32-608] Optimized 1 net.  Swapped 7 pins.
INFO: [Physopt 32-735] Processed net design_5_i/vga_0/U0/vga_instance/AXI_Stream_FIFO_inst/num_elem_reg[3]_0. Optimization improves timing on the net.
INFO: [Physopt 32-619] Estimated Timing Summary | WNS=-1.286 | TNS=-147.679 |
INFO: [Physopt 32-702] Processed net design_5_i/vga_0/U0/vga_instance/display_image_inst/image_inst/use_image/RAM_reg_0_63_9_11/DOA. Optimizations did not improve timing on the net.
INFO: [Physopt 32-608] Optimized 1 net.  Swapped 6 pins.
INFO: [Physopt 32-735] Processed net design_5_i/vga_0/U0/vga_instance/AXI_Stream_FIFO_inst/num_elem_reg[1]_0_repN. Optimization improves timing on the net.
INFO: [Physopt 32-619] Estimated Timing Summary | WNS=-1.272 | TNS=-141.475 |
INFO: [Physopt 32-608] Optimized 1 net.  Swapped 55 pins.
INFO: [Physopt 32-735] Processed net design_5_i/vga_0/U0/vga_instance/AXI_Stream_FIFO_inst/num_elem_reg[3]_1_repN. Optimization improves timing on the net.
INFO: [Physopt 32-619] Estimated Timing Summary | WNS=-1.266 | TNS=-139.443 |
INFO: [Physopt 32-702] Processed net design_5_i/vga_0/U0/vga_instance/display_image_inst/image_inst/use_image/RAM_reg_0_63_3_5/DOA. Optimizations did not improve timing on the net.
INFO: [Physopt 32-608] Optimized 1 net.  Swapped 23 pins.
INFO: [Physopt 32-735] Processed net design_5_i/vga_0/U0/vga_instance/AXI_Stream_FIFO_inst/num_elem_reg[1]_0. Optimization improves timing on the net.
INFO: [Physopt 32-619] Estimated Timing Summary | WNS=-1.264 | TNS=-137.955 |
INFO: [Physopt 32-702] Processed net design_5_i/vga_0/U0/vga_instance/display_image_inst/image_inst/use_image/RAM_reg_128_191_3_5/DOA. Optimizations did not improve timing on the net.
INFO: [Physopt 32-608] Optimized 1 net.  Swapped 6 pins.
INFO: [Physopt 32-735] Processed net design_5_i/vga_0/U0/vga_instance/AXI_Stream_FIFO_inst/num_elem_reg[3]_1. Optimization improves timing on the net.
INFO: [Physopt 32-619] Estimated Timing Summary | WNS=-0.986 | TNS=-134.115 |
INFO: [Physopt 32-702] Processed net design_5_i/vga_0/U0/vga_instance/AXI_Stream_FIFO_inst/num_elem_reg[3]_0. Optimizations did not improve timing on the net.
INFO: [Physopt 32-702] Processed net design_5_i/vga_0/U0/vga_instance/AXI_Stream_FIFO_inst/fifo_reg_0_15_12_17/DOB0. Optimizations did not improve timing on the net.
INFO: [Physopt 32-81] Processed net design_5_i/vga_0/U0/vga_instance/AXI_Stream_FIFO_inst/read_pointer[1]. Replicated 1 times.
INFO: [Physopt 32-735] Processed net design_5_i/vga_0/U0/vga_instance/AXI_Stream_FIFO_inst/read_pointer[1]. Optimization improves timing on the net.
INFO: [Physopt 32-619] Estimated Timing Summary | WNS=-0.863 | TNS=-106.009 |
INFO: [Physopt 32-81] Processed net design_5_i/vga_0/U0/vga_instance/AXI_Stream_FIFO_inst/read_pointer[0]. Replicated 1 times.
INFO: [Physopt 32-735] Processed net design_5_i/vga_0/U0/vga_instance/AXI_Stream_FIFO_inst/read_pointer[0]. Optimization improves timing on the net.
INFO: [Physopt 32-619] Estimated Timing Summary | WNS=-0.850 | TNS=-104.108 |
INFO: [Physopt 32-81] Processed net design_5_i/vga_0/U0/vga_instance/AXI_Stream_FIFO_inst/read_pointer[0]_repN. Replicated 1 times.
INFO: [Physopt 32-735] Processed net design_5_i/vga_0/U0/vga_instance/AXI_Stream_FIFO_inst/read_pointer[0]_repN. Optimization improves timing on the net.
INFO: [Physopt 32-619] Estimated Timing Summary | WNS=-0.841 | TNS=-102.345 |
INFO: [Physopt 32-702] Processed net design_5_i/vga_0/U0/vga_instance/AXI_Stream_FIFO_inst/read_pointer[0]_repN. Optimizations did not improve timing on the net.
INFO: [Physopt 32-702] Processed net design_5_i/vga_0/U0/vga_instance/display_image_inst/image_inst/use_image/RAM_reg_64_127_9_11/DOA. Optimizations did not improve timing on the net.
INFO: [Physopt 32-702] Processed net design_5_i/clk_wiz_1/inst/clk_out1_design_5_clk_wiz_1_0. Optimizations did not improve timing on the net.
INFO: [Physopt 32-702] Processed net design_5_i/vga_0/U0/vga_instance/AXI_Stream_FIFO_inst/num_elem_reg[3]_0. Optimizations did not improve timing on the net.
INFO: [Physopt 32-702] Processed net design_5_i/vga_0/U0/vga_instance/AXI_Stream_FIFO_inst/fifo_reg_0_15_12_17/DOB0. Optimizations did not improve timing on the net.
INFO: [Physopt 32-702] Processed net design_5_i/vga_0/U0/vga_instance/AXI_Stream_FIFO_inst/read_pointer[0]_repN. Optimizations did not improve timing on the net.
INFO: [Physopt 32-619] Estimated Timing Summary | WNS=-0.841 | TNS=-102.345 |
Phase 3 Critical Path Optimization | Checksum: 195eabb86

Time (s): cpu = 00:00:04 ; elapsed = 00:00:02 . Memory (MB): peak = 2057.750 ; gain = 0.000

Phase 4 Critical Path Optimization
INFO: [Physopt 32-619] Estimated Timing Summary | WNS=-0.841 | TNS=-102.345 |
INFO: [Physopt 32-702] Processed net design_5_i/vga_0/U0/vga_instance/display_image_inst/image_inst/use_image/RAM_reg_64_127_9_11/DOA. Optimizations did not improve timing on the net.
INFO: [Physopt 32-702] Processed net design_5_i/clk_wiz_1/inst/clk_out1_design_5_clk_wiz_1_0. Optimizations did not improve timing on the net.
INFO: [Physopt 32-702] Processed net design_5_i/vga_0/U0/vga_instance/AXI_Stream_FIFO_inst/num_elem_reg[3]_0. Optimizations did not improve timing on the net.
INFO: [Physopt 32-702] Processed net design_5_i/vga_0/U0/vga_instance/AXI_Stream_FIFO_inst/fifo_reg_0_15_12_17/DOB0. Optimizations did not improve timing on the net.
INFO: [Physopt 32-702] Processed net design_5_i/vga_0/U0/vga_instance/AXI_Stream_FIFO_inst/read_pointer[0]_repN. Optimizations did not improve timing on the net.
INFO: [Physopt 32-702] Processed net design_5_i/vga_0/U0/vga_instance/display_image_inst/image_inst/use_image/RAM_reg_64_127_9_11/DOA. Optimizations did not improve timing on the net.
INFO: [Physopt 32-702] Processed net design_5_i/clk_wiz_1/inst/clk_out1_design_5_clk_wiz_1_0. Optimizations did not improve timing on the net.
INFO: [Physopt 32-702] Processed net design_5_i/vga_0/U0/vga_instance/AXI_Stream_FIFO_inst/num_elem_reg[3]_0. Optimizations did not improve timing on the net.
INFO: [Physopt 32-702] Processed net design_5_i/vga_0/U0/vga_instance/AXI_Stream_FIFO_inst/fifo_reg_0_15_12_17/DOB0. Optimizations did not improve timing on the net.
INFO: [Physopt 32-702] Processed net design_5_i/vga_0/U0/vga_instance/AXI_Stream_FIFO_inst/read_pointer[0]_repN. Optimizations did not improve timing on the net.
INFO: [Physopt 32-619] Estimated Timing Summary | WNS=-0.841 | TNS=-102.345 |
Phase 4 Critical Path Optimization | Checksum: 195eabb86

Time (s): cpu = 00:00:05 ; elapsed = 00:00:03 . Memory (MB): peak = 2057.750 ; gain = 0.000
Netlist sorting complete. Time (s): cpu = 00:00:00 ; elapsed = 00:00:00.006 . Memory (MB): peak = 2057.750 ; gain = 0.000
INFO: [Physopt 32-603] Post Physical Optimization Timing Summary | WNS=-0.841 | TNS=-102.345 |

Summary of Physical Synthesis Optimizations
============================================


-------------------------------------------------------------------------------------------------------------------------------------------------------------
|  Optimization   |  WNS Gain (ns)  |  TNS Gain (ns)  |  Added Cells  |  Removed Cells  |  Optimized Cells/Nets  |  Dont Touch  |  Iterations  |  Elapsed   |
-------------------------------------------------------------------------------------------------------------------------------------------------------------
|  DSP Register   |          0.000  |          0.000  |            0  |              0  |                     0  |           0  |           1  |  00:00:00  |
|  Critical Path  |          0.576  |         60.094  |            5  |              0  |                    11  |           0  |           2  |  00:00:02  |
|  Total          |          0.576  |         60.094  |            5  |              0  |                    11  |           0  |           3  |  00:00:02  |
-------------------------------------------------------------------------------------------------------------------------------------------------------------


Netlist sorting complete. Time (s): cpu = 00:00:00 ; elapsed = 00:00:00.004 . Memory (MB): peak = 2057.750 ; gain = 0.000
Ending Physical Synthesis Task | Checksum: 90cff5ca

Time (s): cpu = 00:00:05 ; elapsed = 00:00:03 . Memory (MB): peak = 2057.750 ; gain = 0.000
INFO: [Common 17-83] Releasing license: Implementation
163 Infos, 4 Warnings, 0 Critical Warnings and 0 Errors encountered.
phys_opt_design completed successfully
INFO: [Timing 38-480] Writing timing data to binary archive.
Writing XDEF routing.
Writing XDEF routing logical nets.
Writing XDEF routing special nets.
Write XDEF Complete: Time (s): cpu = 00:00:01 ; elapsed = 00:00:00.316 . Memory (MB): peak = 2057.750 ; gain = 0.000
INFO: [Common 17-1381] The checkpoint 'C:/Users/oscar/OneDrive/Documentos/UCM/5_QUINTO/SE/Practicas_SE/Practica5/hw/Practica5.runs/impl_1/design_5_wrapper_physopt.dcp' has been generated.
Command: route_design
Attempting to get a license for feature 'Implementation' and/or device 'xc7a35t'
INFO: [Common 17-349] Got license for feature 'Implementation' and/or device 'xc7a35t'
INFO: [DRC 23-27] Running DRC with 2 threads
INFO: [Vivado_Tcl 4-198] DRC finished with 0 Errors
INFO: [Vivado_Tcl 4-199] Please refer to the DRC report (report_drc) for more information.
Running DRC as a precondition to command route_design
INFO: [DRC 23-27] Running DRC with 2 threads
INFO: [Vivado_Tcl 4-198] DRC finished with 0 Errors
INFO: [Vivado_Tcl 4-199] Please refer to the DRC report (report_drc) for more information.


Starting Routing Task
INFO: [Route 35-254] Multithreading enabled for route_design using a maximum of 2 CPUs

Phase 1 Build RT Design
Checksum: PlaceDB: cc93b2a ConstDB: 0 ShapeSum: 2f497baa RouteDB: 0
Post Restoration Checksum: NetGraph: 7d8a11a6 | NumContArr: 5943cf78 | Constraints: 190a55ad | Timing: 0
Phase 1 Build RT Design | Checksum: efd836cb

Time (s): cpu = 00:00:21 ; elapsed = 00:00:20 . Memory (MB): peak = 2072.574 ; gain = 14.824

Phase 2 Router Initialization

Phase 2.1 Fix Topology Constraints
Phase 2.1 Fix Topology Constraints | Checksum: efd836cb

Time (s): cpu = 00:00:21 ; elapsed = 00:00:21 . Memory (MB): peak = 2072.574 ; gain = 14.824

Phase 2.2 Pre Route Cleanup
Phase 2.2 Pre Route Cleanup | Checksum: efd836cb

Time (s): cpu = 00:00:21 ; elapsed = 00:00:21 . Memory (MB): peak = 2072.574 ; gain = 14.824
 Number of Nodes with overlaps = 0

Phase 2.3 Update Timing
Phase 2.3 Update Timing | Checksum: 1e371d448

Time (s): cpu = 00:00:23 ; elapsed = 00:00:22 . Memory (MB): peak = 2078.766 ; gain = 21.016
INFO: [Route 35-416] Intermediate Timing Summary | WNS=-0.765 | TNS=-78.143| WHS=-1.294 | THS=-615.752|


Router Utilization Summary
  Global Vertical Routing Utilization    = 0.00669696 %
  Global Horizontal Routing Utilization  = 0.00130141 %
  Routable Net Status*
  *Does not include unroutable nets such as driverless and loadless.
  Run report_route_status for detailed report.
  Number of Failed Nets               = 2448
    (Failed Nets is the sum of unrouted and partially routed nets)
  Number of Unrouted Nets             = 2448
  Number of Partially Routed Nets     = 0
  Number of Node Overlaps             = 0

Phase 2 Router Initialization | Checksum: 1a5f0f71f

Time (s): cpu = 00:00:23 ; elapsed = 00:00:22 . Memory (MB): peak = 2082.508 ; gain = 24.758

Phase 3 Initial Routing

Phase 3.1 Global Routing
Phase 3.1 Global Routing | Checksum: 1a5f0f71f

Time (s): cpu = 00:00:23 ; elapsed = 00:00:22 . Memory (MB): peak = 2082.508 ; gain = 24.758
Phase 3 Initial Routing | Checksum: 20308537e

Time (s): cpu = 00:00:32 ; elapsed = 00:00:27 . Memory (MB): peak = 2121.691 ; gain = 63.941
INFO: [Route 35-580] Design has 496 pins with tight setup and hold constraints.

The top 5 pins with tight setup and hold constraints:

+===============================+===============================+======================================================================================================+
| Launch Setup Clock            | Launch Hold Clock             | Pin                                                                                                  |
+===============================+===============================+======================================================================================================+
| clk_out1_design_5_clk_wiz_1_0 | clk_out1_design_5_clk_wiz_1_0 | design_5_i/vga_0/U0/vga_instance/display_image_inst/image_inst/use_image/RAM_reg_128_191_0_2/RAMC/WE |
| clk_out1_design_5_clk_wiz_1_0 | clk_out1_design_5_clk_wiz_1_0 | design_5_i/vga_0/U0/vga_instance/display_image_inst/image_inst/use_image/RAM_reg_128_191_0_2/RAMB/WE |
| clk_out1_design_5_clk_wiz_1_0 | clk_out1_design_5_clk_wiz_1_0 | design_5_i/vga_0/U0/vga_instance/display_image_inst/image_inst/use_image/RAM_reg_128_191_0_2/RAMD/WE |
| clk_out1_design_5_clk_wiz_1_0 | clk_out1_design_5_clk_wiz_1_0 | design_5_i/vga_0/U0/vga_instance/display_image_inst/image_inst/use_image/RAM_reg_128_191_0_2/RAMA/WE |
| clk_out1_design_5_clk_wiz_1_0 | clk_out1_design_5_clk_wiz_1_0 | design_5_i/vga_0/U0/vga_instance/display_image_inst/image_inst/use_image/RAM_reg_64_127_6_8/RAMB/WE  |
+-------------------------------+-------------------------------+------------------------------------------------------------------------------------------------------+

File with complete list of pins: tight_setup_hold_pins.txt


Phase 4 Rip-up And Reroute

Phase 4.1 Global Iteration 0
 Number of Nodes with overlaps = 435
 Number of Nodes with overlaps = 51
 Number of Nodes with overlaps = 18
 Number of Nodes with overlaps = 10
 Number of Nodes with overlaps = 5
 Number of Nodes with overlaps = 4
 Number of Nodes with overlaps = 1
 Number of Nodes with overlaps = 0
INFO: [Route 35-416] Intermediate Timing Summary | WNS=-6.354 | TNS=-2937.373| WHS=N/A    | THS=N/A    |

Phase 4.1 Global Iteration 0 | Checksum: 215c76448

Time (s): cpu = 00:01:22 ; elapsed = 00:01:12 . Memory (MB): peak = 2139.941 ; gain = 82.191

Phase 4.2 Global Iteration 1
 Number of Nodes with overlaps = 2
 Number of Nodes with overlaps = 4
 Number of Nodes with overlaps = 0
INFO: [Route 35-416] Intermediate Timing Summary | WNS=-6.547 | TNS=-2951.374| WHS=N/A    | THS=N/A    |

Phase 4.2 Global Iteration 1 | Checksum: 2446e8b4f

Time (s): cpu = 00:01:30 ; elapsed = 00:01:21 . Memory (MB): peak = 2139.941 ; gain = 82.191
Phase 4 Rip-up And Reroute | Checksum: 2446e8b4f

Time (s): cpu = 00:01:30 ; elapsed = 00:01:21 . Memory (MB): peak = 2139.941 ; gain = 82.191

Phase 5 Delay and Skew Optimization

Phase 5.1 Delay CleanUp

Phase 5.1.1 Update Timing
Phase 5.1.1 Update Timing | Checksum: 239cf1769

Time (s): cpu = 00:01:31 ; elapsed = 00:01:21 . Memory (MB): peak = 2139.941 ; gain = 82.191
INFO: [Route 35-416] Intermediate Timing Summary | WNS=-6.354 | TNS=-2937.373| WHS=N/A    | THS=N/A    |

Phase 5.1 Delay CleanUp | Checksum: 239cf1769

Time (s): cpu = 00:01:31 ; elapsed = 00:01:21 . Memory (MB): peak = 2139.941 ; gain = 82.191

Phase 5.2 Clock Skew Optimization
Phase 5.2 Clock Skew Optimization | Checksum: 239cf1769

Time (s): cpu = 00:01:31 ; elapsed = 00:01:21 . Memory (MB): peak = 2139.941 ; gain = 82.191
Phase 5 Delay and Skew Optimization | Checksum: 239cf1769

Time (s): cpu = 00:01:31 ; elapsed = 00:01:21 . Memory (MB): peak = 2139.941 ; gain = 82.191

Phase 6 Post Hold Fix

Phase 6.1 Hold Fix Iter

Phase 6.1.1 Update Timing
Phase 6.1.1 Update Timing | Checksum: 2a3565df8

Time (s): cpu = 00:01:31 ; elapsed = 00:01:21 . Memory (MB): peak = 2139.941 ; gain = 82.191
INFO: [Route 35-416] Intermediate Timing Summary | WNS=-6.354 | TNS=-2937.373| WHS=0.016  | THS=0.000  |

Phase 6.1 Hold Fix Iter | Checksum: 21d640904

Time (s): cpu = 00:01:31 ; elapsed = 00:01:21 . Memory (MB): peak = 2139.941 ; gain = 82.191
Phase 6 Post Hold Fix | Checksum: 21d640904

Time (s): cpu = 00:01:31 ; elapsed = 00:01:21 . Memory (MB): peak = 2139.941 ; gain = 82.191

Phase 7 Route finalize

Router Utilization Summary
  Global Vertical Routing Utilization    = 1.2316 %
  Global Horizontal Routing Utilization  = 1.34136 %
  Routable Net Status*
  *Does not include unroutable nets such as driverless and loadless.
  Run report_route_status for detailed report.
  Number of Failed Nets               = 0
    (Failed Nets is the sum of unrouted and partially routed nets)
  Number of Unrouted Nets             = 0
  Number of Partially Routed Nets     = 0
  Number of Node Overlaps             = 0


--GLOBAL Congestion:
Utilization threshold used for congestion level computation: 0.85
Congestion Report
North Dir 1x1 Area, Max Cong = 55.8559%, No Congested Regions.
South Dir 1x1 Area, Max Cong = 61.2613%, No Congested Regions.
East Dir 1x1 Area, Max Cong = 64.7059%, No Congested Regions.
West Dir 1x1 Area, Max Cong = 58.8235%, No Congested Regions.

------------------------------
Reporting congestion hotspots
------------------------------
Direction: North
----------------
Congested clusters found at Level 0
Effective congestion level: 0 Aspect Ratio: 1 Sparse Ratio: 0
Direction: South
----------------
Congested clusters found at Level 0
Effective congestion level: 0 Aspect Ratio: 1 Sparse Ratio: 0
Direction: East
----------------
Congested clusters found at Level 0
Effective congestion level: 0 Aspect Ratio: 1 Sparse Ratio: 0
Direction: West
----------------
Congested clusters found at Level 0
Effective congestion level: 0 Aspect Ratio: 1 Sparse Ratio: 0

Phase 7 Route finalize | Checksum: 20892cbbb

Time (s): cpu = 00:01:31 ; elapsed = 00:01:21 . Memory (MB): peak = 2139.941 ; gain = 82.191

Phase 8 Verifying routed nets

 Verification completed successfully
Phase 8 Verifying routed nets | Checksum: 20892cbbb

Time (s): cpu = 00:01:31 ; elapsed = 00:01:21 . Memory (MB): peak = 2139.941 ; gain = 82.191

Phase 9 Depositing Routes
Phase 9 Depositing Routes | Checksum: 1ff52107c

Time (s): cpu = 00:01:31 ; elapsed = 00:01:22 . Memory (MB): peak = 2139.941 ; gain = 82.191

Phase 10 Post Router Timing
INFO: [Route 35-57] Estimated Timing Summary | WNS=-6.354 | TNS=-2937.373| WHS=0.016  | THS=0.000  |

WARNING: [Route 35-328] Router estimated timing not met.
Resolution: For a complete and accurate timing signoff, report_timing_summary must be run after route_design. Alternatively, route_design can be run with the -timing_summary option to enable a complete timing signoff at the end of route_design.
Phase 10 Post Router Timing | Checksum: 1ff52107c

Time (s): cpu = 00:01:32 ; elapsed = 00:01:22 . Memory (MB): peak = 2139.941 ; gain = 82.191
INFO: [Route 35-16] Router Completed Successfully

Phase 11 Post-Route Event Processing
Phase 11 Post-Route Event Processing | Checksum: cbb4cf0c

Time (s): cpu = 00:01:32 ; elapsed = 00:01:22 . Memory (MB): peak = 2139.941 ; gain = 82.191

Time (s): cpu = 00:01:32 ; elapsed = 00:01:22 . Memory (MB): peak = 2139.941 ; gain = 82.191

Routing Is Done.
INFO: [Common 17-83] Releasing license: Implementation
182 Infos, 5 Warnings, 0 Critical Warnings and 0 Errors encountered.
route_design completed successfully
route_design: Time (s): cpu = 00:01:33 ; elapsed = 00:01:23 . Memory (MB): peak = 2139.941 ; gain = 82.191
INFO: [runtcl-4] Executing : report_drc -file design_5_wrapper_drc_routed.rpt -pb design_5_wrapper_drc_routed.pb -rpx design_5_wrapper_drc_routed.rpx
Command: report_drc -file design_5_wrapper_drc_routed.rpt -pb design_5_wrapper_drc_routed.pb -rpx design_5_wrapper_drc_routed.rpx
INFO: [IP_Flow 19-1839] IP Catalog is up to date.
INFO: [DRC 23-27] Running DRC with 2 threads
INFO: [Vivado_Tcl 2-168] The results of DRC are in file C:/Users/oscar/OneDrive/Documentos/UCM/5_QUINTO/SE/Practicas_SE/Practica5/hw/Practica5.runs/impl_1/design_5_wrapper_drc_routed.rpt.
report_drc completed successfully
INFO: [runtcl-4] Executing : report_methodology -file design_5_wrapper_methodology_drc_routed.rpt -pb design_5_wrapper_methodology_drc_routed.pb -rpx design_5_wrapper_methodology_drc_routed.rpx
Command: report_methodology -file design_5_wrapper_methodology_drc_routed.rpt -pb design_5_wrapper_methodology_drc_routed.pb -rpx design_5_wrapper_methodology_drc_routed.rpx
INFO: [Timing 38-35] Done setting XDC timing constraints.
INFO: [DRC 23-133] Running Methodology with 2 threads
INFO: [Vivado_Tcl 2-1520] The results of Report Methodology are in file C:/Users/oscar/OneDrive/Documentos/UCM/5_QUINTO/SE/Practicas_SE/Practica5/hw/Practica5.runs/impl_1/design_5_wrapper_methodology_drc_routed.rpt.
report_methodology completed successfully
INFO: [runtcl-4] Executing : report_power -file design_5_wrapper_power_routed.rpt -pb design_5_wrapper_power_summary_routed.pb -rpx design_5_wrapper_power_routed.rpx
Command: report_power -file design_5_wrapper_power_routed.rpt -pb design_5_wrapper_power_summary_routed.pb -rpx design_5_wrapper_power_routed.rpx
INFO: [Timing 38-35] Done setting XDC timing constraints.
Running Vector-less Activity Propagation...

Finished Running Vector-less Activity Propagation
192 Infos, 5 Warnings, 0 Critical Warnings and 0 Errors encountered.
report_power completed successfully
INFO: [runtcl-4] Executing : report_route_status -file design_5_wrapper_route_status.rpt -pb design_5_wrapper_route_status.pb
INFO: [runtcl-4] Executing : report_timing_summary -max_paths 10 -report_unconstrained -file design_5_wrapper_timing_summary_routed.rpt -pb design_5_wrapper_timing_summary_routed.pb -rpx design_5_wrapper_timing_summary_routed.rpx -warn_on_violation 
INFO: [Timing 38-91] UpdateTimingParams: Speed grade: -1, Delay Type: min_max.
INFO: [Timing 38-191] Multithreading enabled for timing update using a maximum of 2 CPUs
CRITICAL WARNING: [Timing 38-282] The design failed to meet the timing requirements. Please see the timing summary report for details on the timing violations.
INFO: [runtcl-4] Executing : report_incremental_reuse -file design_5_wrapper_incremental_reuse_routed.rpt
INFO: [Vivado_Tcl 4-1062] Incremental flow is disabled. No incremental reuse Info to report.
INFO: [runtcl-4] Executing : report_clock_utilization -file design_5_wrapper_clock_utilization_routed.rpt
INFO: [runtcl-4] Executing : report_bus_skew -warn_on_violation -file design_5_wrapper_bus_skew_routed.rpt -pb design_5_wrapper_bus_skew_routed.pb -rpx design_5_wrapper_bus_skew_routed.rpx
INFO: [Timing 38-91] UpdateTimingParams: Speed grade: -1, Delay Type: min_max.
INFO: [Timing 38-191] Multithreading enabled for timing update using a maximum of 2 CPUs
INFO: [Timing 38-480] Writing timing data to binary archive.
Writing XDEF routing.
Writing XDEF routing logical nets.
Writing XDEF routing special nets.
Write XDEF Complete: Time (s): cpu = 00:00:01 ; elapsed = 00:00:00.351 . Memory (MB): peak = 2144.371 ; gain = 4.430
INFO: [Common 17-1381] The checkpoint 'C:/Users/oscar/OneDrive/Documentos/UCM/5_QUINTO/SE/Practicas_SE/Practica5/hw/Practica5.runs/impl_1/design_5_wrapper_routed.dcp' has been generated.
Command: write_bitstream -force design_5_wrapper.bit
Attempting to get a license for feature 'Implementation' and/or device 'xc7a35t'
INFO: [Common 17-349] Got license for feature 'Implementation' and/or device 'xc7a35t'
Running DRC as a precondition to command write_bitstream
INFO: [IP_Flow 19-1839] IP Catalog is up to date.
INFO: [DRC 23-27] Running DRC with 2 threads
WARNING: [DRC CFGBVS-1] Missing CFGBVS and CONFIG_VOLTAGE Design Properties: Neither the CFGBVS nor CONFIG_VOLTAGE voltage property is set in the current_design.  Configuration bank voltage select (CFGBVS) must be set to VCCO or GND, and CONFIG_VOLTAGE must be set to the correct configuration voltage, in order to determine the I/O voltage support for the pins in bank 0.  It is suggested to specify these either using the 'Edit Device Properties' function in the GUI or directly in the XDC file using the following syntax:

 set_property CFGBVS value1 [current_design]
 #where value1 is either VCCO or GND

 set_property CONFIG_VOLTAGE value2 [current_design]
 #where value2 is the voltage provided to configuration bank 0

Refer to the device configuration user guide for more information.
INFO: [Vivado 12-3199] DRC finished with 0 Errors, 1 Warnings
INFO: [Vivado 12-3200] Please refer to the DRC report (report_drc) for more information.
INFO: [Designutils 20-2272] Running write_bitstream with 2 threads.
Loading data files...
Loading site data...
Loading route data...
Processing options...
Creating bitmap...
Creating bitstream...
Writing bitstream ./design_5_wrapper.bit...
INFO: [Vivado 12-1842] Bitgen Completed Successfully.
INFO: [Project 1-1876] WebTalk data collection is mandatory when using a ULT device. To see the specific WebTalk data collected for your design, open the usage_statistics_webtalk.html or usage_statistics_webtalk.xml file in the implementation directory.
INFO: [Common 17-83] Releasing license: Implementation
14 Infos, 1 Warnings, 0 Critical Warnings and 0 Errors encountered.
write_bitstream completed successfully
write_bitstream: Time (s): cpu = 00:00:13 ; elapsed = 00:00:12 . Memory (MB): peak = 2637.039 ; gain = 492.668
INFO: [Common 17-206] Exiting Vivado at Mon Dec  1 12:50:13 2025...
