
*** Running vivado
    with args -log design_4_wrapper.vdi -applog -m64 -product Vivado -messageDb vivado.pb -mode batch -source design_4_wrapper.tcl -notrace


ECHO est  desactivado.
ECHO est  desactivado.

****** Vivado v2023.1 (64-bit)
  **** SW Build 3865809 on Sun May  7 15:05:29 MDT 2023
  **** IP Build 3864474 on Sun May  7 20:36:21 MDT 2023
  **** SharedData Build 3865790 on Sun May 07 13:33:03 MDT 2023
    ** Copyright 1986-2022 Xilinx, Inc. All Rights Reserved.
    ** Copyright 2022-2023 Advanced Micro Devices, Inc. All Rights Reserved.

source design_4_wrapper.tcl -notrace
create_project: Time (s): cpu = 00:00:06 ; elapsed = 00:00:07 . Memory (MB): peak = 435.844 ; gain = 163.484
INFO: [IP_Flow 19-234] Refreshing IP repositories
INFO: [IP_Flow 19-1700] Loaded user IP repository 'c:/Users/oscar/OneDrive/Documentos/UCM/5_QUINTO/SE/Practicas_SE/Practica4/hw/ip_repo'.
INFO: [IP_Flow 19-2313] Loaded Vivado IP repository 'D:/Xilinx/Vivado/2023.1/data/ip'.
WARNING: [IP_Flow 19-4995] The host OS only allows 260 characters in a normal path. The IP cache path is more than 80 characters. If you experience issues with IP caching, please consider changing the IP cache to a location with a shorter path. Alternately consider using the OS subst command to map part of the path to a drive letter. 
Current IP cache path is C:/Users/oscar/OneDrive/Documentos/UCM/5_QUINTO/SE/Practicas_SE/Practica4/hw/Practica4/Practica4/Practica4.cache/ip 
Command: link_design -top design_4_wrapper -part xc7a35tcpg236-1
Design is defaulting to srcset: sources_1
Design is defaulting to constrset: constrs_1
INFO: [Device 21-403] Loading part xc7a35tcpg236-1
Netlist sorting complete. Time (s): cpu = 00:00:00 ; elapsed = 00:00:00.171 . Memory (MB): peak = 883.324 ; gain = 0.000
INFO: [Netlist 29-17] Analyzing 270 Unisim elements for replacement
INFO: [Netlist 29-28] Unisim Transformation completed in 0 CPU seconds
INFO: [Project 1-479] Netlist was created with Vivado 2023.1
INFO: [Project 1-570] Preparing netlist for logic optimization
Parsing XDC File [c:/Users/oscar/OneDrive/Documentos/UCM/5_QUINTO/SE/Practicas_SE/Practica4/hw/Practica4/Practica4/Practica4.gen/sources_1/bd/design_4/ip/design_4_microblaze_0_0/design_4_microblaze_0_0.xdc] for cell 'design_4_i/microblaze_0/U0'
Finished Parsing XDC File [c:/Users/oscar/OneDrive/Documentos/UCM/5_QUINTO/SE/Practicas_SE/Practica4/hw/Practica4/Practica4/Practica4.gen/sources_1/bd/design_4/ip/design_4_microblaze_0_0/design_4_microblaze_0_0.xdc] for cell 'design_4_i/microblaze_0/U0'
Parsing XDC File [c:/Users/oscar/OneDrive/Documentos/UCM/5_QUINTO/SE/Practicas_SE/Practica4/hw/Practica4/Practica4/Practica4.gen/sources_1/bd/design_4/ip/design_4_clk_wiz_1_0/design_4_clk_wiz_1_0_board.xdc] for cell 'design_4_i/clk_wiz_1/inst'
Finished Parsing XDC File [c:/Users/oscar/OneDrive/Documentos/UCM/5_QUINTO/SE/Practicas_SE/Practica4/hw/Practica4/Practica4/Practica4.gen/sources_1/bd/design_4/ip/design_4_clk_wiz_1_0/design_4_clk_wiz_1_0_board.xdc] for cell 'design_4_i/clk_wiz_1/inst'
Parsing XDC File [c:/Users/oscar/OneDrive/Documentos/UCM/5_QUINTO/SE/Practicas_SE/Practica4/hw/Practica4/Practica4/Practica4.gen/sources_1/bd/design_4/ip/design_4_clk_wiz_1_0/design_4_clk_wiz_1_0.xdc] for cell 'design_4_i/clk_wiz_1/inst'
INFO: [Timing 38-35] Done setting XDC timing constraints. [c:/Users/oscar/OneDrive/Documentos/UCM/5_QUINTO/SE/Practicas_SE/Practica4/hw/Practica4/Practica4/Practica4.gen/sources_1/bd/design_4/ip/design_4_clk_wiz_1_0/design_4_clk_wiz_1_0.xdc:57]
INFO: [Timing 38-2] Deriving generated clocks [c:/Users/oscar/OneDrive/Documentos/UCM/5_QUINTO/SE/Practicas_SE/Practica4/hw/Practica4/Practica4/Practica4.gen/sources_1/bd/design_4/ip/design_4_clk_wiz_1_0/design_4_clk_wiz_1_0.xdc:57]
get_clocks: Time (s): cpu = 00:00:07 ; elapsed = 00:00:07 . Memory (MB): peak = 1610.266 ; gain = 578.707
Finished Parsing XDC File [c:/Users/oscar/OneDrive/Documentos/UCM/5_QUINTO/SE/Practicas_SE/Practica4/hw/Practica4/Practica4/Practica4.gen/sources_1/bd/design_4/ip/design_4_clk_wiz_1_0/design_4_clk_wiz_1_0.xdc] for cell 'design_4_i/clk_wiz_1/inst'
Parsing XDC File [c:/Users/oscar/OneDrive/Documentos/UCM/5_QUINTO/SE/Practicas_SE/Practica4/hw/Practica4/Practica4/Practica4.gen/sources_1/bd/design_4/ip/design_4_rst_clk_wiz_1_100M_0/design_4_rst_clk_wiz_1_100M_0_board.xdc] for cell 'design_4_i/rst_clk_wiz_1_100M/U0'
Finished Parsing XDC File [c:/Users/oscar/OneDrive/Documentos/UCM/5_QUINTO/SE/Practicas_SE/Practica4/hw/Practica4/Practica4/Practica4.gen/sources_1/bd/design_4/ip/design_4_rst_clk_wiz_1_100M_0/design_4_rst_clk_wiz_1_100M_0_board.xdc] for cell 'design_4_i/rst_clk_wiz_1_100M/U0'
Parsing XDC File [c:/Users/oscar/OneDrive/Documentos/UCM/5_QUINTO/SE/Practicas_SE/Practica4/hw/Practica4/Practica4/Practica4.gen/sources_1/bd/design_4/ip/design_4_rst_clk_wiz_1_100M_0/design_4_rst_clk_wiz_1_100M_0.xdc] for cell 'design_4_i/rst_clk_wiz_1_100M/U0'
Finished Parsing XDC File [c:/Users/oscar/OneDrive/Documentos/UCM/5_QUINTO/SE/Practicas_SE/Practica4/hw/Practica4/Practica4/Practica4.gen/sources_1/bd/design_4/ip/design_4_rst_clk_wiz_1_100M_0/design_4_rst_clk_wiz_1_100M_0.xdc] for cell 'design_4_i/rst_clk_wiz_1_100M/U0'
Parsing XDC File [C:/Users/oscar/OneDrive/Documentos/UCM/5_QUINTO/SE/Practicas_SE/Practica4/hw/Practica4/Practica4/Practica4.srcs/constrs_1/new/const.xdc]
Finished Parsing XDC File [C:/Users/oscar/OneDrive/Documentos/UCM/5_QUINTO/SE/Practicas_SE/Practica4/hw/Practica4/Practica4/Practica4.srcs/constrs_1/new/const.xdc]
Parsing XDC File [c:/Users/oscar/OneDrive/Documentos/UCM/5_QUINTO/SE/Practicas_SE/Practica4/hw/Practica4/Practica4/Practica4.gen/sources_1/bd/design_4/ip/design_4_mdm_1_0/design_4_mdm_1_0.xdc] for cell 'design_4_i/mdm_1/U0'
Finished Parsing XDC File [c:/Users/oscar/OneDrive/Documentos/UCM/5_QUINTO/SE/Practicas_SE/Practica4/hw/Practica4/Practica4/Practica4.gen/sources_1/bd/design_4/ip/design_4_mdm_1_0/design_4_mdm_1_0.xdc] for cell 'design_4_i/mdm_1/U0'
INFO: [Opt 31-138] Pushed 0 inverter(s) to 0 load pin(s).
Generating merged BMM file for the design top 'design_4_wrapper'...
INFO: [Memdata 28-144] Successfully populated the BRAM INIT strings from the following elf files: c:/Users/oscar/OneDrive/Documentos/UCM/5_QUINTO/SE/Practicas_SE/Practica4/hw/Practica4/Practica4/Practica4.gen/sources_1/bd/design_4/ip/design_4_microblaze_0_0/data/mb_bootloop_le.elf 
Netlist sorting complete. Time (s): cpu = 00:00:00 ; elapsed = 00:00:00.005 . Memory (MB): peak = 1610.266 ; gain = 0.000
INFO: [Project 1-111] Unisim Transformation Summary:
  A total of 112 instances were transformed.
  LUT6_2 => LUT6_2 (LUT5, LUT6): 80 instances
  RAM32M => RAM32M (RAMD32(x6), RAMS32(x2)): 16 instances
  RAM64M => RAM64M (RAMD64E(x4)): 16 instances

13 Infos, 1 Warnings, 0 Critical Warnings and 0 Errors encountered.
link_design completed successfully
link_design: Time (s): cpu = 00:00:14 ; elapsed = 00:00:17 . Memory (MB): peak = 1610.266 ; gain = 1112.594
Command: opt_design
Attempting to get a license for feature 'Implementation' and/or device 'xc7a35t'
INFO: [Common 17-349] Got license for feature 'Implementation' and/or device 'xc7a35t'
Running DRC as a precondition to command opt_design

Starting DRC Task
INFO: [DRC 23-27] Running DRC with 2 threads
INFO: [Project 1-461] DRC finished with 0 Errors
INFO: [Project 1-462] Please refer to the DRC report (report_drc) for more information.

Time (s): cpu = 00:00:01 ; elapsed = 00:00:01 . Memory (MB): peak = 1610.266 ; gain = 0.000

Starting Cache Timing Information Task
INFO: [Timing 38-35] Done setting XDC timing constraints.
Ending Cache Timing Information Task | Checksum: 10e84c346

Time (s): cpu = 00:00:01 ; elapsed = 00:00:00.180 . Memory (MB): peak = 1628.266 ; gain = 18.000

Starting Logic Optimization Task

Phase 1 Retarget
INFO: [Opt 31-1566] Pulled 2 inverters resulting in an inversion of 19 pins
INFO: [Opt 31-138] Pushed 1 inverter(s) to 1 load pin(s).
INFO: [Opt 31-49] Retargeted 0 cell(s).
Phase 1 Retarget | Checksum: 111c9e83e

Time (s): cpu = 00:00:01 ; elapsed = 00:00:00.240 . Memory (MB): peak = 1956.965 ; gain = 0.000
INFO: [Opt 31-389] Phase Retarget created 3 cells and removed 39 cells
INFO: [Opt 31-1021] In phase Retarget, 2 netlist objects are constrained preventing optimization. Please run opt_design with -debug_log to get more detail. 

Phase 2 Constant propagation
INFO: [Opt 31-138] Pushed 0 inverter(s) to 0 load pin(s).
Phase 2 Constant propagation | Checksum: d6030887

Time (s): cpu = 00:00:01 ; elapsed = 00:00:00.270 . Memory (MB): peak = 1956.965 ; gain = 0.000
INFO: [Opt 31-389] Phase Constant propagation created 5 cells and removed 22 cells
INFO: [Opt 31-1021] In phase Constant propagation, 1 netlist objects are constrained preventing optimization. Please run opt_design with -debug_log to get more detail. 

Phase 3 Sweep
Phase 3 Sweep | Checksum: e664f0d4

Time (s): cpu = 00:00:01 ; elapsed = 00:00:00.362 . Memory (MB): peak = 1956.965 ; gain = 0.000
INFO: [Opt 31-389] Phase Sweep created 2 cells and removed 18 cells
INFO: [Opt 31-1021] In phase Sweep, 1 netlist objects are constrained preventing optimization. Please run opt_design with -debug_log to get more detail. 

Phase 4 BUFG optimization
INFO: [Opt 31-194] Inserted BUFG design_4_i/mdm_1/U0/Use_E2.BSCAN_I/Dbg_Update_0_BUFG_inst to drive 39 load(s) on clock net design_4_i/mdm_1/U0/Use_E2.BSCAN_I/Dbg_Update_0_BUFG
INFO: [Opt 31-193] Inserted 1 BUFG(s) on clock nets
Phase 4 BUFG optimization | Checksum: 10f9dc7de

Time (s): cpu = 00:00:01 ; elapsed = 00:00:00.429 . Memory (MB): peak = 1956.965 ; gain = 0.000
INFO: [Opt 31-662] Phase BUFG optimization created 1 cells of which 1 are BUFGs and removed 0 cells.

Phase 5 Shift Register Optimization
INFO: [Opt 31-1064] SRL Remap converted 0 SRLs to 0 registers and converted 0 registers of register chains to 0 SRLs
Phase 5 Shift Register Optimization | Checksum: 139dd9ed9

Time (s): cpu = 00:00:01 ; elapsed = 00:00:00.545 . Memory (MB): peak = 1956.965 ; gain = 0.000
INFO: [Opt 31-389] Phase Shift Register Optimization created 0 cells and removed 0 cells

Phase 6 Post Processing Netlist
Phase 6 Post Processing Netlist | Checksum: c39bade0

Time (s): cpu = 00:00:01 ; elapsed = 00:00:00.563 . Memory (MB): peak = 1956.965 ; gain = 0.000
INFO: [Opt 31-389] Phase Post Processing Netlist created 0 cells and removed 0 cells
INFO: [Opt 31-1021] In phase Post Processing Netlist, 1 netlist objects are constrained preventing optimization. Please run opt_design with -debug_log to get more detail. 
Opt_design Change Summary
=========================


-------------------------------------------------------------------------------------------------------------------------
|  Phase                        |  #Cells created  |  #Cells Removed  |  #Constrained objects preventing optimizations  |
-------------------------------------------------------------------------------------------------------------------------
|  Retarget                     |               3  |              39  |                                              2  |
|  Constant propagation         |               5  |              22  |                                              1  |
|  Sweep                        |               2  |              18  |                                              1  |
|  BUFG optimization            |               1  |               0  |                                              0  |
|  Shift Register Optimization  |               0  |               0  |                                              0  |
|  Post Processing Netlist      |               0  |               0  |                                              1  |
-------------------------------------------------------------------------------------------------------------------------



Starting Connectivity Check Task

Time (s): cpu = 00:00:00 ; elapsed = 00:00:00.005 . Memory (MB): peak = 1956.965 ; gain = 0.000
Ending Logic Optimization Task | Checksum: 150bac167

Time (s): cpu = 00:00:01 ; elapsed = 00:00:00.577 . Memory (MB): peak = 1956.965 ; gain = 0.000

Starting Power Optimization Task
INFO: [Pwropt 34-132] Skipping clock gating for clocks with a period < 2.00 ns.
INFO: [Pwropt 34-9] Applying IDT optimizations ...
INFO: [Pwropt 34-10] Applying ODC optimizations ...
INFO: [Timing 38-35] Done setting XDC timing constraints.
Running Vector-less Activity Propagation...

Finished Running Vector-less Activity Propagation


Starting PowerOpt Patch Enables Task
INFO: [Pwropt 34-162] WRITE_MODE attribute of 0 BRAM(s) out of a total of 4 has been updated to save power. Run report_power_opt to get a complete listing of the BRAMs updated.
INFO: [Pwropt 34-201] Structural ODC has moved 0 WE to EN ports
Number of BRAM Ports augmented: 4 newly gated: 0 Total Ports: 8
Ending PowerOpt Patch Enables Task | Checksum: b31b73f6

Time (s): cpu = 00:00:00 ; elapsed = 00:00:00.057 . Memory (MB): peak = 2049.059 ; gain = 0.000
Ending Power Optimization Task | Checksum: b31b73f6

Time (s): cpu = 00:00:02 ; elapsed = 00:00:01 . Memory (MB): peak = 2049.059 ; gain = 92.094

Starting Final Cleanup Task

Starting Logic Optimization Task
INFO: [Timing 38-35] Done setting XDC timing constraints.
Ending Logic Optimization Task | Checksum: 1273c9ea8

Time (s): cpu = 00:00:00 ; elapsed = 00:00:00.366 . Memory (MB): peak = 2049.059 ; gain = 0.000
Ending Final Cleanup Task | Checksum: 1273c9ea8

Time (s): cpu = 00:00:03 ; elapsed = 00:00:03 . Memory (MB): peak = 2049.059 ; gain = 0.000

Starting Netlist Obfuscation Task
Netlist sorting complete. Time (s): cpu = 00:00:00 ; elapsed = 00:00:00.005 . Memory (MB): peak = 2049.059 ; gain = 0.000
Ending Netlist Obfuscation Task | Checksum: 1273c9ea8

Time (s): cpu = 00:00:00 ; elapsed = 00:00:00.005 . Memory (MB): peak = 2049.059 ; gain = 0.000
INFO: [Common 17-83] Releasing license: Implementation
43 Infos, 1 Warnings, 0 Critical Warnings and 0 Errors encountered.
opt_design completed successfully
opt_design: Time (s): cpu = 00:00:10 ; elapsed = 00:00:09 . Memory (MB): peak = 2049.059 ; gain = 438.793
INFO: [runtcl-4] Executing : report_drc -file design_4_wrapper_drc_opted.rpt -pb design_4_wrapper_drc_opted.pb -rpx design_4_wrapper_drc_opted.rpx
Command: report_drc -file design_4_wrapper_drc_opted.rpt -pb design_4_wrapper_drc_opted.pb -rpx design_4_wrapper_drc_opted.rpx
INFO: [IP_Flow 19-1839] IP Catalog is up to date.
INFO: [DRC 23-27] Running DRC with 2 threads
INFO: [Vivado_Tcl 2-168] The results of DRC are in file C:/Users/oscar/OneDrive/Documentos/UCM/5_QUINTO/SE/Practicas_SE/Practica4/hw/Practica4/Practica4/Practica4.runs/impl_1/design_4_wrapper_drc_opted.rpt.
report_drc completed successfully
INFO: [Timing 38-35] Done setting XDC timing constraints.
INFO: [Timing 38-480] Writing timing data to binary archive.
Writing XDEF routing.
Writing XDEF routing logical nets.
Writing XDEF routing special nets.
Write XDEF Complete: Time (s): cpu = 00:00:00 ; elapsed = 00:00:00.034 . Memory (MB): peak = 2049.059 ; gain = 0.000
INFO: [Common 17-1381] The checkpoint 'C:/Users/oscar/OneDrive/Documentos/UCM/5_QUINTO/SE/Practicas_SE/Practica4/hw/Practica4/Practica4/Practica4.runs/impl_1/design_4_wrapper_opt.dcp' has been generated.
Command: place_design
Attempting to get a license for feature 'Implementation' and/or device 'xc7a35t'
INFO: [Common 17-349] Got license for feature 'Implementation' and/or device 'xc7a35t'
INFO: [DRC 23-27] Running DRC with 2 threads
INFO: [Vivado_Tcl 4-198] DRC finished with 0 Errors
INFO: [Vivado_Tcl 4-199] Please refer to the DRC report (report_drc) for more information.
Running DRC as a precondition to command place_design
INFO: [DRC 23-27] Running DRC with 2 threads
INFO: [Vivado_Tcl 4-198] DRC finished with 0 Errors
INFO: [Vivado_Tcl 4-199] Please refer to the DRC report (report_drc) for more information.

Starting Placer Task
INFO: [Place 30-611] Multithreading enabled for place_design using a maximum of 2 CPUs

Phase 1 Placer Initialization

Phase 1.1 Placer Initialization Netlist Sorting
Netlist sorting complete. Time (s): cpu = 00:00:00 ; elapsed = 00:00:00.004 . Memory (MB): peak = 2049.059 ; gain = 0.000
Phase 1.1 Placer Initialization Netlist Sorting | Checksum: 84538982

Time (s): cpu = 00:00:00 ; elapsed = 00:00:00.032 . Memory (MB): peak = 2049.059 ; gain = 0.000
Netlist sorting complete. Time (s): cpu = 00:00:00 ; elapsed = 00:00:00.005 . Memory (MB): peak = 2049.059 ; gain = 0.000

Phase 1.2 IO Placement/ Clock Placement/ Build Placer Device
Phase 1.2 IO Placement/ Clock Placement/ Build Placer Device | Checksum: 1210044c7

Time (s): cpu = 00:00:00 ; elapsed = 00:00:00.358 . Memory (MB): peak = 2049.059 ; gain = 0.000

Phase 1.3 Build Placer Netlist Model
Phase 1.3 Build Placer Netlist Model | Checksum: 2730f47bf

Time (s): cpu = 00:00:01 ; elapsed = 00:00:01 . Memory (MB): peak = 2049.059 ; gain = 0.000

Phase 1.4 Constrain Clocks/Macros
Phase 1.4 Constrain Clocks/Macros | Checksum: 2730f47bf

Time (s): cpu = 00:00:01 ; elapsed = 00:00:01 . Memory (MB): peak = 2049.059 ; gain = 0.000
Phase 1 Placer Initialization | Checksum: 2730f47bf

Time (s): cpu = 00:00:01 ; elapsed = 00:00:01 . Memory (MB): peak = 2049.059 ; gain = 0.000

Phase 2 Global Placement

Phase 2.1 Floorplanning
Phase 2.1 Floorplanning | Checksum: 2001a8e38

Time (s): cpu = 00:00:01 ; elapsed = 00:00:01 . Memory (MB): peak = 2049.059 ; gain = 0.000

Phase 2.2 Update Timing before SLR Path Opt
Phase 2.2 Update Timing before SLR Path Opt | Checksum: 21f90fd34

Time (s): cpu = 00:00:02 ; elapsed = 00:00:02 . Memory (MB): peak = 2049.059 ; gain = 0.000

Phase 2.3 Post-Processing in Floorplanning
Phase 2.3 Post-Processing in Floorplanning | Checksum: 21f90fd34

Time (s): cpu = 00:00:02 ; elapsed = 00:00:02 . Memory (MB): peak = 2049.059 ; gain = 0.000

Phase 2.4 Global Placement Core

Phase 2.4.1 UpdateTiming Before Physical Synthesis
Phase 2.4.1 UpdateTiming Before Physical Synthesis | Checksum: 1a5a390fd

Time (s): cpu = 00:00:07 ; elapsed = 00:00:04 . Memory (MB): peak = 2049.059 ; gain = 0.000

Phase 2.4.2 Physical Synthesis In Placer
INFO: [Physopt 32-1035] Found 0 LUTNM shape to break, 151 LUT instances to create LUTNM shape
INFO: [Physopt 32-1044] Break lutnm for timing: one critical 0, two critical 0, total 0, new lutff created 0
INFO: [Physopt 32-1138] End 1 Pass. Optimized 72 nets or LUTs. Breaked 0 LUT, combined 72 existing LUTs and moved 0 existing LUT
INFO: [Physopt 32-65] No nets found for high-fanout optimization.
INFO: [Physopt 32-232] Optimized 0 net. Created 0 new instance.
INFO: [Physopt 32-775] End 1 Pass. Optimized 0 net or cell. Created 0 new cell, deleted 0 existing cell and moved 0 existing cell
INFO: [Physopt 32-670] No setup violation found.  DSP Register Optimization was not performed.
INFO: [Physopt 32-670] No setup violation found.  Shift Register to Pipeline Optimization was not performed.
INFO: [Physopt 32-670] No setup violation found.  Shift Register Optimization was not performed.
INFO: [Physopt 32-670] No setup violation found.  BRAM Register Optimization was not performed.
INFO: [Physopt 32-670] No setup violation found.  URAM Register Optimization was not performed.
INFO: [Physopt 32-949] No candidate nets found for dynamic/static region interface net replication
INFO: [Physopt 32-775] End 1 Pass. Optimized 0 net or cell. Created 0 new cell, deleted 0 existing cell and moved 0 existing cell
Netlist sorting complete. Time (s): cpu = 00:00:00 ; elapsed = 00:00:00.004 . Memory (MB): peak = 2049.059 ; gain = 0.000

Summary of Physical Synthesis Optimizations
============================================


-----------------------------------------------------------------------------------------------------------------------------------------------------------
|  Optimization                                     |  Added Cells  |  Removed Cells  |  Optimized Cells/Nets  |  Dont Touch  |  Iterations  |  Elapsed   |
-----------------------------------------------------------------------------------------------------------------------------------------------------------
|  LUT Combining                                    |            0  |             72  |                    72  |           0  |           1  |  00:00:00  |
|  Retime                                           |            0  |              0  |                     0  |           0  |           1  |  00:00:00  |
|  Very High Fanout                                 |            0  |              0  |                     0  |           0  |           1  |  00:00:00  |
|  DSP Register                                     |            0  |              0  |                     0  |           0  |           0  |  00:00:00  |
|  Shift Register to Pipeline                       |            0  |              0  |                     0  |           0  |           0  |  00:00:00  |
|  Shift Register                                   |            0  |              0  |                     0  |           0  |           0  |  00:00:00  |
|  BRAM Register                                    |            0  |              0  |                     0  |           0  |           0  |  00:00:00  |
|  URAM Register                                    |            0  |              0  |                     0  |           0  |           0  |  00:00:00  |
|  Dynamic/Static Region Interface Net Replication  |            0  |              0  |                     0  |           0  |           1  |  00:00:00  |
|  Total                                            |            0  |             72  |                    72  |           0  |           4  |  00:00:00  |
-----------------------------------------------------------------------------------------------------------------------------------------------------------


Phase 2.4.2 Physical Synthesis In Placer | Checksum: 103e5ec04

Time (s): cpu = 00:00:07 ; elapsed = 00:00:05 . Memory (MB): peak = 2049.059 ; gain = 0.000
Phase 2.4 Global Placement Core | Checksum: 12e1f875d

Time (s): cpu = 00:00:08 ; elapsed = 00:00:05 . Memory (MB): peak = 2049.059 ; gain = 0.000
Phase 2 Global Placement | Checksum: 12e1f875d

Time (s): cpu = 00:00:08 ; elapsed = 00:00:05 . Memory (MB): peak = 2049.059 ; gain = 0.000

Phase 3 Detail Placement

Phase 3.1 Commit Multi Column Macros
Phase 3.1 Commit Multi Column Macros | Checksum: b7be9a3f

Time (s): cpu = 00:00:08 ; elapsed = 00:00:05 . Memory (MB): peak = 2049.059 ; gain = 0.000

Phase 3.2 Commit Most Macros & LUTRAMs
Phase 3.2 Commit Most Macros & LUTRAMs | Checksum: 1192be366

Time (s): cpu = 00:00:08 ; elapsed = 00:00:05 . Memory (MB): peak = 2049.059 ; gain = 0.000

Phase 3.3 Area Swap Optimization
Phase 3.3 Area Swap Optimization | Checksum: ee83bbed

Time (s): cpu = 00:00:09 ; elapsed = 00:00:05 . Memory (MB): peak = 2049.059 ; gain = 0.000

Phase 3.4 Pipeline Register Optimization
Phase 3.4 Pipeline Register Optimization | Checksum: fd5b2c48

Time (s): cpu = 00:00:09 ; elapsed = 00:00:05 . Memory (MB): peak = 2049.059 ; gain = 0.000

Phase 3.5 Small Shape Detail Placement
Phase 3.5 Small Shape Detail Placement | Checksum: 25bc1dc44

Time (s): cpu = 00:00:10 ; elapsed = 00:00:07 . Memory (MB): peak = 2049.059 ; gain = 0.000

Phase 3.6 Re-assign LUT pins
Phase 3.6 Re-assign LUT pins | Checksum: 1b539731e

Time (s): cpu = 00:00:10 ; elapsed = 00:00:07 . Memory (MB): peak = 2049.059 ; gain = 0.000

Phase 3.7 Pipeline Register Optimization
Phase 3.7 Pipeline Register Optimization | Checksum: 130c3a6cf

Time (s): cpu = 00:00:10 ; elapsed = 00:00:07 . Memory (MB): peak = 2049.059 ; gain = 0.000
Phase 3 Detail Placement | Checksum: 130c3a6cf

Time (s): cpu = 00:00:10 ; elapsed = 00:00:07 . Memory (MB): peak = 2049.059 ; gain = 0.000

Phase 4 Post Placement Optimization and Clean-Up

Phase 4.1 Post Commit Optimization
INFO: [Timing 38-35] Done setting XDC timing constraints.

Phase 4.1.1 Post Placement Optimization
Post Placement Optimization Initialization | Checksum: 11ec02cd6

Phase 4.1.1.1 BUFG Insertion

Starting Physical Synthesis Task

Phase 1 Physical Synthesis Initialization
INFO: [Physopt 32-721] Multithreading enabled for phys_opt_design using a maximum of 2 CPUs
INFO: [Physopt 32-619] Estimated Timing Summary | WNS=3.181 | TNS=0.000 |
Phase 1 Physical Synthesis Initialization | Checksum: 1b544e253

Time (s): cpu = 00:00:00 ; elapsed = 00:00:00.161 . Memory (MB): peak = 2049.059 ; gain = 0.000
INFO: [Place 46-56] BUFG insertion identified 0 candidate nets. Inserted BUFG: 0, Replicated BUFG Driver: 0, Skipped due to Placement/Routing Conflicts: 0, Skipped due to Timing Degradation: 0, Skipped due to netlist editing failed: 0.
Ending Physical Synthesis Task | Checksum: 1b544e253

Time (s): cpu = 00:00:00 ; elapsed = 00:00:00.191 . Memory (MB): peak = 2049.059 ; gain = 0.000
Phase 4.1.1.1 BUFG Insertion | Checksum: 11ec02cd6

Time (s): cpu = 00:00:11 ; elapsed = 00:00:08 . Memory (MB): peak = 2049.059 ; gain = 0.000

Phase 4.1.1.2 Post Placement Timing Optimization
INFO: [Place 30-746] Post Placement Timing Summary WNS=3.181. For the most accurate timing information please run report_timing.
Phase 4.1.1.2 Post Placement Timing Optimization | Checksum: 20120b9d2

Time (s): cpu = 00:00:11 ; elapsed = 00:00:08 . Memory (MB): peak = 2049.059 ; gain = 0.000

Time (s): cpu = 00:00:11 ; elapsed = 00:00:08 . Memory (MB): peak = 2049.059 ; gain = 0.000
Phase 4.1 Post Commit Optimization | Checksum: 20120b9d2

Time (s): cpu = 00:00:11 ; elapsed = 00:00:08 . Memory (MB): peak = 2049.059 ; gain = 0.000

Phase 4.2 Post Placement Cleanup
Phase 4.2 Post Placement Cleanup | Checksum: 20120b9d2

Time (s): cpu = 00:00:11 ; elapsed = 00:00:08 . Memory (MB): peak = 2049.059 ; gain = 0.000

Phase 4.3 Placer Reporting

Phase 4.3.1 Print Estimated Congestion
INFO: [Place 30-612] Post-Placement Estimated Congestion 
 ____________________________________________________
|           | Global Congestion | Short Congestion  |
| Direction | Region Size       | Region Size       |
|___________|___________________|___________________|
|      North|                1x1|                1x1|
|___________|___________________|___________________|
|      South|                1x1|                2x2|
|___________|___________________|___________________|
|       East|                1x1|                1x1|
|___________|___________________|___________________|
|       West|                1x1|                1x1|
|___________|___________________|___________________|

Phase 4.3.1 Print Estimated Congestion | Checksum: 20120b9d2

Time (s): cpu = 00:00:11 ; elapsed = 00:00:08 . Memory (MB): peak = 2049.059 ; gain = 0.000
Phase 4.3 Placer Reporting | Checksum: 20120b9d2

Time (s): cpu = 00:00:11 ; elapsed = 00:00:08 . Memory (MB): peak = 2049.059 ; gain = 0.000

Phase 4.4 Final Placement Cleanup
Netlist sorting complete. Time (s): cpu = 00:00:00 ; elapsed = 00:00:00.005 . Memory (MB): peak = 2049.059 ; gain = 0.000

Time (s): cpu = 00:00:11 ; elapsed = 00:00:08 . Memory (MB): peak = 2049.059 ; gain = 0.000
Phase 4 Post Placement Optimization and Clean-Up | Checksum: 14c25dd9c

Time (s): cpu = 00:00:11 ; elapsed = 00:00:08 . Memory (MB): peak = 2049.059 ; gain = 0.000
Ending Placer Task | Checksum: 5d60f0f7

Time (s): cpu = 00:00:11 ; elapsed = 00:00:08 . Memory (MB): peak = 2049.059 ; gain = 0.000
INFO: [Common 17-83] Releasing license: Implementation
78 Infos, 1 Warnings, 0 Critical Warnings and 0 Errors encountered.
place_design completed successfully
place_design: Time (s): cpu = 00:00:13 ; elapsed = 00:00:09 . Memory (MB): peak = 2049.059 ; gain = 0.000
INFO: [runtcl-4] Executing : report_io -file design_4_wrapper_io_placed.rpt
report_io: Time (s): cpu = 00:00:00 ; elapsed = 00:00:00.038 . Memory (MB): peak = 2049.059 ; gain = 0.000
INFO: [runtcl-4] Executing : report_utilization -file design_4_wrapper_utilization_placed.rpt -pb design_4_wrapper_utilization_placed.pb
INFO: [runtcl-4] Executing : report_control_sets -verbose -file design_4_wrapper_control_sets_placed.rpt
report_control_sets: Time (s): cpu = 00:00:00 ; elapsed = 00:00:00.013 . Memory (MB): peak = 2049.059 ; gain = 0.000
INFO: [Timing 38-480] Writing timing data to binary archive.
Writing XDEF routing.
Writing XDEF routing logical nets.
Writing XDEF routing special nets.
Write XDEF Complete: Time (s): cpu = 00:00:01 ; elapsed = 00:00:00.350 . Memory (MB): peak = 2049.059 ; gain = 0.000
INFO: [Common 17-1381] The checkpoint 'C:/Users/oscar/OneDrive/Documentos/UCM/5_QUINTO/SE/Practicas_SE/Practica4/hw/Practica4/Practica4/Practica4.runs/impl_1/design_4_wrapper_placed.dcp' has been generated.
Command: phys_opt_design
Attempting to get a license for feature 'Implementation' and/or device 'xc7a35t'
INFO: [Common 17-349] Got license for feature 'Implementation' and/or device 'xc7a35t'

Starting Initial Update Timing Task

Time (s): cpu = 00:00:01 ; elapsed = 00:00:00.491 . Memory (MB): peak = 2049.059 ; gain = 0.000
INFO: [Vivado_Tcl 4-383] Design worst setup slack (WNS) is greater than or equal to 0.000 ns. Skipping all physical synthesis optimizations.
INFO: [Vivado_Tcl 4-232] No setup violation found. The netlist was not modified.
INFO: [Common 17-83] Releasing license: Implementation
87 Infos, 1 Warnings, 0 Critical Warnings and 0 Errors encountered.
phys_opt_design completed successfully
INFO: [Timing 38-480] Writing timing data to binary archive.
Writing XDEF routing.
Writing XDEF routing logical nets.
Writing XDEF routing special nets.
Write XDEF Complete: Time (s): cpu = 00:00:01 ; elapsed = 00:00:00.359 . Memory (MB): peak = 2049.059 ; gain = 0.000
INFO: [Common 17-1381] The checkpoint 'C:/Users/oscar/OneDrive/Documentos/UCM/5_QUINTO/SE/Practicas_SE/Practica4/hw/Practica4/Practica4/Practica4.runs/impl_1/design_4_wrapper_physopt.dcp' has been generated.
Command: route_design
Attempting to get a license for feature 'Implementation' and/or device 'xc7a35t'
INFO: [Common 17-349] Got license for feature 'Implementation' and/or device 'xc7a35t'
Running DRC as a precondition to command route_design
INFO: [DRC 23-27] Running DRC with 2 threads
INFO: [Vivado_Tcl 4-198] DRC finished with 0 Errors
INFO: [Vivado_Tcl 4-199] Please refer to the DRC report (report_drc) for more information.


Starting Routing Task
INFO: [Route 35-254] Multithreading enabled for route_design using a maximum of 2 CPUs

Phase 1 Build RT Design
Checksum: PlaceDB: 48f97157 ConstDB: 0 ShapeSum: 14677fa0 RouteDB: 0
Post Restoration Checksum: NetGraph: e7b20b6 | NumContArr: ff656e29 | Constraints: 190a55ad | Timing: 0
Phase 1 Build RT Design | Checksum: 126eae48c

Time (s): cpu = 00:00:21 ; elapsed = 00:00:20 . Memory (MB): peak = 2099.379 ; gain = 50.320

Phase 2 Router Initialization

Phase 2.1 Fix Topology Constraints
Phase 2.1 Fix Topology Constraints | Checksum: 126eae48c

Time (s): cpu = 00:00:21 ; elapsed = 00:00:20 . Memory (MB): peak = 2099.379 ; gain = 50.320

Phase 2.2 Pre Route Cleanup
Phase 2.2 Pre Route Cleanup | Checksum: 126eae48c

Time (s): cpu = 00:00:21 ; elapsed = 00:00:20 . Memory (MB): peak = 2099.379 ; gain = 50.320
 Number of Nodes with overlaps = 0

Phase 2.3 Update Timing
Phase 2.3 Update Timing | Checksum: 178292d0f

Time (s): cpu = 00:00:22 ; elapsed = 00:00:21 . Memory (MB): peak = 2105.422 ; gain = 56.363
INFO: [Route 35-416] Intermediate Timing Summary | WNS=3.258  | TNS=0.000  | WHS=-0.183 | THS=-42.363|


Router Utilization Summary
  Global Vertical Routing Utilization    = 0.00884956 %
  Global Horizontal Routing Utilization  = 0.00377408 %
  Routable Net Status*
  *Does not include unroutable nets such as driverless and loadless.
  Run report_route_status for detailed report.
  Number of Failed Nets               = 2917
    (Failed Nets is the sum of unrouted and partially routed nets)
  Number of Unrouted Nets             = 2916
  Number of Partially Routed Nets     = 1
  Number of Node Overlaps             = 0

Phase 2 Router Initialization | Checksum: 12c7da8e0

Time (s): cpu = 00:00:23 ; elapsed = 00:00:22 . Memory (MB): peak = 2105.422 ; gain = 56.363

Phase 3 Initial Routing

Phase 3.1 Global Routing
Phase 3.1 Global Routing | Checksum: 12c7da8e0

Time (s): cpu = 00:00:23 ; elapsed = 00:00:22 . Memory (MB): peak = 2105.422 ; gain = 56.363
Phase 3 Initial Routing | Checksum: 18ff384f7

Time (s): cpu = 00:00:24 ; elapsed = 00:00:22 . Memory (MB): peak = 2105.422 ; gain = 56.363

Phase 4 Rip-up And Reroute

Phase 4.1 Global Iteration 0
 Number of Nodes with overlaps = 303
 Number of Nodes with overlaps = 12
 Number of Nodes with overlaps = 2
 Number of Nodes with overlaps = 0
INFO: [Route 35-416] Intermediate Timing Summary | WNS=2.989  | TNS=0.000  | WHS=N/A    | THS=N/A    |

Phase 4.1 Global Iteration 0 | Checksum: 9c211929

Time (s): cpu = 00:00:25 ; elapsed = 00:00:23 . Memory (MB): peak = 2105.422 ; gain = 56.363

Phase 4.2 Global Iteration 1
 Number of Nodes with overlaps = 1
 Number of Nodes with overlaps = 0
INFO: [Route 35-416] Intermediate Timing Summary | WNS=2.989  | TNS=0.000  | WHS=N/A    | THS=N/A    |

Phase 4.2 Global Iteration 1 | Checksum: bcafcc3f

Time (s): cpu = 00:00:25 ; elapsed = 00:00:24 . Memory (MB): peak = 2105.422 ; gain = 56.363
Phase 4 Rip-up And Reroute | Checksum: bcafcc3f

Time (s): cpu = 00:00:25 ; elapsed = 00:00:24 . Memory (MB): peak = 2105.422 ; gain = 56.363

Phase 5 Delay and Skew Optimization

Phase 5.1 Delay CleanUp
Phase 5.1 Delay CleanUp | Checksum: bcafcc3f

Time (s): cpu = 00:00:25 ; elapsed = 00:00:24 . Memory (MB): peak = 2105.422 ; gain = 56.363

Phase 5.2 Clock Skew Optimization
Phase 5.2 Clock Skew Optimization | Checksum: bcafcc3f

Time (s): cpu = 00:00:25 ; elapsed = 00:00:24 . Memory (MB): peak = 2105.422 ; gain = 56.363
Phase 5 Delay and Skew Optimization | Checksum: bcafcc3f

Time (s): cpu = 00:00:25 ; elapsed = 00:00:24 . Memory (MB): peak = 2105.422 ; gain = 56.363

Phase 6 Post Hold Fix

Phase 6.1 Hold Fix Iter

Phase 6.1.1 Update Timing
Phase 6.1.1 Update Timing | Checksum: 126fafc0f

Time (s): cpu = 00:00:26 ; elapsed = 00:00:24 . Memory (MB): peak = 2105.422 ; gain = 56.363
INFO: [Route 35-416] Intermediate Timing Summary | WNS=2.989  | TNS=0.000  | WHS=0.020  | THS=0.000  |

Phase 6.1 Hold Fix Iter | Checksum: 1109c1dc9

Time (s): cpu = 00:00:26 ; elapsed = 00:00:24 . Memory (MB): peak = 2105.422 ; gain = 56.363
Phase 6 Post Hold Fix | Checksum: 1109c1dc9

Time (s): cpu = 00:00:26 ; elapsed = 00:00:24 . Memory (MB): peak = 2105.422 ; gain = 56.363

Phase 7 Route finalize

Router Utilization Summary
  Global Vertical Routing Utilization    = 1.00694 %
  Global Horizontal Routing Utilization  = 1.2811 %
  Routable Net Status*
  *Does not include unroutable nets such as driverless and loadless.
  Run report_route_status for detailed report.
  Number of Failed Nets               = 0
    (Failed Nets is the sum of unrouted and partially routed nets)
  Number of Unrouted Nets             = 0
  Number of Partially Routed Nets     = 0
  Number of Node Overlaps             = 0

Phase 7 Route finalize | Checksum: dd3e1311

Time (s): cpu = 00:00:26 ; elapsed = 00:00:24 . Memory (MB): peak = 2105.422 ; gain = 56.363

Phase 8 Verifying routed nets

 Verification completed successfully
Phase 8 Verifying routed nets | Checksum: dd3e1311

Time (s): cpu = 00:00:26 ; elapsed = 00:00:24 . Memory (MB): peak = 2105.422 ; gain = 56.363

Phase 9 Depositing Routes
Phase 9 Depositing Routes | Checksum: 1272a99c7

Time (s): cpu = 00:00:26 ; elapsed = 00:00:24 . Memory (MB): peak = 2105.422 ; gain = 56.363

Phase 10 Post Router Timing
INFO: [Route 35-57] Estimated Timing Summary | WNS=2.989  | TNS=0.000  | WHS=0.020  | THS=0.000  |

INFO: [Route 35-327] The final timing numbers are based on the router estimated timing analysis. For a complete and accurate timing signoff, please run report_timing_summary.
Phase 10 Post Router Timing | Checksum: 1272a99c7

Time (s): cpu = 00:00:26 ; elapsed = 00:00:24 . Memory (MB): peak = 2105.422 ; gain = 56.363
INFO: [Route 35-16] Router Completed Successfully

Phase 11 Post-Route Event Processing
Phase 11 Post-Route Event Processing | Checksum: df5ceb0a

Time (s): cpu = 00:00:26 ; elapsed = 00:00:24 . Memory (MB): peak = 2105.422 ; gain = 56.363

Time (s): cpu = 00:00:26 ; elapsed = 00:00:24 . Memory (MB): peak = 2105.422 ; gain = 56.363

Routing Is Done.
INFO: [Common 17-83] Releasing license: Implementation
102 Infos, 1 Warnings, 0 Critical Warnings and 0 Errors encountered.
route_design completed successfully
route_design: Time (s): cpu = 00:00:27 ; elapsed = 00:00:25 . Memory (MB): peak = 2105.422 ; gain = 56.363
INFO: [runtcl-4] Executing : report_drc -file design_4_wrapper_drc_routed.rpt -pb design_4_wrapper_drc_routed.pb -rpx design_4_wrapper_drc_routed.rpx
Command: report_drc -file design_4_wrapper_drc_routed.rpt -pb design_4_wrapper_drc_routed.pb -rpx design_4_wrapper_drc_routed.rpx
INFO: [IP_Flow 19-1839] IP Catalog is up to date.
INFO: [DRC 23-27] Running DRC with 2 threads
INFO: [Vivado_Tcl 2-168] The results of DRC are in file C:/Users/oscar/OneDrive/Documentos/UCM/5_QUINTO/SE/Practicas_SE/Practica4/hw/Practica4/Practica4/Practica4.runs/impl_1/design_4_wrapper_drc_routed.rpt.
report_drc completed successfully
INFO: [runtcl-4] Executing : report_methodology -file design_4_wrapper_methodology_drc_routed.rpt -pb design_4_wrapper_methodology_drc_routed.pb -rpx design_4_wrapper_methodology_drc_routed.rpx
Command: report_methodology -file design_4_wrapper_methodology_drc_routed.rpt -pb design_4_wrapper_methodology_drc_routed.pb -rpx design_4_wrapper_methodology_drc_routed.rpx
INFO: [Timing 38-35] Done setting XDC timing constraints.
INFO: [DRC 23-133] Running Methodology with 2 threads
INFO: [Vivado_Tcl 2-1520] The results of Report Methodology are in file C:/Users/oscar/OneDrive/Documentos/UCM/5_QUINTO/SE/Practicas_SE/Practica4/hw/Practica4/Practica4/Practica4.runs/impl_1/design_4_wrapper_methodology_drc_routed.rpt.
report_methodology completed successfully
INFO: [runtcl-4] Executing : report_power -file design_4_wrapper_power_routed.rpt -pb design_4_wrapper_power_summary_routed.pb -rpx design_4_wrapper_power_routed.rpx
Command: report_power -file design_4_wrapper_power_routed.rpt -pb design_4_wrapper_power_summary_routed.pb -rpx design_4_wrapper_power_routed.rpx
INFO: [Timing 38-35] Done setting XDC timing constraints.
Running Vector-less Activity Propagation...

Finished Running Vector-less Activity Propagation
WARNING: [Power 33-332] Found switching activity that implies high-fanout reset nets being asserted for excessive periods of time which may result in inaccurate power analysis.
Resolution: To review and fix problems, please run Power Constraints Advisor in the GUI from Tools > Power Constraints Advisor or run report_power with the -advisory option to generate a text report.
112 Infos, 2 Warnings, 0 Critical Warnings and 0 Errors encountered.
report_power completed successfully
INFO: [runtcl-4] Executing : report_route_status -file design_4_wrapper_route_status.rpt -pb design_4_wrapper_route_status.pb
INFO: [runtcl-4] Executing : report_timing_summary -max_paths 10 -report_unconstrained -file design_4_wrapper_timing_summary_routed.rpt -pb design_4_wrapper_timing_summary_routed.pb -rpx design_4_wrapper_timing_summary_routed.rpx -warn_on_violation 
INFO: [Timing 38-91] UpdateTimingParams: Speed grade: -1, Delay Type: min_max.
INFO: [Timing 38-191] Multithreading enabled for timing update using a maximum of 2 CPUs
INFO: [runtcl-4] Executing : report_incremental_reuse -file design_4_wrapper_incremental_reuse_routed.rpt
INFO: [Vivado_Tcl 4-1062] Incremental flow is disabled. No incremental reuse Info to report.
INFO: [runtcl-4] Executing : report_clock_utilization -file design_4_wrapper_clock_utilization_routed.rpt
INFO: [runtcl-4] Executing : report_bus_skew -warn_on_violation -file design_4_wrapper_bus_skew_routed.rpt -pb design_4_wrapper_bus_skew_routed.pb -rpx design_4_wrapper_bus_skew_routed.rpx
INFO: [Timing 38-91] UpdateTimingParams: Speed grade: -1, Delay Type: min_max.
INFO: [Timing 38-191] Multithreading enabled for timing update using a maximum of 2 CPUs
INFO: [Timing 38-480] Writing timing data to binary archive.
Writing XDEF routing.
Writing XDEF routing logical nets.
Writing XDEF routing special nets.
Write XDEF Complete: Time (s): cpu = 00:00:02 ; elapsed = 00:00:00.394 . Memory (MB): peak = 2155.836 ; gain = 14.223
INFO: [Common 17-1381] The checkpoint 'C:/Users/oscar/OneDrive/Documentos/UCM/5_QUINTO/SE/Practicas_SE/Practica4/hw/Practica4/Practica4/Practica4.runs/impl_1/design_4_wrapper_routed.dcp' has been generated.
Command: write_bitstream -force design_4_wrapper.bit
Attempting to get a license for feature 'Implementation' and/or device 'xc7a35t'
INFO: [Common 17-349] Got license for feature 'Implementation' and/or device 'xc7a35t'
Running DRC as a precondition to command write_bitstream
INFO: [IP_Flow 19-1839] IP Catalog is up to date.
INFO: [DRC 23-27] Running DRC with 2 threads
WARNING: [DRC CFGBVS-1] Missing CFGBVS and CONFIG_VOLTAGE Design Properties: Neither the CFGBVS nor CONFIG_VOLTAGE voltage property is set in the current_design.  Configuration bank voltage select (CFGBVS) must be set to VCCO or GND, and CONFIG_VOLTAGE must be set to the correct configuration voltage, in order to determine the I/O voltage support for the pins in bank 0.  It is suggested to specify these either using the 'Edit Device Properties' function in the GUI or directly in the XDC file using the following syntax:

 set_property CFGBVS value1 [current_design]
 #where value1 is either VCCO or GND

 set_property CONFIG_VOLTAGE value2 [current_design]
 #where value2 is the voltage provided to configuration bank 0

Refer to the device configuration user guide for more information.
INFO: [Vivado 12-3199] DRC finished with 0 Errors, 1 Warnings
INFO: [Vivado 12-3200] Please refer to the DRC report (report_drc) for more information.
INFO: [Designutils 20-2272] Running write_bitstream with 2 threads.
Loading data files...
Loading site data...
Loading route data...
Processing options...
Creating bitmap...
Creating bitstream...
Writing bitstream ./design_4_wrapper.bit...
INFO: [Vivado 12-1842] Bitgen Completed Successfully.
INFO: [Project 1-1876] WebTalk data collection is mandatory when using a ULT device. To see the specific WebTalk data collected for your design, open the usage_statistics_webtalk.html or usage_statistics_webtalk.xml file in the implementation directory.
INFO: [Common 17-83] Releasing license: Implementation
14 Infos, 1 Warnings, 0 Critical Warnings and 0 Errors encountered.
write_bitstream completed successfully
write_bitstream: Time (s): cpu = 00:00:14 ; elapsed = 00:00:11 . Memory (MB): peak = 2668.992 ; gain = 513.156
INFO: [Common 17-206] Exiting Vivado at Sun Nov 30 12:55:08 2025...
