17:03:42 DEBUG : Logs will be stored at 'C:/Users/usuario_local/Documents/SE/Practicas_SE/Practica3/sw/IDE.log'.
17:03:45 INFO  : Launching XSCT server: xsct.bat -n  -interactive C:\Users\usuario_local\Documents\SE\Practicas_SE\Practica3\sw\temp_xsdb_launch_script.tcl
17:03:45 INFO  : Registering command handlers for Vitis TCF services
17:03:46 INFO  : Platform repository initialization has completed.
17:03:48 INFO  : XSCT server has started successfully.
17:03:50 INFO  : plnx-install-location is set to ''
17:03:50 INFO  : Successfully done setting XSCT server connection channel  
17:03:50 INFO  : Successfully done query RDI_DATADIR 
17:03:50 INFO  : Successfully done setting workspace for the tool. 
17:05:46 INFO  : Result from executing command 'getProjects': design_3_wrapper
17:05:46 INFO  : Result from executing command 'getPlatforms': xilinx_vck190_base_202310_1|C:/software/electronica/xilinx/Vitis/2023.1/base_platforms/xilinx_vck190_base_202310_1/xilinx_vck190_base_202310_1.xpfm;xilinx_vck190_base_dfx_202310_1|C:/software/electronica/xilinx/Vitis/2023.1/base_platforms/xilinx_vck190_base_dfx_202310_1/xilinx_vck190_base_dfx_202310_1.xpfm;xilinx_vek280_es1_base_202310_1|C:/software/electronica/xilinx/Vitis/2023.1/base_platforms/xilinx_vek280_es1_base_202310_1/xilinx_vek280_es1_base_202310_1.xpfm;xilinx_vmk180_base_202310_1|C:/software/electronica/xilinx/Vitis/2023.1/base_platforms/xilinx_vmk180_base_202310_1/xilinx_vmk180_base_202310_1.xpfm;xilinx_zcu102_base_202310_1|C:/software/electronica/xilinx/Vitis/2023.1/base_platforms/xilinx_zcu102_base_202310_1/xilinx_zcu102_base_202310_1.xpfm;xilinx_zcu102_base_dfx_202310_1|C:/software/electronica/xilinx/Vitis/2023.1/base_platforms/xilinx_zcu102_base_dfx_202310_1/xilinx_zcu102_base_dfx_202310_1.xpfm;xilinx_zcu104_base_202310_1|C:/software/electronica/xilinx/Vitis/2023.1/base_platforms/xilinx_zcu104_base_202310_1/xilinx_zcu104_base_202310_1.xpfm
17:05:47 WARN  : An unexpected exception occurred in the module 'platform project logging'
17:05:47 INFO  : Platform 'design_3_wrapper' is added to custom repositories.
17:05:49 INFO  : Platform 'design_3_wrapper' is added to custom repositories.
17:16:15 INFO  : Result from executing command 'getProjects': design_3_wrapper
17:16:15 INFO  : Result from executing command 'getPlatforms': design_3_wrapper|C:/Users/usuario_local/Documents/SE/Practicas_SE/Practica3/sw/design_3_wrapper/export/design_3_wrapper/design_3_wrapper.xpfm;xilinx_vck190_base_202310_1|C:/software/electronica/xilinx/Vitis/2023.1/base_platforms/xilinx_vck190_base_202310_1/xilinx_vck190_base_202310_1.xpfm;xilinx_vck190_base_dfx_202310_1|C:/software/electronica/xilinx/Vitis/2023.1/base_platforms/xilinx_vck190_base_dfx_202310_1/xilinx_vck190_base_dfx_202310_1.xpfm;xilinx_vek280_es1_base_202310_1|C:/software/electronica/xilinx/Vitis/2023.1/base_platforms/xilinx_vek280_es1_base_202310_1/xilinx_vek280_es1_base_202310_1.xpfm;xilinx_vmk180_base_202310_1|C:/software/electronica/xilinx/Vitis/2023.1/base_platforms/xilinx_vmk180_base_202310_1/xilinx_vmk180_base_202310_1.xpfm;xilinx_zcu102_base_202310_1|C:/software/electronica/xilinx/Vitis/2023.1/base_platforms/xilinx_zcu102_base_202310_1/xilinx_zcu102_base_202310_1.xpfm;xilinx_zcu102_base_dfx_202310_1|C:/software/electronica/xilinx/Vitis/2023.1/base_platforms/xilinx_zcu102_base_dfx_202310_1/xilinx_zcu102_base_dfx_202310_1.xpfm;xilinx_zcu104_base_202310_1|C:/software/electronica/xilinx/Vitis/2023.1/base_platforms/xilinx_zcu104_base_202310_1/xilinx_zcu104_base_202310_1.xpfm
17:16:16 INFO  : Checking for BSP changes to sync application flags for project 'Pract3'...
17:16:34 INFO  : Checking for BSP changes to sync application flags for project 'Pract3'...
17:16:58 INFO  : Bit file 'C:/Users/usuario_local/Documents/SE/Practicas_SE/Practica3/sw/Pract3/_ide/bitstream/download.bit' is generated.
17:17:00 INFO  : Connected to target on host '127.0.0.1' and port '3121'.
17:17:00 INFO  : 'targets -set -filter {jtag_cable_name =~ "Digilent Basys3 210183BB7CB4A" && level==0 && jtag_device_ctx=="jsn-Basys3-210183BB7CB4A-0362d093-0"}' command is executed.
17:17:01 INFO  : Device configured successfully with "C:/Users/usuario_local/Documents/SE/Practicas_SE/Practica3/sw/Pract3/_ide/bitstream/download.bit"
17:18:33 INFO  : Checking for BSP changes to sync application flags for project 'Pract3'...
17:18:51 INFO  : Bit file 'C:/Users/usuario_local/Documents/SE/Practicas_SE/Practica3/sw/Pract3/_ide/bitstream/download.bit' is generated.
17:18:51 INFO  : Connected to target on host '127.0.0.1' and port '3121'.
17:18:51 INFO  : 'targets -set -filter {jtag_cable_name =~ "Digilent Basys3 210183BB7CB4A" && level==0 && jtag_device_ctx=="jsn-Basys3-210183BB7CB4A-0362d093-0"}' command is executed.
17:18:53 INFO  : Device configured successfully with "C:/Users/usuario_local/Documents/SE/Practicas_SE/Practica3/sw/Pract3/_ide/bitstream/download.bit"
17:21:53 INFO  : Checking for BSP changes to sync application flags for project 'Pract3'...
17:22:14 INFO  : Bit file 'C:/Users/usuario_local/Documents/SE/Practicas_SE/Practica3/sw/Pract3/_ide/bitstream/download.bit' is generated.
17:22:14 INFO  : Connected to target on host '127.0.0.1' and port '3121'.
17:22:14 INFO  : 'targets -set -filter {jtag_cable_name =~ "Digilent Basys3 210183BB7CB4A" && level==0 && jtag_device_ctx=="jsn-Basys3-210183BB7CB4A-0362d093-0"}' command is executed.
17:22:16 INFO  : Device configured successfully with "C:/Users/usuario_local/Documents/SE/Practicas_SE/Practica3/sw/Pract3/_ide/bitstream/download.bit"
17:23:46 INFO  : Result from executing command 'removePlatformRepo': 
17:23:52 INFO  : Result from executing command 'getProjects': design_3_wrapper
17:23:52 INFO  : Result from executing command 'getPlatforms': xilinx_vck190_base_202310_1|C:/software/electronica/xilinx/Vitis/2023.1/base_platforms/xilinx_vck190_base_202310_1/xilinx_vck190_base_202310_1.xpfm;xilinx_vck190_base_dfx_202310_1|C:/software/electronica/xilinx/Vitis/2023.1/base_platforms/xilinx_vck190_base_dfx_202310_1/xilinx_vck190_base_dfx_202310_1.xpfm;xilinx_vek280_es1_base_202310_1|C:/software/electronica/xilinx/Vitis/2023.1/base_platforms/xilinx_vek280_es1_base_202310_1/xilinx_vek280_es1_base_202310_1.xpfm;xilinx_vmk180_base_202310_1|C:/software/electronica/xilinx/Vitis/2023.1/base_platforms/xilinx_vmk180_base_202310_1/xilinx_vmk180_base_202310_1.xpfm;xilinx_zcu102_base_202310_1|C:/software/electronica/xilinx/Vitis/2023.1/base_platforms/xilinx_zcu102_base_202310_1/xilinx_zcu102_base_202310_1.xpfm;xilinx_zcu102_base_dfx_202310_1|C:/software/electronica/xilinx/Vitis/2023.1/base_platforms/xilinx_zcu102_base_dfx_202310_1/xilinx_zcu102_base_dfx_202310_1.xpfm;xilinx_zcu104_base_202310_1|C:/software/electronica/xilinx/Vitis/2023.1/base_platforms/xilinx_zcu104_base_202310_1/xilinx_zcu104_base_202310_1.xpfm
17:23:53 INFO  : Checking for BSP changes to sync application flags for project 'Pract3'...
17:26:43 INFO  : Checking for BSP changes to sync application flags for project 'Pract3'...
17:27:02 INFO  : Bit file 'C:/Users/usuario_local/Documents/SE/Practicas_SE/Practica3/sw/Pract3/_ide/bitstream/download.bit' is generated.
17:27:02 INFO  : Connected to target on host '127.0.0.1' and port '3121'.
17:27:02 INFO  : 'targets -set -filter {jtag_cable_name =~ "Digilent Basys3 210183BB7CB4A" && level==0 && jtag_device_ctx=="jsn-Basys3-210183BB7CB4A-0362d093-0"}' command is executed.
17:27:03 INFO  : Device configured successfully with "C:/Users/usuario_local/Documents/SE/Practicas_SE/Practica3/sw/Pract3/_ide/bitstream/download.bit"
17:28:40 INFO  : Result from executing command 'removePlatformRepo': 
17:28:44 INFO  : Result from executing command 'getProjects': design_3_wrapper
17:28:44 INFO  : Result from executing command 'getPlatforms': xilinx_vck190_base_202310_1|C:/software/electronica/xilinx/Vitis/2023.1/base_platforms/xilinx_vck190_base_202310_1/xilinx_vck190_base_202310_1.xpfm;xilinx_vck190_base_dfx_202310_1|C:/software/electronica/xilinx/Vitis/2023.1/base_platforms/xilinx_vck190_base_dfx_202310_1/xilinx_vck190_base_dfx_202310_1.xpfm;xilinx_vek280_es1_base_202310_1|C:/software/electronica/xilinx/Vitis/2023.1/base_platforms/xilinx_vek280_es1_base_202310_1/xilinx_vek280_es1_base_202310_1.xpfm;xilinx_vmk180_base_202310_1|C:/software/electronica/xilinx/Vitis/2023.1/base_platforms/xilinx_vmk180_base_202310_1/xilinx_vmk180_base_202310_1.xpfm;xilinx_zcu102_base_202310_1|C:/software/electronica/xilinx/Vitis/2023.1/base_platforms/xilinx_zcu102_base_202310_1/xilinx_zcu102_base_202310_1.xpfm;xilinx_zcu102_base_dfx_202310_1|C:/software/electronica/xilinx/Vitis/2023.1/base_platforms/xilinx_zcu102_base_dfx_202310_1/xilinx_zcu102_base_dfx_202310_1.xpfm;xilinx_zcu104_base_202310_1|C:/software/electronica/xilinx/Vitis/2023.1/base_platforms/xilinx_zcu104_base_202310_1/xilinx_zcu104_base_202310_1.xpfm
17:28:45 INFO  : Checking for BSP changes to sync application flags for project 'Pract3'...
17:29:27 INFO  : Checking for BSP changes to sync application flags for project 'Pract3'...
17:29:46 INFO  : Bit file 'C:/Users/usuario_local/Documents/SE/Practicas_SE/Practica3/sw/Pract3/_ide/bitstream/download.bit' is generated.
17:29:46 INFO  : Connected to target on host '127.0.0.1' and port '3121'.
17:29:46 INFO  : 'targets -set -filter {jtag_cable_name =~ "Digilent Basys3 210183BB7CB4A" && level==0 && jtag_device_ctx=="jsn-Basys3-210183BB7CB4A-0362d093-0"}' command is executed.
17:29:47 INFO  : Device configured successfully with "C:/Users/usuario_local/Documents/SE/Practicas_SE/Practica3/sw/Pract3/_ide/bitstream/download.bit"
