TRACE::2025-12-02.11:00:19::SCWPlatform::Trying to open the hw design at C:/Users/oscar/OneDrive/Documentos/UCM/5_QUINTO/SE/Practicas_SE/Practica5/sw/design_5_wrapper/hw/design_5_wrapper.xsa
TRACE::2025-12-02.11:00:19::SCWPlatform::DSA given C:/Users/oscar/OneDrive/Documentos/UCM/5_QUINTO/SE/Practicas_SE/Practica5/sw/design_5_wrapper/hw/design_5_wrapper.xsa
TRACE::2025-12-02.11:00:19::SCWPlatform::DSA absoulate path C:/Users/oscar/OneDrive/Documentos/UCM/5_QUINTO/SE/Practicas_SE/Practica5/sw/design_5_wrapper/hw/design_5_wrapper.xsa
TRACE::2025-12-02.11:00:19::SCWPlatform::DSA directory C:/Users/oscar/OneDrive/Documentos/UCM/5_QUINTO/SE/Practicas_SE/Practica5/sw/design_5_wrapper/hw
TRACE::2025-12-02.11:00:19::SCWPlatform:: Platform Path C:/Users/oscar/OneDrive/Documentos/UCM/5_QUINTO/SE/Practicas_SE/Practica5/sw/design_5_wrapper/hw/design_5_wrapper.xsa
TRACE::2025-12-02.11:00:19::SCWPlatform:: Unique name xilinx:basys3::0.0
TRACE::2025-12-02.11:00:19::SCWPlatform::Do not have an existing db opened. 
TRACE::2025-12-02.11:00:20::SCWPlatform::Opened new HwDB with name design_5_wrapper_0
TRACE::2025-12-02.11:00:20::SCWWriter::formatted JSON is {
	"platformName":	"design_5_wrapper",
	"sprVersion":	"2.0",
	"mode":	"gui",
	"dsaType":	"Fixed",
	"platformDesc":	"design_5_wrapper",
	"platHandOff":	"C:/Users/oscar/OneDrive/Documentos/UCM/5_QUINTO/SE/Practicas_SE/Practica5/hw/design_5_wrapper.xsa",
	"platIntHandOff":	"<platformDir>/hw/design_5_wrapper.xsa",
	"deviceType":	"FPGA",
	"platIsPrebuiltAutogen":	"false",
	"platIsNoBootBsp":	"false",
	"hasFsblMakeHasChanges":	"false",
	"hasPmufwMakeHasChanges":	"false",
	"platPreBuiltFlag":	false,
	"platformSamplesDir":	""
}
TRACE::2025-12-02.11:00:20::SCWWriter::formatted JSON is {
	"platformName":	"design_5_wrapper",
	"sprVersion":	"2.0",
	"mode":	"gui",
	"dsaType":	"Fixed",
	"platformDesc":	"design_5_wrapper",
	"platHandOff":	"C:/Users/oscar/OneDrive/Documentos/UCM/5_QUINTO/SE/Practicas_SE/Practica5/hw/design_5_wrapper.xsa",
	"platIntHandOff":	"<platformDir>/hw/design_5_wrapper.xsa",
	"deviceType":	"FPGA",
	"platIsPrebuiltAutogen":	"false",
	"platIsNoBootBsp":	"false",
	"hasFsblMakeHasChanges":	"false",
	"hasPmufwMakeHasChanges":	"false",
	"platPreBuiltFlag":	false,
	"platformSamplesDir":	"",
	"platActiveSys":	"design_5_wrapper",
	"systems":	[{
			"systemName":	"design_5_wrapper",
			"systemDesc":	"design_5_wrapper",
			"sysIsBootAutoGen":	"true",
			"systemDispName":	"design_5_wrapper"
		}]
}
TRACE::2025-12-02.11:00:20::SCWPlatform::Boot application domains not present, creating them
TRACE::2025-12-02.11:00:20::SCWPlatform::Pure FPGA device, no boot application will be created.
TRACE::2025-12-02.11:00:20::SCWWriter::formatted JSON is {
	"platformName":	"design_5_wrapper",
	"sprVersion":	"2.0",
	"mode":	"gui",
	"dsaType":	"Fixed",
	"platformDesc":	"design_5_wrapper",
	"platHandOff":	"C:/Users/oscar/OneDrive/Documentos/UCM/5_QUINTO/SE/Practicas_SE/Practica5/hw/design_5_wrapper.xsa",
	"platIntHandOff":	"<platformDir>/hw/design_5_wrapper.xsa",
	"deviceType":	"FPGA",
	"platIsPrebuiltAutogen":	"false",
	"platIsNoBootBsp":	"false",
	"hasFsblMakeHasChanges":	"false",
	"hasPmufwMakeHasChanges":	"false",
	"platPreBuiltFlag":	false,
	"platformSamplesDir":	"",
	"platActiveSys":	"design_5_wrapper",
	"systems":	[{
			"systemName":	"design_5_wrapper",
			"systemDesc":	"design_5_wrapper",
			"sysIsBootAutoGen":	"true",
			"systemDispName":	"design_5_wrapper"
		}]
}
TRACE::2025-12-02.11:00:20::SCWWriter::formatted JSON is {
	"platformName":	"design_5_wrapper",
	"sprVersion":	"2.0",
	"mode":	"gui",
	"dsaType":	"Fixed",
	"platformDesc":	"design_5_wrapper",
	"platHandOff":	"C:/Users/oscar/OneDrive/Documentos/UCM/5_QUINTO/SE/Practicas_SE/Practica5/hw/design_5_wrapper.xsa",
	"platIntHandOff":	"<platformDir>/hw/design_5_wrapper.xsa",
	"deviceType":	"FPGA",
	"platIsPrebuiltAutogen":	"false",
	"platIsNoBootBsp":	"false",
	"hasFsblMakeHasChanges":	"false",
	"hasPmufwMakeHasChanges":	"false",
	"platPreBuiltFlag":	false,
	"platformSamplesDir":	"",
	"platActiveSys":	"design_5_wrapper",
	"systems":	[{
			"systemName":	"design_5_wrapper",
			"systemDesc":	"design_5_wrapper",
			"sysIsBootAutoGen":	"true",
			"systemDispName":	"design_5_wrapper"
		}]
}
TRACE::2025-12-02.11:00:20::SCWPlatform::Trying to open the hw design at C:/Users/oscar/OneDrive/Documentos/UCM/5_QUINTO/SE/Practicas_SE/Practica5/sw/design_5_wrapper/hw/design_5_wrapper.xsa
TRACE::2025-12-02.11:00:20::SCWPlatform::DSA given C:/Users/oscar/OneDrive/Documentos/UCM/5_QUINTO/SE/Practicas_SE/Practica5/sw/design_5_wrapper/hw/design_5_wrapper.xsa
TRACE::2025-12-02.11:00:20::SCWPlatform::DSA absoulate path C:/Users/oscar/OneDrive/Documentos/UCM/5_QUINTO/SE/Practicas_SE/Practica5/sw/design_5_wrapper/hw/design_5_wrapper.xsa
TRACE::2025-12-02.11:00:20::SCWPlatform::DSA directory C:/Users/oscar/OneDrive/Documentos/UCM/5_QUINTO/SE/Practicas_SE/Practica5/sw/design_5_wrapper/hw
TRACE::2025-12-02.11:00:20::SCWPlatform:: Platform Path C:/Users/oscar/OneDrive/Documentos/UCM/5_QUINTO/SE/Practicas_SE/Practica5/sw/design_5_wrapper/hw/design_5_wrapper.xsa
TRACE::2025-12-02.11:00:20::SCWPlatform:: Unique name xilinx:basys3::0.0
TRACE::2025-12-02.11:00:20::SCWPlatform::Trying to set the existing hwdb with name design_5_wrapper_0
TRACE::2025-12-02.11:00:20::SCWPlatform::Opened existing hwdb design_5_wrapper_0
TRACE::2025-12-02.11:00:20::SCWPlatform::Found the Hw Db part of the input DSA
TRACE::2025-12-02.11:00:20::SCWPlatform::Trying to open the hw design at C:/Users/oscar/OneDrive/Documentos/UCM/5_QUINTO/SE/Practicas_SE/Practica5/sw/design_5_wrapper/hw/design_5_wrapper.xsa
TRACE::2025-12-02.11:00:20::SCWPlatform::DSA given C:/Users/oscar/OneDrive/Documentos/UCM/5_QUINTO/SE/Practicas_SE/Practica5/sw/design_5_wrapper/hw/design_5_wrapper.xsa
TRACE::2025-12-02.11:00:20::SCWPlatform::DSA absoulate path C:/Users/oscar/OneDrive/Documentos/UCM/5_QUINTO/SE/Practicas_SE/Practica5/sw/design_5_wrapper/hw/design_5_wrapper.xsa
TRACE::2025-12-02.11:00:20::SCWPlatform::DSA directory C:/Users/oscar/OneDrive/Documentos/UCM/5_QUINTO/SE/Practicas_SE/Practica5/sw/design_5_wrapper/hw
TRACE::2025-12-02.11:00:20::SCWPlatform:: Platform Path C:/Users/oscar/OneDrive/Documentos/UCM/5_QUINTO/SE/Practicas_SE/Practica5/sw/design_5_wrapper/hw/design_5_wrapper.xsa
TRACE::2025-12-02.11:00:20::SCWPlatform:: Unique name xilinx:basys3::0.0
TRACE::2025-12-02.11:00:20::SCWPlatform::Trying to set the existing hwdb with name design_5_wrapper_0
TRACE::2025-12-02.11:00:20::SCWPlatform::Opened existing hwdb design_5_wrapper_0
TRACE::2025-12-02.11:00:20::SCWPlatform::Found the Hw Db part of the input DSA
TRACE::2025-12-02.11:00:20::SCWDomain::checking for install qemu data   : 
TRACE::2025-12-02.11:00:20::SCWPlatform::Trying to open the hw design at C:/Users/oscar/OneDrive/Documentos/UCM/5_QUINTO/SE/Practicas_SE/Practica5/sw/design_5_wrapper/hw/design_5_wrapper.xsa
TRACE::2025-12-02.11:00:20::SCWPlatform::DSA given C:/Users/oscar/OneDrive/Documentos/UCM/5_QUINTO/SE/Practicas_SE/Practica5/sw/design_5_wrapper/hw/design_5_wrapper.xsa
TRACE::2025-12-02.11:00:20::SCWPlatform::DSA absoulate path C:/Users/oscar/OneDrive/Documentos/UCM/5_QUINTO/SE/Practicas_SE/Practica5/sw/design_5_wrapper/hw/design_5_wrapper.xsa
TRACE::2025-12-02.11:00:20::SCWPlatform::DSA directory C:/Users/oscar/OneDrive/Documentos/UCM/5_QUINTO/SE/Practicas_SE/Practica5/sw/design_5_wrapper/hw
TRACE::2025-12-02.11:00:20::SCWPlatform:: Platform Path C:/Users/oscar/OneDrive/Documentos/UCM/5_QUINTO/SE/Practicas_SE/Practica5/sw/design_5_wrapper/hw/design_5_wrapper.xsa
TRACE::2025-12-02.11:00:20::SCWPlatform:: Unique name xilinx:basys3::0.0
TRACE::2025-12-02.11:00:20::SCWPlatform::Trying to set the existing hwdb with name design_5_wrapper_0
TRACE::2025-12-02.11:00:20::SCWPlatform::Opened existing hwdb design_5_wrapper_0
TRACE::2025-12-02.11:00:20::SCWPlatform::Found the Hw Db part of the input DSA
TRACE::2025-12-02.11:00:20::SCWPlatform::Trying to open the hw design at C:/Users/oscar/OneDrive/Documentos/UCM/5_QUINTO/SE/Practicas_SE/Practica5/sw/design_5_wrapper/hw/design_5_wrapper.xsa
TRACE::2025-12-02.11:00:20::SCWPlatform::DSA given C:/Users/oscar/OneDrive/Documentos/UCM/5_QUINTO/SE/Practicas_SE/Practica5/sw/design_5_wrapper/hw/design_5_wrapper.xsa
TRACE::2025-12-02.11:00:20::SCWPlatform::DSA absoulate path C:/Users/oscar/OneDrive/Documentos/UCM/5_QUINTO/SE/Practicas_SE/Practica5/sw/design_5_wrapper/hw/design_5_wrapper.xsa
TRACE::2025-12-02.11:00:20::SCWPlatform::DSA directory C:/Users/oscar/OneDrive/Documentos/UCM/5_QUINTO/SE/Practicas_SE/Practica5/sw/design_5_wrapper/hw
TRACE::2025-12-02.11:00:20::SCWPlatform:: Platform Path C:/Users/oscar/OneDrive/Documentos/UCM/5_QUINTO/SE/Practicas_SE/Practica5/sw/design_5_wrapper/hw/design_5_wrapper.xsa
TRACE::2025-12-02.11:00:20::SCWPlatform:: Unique name xilinx:basys3::0.0
TRACE::2025-12-02.11:00:20::SCWPlatform::Trying to set the existing hwdb with name design_5_wrapper_0
TRACE::2025-12-02.11:00:20::SCWPlatform::Opened existing hwdb design_5_wrapper_0
TRACE::2025-12-02.11:00:20::SCWPlatform::Found the Hw Db part of the input DSA
TRACE::2025-12-02.11:00:20::SCWPlatform::Trying to open the hw design at C:/Users/oscar/OneDrive/Documentos/UCM/5_QUINTO/SE/Practicas_SE/Practica5/sw/design_5_wrapper/hw/design_5_wrapper.xsa
TRACE::2025-12-02.11:00:20::SCWPlatform::DSA given C:/Users/oscar/OneDrive/Documentos/UCM/5_QUINTO/SE/Practicas_SE/Practica5/sw/design_5_wrapper/hw/design_5_wrapper.xsa
TRACE::2025-12-02.11:00:20::SCWPlatform::DSA absoulate path C:/Users/oscar/OneDrive/Documentos/UCM/5_QUINTO/SE/Practicas_SE/Practica5/sw/design_5_wrapper/hw/design_5_wrapper.xsa
TRACE::2025-12-02.11:00:20::SCWPlatform::DSA directory C:/Users/oscar/OneDrive/Documentos/UCM/5_QUINTO/SE/Practicas_SE/Practica5/sw/design_5_wrapper/hw
TRACE::2025-12-02.11:00:20::SCWPlatform:: Platform Path C:/Users/oscar/OneDrive/Documentos/UCM/5_QUINTO/SE/Practicas_SE/Practica5/sw/design_5_wrapper/hw/design_5_wrapper.xsa
TRACE::2025-12-02.11:00:20::SCWPlatform:: Unique name xilinx:basys3::0.0
TRACE::2025-12-02.11:00:20::SCWPlatform::Trying to set the existing hwdb with name design_5_wrapper_0
TRACE::2025-12-02.11:00:20::SCWPlatform::Opened existing hwdb design_5_wrapper_0
TRACE::2025-12-02.11:00:20::SCWPlatform::Found the Hw Db part of the input DSA
TRACE::2025-12-02.11:00:20::SCWMssOS::Checking the sw design at  C:/Users/oscar/OneDrive/Documentos/UCM/5_QUINTO/SE/Practicas_SE/Practica5/sw/design_5_wrapper/microblaze_0/standalone_microblaze_0/bsp/system.mss
TRACE::2025-12-02.11:00:20::SCWMssOS::DEBUG:  swdes dump  
TRACE::2025-12-02.11:00:20::SCWMssOS::No sw design opened at  C:/Users/oscar/OneDrive/Documentos/UCM/5_QUINTO/SE/Practicas_SE/Practica5/sw/design_5_wrapper/microblaze_0/standalone_microblaze_0/bsp/system.mss
TRACE::2025-12-02.11:00:20::SCWMssOS::mss does not exists at C:/Users/oscar/OneDrive/Documentos/UCM/5_QUINTO/SE/Practicas_SE/Practica5/sw/design_5_wrapper/microblaze_0/standalone_microblaze_0/bsp/system.mss
TRACE::2025-12-02.11:00:20::SCWMssOS::Creating sw design at  C:/Users/oscar/OneDrive/Documentos/UCM/5_QUINTO/SE/Practicas_SE/Practica5/sw/design_5_wrapper/microblaze_0/standalone_microblaze_0/bsp/system.mss
TRACE::2025-12-02.11:00:20::SCWMssOS::Adding the swdes entry, created swdb C:/Users/oscar/OneDrive/Documentos/UCM/5_QUINTO/SE/Practicas_SE/Practica5/sw/design_5_wrapper/microblaze_0/standalone_microblaze_0/bsp/system.mss with des name C:/Users/oscar/OneDrive/Documentos/UCM/5_QUINTO/SE/Practicas_SE/Practica5/sw/design_5_wrapper/microblaze_0/standalone_microblaze_0/bsp/system.mss
TRACE::2025-12-02.11:00:20::SCWMssOS::updating the scw layer changes to swdes at   C:/Users/oscar/OneDrive/Documentos/UCM/5_QUINTO/SE/Practicas_SE/Practica5/sw/design_5_wrapper/microblaze_0/standalone_microblaze_0/bsp/system.mss
TRACE::2025-12-02.11:00:20::SCWMssOS::Writing mss at C:/Users/oscar/OneDrive/Documentos/UCM/5_QUINTO/SE/Practicas_SE/Practica5/sw/design_5_wrapper/microblaze_0/standalone_microblaze_0/bsp/system.mss
TRACE::2025-12-02.11:00:20::SCWMssOS::Completed writing the mss file at C:/Users/oscar/OneDrive/Documentos/UCM/5_QUINTO/SE/Practicas_SE/Practica5/sw/design_5_wrapper/microblaze_0/standalone_microblaze_0/bsp
TRACE::2025-12-02.11:00:20::SCWMssOS::Picking up changes from newly written mss file into SCW Layer. 
TRACE::2025-12-02.11:00:20::SCWMssOS::Updated the changes from newly written mss file into SCW Layer. 
TRACE::2025-12-02.11:00:20::SCWMssOS::Completed writing the mss file at C:/Users/oscar/OneDrive/Documentos/UCM/5_QUINTO/SE/Practicas_SE/Practica5/sw/design_5_wrapper/microblaze_0/standalone_microblaze_0/bsp
TRACE::2025-12-02.11:00:20::SCWMssOS::Forcing BSP Sources regeneration.
TRACE::2025-12-02.11:00:22::SCWMssOS::Saving the mss changes C:/Users/oscar/OneDrive/Documentos/UCM/5_QUINTO/SE/Practicas_SE/Practica5/sw/design_5_wrapper/microblaze_0/standalone_microblaze_0/bsp/system.mss
TRACE::2025-12-02.11:00:22::SCWMssOS::Adding the swdes entry, mss present, able to open swdb C:/Users/oscar/OneDrive/Documentos/UCM/5_QUINTO/SE/Practicas_SE/Practica5/sw/design_5_wrapper/microblaze_0/standalone_microblaze_0/bsp/system.mss with des name system
TRACE::2025-12-02.11:00:22::SCWMssOS::Writing the mss file completed C:/Users/oscar/OneDrive/Documentos/UCM/5_QUINTO/SE/Practicas_SE/Practica5/sw/design_5_wrapper/microblaze_0/standalone_microblaze_0/bsp/system.mss
TRACE::2025-12-02.11:00:22::SCWMssOS::Commit changes completed.
TRACE::2025-12-02.11:00:22::SCWPlatform::Trying to open the hw design at C:/Users/oscar/OneDrive/Documentos/UCM/5_QUINTO/SE/Practicas_SE/Practica5/sw/design_5_wrapper/hw/design_5_wrapper.xsa
TRACE::2025-12-02.11:00:22::SCWPlatform::DSA given C:/Users/oscar/OneDrive/Documentos/UCM/5_QUINTO/SE/Practicas_SE/Practica5/sw/design_5_wrapper/hw/design_5_wrapper.xsa
TRACE::2025-12-02.11:00:22::SCWPlatform::DSA absoulate path C:/Users/oscar/OneDrive/Documentos/UCM/5_QUINTO/SE/Practicas_SE/Practica5/sw/design_5_wrapper/hw/design_5_wrapper.xsa
TRACE::2025-12-02.11:00:22::SCWPlatform::DSA directory C:/Users/oscar/OneDrive/Documentos/UCM/5_QUINTO/SE/Practicas_SE/Practica5/sw/design_5_wrapper/hw
TRACE::2025-12-02.11:00:22::SCWPlatform:: Platform Path C:/Users/oscar/OneDrive/Documentos/UCM/5_QUINTO/SE/Practicas_SE/Practica5/sw/design_5_wrapper/hw/design_5_wrapper.xsa
TRACE::2025-12-02.11:00:22::SCWPlatform:: Unique name xilinx:basys3::0.0
TRACE::2025-12-02.11:00:22::SCWPlatform::Trying to set the existing hwdb with name design_5_wrapper_0
TRACE::2025-12-02.11:00:22::SCWPlatform::Opened existing hwdb design_5_wrapper_0
TRACE::2025-12-02.11:00:22::SCWPlatform::Found the Hw Db part of the input DSA
TRACE::2025-12-02.11:00:22::SCWMssOS::Checking the sw design at  C:/Users/oscar/OneDrive/Documentos/UCM/5_QUINTO/SE/Practicas_SE/Practica5/sw/design_5_wrapper/microblaze_0/standalone_microblaze_0/bsp/system.mss
TRACE::2025-12-02.11:00:22::SCWMssOS::DEBUG:  swdes dump  C:/Users/oscar/OneDrive/Documentos/UCM/5_QUINTO/SE/Practicas_SE/Practica5/sw/design_5_wrapper/microblaze_0/standalone_microblaze_0/bsp/system.mss|system||

TRACE::2025-12-02.11:00:22::SCWMssOS::Sw design exists and opened at  C:/Users/oscar/OneDrive/Documentos/UCM/5_QUINTO/SE/Practicas_SE/Practica5/sw/design_5_wrapper/microblaze_0/standalone_microblaze_0/bsp/system.mss
TRACE::2025-12-02.11:00:22::SCWPlatform::Trying to open the hw design at C:/Users/oscar/OneDrive/Documentos/UCM/5_QUINTO/SE/Practicas_SE/Practica5/sw/design_5_wrapper/hw/design_5_wrapper.xsa
TRACE::2025-12-02.11:00:22::SCWPlatform::DSA given C:/Users/oscar/OneDrive/Documentos/UCM/5_QUINTO/SE/Practicas_SE/Practica5/sw/design_5_wrapper/hw/design_5_wrapper.xsa
TRACE::2025-12-02.11:00:22::SCWPlatform::DSA absoulate path C:/Users/oscar/OneDrive/Documentos/UCM/5_QUINTO/SE/Practicas_SE/Practica5/sw/design_5_wrapper/hw/design_5_wrapper.xsa
TRACE::2025-12-02.11:00:22::SCWPlatform::DSA directory C:/Users/oscar/OneDrive/Documentos/UCM/5_QUINTO/SE/Practicas_SE/Practica5/sw/design_5_wrapper/hw
TRACE::2025-12-02.11:00:22::SCWPlatform:: Platform Path C:/Users/oscar/OneDrive/Documentos/UCM/5_QUINTO/SE/Practicas_SE/Practica5/sw/design_5_wrapper/hw/design_5_wrapper.xsa
TRACE::2025-12-02.11:00:22::SCWPlatform:: Unique name xilinx:basys3::0.0
TRACE::2025-12-02.11:00:22::SCWPlatform::Trying to set the existing hwdb with name design_5_wrapper_0
TRACE::2025-12-02.11:00:22::SCWPlatform::Opened existing hwdb design_5_wrapper_0
TRACE::2025-12-02.11:00:22::SCWPlatform::Found the Hw Db part of the input DSA
TRACE::2025-12-02.11:00:22::SCWMssOS::Checking the sw design at  C:/Users/oscar/OneDrive/Documentos/UCM/5_QUINTO/SE/Practicas_SE/Practica5/sw/design_5_wrapper/microblaze_0/standalone_microblaze_0/bsp/system.mss
TRACE::2025-12-02.11:00:22::SCWMssOS::DEBUG:  swdes dump  C:/Users/oscar/OneDrive/Documentos/UCM/5_QUINTO/SE/Practicas_SE/Practica5/sw/design_5_wrapper/microblaze_0/standalone_microblaze_0/bsp/system.mss|system||

TRACE::2025-12-02.11:00:22::SCWMssOS::Sw design exists and opened at  C:/Users/oscar/OneDrive/Documentos/UCM/5_QUINTO/SE/Practicas_SE/Practica5/sw/design_5_wrapper/microblaze_0/standalone_microblaze_0/bsp/system.mss
TRACE::2025-12-02.11:00:22::SCWPlatform::Trying to open the hw design at C:/Users/oscar/OneDrive/Documentos/UCM/5_QUINTO/SE/Practicas_SE/Practica5/sw/design_5_wrapper/hw/design_5_wrapper.xsa
TRACE::2025-12-02.11:00:22::SCWPlatform::DSA given C:/Users/oscar/OneDrive/Documentos/UCM/5_QUINTO/SE/Practicas_SE/Practica5/sw/design_5_wrapper/hw/design_5_wrapper.xsa
TRACE::2025-12-02.11:00:22::SCWPlatform::DSA absoulate path C:/Users/oscar/OneDrive/Documentos/UCM/5_QUINTO/SE/Practicas_SE/Practica5/sw/design_5_wrapper/hw/design_5_wrapper.xsa
TRACE::2025-12-02.11:00:22::SCWPlatform::DSA directory C:/Users/oscar/OneDrive/Documentos/UCM/5_QUINTO/SE/Practicas_SE/Practica5/sw/design_5_wrapper/hw
TRACE::2025-12-02.11:00:22::SCWPlatform:: Platform Path C:/Users/oscar/OneDrive/Documentos/UCM/5_QUINTO/SE/Practicas_SE/Practica5/sw/design_5_wrapper/hw/design_5_wrapper.xsa
TRACE::2025-12-02.11:00:22::SCWPlatform:: Unique name xilinx:basys3::0.0
TRACE::2025-12-02.11:00:22::SCWPlatform::Trying to set the existing hwdb with name design_5_wrapper_0
TRACE::2025-12-02.11:00:22::SCWPlatform::Opened existing hwdb design_5_wrapper_0
TRACE::2025-12-02.11:00:22::SCWPlatform::Found the Hw Db part of the input DSA
TRACE::2025-12-02.11:00:22::SCWMssOS::Checking the sw design at  C:/Users/oscar/OneDrive/Documentos/UCM/5_QUINTO/SE/Practicas_SE/Practica5/sw/design_5_wrapper/microblaze_0/standalone_microblaze_0/bsp/system.mss
TRACE::2025-12-02.11:00:22::SCWMssOS::DEBUG:  swdes dump  C:/Users/oscar/OneDrive/Documentos/UCM/5_QUINTO/SE/Practicas_SE/Practica5/sw/design_5_wrapper/microblaze_0/standalone_microblaze_0/bsp/system.mss|system||

TRACE::2025-12-02.11:00:22::SCWMssOS::Sw design exists and opened at  C:/Users/oscar/OneDrive/Documentos/UCM/5_QUINTO/SE/Practicas_SE/Practica5/sw/design_5_wrapper/microblaze_0/standalone_microblaze_0/bsp/system.mss
TRACE::2025-12-02.11:00:22::SCWWriter::formatted JSON is {
	"platformName":	"design_5_wrapper",
	"sprVersion":	"2.0",
	"mode":	"gui",
	"dsaType":	"Fixed",
	"platformDesc":	"design_5_wrapper",
	"platHandOff":	"C:/Users/oscar/OneDrive/Documentos/UCM/5_QUINTO/SE/Practicas_SE/Practica5/hw/design_5_wrapper.xsa",
	"platIntHandOff":	"<platformDir>/hw/design_5_wrapper.xsa",
	"deviceType":	"FPGA",
	"platIsPrebuiltAutogen":	"false",
	"platIsNoBootBsp":	"false",
	"hasFsblMakeHasChanges":	"false",
	"hasPmufwMakeHasChanges":	"false",
	"platPreBuiltFlag":	false,
	"platformSamplesDir":	"",
	"platActiveSys":	"design_5_wrapper",
	"systems":	[{
			"systemName":	"design_5_wrapper",
			"systemDesc":	"design_5_wrapper",
			"sysIsBootAutoGen":	"true",
			"systemDispName":	"design_5_wrapper",
			"sysActiveDom":	"standalone_microblaze_0",
			"sysDefaultDom":	"standalone_microblaze_0",
			"domains":	[{
					"domainName":	"standalone_microblaze_0",
					"domainDispName":	"standalone_microblaze_0",
					"domainDesc":	"standalone_microblaze_0",
					"processors":	"microblaze_0",
					"os":	"standalone",
					"sdxOs":	"standalone",
					"debugEnable":	"False",
					"domRuntimes":	["cpp"],
					"swRepo":	"",
					"mssOsVer":	"8.1",
					"mssFile":	"",
					"md5Digest":	"870844621c9e8fdb73d7cf282e183a37",
					"compatibleApp":	"peripheral_tests",
					"domType":	"mssDomain",
					"arch":	"32-bit",
					"appSettings":	{
						"appCompilerFlags":	"",
						"appLinkerFlags":	""
					},
					"addedLibs":	[],
					"libOptions":	{
						"libsContainingOptions":	[]
					},
					"prebuiltLibs":	{
						"prebuiltIncPath":	[],
						"prebuiltLibPath":	[]
					},
					"isolation":	{
					}
				}]
		}]
}
LOG::2025-12-02.11:00:22::SCWPlatform::Started generating the artifacts platform design_5_wrapper
TRACE::2025-12-02.11:00:22::SCWPlatform::Sanity checking of platform is completed
LOG::2025-12-02.11:00:22::SCWPlatform::Started generating the artifacts for system configuration design_5_wrapper
LOG::2025-12-02.11:00:22::SCWSystem::Checking the domain standalone_microblaze_0
LOG::2025-12-02.11:00:22::SCWSystem::Not a boot domain 
LOG::2025-12-02.11:00:22::SCWSystem::Started Processing the domain standalone_microblaze_0
TRACE::2025-12-02.11:00:22::SCWDomain::Generating domain artifcats
TRACE::2025-12-02.11:00:22::SCWMssOS::Generating standalone artifcats
TRACE::2025-12-02.11:00:22::SCWMssOS:: Copying the user libraries. 
TRACE::2025-12-02.11:00:22::SCWPlatform::Trying to open the hw design at C:/Users/oscar/OneDrive/Documentos/UCM/5_QUINTO/SE/Practicas_SE/Practica5/sw/design_5_wrapper/hw/design_5_wrapper.xsa
TRACE::2025-12-02.11:00:22::SCWPlatform::DSA given C:/Users/oscar/OneDrive/Documentos/UCM/5_QUINTO/SE/Practicas_SE/Practica5/sw/design_5_wrapper/hw/design_5_wrapper.xsa
TRACE::2025-12-02.11:00:22::SCWPlatform::DSA absoulate path C:/Users/oscar/OneDrive/Documentos/UCM/5_QUINTO/SE/Practicas_SE/Practica5/sw/design_5_wrapper/hw/design_5_wrapper.xsa
TRACE::2025-12-02.11:00:22::SCWPlatform::DSA directory C:/Users/oscar/OneDrive/Documentos/UCM/5_QUINTO/SE/Practicas_SE/Practica5/sw/design_5_wrapper/hw
TRACE::2025-12-02.11:00:22::SCWPlatform:: Platform Path C:/Users/oscar/OneDrive/Documentos/UCM/5_QUINTO/SE/Practicas_SE/Practica5/sw/design_5_wrapper/hw/design_5_wrapper.xsa
TRACE::2025-12-02.11:00:22::SCWPlatform:: Unique name xilinx:basys3::0.0
TRACE::2025-12-02.11:00:22::SCWPlatform::Trying to set the existing hwdb with name design_5_wrapper_0
TRACE::2025-12-02.11:00:22::SCWPlatform::Opened existing hwdb design_5_wrapper_0
TRACE::2025-12-02.11:00:22::SCWPlatform::Found the Hw Db part of the input DSA
TRACE::2025-12-02.11:00:22::SCWMssOS::Checking the sw design at  C:/Users/oscar/OneDrive/Documentos/UCM/5_QUINTO/SE/Practicas_SE/Practica5/sw/design_5_wrapper/microblaze_0/standalone_microblaze_0/bsp/system.mss
TRACE::2025-12-02.11:00:22::SCWMssOS::DEBUG:  swdes dump  C:/Users/oscar/OneDrive/Documentos/UCM/5_QUINTO/SE/Practicas_SE/Practica5/sw/design_5_wrapper/microblaze_0/standalone_microblaze_0/bsp/system.mss|system||

TRACE::2025-12-02.11:00:22::SCWMssOS::Sw design exists and opened at  C:/Users/oscar/OneDrive/Documentos/UCM/5_QUINTO/SE/Practicas_SE/Practica5/sw/design_5_wrapper/microblaze_0/standalone_microblaze_0/bsp/system.mss
TRACE::2025-12-02.11:00:22::SCWMssOS::Completed writing the mss file at C:/Users/oscar/OneDrive/Documentos/UCM/5_QUINTO/SE/Practicas_SE/Practica5/sw/design_5_wrapper/microblaze_0/standalone_microblaze_0/bsp
TRACE::2025-12-02.11:00:22::SCWMssOS::Mss edits present, copying mssfile into export location C:/Users/oscar/OneDrive/Documentos/UCM/5_QUINTO/SE/Practicas_SE/Practica5/sw/design_5_wrapper/microblaze_0/standalone_microblaze_0/bsp/system.mss
TRACE::2025-12-02.11:00:22::SCWMssOS::bsp generated is upto date with the mss file. Skipping bsp generation.
TRACE::2025-12-02.11:00:22::SCWMssOS::BSP is already built. skipping the bsp build ... 
TRACE::2025-12-02.11:00:22::SCWDomain::Skipping the build for domain :  standalone_microblaze_0
TRACE::2025-12-02.11:00:22::SCWMssOS::skipping the bsp build ... 
TRACE::2025-12-02.11:00:22::SCWMssOS::Copying to export directory.
TRACE::2025-12-02.11:00:22::SCWMssOS:: Checking if to create the Supporting Applications
TRACE::2025-12-02.11:00:22::SCWMssOS:: No Linux domain exists, trying to generate FSBL 
LOG::2025-12-02.11:00:22::SCWSystem::Completed Processing the domain standalone_microblaze_0
LOG::2025-12-02.11:00:22::SCWSystem::Completed Processing the sysconfig design_5_wrapper
LOG::2025-12-02.11:00:22::SCWPlatform::Completed generating the artifacts for system configuration design_5_wrapper
TRACE::2025-12-02.11:00:22::SCWPlatform::Started preparing the platform 
TRACE::2025-12-02.11:00:22::SCWSystem::Writing the bif file for system config design_5_wrapper
TRACE::2025-12-02.11:00:22::SCWSystem::dir created 
TRACE::2025-12-02.11:00:22::SCWSystem::Writing the bif 
TRACE::2025-12-02.11:00:22::SCWPlatform::Started writing the spfm file 
TRACE::2025-12-02.11:00:22::SCWPlatform::Started writing the xpfm file 
TRACE::2025-12-02.11:00:22::SCWPlatform::Completed generating the platform
TRACE::2025-12-02.11:00:22::SCWMssOS::Saving the mss changes C:/Users/oscar/OneDrive/Documentos/UCM/5_QUINTO/SE/Practicas_SE/Practica5/sw/design_5_wrapper/microblaze_0/standalone_microblaze_0/bsp/system.mss
TRACE::2025-12-02.11:00:22::SCWMssOS::Found a swdesign opened with the mssfile.
TRACE::2025-12-02.11:00:22::SCWMssOS::Completed writemss as part of save.
TRACE::2025-12-02.11:00:22::SCWMssOS::Commit changes completed.
TRACE::2025-12-02.11:00:22::SCWPlatform::Trying to open the hw design at C:/Users/oscar/OneDrive/Documentos/UCM/5_QUINTO/SE/Practicas_SE/Practica5/sw/design_5_wrapper/hw/design_5_wrapper.xsa
TRACE::2025-12-02.11:00:22::SCWPlatform::DSA given C:/Users/oscar/OneDrive/Documentos/UCM/5_QUINTO/SE/Practicas_SE/Practica5/sw/design_5_wrapper/hw/design_5_wrapper.xsa
TRACE::2025-12-02.11:00:22::SCWPlatform::DSA absoulate path C:/Users/oscar/OneDrive/Documentos/UCM/5_QUINTO/SE/Practicas_SE/Practica5/sw/design_5_wrapper/hw/design_5_wrapper.xsa
TRACE::2025-12-02.11:00:22::SCWPlatform::DSA directory C:/Users/oscar/OneDrive/Documentos/UCM/5_QUINTO/SE/Practicas_SE/Practica5/sw/design_5_wrapper/hw
TRACE::2025-12-02.11:00:22::SCWPlatform:: Platform Path C:/Users/oscar/OneDrive/Documentos/UCM/5_QUINTO/SE/Practicas_SE/Practica5/sw/design_5_wrapper/hw/design_5_wrapper.xsa
TRACE::2025-12-02.11:00:22::SCWPlatform:: Unique name xilinx:basys3::0.0
TRACE::2025-12-02.11:00:22::SCWPlatform::Trying to set the existing hwdb with name design_5_wrapper_0
TRACE::2025-12-02.11:00:22::SCWPlatform::Opened existing hwdb design_5_wrapper_0
TRACE::2025-12-02.11:00:22::SCWPlatform::Found the Hw Db part of the input DSA
TRACE::2025-12-02.11:00:22::SCWMssOS::Checking the sw design at  C:/Users/oscar/OneDrive/Documentos/UCM/5_QUINTO/SE/Practicas_SE/Practica5/sw/design_5_wrapper/microblaze_0/standalone_microblaze_0/bsp/system.mss
TRACE::2025-12-02.11:00:22::SCWMssOS::DEBUG:  swdes dump  C:/Users/oscar/OneDrive/Documentos/UCM/5_QUINTO/SE/Practicas_SE/Practica5/sw/design_5_wrapper/microblaze_0/standalone_microblaze_0/bsp/system.mss|system||

TRACE::2025-12-02.11:00:22::SCWMssOS::Sw design exists and opened at  C:/Users/oscar/OneDrive/Documentos/UCM/5_QUINTO/SE/Practicas_SE/Practica5/sw/design_5_wrapper/microblaze_0/standalone_microblaze_0/bsp/system.mss
TRACE::2025-12-02.11:00:22::SCWPlatform::Trying to open the hw design at C:/Users/oscar/OneDrive/Documentos/UCM/5_QUINTO/SE/Practicas_SE/Practica5/sw/design_5_wrapper/hw/design_5_wrapper.xsa
TRACE::2025-12-02.11:00:22::SCWPlatform::DSA given C:/Users/oscar/OneDrive/Documentos/UCM/5_QUINTO/SE/Practicas_SE/Practica5/sw/design_5_wrapper/hw/design_5_wrapper.xsa
TRACE::2025-12-02.11:00:22::SCWPlatform::DSA absoulate path C:/Users/oscar/OneDrive/Documentos/UCM/5_QUINTO/SE/Practicas_SE/Practica5/sw/design_5_wrapper/hw/design_5_wrapper.xsa
TRACE::2025-12-02.11:00:22::SCWPlatform::DSA directory C:/Users/oscar/OneDrive/Documentos/UCM/5_QUINTO/SE/Practicas_SE/Practica5/sw/design_5_wrapper/hw
TRACE::2025-12-02.11:00:22::SCWPlatform:: Platform Path C:/Users/oscar/OneDrive/Documentos/UCM/5_QUINTO/SE/Practicas_SE/Practica5/sw/design_5_wrapper/hw/design_5_wrapper.xsa
TRACE::2025-12-02.11:00:22::SCWPlatform:: Unique name xilinx:basys3::0.0
TRACE::2025-12-02.11:00:22::SCWPlatform::Trying to set the existing hwdb with name design_5_wrapper_0
TRACE::2025-12-02.11:00:22::SCWPlatform::Opened existing hwdb design_5_wrapper_0
TRACE::2025-12-02.11:00:22::SCWPlatform::Found the Hw Db part of the input DSA
TRACE::2025-12-02.11:00:22::SCWMssOS::Checking the sw design at  C:/Users/oscar/OneDrive/Documentos/UCM/5_QUINTO/SE/Practicas_SE/Practica5/sw/design_5_wrapper/microblaze_0/standalone_microblaze_0/bsp/system.mss
TRACE::2025-12-02.11:00:22::SCWMssOS::DEBUG:  swdes dump  C:/Users/oscar/OneDrive/Documentos/UCM/5_QUINTO/SE/Practicas_SE/Practica5/sw/design_5_wrapper/microblaze_0/standalone_microblaze_0/bsp/system.mss|system||

TRACE::2025-12-02.11:00:22::SCWMssOS::Sw design exists and opened at  C:/Users/oscar/OneDrive/Documentos/UCM/5_QUINTO/SE/Practicas_SE/Practica5/sw/design_5_wrapper/microblaze_0/standalone_microblaze_0/bsp/system.mss
TRACE::2025-12-02.11:00:22::SCWPlatform::Trying to open the hw design at C:/Users/oscar/OneDrive/Documentos/UCM/5_QUINTO/SE/Practicas_SE/Practica5/sw/design_5_wrapper/hw/design_5_wrapper.xsa
TRACE::2025-12-02.11:00:22::SCWPlatform::DSA given C:/Users/oscar/OneDrive/Documentos/UCM/5_QUINTO/SE/Practicas_SE/Practica5/sw/design_5_wrapper/hw/design_5_wrapper.xsa
TRACE::2025-12-02.11:00:22::SCWPlatform::DSA absoulate path C:/Users/oscar/OneDrive/Documentos/UCM/5_QUINTO/SE/Practicas_SE/Practica5/sw/design_5_wrapper/hw/design_5_wrapper.xsa
TRACE::2025-12-02.11:00:22::SCWPlatform::DSA directory C:/Users/oscar/OneDrive/Documentos/UCM/5_QUINTO/SE/Practicas_SE/Practica5/sw/design_5_wrapper/hw
TRACE::2025-12-02.11:00:22::SCWPlatform:: Platform Path C:/Users/oscar/OneDrive/Documentos/UCM/5_QUINTO/SE/Practicas_SE/Practica5/sw/design_5_wrapper/hw/design_5_wrapper.xsa
TRACE::2025-12-02.11:00:22::SCWPlatform:: Unique name xilinx:basys3::0.0
TRACE::2025-12-02.11:00:22::SCWPlatform::Trying to set the existing hwdb with name design_5_wrapper_0
TRACE::2025-12-02.11:00:22::SCWPlatform::Opened existing hwdb design_5_wrapper_0
TRACE::2025-12-02.11:00:22::SCWPlatform::Found the Hw Db part of the input DSA
TRACE::2025-12-02.11:00:22::SCWMssOS::Checking the sw design at  C:/Users/oscar/OneDrive/Documentos/UCM/5_QUINTO/SE/Practicas_SE/Practica5/sw/design_5_wrapper/microblaze_0/standalone_microblaze_0/bsp/system.mss
TRACE::2025-12-02.11:00:22::SCWMssOS::DEBUG:  swdes dump  C:/Users/oscar/OneDrive/Documentos/UCM/5_QUINTO/SE/Practicas_SE/Practica5/sw/design_5_wrapper/microblaze_0/standalone_microblaze_0/bsp/system.mss|system||

TRACE::2025-12-02.11:00:22::SCWMssOS::Sw design exists and opened at  C:/Users/oscar/OneDrive/Documentos/UCM/5_QUINTO/SE/Practicas_SE/Practica5/sw/design_5_wrapper/microblaze_0/standalone_microblaze_0/bsp/system.mss
TRACE::2025-12-02.11:00:22::SCWWriter::formatted JSON is {
	"platformName":	"design_5_wrapper",
	"sprVersion":	"2.0",
	"mode":	"gui",
	"dsaType":	"Fixed",
	"platformDesc":	"design_5_wrapper",
	"platHandOff":	"C:/Users/oscar/OneDrive/Documentos/UCM/5_QUINTO/SE/Practicas_SE/Practica5/hw/design_5_wrapper.xsa",
	"platIntHandOff":	"<platformDir>/hw/design_5_wrapper.xsa",
	"deviceType":	"FPGA",
	"platIsPrebuiltAutogen":	"false",
	"platIsNoBootBsp":	"false",
	"hasFsblMakeHasChanges":	"false",
	"hasPmufwMakeHasChanges":	"false",
	"platPreBuiltFlag":	false,
	"platformSamplesDir":	"",
	"platActiveSys":	"design_5_wrapper",
	"systems":	[{
			"systemName":	"design_5_wrapper",
			"systemDesc":	"design_5_wrapper",
			"sysIsBootAutoGen":	"true",
			"systemDispName":	"design_5_wrapper",
			"sysActiveDom":	"standalone_microblaze_0",
			"sysDefaultDom":	"standalone_microblaze_0",
			"domains":	[{
					"domainName":	"standalone_microblaze_0",
					"domainDispName":	"standalone_microblaze_0",
					"domainDesc":	"standalone_microblaze_0",
					"processors":	"microblaze_0",
					"os":	"standalone",
					"sdxOs":	"standalone",
					"debugEnable":	"False",
					"domRuntimes":	["cpp"],
					"swRepo":	"",
					"mssOsVer":	"8.1",
					"mssFile":	"",
					"md5Digest":	"870844621c9e8fdb73d7cf282e183a37",
					"compatibleApp":	"peripheral_tests",
					"domType":	"mssDomain",
					"arch":	"32-bit",
					"appSettings":	{
						"appCompilerFlags":	"",
						"appLinkerFlags":	""
					},
					"addedLibs":	[],
					"libOptions":	{
						"libsContainingOptions":	[]
					},
					"prebuiltLibs":	{
						"prebuiltIncPath":	[],
						"prebuiltLibPath":	[]
					},
					"isolation":	{
					}
				}]
		}]
}
KEYINFO::2025-12-02.11:00:22::SCWPlatform::updated the xpfm file.
TRACE::2025-12-02.11:00:22::SCWPlatform::Trying to open the hw design at C:/Users/oscar/OneDrive/Documentos/UCM/5_QUINTO/SE/Practicas_SE/Practica5/sw/design_5_wrapper/hw/design_5_wrapper.xsa
TRACE::2025-12-02.11:00:22::SCWPlatform::DSA given C:/Users/oscar/OneDrive/Documentos/UCM/5_QUINTO/SE/Practicas_SE/Practica5/sw/design_5_wrapper/hw/design_5_wrapper.xsa
TRACE::2025-12-02.11:00:22::SCWPlatform::DSA absoulate path C:/Users/oscar/OneDrive/Documentos/UCM/5_QUINTO/SE/Practicas_SE/Practica5/sw/design_5_wrapper/hw/design_5_wrapper.xsa
TRACE::2025-12-02.11:00:22::SCWPlatform::DSA directory C:/Users/oscar/OneDrive/Documentos/UCM/5_QUINTO/SE/Practicas_SE/Practica5/sw/design_5_wrapper/hw
TRACE::2025-12-02.11:00:22::SCWPlatform:: Platform Path C:/Users/oscar/OneDrive/Documentos/UCM/5_QUINTO/SE/Practicas_SE/Practica5/sw/design_5_wrapper/hw/design_5_wrapper.xsa
TRACE::2025-12-02.11:00:22::SCWPlatform:: Unique name xilinx:basys3::0.0
TRACE::2025-12-02.11:00:22::SCWPlatform::Trying to set the existing hwdb with name design_5_wrapper_0
TRACE::2025-12-02.11:00:22::SCWPlatform::Opened existing hwdb design_5_wrapper_0
TRACE::2025-12-02.11:00:22::SCWPlatform::Found the Hw Db part of the input DSA
TRACE::2025-12-02.11:00:22::SCWMssOS::Checking the sw design at  C:/Users/oscar/OneDrive/Documentos/UCM/5_QUINTO/SE/Practicas_SE/Practica5/sw/design_5_wrapper/microblaze_0/standalone_microblaze_0/bsp/system.mss
TRACE::2025-12-02.11:00:22::SCWMssOS::DEBUG:  swdes dump  C:/Users/oscar/OneDrive/Documentos/UCM/5_QUINTO/SE/Practicas_SE/Practica5/sw/design_5_wrapper/microblaze_0/standalone_microblaze_0/bsp/system.mss|system||

TRACE::2025-12-02.11:00:22::SCWMssOS::Sw design exists and opened at  C:/Users/oscar/OneDrive/Documentos/UCM/5_QUINTO/SE/Practicas_SE/Practica5/sw/design_5_wrapper/microblaze_0/standalone_microblaze_0/bsp/system.mss
TRACE::2025-12-02.11:00:22::SCWMssOS::Saving the mss changes C:/Users/oscar/OneDrive/Documentos/UCM/5_QUINTO/SE/Practicas_SE/Practica5/sw/design_5_wrapper/microblaze_0/standalone_microblaze_0/bsp/system.mss
TRACE::2025-12-02.11:00:22::SCWMssOS::Found a swdesign opened with the mssfile.
TRACE::2025-12-02.11:00:22::SCWMssOS::Completed writemss as part of save.
TRACE::2025-12-02.11:00:22::SCWMssOS::Commit changes completed.
TRACE::2025-12-02.11:00:22::SCWPlatform::Trying to open the hw design at C:/Users/oscar/OneDrive/Documentos/UCM/5_QUINTO/SE/Practicas_SE/Practica5/sw/design_5_wrapper/hw/design_5_wrapper.xsa
TRACE::2025-12-02.11:00:22::SCWPlatform::DSA given C:/Users/oscar/OneDrive/Documentos/UCM/5_QUINTO/SE/Practicas_SE/Practica5/sw/design_5_wrapper/hw/design_5_wrapper.xsa
TRACE::2025-12-02.11:00:22::SCWPlatform::DSA absoulate path C:/Users/oscar/OneDrive/Documentos/UCM/5_QUINTO/SE/Practicas_SE/Practica5/sw/design_5_wrapper/hw/design_5_wrapper.xsa
TRACE::2025-12-02.11:00:22::SCWPlatform::DSA directory C:/Users/oscar/OneDrive/Documentos/UCM/5_QUINTO/SE/Practicas_SE/Practica5/sw/design_5_wrapper/hw
TRACE::2025-12-02.11:00:22::SCWPlatform:: Platform Path C:/Users/oscar/OneDrive/Documentos/UCM/5_QUINTO/SE/Practicas_SE/Practica5/sw/design_5_wrapper/hw/design_5_wrapper.xsa
TRACE::2025-12-02.11:00:22::SCWPlatform:: Unique name xilinx:basys3::0.0
TRACE::2025-12-02.11:00:22::SCWPlatform::Trying to set the existing hwdb with name design_5_wrapper_0
TRACE::2025-12-02.11:00:22::SCWPlatform::Opened existing hwdb design_5_wrapper_0
TRACE::2025-12-02.11:00:22::SCWPlatform::Found the Hw Db part of the input DSA
TRACE::2025-12-02.11:00:22::SCWMssOS::Checking the sw design at  C:/Users/oscar/OneDrive/Documentos/UCM/5_QUINTO/SE/Practicas_SE/Practica5/sw/design_5_wrapper/microblaze_0/standalone_microblaze_0/bsp/system.mss
TRACE::2025-12-02.11:00:22::SCWMssOS::DEBUG:  swdes dump  C:/Users/oscar/OneDrive/Documentos/UCM/5_QUINTO/SE/Practicas_SE/Practica5/sw/design_5_wrapper/microblaze_0/standalone_microblaze_0/bsp/system.mss|system||

TRACE::2025-12-02.11:00:22::SCWMssOS::Sw design exists and opened at  C:/Users/oscar/OneDrive/Documentos/UCM/5_QUINTO/SE/Practicas_SE/Practica5/sw/design_5_wrapper/microblaze_0/standalone_microblaze_0/bsp/system.mss
TRACE::2025-12-02.11:00:22::SCWPlatform::Trying to open the hw design at C:/Users/oscar/OneDrive/Documentos/UCM/5_QUINTO/SE/Practicas_SE/Practica5/sw/design_5_wrapper/hw/design_5_wrapper.xsa
TRACE::2025-12-02.11:00:22::SCWPlatform::DSA given C:/Users/oscar/OneDrive/Documentos/UCM/5_QUINTO/SE/Practicas_SE/Practica5/sw/design_5_wrapper/hw/design_5_wrapper.xsa
TRACE::2025-12-02.11:00:22::SCWPlatform::DSA absoulate path C:/Users/oscar/OneDrive/Documentos/UCM/5_QUINTO/SE/Practicas_SE/Practica5/sw/design_5_wrapper/hw/design_5_wrapper.xsa
TRACE::2025-12-02.11:00:22::SCWPlatform::DSA directory C:/Users/oscar/OneDrive/Documentos/UCM/5_QUINTO/SE/Practicas_SE/Practica5/sw/design_5_wrapper/hw
TRACE::2025-12-02.11:00:22::SCWPlatform:: Platform Path C:/Users/oscar/OneDrive/Documentos/UCM/5_QUINTO/SE/Practicas_SE/Practica5/sw/design_5_wrapper/hw/design_5_wrapper.xsa
TRACE::2025-12-02.11:00:22::SCWPlatform:: Unique name xilinx:basys3::0.0
TRACE::2025-12-02.11:00:22::SCWPlatform::Trying to set the existing hwdb with name design_5_wrapper_0
TRACE::2025-12-02.11:00:22::SCWPlatform::Opened existing hwdb design_5_wrapper_0
TRACE::2025-12-02.11:00:22::SCWPlatform::Found the Hw Db part of the input DSA
TRACE::2025-12-02.11:00:22::SCWMssOS::Checking the sw design at  C:/Users/oscar/OneDrive/Documentos/UCM/5_QUINTO/SE/Practicas_SE/Practica5/sw/design_5_wrapper/microblaze_0/standalone_microblaze_0/bsp/system.mss
TRACE::2025-12-02.11:00:22::SCWMssOS::DEBUG:  swdes dump  C:/Users/oscar/OneDrive/Documentos/UCM/5_QUINTO/SE/Practicas_SE/Practica5/sw/design_5_wrapper/microblaze_0/standalone_microblaze_0/bsp/system.mss|system||

TRACE::2025-12-02.11:00:22::SCWMssOS::Sw design exists and opened at  C:/Users/oscar/OneDrive/Documentos/UCM/5_QUINTO/SE/Practicas_SE/Practica5/sw/design_5_wrapper/microblaze_0/standalone_microblaze_0/bsp/system.mss
TRACE::2025-12-02.11:00:22::SCWPlatform::Trying to open the hw design at C:/Users/oscar/OneDrive/Documentos/UCM/5_QUINTO/SE/Practicas_SE/Practica5/sw/design_5_wrapper/hw/design_5_wrapper.xsa
TRACE::2025-12-02.11:00:22::SCWPlatform::DSA given C:/Users/oscar/OneDrive/Documentos/UCM/5_QUINTO/SE/Practicas_SE/Practica5/sw/design_5_wrapper/hw/design_5_wrapper.xsa
TRACE::2025-12-02.11:00:22::SCWPlatform::DSA absoulate path C:/Users/oscar/OneDrive/Documentos/UCM/5_QUINTO/SE/Practicas_SE/Practica5/sw/design_5_wrapper/hw/design_5_wrapper.xsa
TRACE::2025-12-02.11:00:22::SCWPlatform::DSA directory C:/Users/oscar/OneDrive/Documentos/UCM/5_QUINTO/SE/Practicas_SE/Practica5/sw/design_5_wrapper/hw
TRACE::2025-12-02.11:00:22::SCWPlatform:: Platform Path C:/Users/oscar/OneDrive/Documentos/UCM/5_QUINTO/SE/Practicas_SE/Practica5/sw/design_5_wrapper/hw/design_5_wrapper.xsa
TRACE::2025-12-02.11:00:22::SCWPlatform:: Unique name xilinx:basys3::0.0
TRACE::2025-12-02.11:00:22::SCWPlatform::Trying to set the existing hwdb with name design_5_wrapper_0
TRACE::2025-12-02.11:00:22::SCWPlatform::Opened existing hwdb design_5_wrapper_0
TRACE::2025-12-02.11:00:22::SCWPlatform::Found the Hw Db part of the input DSA
TRACE::2025-12-02.11:00:22::SCWMssOS::Checking the sw design at  C:/Users/oscar/OneDrive/Documentos/UCM/5_QUINTO/SE/Practicas_SE/Practica5/sw/design_5_wrapper/microblaze_0/standalone_microblaze_0/bsp/system.mss
TRACE::2025-12-02.11:00:22::SCWMssOS::DEBUG:  swdes dump  C:/Users/oscar/OneDrive/Documentos/UCM/5_QUINTO/SE/Practicas_SE/Practica5/sw/design_5_wrapper/microblaze_0/standalone_microblaze_0/bsp/system.mss|system||

TRACE::2025-12-02.11:00:22::SCWMssOS::Sw design exists and opened at  C:/Users/oscar/OneDrive/Documentos/UCM/5_QUINTO/SE/Practicas_SE/Practica5/sw/design_5_wrapper/microblaze_0/standalone_microblaze_0/bsp/system.mss
TRACE::2025-12-02.11:00:22::SCWWriter::formatted JSON is {
	"platformName":	"design_5_wrapper",
	"sprVersion":	"2.0",
	"mode":	"gui",
	"dsaType":	"Fixed",
	"platformDesc":	"design_5_wrapper",
	"platHandOff":	"C:/Users/oscar/OneDrive/Documentos/UCM/5_QUINTO/SE/Practicas_SE/Practica5/hw/design_5_wrapper.xsa",
	"platIntHandOff":	"<platformDir>/hw/design_5_wrapper.xsa",
	"deviceType":	"FPGA",
	"platIsPrebuiltAutogen":	"false",
	"platIsNoBootBsp":	"false",
	"hasFsblMakeHasChanges":	"false",
	"hasPmufwMakeHasChanges":	"false",
	"platPreBuiltFlag":	false,
	"platformSamplesDir":	"",
	"platActiveSys":	"design_5_wrapper",
	"systems":	[{
			"systemName":	"design_5_wrapper",
			"systemDesc":	"design_5_wrapper",
			"sysIsBootAutoGen":	"true",
			"systemDispName":	"design_5_wrapper",
			"sysActiveDom":	"standalone_microblaze_0",
			"sysDefaultDom":	"standalone_microblaze_0",
			"domains":	[{
					"domainName":	"standalone_microblaze_0",
					"domainDispName":	"standalone_microblaze_0",
					"domainDesc":	"standalone_microblaze_0",
					"processors":	"microblaze_0",
					"os":	"standalone",
					"sdxOs":	"standalone",
					"debugEnable":	"False",
					"domRuntimes":	["cpp"],
					"swRepo":	"",
					"mssOsVer":	"8.1",
					"mssFile":	"",
					"md5Digest":	"870844621c9e8fdb73d7cf282e183a37",
					"compatibleApp":	"peripheral_tests",
					"domType":	"mssDomain",
					"arch":	"32-bit",
					"appSettings":	{
						"appCompilerFlags":	"",
						"appLinkerFlags":	""
					},
					"addedLibs":	[],
					"libOptions":	{
						"libsContainingOptions":	[]
					},
					"prebuiltLibs":	{
						"prebuiltIncPath":	[],
						"prebuiltLibPath":	[]
					},
					"isolation":	{
					}
				}]
		}]
}
TRACE::2025-12-02.11:00:22::SCWPlatform::Trying to open the hw design at C:/Users/oscar/OneDrive/Documentos/UCM/5_QUINTO/SE/Practicas_SE/Practica5/sw/design_5_wrapper/hw/design_5_wrapper.xsa
TRACE::2025-12-02.11:00:22::SCWPlatform::DSA given C:/Users/oscar/OneDrive/Documentos/UCM/5_QUINTO/SE/Practicas_SE/Practica5/sw/design_5_wrapper/hw/design_5_wrapper.xsa
TRACE::2025-12-02.11:00:22::SCWPlatform::DSA absoulate path C:/Users/oscar/OneDrive/Documentos/UCM/5_QUINTO/SE/Practicas_SE/Practica5/sw/design_5_wrapper/hw/design_5_wrapper.xsa
TRACE::2025-12-02.11:00:22::SCWPlatform::DSA directory C:/Users/oscar/OneDrive/Documentos/UCM/5_QUINTO/SE/Practicas_SE/Practica5/sw/design_5_wrapper/hw
TRACE::2025-12-02.11:00:22::SCWPlatform:: Platform Path C:/Users/oscar/OneDrive/Documentos/UCM/5_QUINTO/SE/Practicas_SE/Practica5/sw/design_5_wrapper/hw/design_5_wrapper.xsa
TRACE::2025-12-02.11:00:22::SCWPlatform:: Unique name xilinx:basys3::0.0
TRACE::2025-12-02.11:00:22::SCWPlatform::Trying to set the existing hwdb with name design_5_wrapper_0
TRACE::2025-12-02.11:00:22::SCWPlatform::Opened existing hwdb design_5_wrapper_0
TRACE::2025-12-02.11:00:22::SCWPlatform::Found the Hw Db part of the input DSA
TRACE::2025-12-02.11:00:22::SCWMssOS::Checking the sw design at  C:/Users/oscar/OneDrive/Documentos/UCM/5_QUINTO/SE/Practicas_SE/Practica5/sw/design_5_wrapper/microblaze_0/standalone_microblaze_0/bsp/system.mss
TRACE::2025-12-02.11:00:22::SCWMssOS::DEBUG:  swdes dump  C:/Users/oscar/OneDrive/Documentos/UCM/5_QUINTO/SE/Practicas_SE/Practica5/sw/design_5_wrapper/microblaze_0/standalone_microblaze_0/bsp/system.mss|system||

TRACE::2025-12-02.11:00:22::SCWMssOS::Sw design exists and opened at  C:/Users/oscar/OneDrive/Documentos/UCM/5_QUINTO/SE/Practicas_SE/Practica5/sw/design_5_wrapper/microblaze_0/standalone_microblaze_0/bsp/system.mss
TRACE::2025-12-02.11:00:22::SCWPlatform::Trying to open the hw design at C:/Users/oscar/OneDrive/Documentos/UCM/5_QUINTO/SE/Practicas_SE/Practica5/sw/design_5_wrapper/hw/design_5_wrapper.xsa
TRACE::2025-12-02.11:00:22::SCWPlatform::DSA given C:/Users/oscar/OneDrive/Documentos/UCM/5_QUINTO/SE/Practicas_SE/Practica5/sw/design_5_wrapper/hw/design_5_wrapper.xsa
TRACE::2025-12-02.11:00:22::SCWPlatform::DSA absoulate path C:/Users/oscar/OneDrive/Documentos/UCM/5_QUINTO/SE/Practicas_SE/Practica5/sw/design_5_wrapper/hw/design_5_wrapper.xsa
TRACE::2025-12-02.11:00:22::SCWPlatform::DSA directory C:/Users/oscar/OneDrive/Documentos/UCM/5_QUINTO/SE/Practicas_SE/Practica5/sw/design_5_wrapper/hw
TRACE::2025-12-02.11:00:22::SCWPlatform:: Platform Path C:/Users/oscar/OneDrive/Documentos/UCM/5_QUINTO/SE/Practicas_SE/Practica5/sw/design_5_wrapper/hw/design_5_wrapper.xsa
TRACE::2025-12-02.11:00:22::SCWPlatform:: Unique name xilinx:basys3::0.0
TRACE::2025-12-02.11:00:22::SCWPlatform::Trying to set the existing hwdb with name design_5_wrapper_0
TRACE::2025-12-02.11:00:22::SCWPlatform::Opened existing hwdb design_5_wrapper_0
TRACE::2025-12-02.11:00:22::SCWPlatform::Found the Hw Db part of the input DSA
TRACE::2025-12-02.11:00:22::SCWMssOS::Checking the sw design at  C:/Users/oscar/OneDrive/Documentos/UCM/5_QUINTO/SE/Practicas_SE/Practica5/sw/design_5_wrapper/microblaze_0/standalone_microblaze_0/bsp/system.mss
TRACE::2025-12-02.11:00:22::SCWMssOS::DEBUG:  swdes dump  C:/Users/oscar/OneDrive/Documentos/UCM/5_QUINTO/SE/Practicas_SE/Practica5/sw/design_5_wrapper/microblaze_0/standalone_microblaze_0/bsp/system.mss|system||

TRACE::2025-12-02.11:00:22::SCWMssOS::Sw design exists and opened at  C:/Users/oscar/OneDrive/Documentos/UCM/5_QUINTO/SE/Practicas_SE/Practica5/sw/design_5_wrapper/microblaze_0/standalone_microblaze_0/bsp/system.mss
TRACE::2025-12-02.11:00:22::SCWMssOS::Saving the mss changes C:/Users/oscar/OneDrive/Documentos/UCM/5_QUINTO/SE/Practicas_SE/Practica5/sw/design_5_wrapper/microblaze_0/standalone_microblaze_0/bsp/system.mss
TRACE::2025-12-02.11:00:22::SCWMssOS::Found a swdesign opened with the mssfile.
TRACE::2025-12-02.11:00:22::SCWMssOS::Completed writemss as part of save.
TRACE::2025-12-02.11:00:22::SCWMssOS::Commit changes completed.
TRACE::2025-12-02.11:00:22::SCWPlatform::Trying to open the hw design at C:/Users/oscar/OneDrive/Documentos/UCM/5_QUINTO/SE/Practicas_SE/Practica5/sw/design_5_wrapper/hw/design_5_wrapper.xsa
TRACE::2025-12-02.11:00:22::SCWPlatform::DSA given C:/Users/oscar/OneDrive/Documentos/UCM/5_QUINTO/SE/Practicas_SE/Practica5/sw/design_5_wrapper/hw/design_5_wrapper.xsa
TRACE::2025-12-02.11:00:22::SCWPlatform::DSA absoulate path C:/Users/oscar/OneDrive/Documentos/UCM/5_QUINTO/SE/Practicas_SE/Practica5/sw/design_5_wrapper/hw/design_5_wrapper.xsa
TRACE::2025-12-02.11:00:22::SCWPlatform::DSA directory C:/Users/oscar/OneDrive/Documentos/UCM/5_QUINTO/SE/Practicas_SE/Practica5/sw/design_5_wrapper/hw
TRACE::2025-12-02.11:00:22::SCWPlatform:: Platform Path C:/Users/oscar/OneDrive/Documentos/UCM/5_QUINTO/SE/Practicas_SE/Practica5/sw/design_5_wrapper/hw/design_5_wrapper.xsa
TRACE::2025-12-02.11:00:22::SCWPlatform:: Unique name xilinx:basys3::0.0
TRACE::2025-12-02.11:00:22::SCWPlatform::Trying to set the existing hwdb with name design_5_wrapper_0
TRACE::2025-12-02.11:00:22::SCWPlatform::Opened existing hwdb design_5_wrapper_0
TRACE::2025-12-02.11:00:22::SCWPlatform::Found the Hw Db part of the input DSA
TRACE::2025-12-02.11:00:22::SCWMssOS::Checking the sw design at  C:/Users/oscar/OneDrive/Documentos/UCM/5_QUINTO/SE/Practicas_SE/Practica5/sw/design_5_wrapper/microblaze_0/standalone_microblaze_0/bsp/system.mss
TRACE::2025-12-02.11:00:22::SCWMssOS::DEBUG:  swdes dump  C:/Users/oscar/OneDrive/Documentos/UCM/5_QUINTO/SE/Practicas_SE/Practica5/sw/design_5_wrapper/microblaze_0/standalone_microblaze_0/bsp/system.mss|system||

TRACE::2025-12-02.11:00:22::SCWMssOS::Sw design exists and opened at  C:/Users/oscar/OneDrive/Documentos/UCM/5_QUINTO/SE/Practicas_SE/Practica5/sw/design_5_wrapper/microblaze_0/standalone_microblaze_0/bsp/system.mss
TRACE::2025-12-02.11:00:22::SCWPlatform::Trying to open the hw design at C:/Users/oscar/OneDrive/Documentos/UCM/5_QUINTO/SE/Practicas_SE/Practica5/sw/design_5_wrapper/hw/design_5_wrapper.xsa
TRACE::2025-12-02.11:00:22::SCWPlatform::DSA given C:/Users/oscar/OneDrive/Documentos/UCM/5_QUINTO/SE/Practicas_SE/Practica5/sw/design_5_wrapper/hw/design_5_wrapper.xsa
TRACE::2025-12-02.11:00:22::SCWPlatform::DSA absoulate path C:/Users/oscar/OneDrive/Documentos/UCM/5_QUINTO/SE/Practicas_SE/Practica5/sw/design_5_wrapper/hw/design_5_wrapper.xsa
TRACE::2025-12-02.11:00:22::SCWPlatform::DSA directory C:/Users/oscar/OneDrive/Documentos/UCM/5_QUINTO/SE/Practicas_SE/Practica5/sw/design_5_wrapper/hw
TRACE::2025-12-02.11:00:22::SCWPlatform:: Platform Path C:/Users/oscar/OneDrive/Documentos/UCM/5_QUINTO/SE/Practicas_SE/Practica5/sw/design_5_wrapper/hw/design_5_wrapper.xsa
TRACE::2025-12-02.11:00:22::SCWPlatform:: Unique name xilinx:basys3::0.0
TRACE::2025-12-02.11:00:22::SCWPlatform::Trying to set the existing hwdb with name design_5_wrapper_0
TRACE::2025-12-02.11:00:22::SCWPlatform::Opened existing hwdb design_5_wrapper_0
TRACE::2025-12-02.11:00:22::SCWPlatform::Found the Hw Db part of the input DSA
TRACE::2025-12-02.11:00:22::SCWMssOS::Checking the sw design at  C:/Users/oscar/OneDrive/Documentos/UCM/5_QUINTO/SE/Practicas_SE/Practica5/sw/design_5_wrapper/microblaze_0/standalone_microblaze_0/bsp/system.mss
TRACE::2025-12-02.11:00:22::SCWMssOS::DEBUG:  swdes dump  C:/Users/oscar/OneDrive/Documentos/UCM/5_QUINTO/SE/Practicas_SE/Practica5/sw/design_5_wrapper/microblaze_0/standalone_microblaze_0/bsp/system.mss|system||

TRACE::2025-12-02.11:00:22::SCWMssOS::Sw design exists and opened at  C:/Users/oscar/OneDrive/Documentos/UCM/5_QUINTO/SE/Practicas_SE/Practica5/sw/design_5_wrapper/microblaze_0/standalone_microblaze_0/bsp/system.mss
TRACE::2025-12-02.11:00:22::SCWPlatform::Trying to open the hw design at C:/Users/oscar/OneDrive/Documentos/UCM/5_QUINTO/SE/Practicas_SE/Practica5/sw/design_5_wrapper/hw/design_5_wrapper.xsa
TRACE::2025-12-02.11:00:22::SCWPlatform::DSA given C:/Users/oscar/OneDrive/Documentos/UCM/5_QUINTO/SE/Practicas_SE/Practica5/sw/design_5_wrapper/hw/design_5_wrapper.xsa
TRACE::2025-12-02.11:00:22::SCWPlatform::DSA absoulate path C:/Users/oscar/OneDrive/Documentos/UCM/5_QUINTO/SE/Practicas_SE/Practica5/sw/design_5_wrapper/hw/design_5_wrapper.xsa
TRACE::2025-12-02.11:00:22::SCWPlatform::DSA directory C:/Users/oscar/OneDrive/Documentos/UCM/5_QUINTO/SE/Practicas_SE/Practica5/sw/design_5_wrapper/hw
TRACE::2025-12-02.11:00:22::SCWPlatform:: Platform Path C:/Users/oscar/OneDrive/Documentos/UCM/5_QUINTO/SE/Practicas_SE/Practica5/sw/design_5_wrapper/hw/design_5_wrapper.xsa
TRACE::2025-12-02.11:00:22::SCWPlatform:: Unique name xilinx:basys3::0.0
TRACE::2025-12-02.11:00:22::SCWPlatform::Trying to set the existing hwdb with name design_5_wrapper_0
TRACE::2025-12-02.11:00:22::SCWPlatform::Opened existing hwdb design_5_wrapper_0
TRACE::2025-12-02.11:00:22::SCWPlatform::Found the Hw Db part of the input DSA
TRACE::2025-12-02.11:00:22::SCWMssOS::Checking the sw design at  C:/Users/oscar/OneDrive/Documentos/UCM/5_QUINTO/SE/Practicas_SE/Practica5/sw/design_5_wrapper/microblaze_0/standalone_microblaze_0/bsp/system.mss
TRACE::2025-12-02.11:00:22::SCWMssOS::DEBUG:  swdes dump  C:/Users/oscar/OneDrive/Documentos/UCM/5_QUINTO/SE/Practicas_SE/Practica5/sw/design_5_wrapper/microblaze_0/standalone_microblaze_0/bsp/system.mss|system||

TRACE::2025-12-02.11:00:22::SCWMssOS::Sw design exists and opened at  C:/Users/oscar/OneDrive/Documentos/UCM/5_QUINTO/SE/Practicas_SE/Practica5/sw/design_5_wrapper/microblaze_0/standalone_microblaze_0/bsp/system.mss
TRACE::2025-12-02.11:00:22::SCWWriter::formatted JSON is {
	"platformName":	"design_5_wrapper",
	"sprVersion":	"2.0",
	"mode":	"gui",
	"dsaType":	"Fixed",
	"platformDesc":	"design_5_wrapper",
	"platHandOff":	"C:/Users/oscar/OneDrive/Documentos/UCM/5_QUINTO/SE/Practicas_SE/Practica5/hw/design_5_wrapper.xsa",
	"platIntHandOff":	"<platformDir>/hw/design_5_wrapper.xsa",
	"deviceType":	"FPGA",
	"platIsPrebuiltAutogen":	"false",
	"platIsNoBootBsp":	"false",
	"hasFsblMakeHasChanges":	"false",
	"hasPmufwMakeHasChanges":	"false",
	"platPreBuiltFlag":	false,
	"platformSamplesDir":	"",
	"platActiveSys":	"design_5_wrapper",
	"systems":	[{
			"systemName":	"design_5_wrapper",
			"systemDesc":	"design_5_wrapper",
			"sysIsBootAutoGen":	"true",
			"systemDispName":	"design_5_wrapper",
			"sysActiveDom":	"standalone_microblaze_0",
			"sysDefaultDom":	"standalone_microblaze_0",
			"domains":	[{
					"domainName":	"standalone_microblaze_0",
					"domainDispName":	"standalone_microblaze_0",
					"domainDesc":	"standalone_microblaze_0",
					"processors":	"microblaze_0",
					"os":	"standalone",
					"sdxOs":	"standalone",
					"debugEnable":	"False",
					"domRuntimes":	["cpp"],
					"swRepo":	"",
					"mssOsVer":	"8.1",
					"mssFile":	"",
					"md5Digest":	"870844621c9e8fdb73d7cf282e183a37",
					"compatibleApp":	"peripheral_tests",
					"domType":	"mssDomain",
					"arch":	"32-bit",
					"appSettings":	{
						"appCompilerFlags":	"",
						"appLinkerFlags":	""
					},
					"addedLibs":	[],
					"libOptions":	{
						"libsContainingOptions":	[]
					},
					"prebuiltLibs":	{
						"prebuiltIncPath":	[],
						"prebuiltLibPath":	[]
					},
					"isolation":	{
					}
				}]
		}]
}
LOG::2025-12-02.11:00:22::SCWPlatform::Started generating the artifacts platform design_5_wrapper
TRACE::2025-12-02.11:00:22::SCWPlatform::Sanity checking of platform is completed
LOG::2025-12-02.11:00:22::SCWPlatform::Started generating the artifacts for system configuration design_5_wrapper
LOG::2025-12-02.11:00:22::SCWSystem::Started Processing the domain standalone_microblaze_0
TRACE::2025-12-02.11:00:22::SCWDomain::Generating domain artifcats
TRACE::2025-12-02.11:00:22::SCWMssOS::Generating standalone artifcats
TRACE::2025-12-02.11:00:22::SCWMssOS:: Copying the user libraries. 
TRACE::2025-12-02.11:00:22::SCWPlatform::Trying to open the hw design at C:/Users/oscar/OneDrive/Documentos/UCM/5_QUINTO/SE/Practicas_SE/Practica5/sw/design_5_wrapper/hw/design_5_wrapper.xsa
TRACE::2025-12-02.11:00:22::SCWPlatform::DSA given C:/Users/oscar/OneDrive/Documentos/UCM/5_QUINTO/SE/Practicas_SE/Practica5/sw/design_5_wrapper/hw/design_5_wrapper.xsa
TRACE::2025-12-02.11:00:22::SCWPlatform::DSA absoulate path C:/Users/oscar/OneDrive/Documentos/UCM/5_QUINTO/SE/Practicas_SE/Practica5/sw/design_5_wrapper/hw/design_5_wrapper.xsa
TRACE::2025-12-02.11:00:22::SCWPlatform::DSA directory C:/Users/oscar/OneDrive/Documentos/UCM/5_QUINTO/SE/Practicas_SE/Practica5/sw/design_5_wrapper/hw
TRACE::2025-12-02.11:00:22::SCWPlatform:: Platform Path C:/Users/oscar/OneDrive/Documentos/UCM/5_QUINTO/SE/Practicas_SE/Practica5/sw/design_5_wrapper/hw/design_5_wrapper.xsa
TRACE::2025-12-02.11:00:22::SCWPlatform:: Unique name xilinx:basys3::0.0
TRACE::2025-12-02.11:00:22::SCWPlatform::Trying to set the existing hwdb with name design_5_wrapper_0
TRACE::2025-12-02.11:00:22::SCWPlatform::Opened existing hwdb design_5_wrapper_0
TRACE::2025-12-02.11:00:22::SCWPlatform::Found the Hw Db part of the input DSA
TRACE::2025-12-02.11:00:22::SCWMssOS::Checking the sw design at  C:/Users/oscar/OneDrive/Documentos/UCM/5_QUINTO/SE/Practicas_SE/Practica5/sw/design_5_wrapper/microblaze_0/standalone_microblaze_0/bsp/system.mss
TRACE::2025-12-02.11:00:22::SCWMssOS::DEBUG:  swdes dump  C:/Users/oscar/OneDrive/Documentos/UCM/5_QUINTO/SE/Practicas_SE/Practica5/sw/design_5_wrapper/microblaze_0/standalone_microblaze_0/bsp/system.mss|system||

TRACE::2025-12-02.11:00:22::SCWMssOS::Sw design exists and opened at  C:/Users/oscar/OneDrive/Documentos/UCM/5_QUINTO/SE/Practicas_SE/Practica5/sw/design_5_wrapper/microblaze_0/standalone_microblaze_0/bsp/system.mss
TRACE::2025-12-02.11:00:22::SCWMssOS::Completed writing the mss file at C:/Users/oscar/OneDrive/Documentos/UCM/5_QUINTO/SE/Practicas_SE/Practica5/sw/design_5_wrapper/microblaze_0/standalone_microblaze_0/bsp
TRACE::2025-12-02.11:00:22::SCWMssOS::Mss edits present, copying mssfile into export location C:/Users/oscar/OneDrive/Documentos/UCM/5_QUINTO/SE/Practicas_SE/Practica5/sw/design_5_wrapper/microblaze_0/standalone_microblaze_0/bsp/system.mss
TRACE::2025-12-02.11:00:22::SCWMssOS::bsp generated is upto date with the mss file. Skipping bsp generation.
TRACE::2025-12-02.11:00:22::SCWMssOS::BSP is already built. skipping the bsp build ... 
TRACE::2025-12-02.11:00:22::SCWDomain::Building the domain as part of full build :  standalone_microblaze_0
TRACE::2025-12-02.11:00:22::SCWMssOS::skipping the bsp build ... 
TRACE::2025-12-02.11:00:22::SCWMssOS::Copying to export directory.
TRACE::2025-12-02.11:00:22::SCWMssOS:: Checking if to create the Supporting Applications
TRACE::2025-12-02.11:00:22::SCWMssOS:: No Linux domain exists, trying to generate FSBL 
LOG::2025-12-02.11:00:22::SCWSystem::Completed Processing the domain standalone_microblaze_0
LOG::2025-12-02.11:00:22::SCWSystem::Completed Processing the sysconfig design_5_wrapper
LOG::2025-12-02.11:00:22::SCWPlatform::Completed generating the artifacts for system configuration design_5_wrapper
TRACE::2025-12-02.11:00:22::SCWPlatform::Started preparing the platform 
TRACE::2025-12-02.11:00:22::SCWSystem::Writing the bif file for system config design_5_wrapper
TRACE::2025-12-02.11:00:22::SCWSystem::dir created 
TRACE::2025-12-02.11:00:22::SCWSystem::Writing the bif 
TRACE::2025-12-02.11:00:22::SCWPlatform::Started writing the spfm file 
TRACE::2025-12-02.11:00:22::SCWPlatform::Started writing the xpfm file 
TRACE::2025-12-02.11:00:22::SCWPlatform::Completed generating the platform
TRACE::2025-12-02.11:00:22::SCWMssOS::Saving the mss changes C:/Users/oscar/OneDrive/Documentos/UCM/5_QUINTO/SE/Practicas_SE/Practica5/sw/design_5_wrapper/microblaze_0/standalone_microblaze_0/bsp/system.mss
TRACE::2025-12-02.11:00:22::SCWMssOS::Found a swdesign opened with the mssfile.
TRACE::2025-12-02.11:00:22::SCWMssOS::Completed writemss as part of save.
TRACE::2025-12-02.11:00:22::SCWMssOS::Commit changes completed.
TRACE::2025-12-02.11:00:22::SCWPlatform::Trying to open the hw design at C:/Users/oscar/OneDrive/Documentos/UCM/5_QUINTO/SE/Practicas_SE/Practica5/sw/design_5_wrapper/hw/design_5_wrapper.xsa
TRACE::2025-12-02.11:00:22::SCWPlatform::DSA given C:/Users/oscar/OneDrive/Documentos/UCM/5_QUINTO/SE/Practicas_SE/Practica5/sw/design_5_wrapper/hw/design_5_wrapper.xsa
TRACE::2025-12-02.11:00:22::SCWPlatform::DSA absoulate path C:/Users/oscar/OneDrive/Documentos/UCM/5_QUINTO/SE/Practicas_SE/Practica5/sw/design_5_wrapper/hw/design_5_wrapper.xsa
TRACE::2025-12-02.11:00:22::SCWPlatform::DSA directory C:/Users/oscar/OneDrive/Documentos/UCM/5_QUINTO/SE/Practicas_SE/Practica5/sw/design_5_wrapper/hw
TRACE::2025-12-02.11:00:22::SCWPlatform:: Platform Path C:/Users/oscar/OneDrive/Documentos/UCM/5_QUINTO/SE/Practicas_SE/Practica5/sw/design_5_wrapper/hw/design_5_wrapper.xsa
TRACE::2025-12-02.11:00:22::SCWPlatform:: Unique name xilinx:basys3::0.0
TRACE::2025-12-02.11:00:22::SCWPlatform::Trying to set the existing hwdb with name design_5_wrapper_0
TRACE::2025-12-02.11:00:22::SCWPlatform::Opened existing hwdb design_5_wrapper_0
TRACE::2025-12-02.11:00:22::SCWPlatform::Found the Hw Db part of the input DSA
TRACE::2025-12-02.11:00:22::SCWMssOS::Checking the sw design at  C:/Users/oscar/OneDrive/Documentos/UCM/5_QUINTO/SE/Practicas_SE/Practica5/sw/design_5_wrapper/microblaze_0/standalone_microblaze_0/bsp/system.mss
TRACE::2025-12-02.11:00:22::SCWMssOS::DEBUG:  swdes dump  C:/Users/oscar/OneDrive/Documentos/UCM/5_QUINTO/SE/Practicas_SE/Practica5/sw/design_5_wrapper/microblaze_0/standalone_microblaze_0/bsp/system.mss|system||

TRACE::2025-12-02.11:00:22::SCWMssOS::Sw design exists and opened at  C:/Users/oscar/OneDrive/Documentos/UCM/5_QUINTO/SE/Practicas_SE/Practica5/sw/design_5_wrapper/microblaze_0/standalone_microblaze_0/bsp/system.mss
TRACE::2025-12-02.11:00:22::SCWPlatform::Trying to open the hw design at C:/Users/oscar/OneDrive/Documentos/UCM/5_QUINTO/SE/Practicas_SE/Practica5/sw/design_5_wrapper/hw/design_5_wrapper.xsa
TRACE::2025-12-02.11:00:22::SCWPlatform::DSA given C:/Users/oscar/OneDrive/Documentos/UCM/5_QUINTO/SE/Practicas_SE/Practica5/sw/design_5_wrapper/hw/design_5_wrapper.xsa
TRACE::2025-12-02.11:00:22::SCWPlatform::DSA absoulate path C:/Users/oscar/OneDrive/Documentos/UCM/5_QUINTO/SE/Practicas_SE/Practica5/sw/design_5_wrapper/hw/design_5_wrapper.xsa
TRACE::2025-12-02.11:00:22::SCWPlatform::DSA directory C:/Users/oscar/OneDrive/Documentos/UCM/5_QUINTO/SE/Practicas_SE/Practica5/sw/design_5_wrapper/hw
TRACE::2025-12-02.11:00:22::SCWPlatform:: Platform Path C:/Users/oscar/OneDrive/Documentos/UCM/5_QUINTO/SE/Practicas_SE/Practica5/sw/design_5_wrapper/hw/design_5_wrapper.xsa
TRACE::2025-12-02.11:00:22::SCWPlatform:: Unique name xilinx:basys3::0.0
TRACE::2025-12-02.11:00:22::SCWPlatform::Trying to set the existing hwdb with name design_5_wrapper_0
TRACE::2025-12-02.11:00:22::SCWPlatform::Opened existing hwdb design_5_wrapper_0
TRACE::2025-12-02.11:00:22::SCWPlatform::Found the Hw Db part of the input DSA
TRACE::2025-12-02.11:00:22::SCWMssOS::Checking the sw design at  C:/Users/oscar/OneDrive/Documentos/UCM/5_QUINTO/SE/Practicas_SE/Practica5/sw/design_5_wrapper/microblaze_0/standalone_microblaze_0/bsp/system.mss
TRACE::2025-12-02.11:00:22::SCWMssOS::DEBUG:  swdes dump  C:/Users/oscar/OneDrive/Documentos/UCM/5_QUINTO/SE/Practicas_SE/Practica5/sw/design_5_wrapper/microblaze_0/standalone_microblaze_0/bsp/system.mss|system||

TRACE::2025-12-02.11:00:22::SCWMssOS::Sw design exists and opened at  C:/Users/oscar/OneDrive/Documentos/UCM/5_QUINTO/SE/Practicas_SE/Practica5/sw/design_5_wrapper/microblaze_0/standalone_microblaze_0/bsp/system.mss
TRACE::2025-12-02.11:00:22::SCWPlatform::Trying to open the hw design at C:/Users/oscar/OneDrive/Documentos/UCM/5_QUINTO/SE/Practicas_SE/Practica5/sw/design_5_wrapper/hw/design_5_wrapper.xsa
TRACE::2025-12-02.11:00:22::SCWPlatform::DSA given C:/Users/oscar/OneDrive/Documentos/UCM/5_QUINTO/SE/Practicas_SE/Practica5/sw/design_5_wrapper/hw/design_5_wrapper.xsa
TRACE::2025-12-02.11:00:22::SCWPlatform::DSA absoulate path C:/Users/oscar/OneDrive/Documentos/UCM/5_QUINTO/SE/Practicas_SE/Practica5/sw/design_5_wrapper/hw/design_5_wrapper.xsa
TRACE::2025-12-02.11:00:22::SCWPlatform::DSA directory C:/Users/oscar/OneDrive/Documentos/UCM/5_QUINTO/SE/Practicas_SE/Practica5/sw/design_5_wrapper/hw
TRACE::2025-12-02.11:00:22::SCWPlatform:: Platform Path C:/Users/oscar/OneDrive/Documentos/UCM/5_QUINTO/SE/Practicas_SE/Practica5/sw/design_5_wrapper/hw/design_5_wrapper.xsa
TRACE::2025-12-02.11:00:22::SCWPlatform:: Unique name xilinx:basys3::0.0
TRACE::2025-12-02.11:00:22::SCWPlatform::Trying to set the existing hwdb with name design_5_wrapper_0
TRACE::2025-12-02.11:00:22::SCWPlatform::Opened existing hwdb design_5_wrapper_0
TRACE::2025-12-02.11:00:22::SCWPlatform::Found the Hw Db part of the input DSA
TRACE::2025-12-02.11:00:22::SCWMssOS::Checking the sw design at  C:/Users/oscar/OneDrive/Documentos/UCM/5_QUINTO/SE/Practicas_SE/Practica5/sw/design_5_wrapper/microblaze_0/standalone_microblaze_0/bsp/system.mss
TRACE::2025-12-02.11:00:22::SCWMssOS::DEBUG:  swdes dump  C:/Users/oscar/OneDrive/Documentos/UCM/5_QUINTO/SE/Practicas_SE/Practica5/sw/design_5_wrapper/microblaze_0/standalone_microblaze_0/bsp/system.mss|system||

TRACE::2025-12-02.11:00:22::SCWMssOS::Sw design exists and opened at  C:/Users/oscar/OneDrive/Documentos/UCM/5_QUINTO/SE/Practicas_SE/Practica5/sw/design_5_wrapper/microblaze_0/standalone_microblaze_0/bsp/system.mss
TRACE::2025-12-02.11:00:22::SCWWriter::formatted JSON is {
	"platformName":	"design_5_wrapper",
	"sprVersion":	"2.0",
	"mode":	"gui",
	"dsaType":	"Fixed",
	"platformDesc":	"design_5_wrapper",
	"platHandOff":	"C:/Users/oscar/OneDrive/Documentos/UCM/5_QUINTO/SE/Practicas_SE/Practica5/hw/design_5_wrapper.xsa",
	"platIntHandOff":	"<platformDir>/hw/design_5_wrapper.xsa",
	"deviceType":	"FPGA",
	"platIsPrebuiltAutogen":	"false",
	"platIsNoBootBsp":	"false",
	"hasFsblMakeHasChanges":	"false",
	"hasPmufwMakeHasChanges":	"false",
	"platPreBuiltFlag":	false,
	"platformSamplesDir":	"",
	"platActiveSys":	"design_5_wrapper",
	"systems":	[{
			"systemName":	"design_5_wrapper",
			"systemDesc":	"design_5_wrapper",
			"sysIsBootAutoGen":	"true",
			"systemDispName":	"design_5_wrapper",
			"sysActiveDom":	"standalone_microblaze_0",
			"sysDefaultDom":	"standalone_microblaze_0",
			"domains":	[{
					"domainName":	"standalone_microblaze_0",
					"domainDispName":	"standalone_microblaze_0",
					"domainDesc":	"standalone_microblaze_0",
					"processors":	"microblaze_0",
					"os":	"standalone",
					"sdxOs":	"standalone",
					"debugEnable":	"False",
					"domRuntimes":	["cpp"],
					"swRepo":	"",
					"mssOsVer":	"8.1",
					"mssFile":	"",
					"md5Digest":	"870844621c9e8fdb73d7cf282e183a37",
					"compatibleApp":	"peripheral_tests",
					"domType":	"mssDomain",
					"arch":	"32-bit",
					"appSettings":	{
						"appCompilerFlags":	"",
						"appLinkerFlags":	""
					},
					"addedLibs":	[],
					"libOptions":	{
						"libsContainingOptions":	[]
					},
					"prebuiltLibs":	{
						"prebuiltIncPath":	[],
						"prebuiltLibPath":	[]
					},
					"isolation":	{
					}
				}]
		}]
}
KEYINFO::2025-12-02.11:00:22::SCWPlatform::updated the xpfm file.
