Copyright 1986-2022 Xilinx, Inc. All Rights Reserved. Copyright 2022-2023 Advanced Micro Devices, Inc. All Rights Reserved.
---------------------------------------------------------------------------------------------------------------------------------------------
| Tool Version : Vivado v.2023.1 (win64) Build 3865809 Sun May  7 15:05:29 MDT 2023
| Date         : Wed Nov 19 17:31:38 2025
| Host         : PTO0814 running 64-bit major release  (build 9200)
| Command      : report_clock_utilization -file design_4_wrapper_clock_utilization_routed.rpt
| Design       : design_4_wrapper
| Device       : 7a35t-cpg236
| Speed File   : -1  PRODUCTION 1.23 2018-06-13
| Design State : Routed
---------------------------------------------------------------------------------------------------------------------------------------------

Clock Utilization Report

Table of Contents
-----------------
1. Clock Primitive Utilization
2. Global Clock Resources
3. Global Clock Source Details
4. Local Clock Details
5. Clock Regions: Key Resource Utilization
6. Clock Regions : Global Clock Summary
7. Device Cell Placement Summary for Global Clock g0
8. Device Cell Placement Summary for Global Clock g1
9. Device Cell Placement Summary for Global Clock g2
10. Device Cell Placement Summary for Global Clock g3
11. Device Cell Placement Summary for Global Clock g4
12. Clock Region Cell Placement per Global Clock: Region X1Y0
13. Clock Region Cell Placement per Global Clock: Region X0Y1
14. Clock Region Cell Placement per Global Clock: Region X1Y1

1. Clock Primitive Utilization
------------------------------

+----------+------+-----------+-----+--------------+--------+
| Type     | Used | Available | LOC | Clock Region | Pblock |
+----------+------+-----------+-----+--------------+--------+
| BUFGCTRL |    5 |        32 |   0 |            0 |      0 |
| BUFH     |    0 |        72 |   0 |            0 |      0 |
| BUFIO    |    0 |        20 |   0 |            0 |      0 |
| BUFMR    |    0 |        10 |   0 |            0 |      0 |
| BUFR     |    0 |        20 |   0 |            0 |      0 |
| MMCM     |    1 |         5 |   0 |            0 |      0 |
| PLL      |    0 |         5 |   0 |            0 |      0 |
+----------+------+-----------+-----+--------------+--------+


2. Global Clock Resources
-------------------------

+-----------+-----------+-----------------+------------+---------------+--------------+-------------------+-------------+-----------------+--------------+------------------------------------------------------------+---------------------------------------------------------------------+-------------------------------------------------------------+
| Global Id | Source Id | Driver Type/Pin | Constraint | Site          | Clock Region | Load Clock Region | Clock Loads | Non-Clock Loads | Clock Period | Clock                                                      | Driver Pin                                                          | Net                                                         |
+-----------+-----------+-----------------+------------+---------------+--------------+-------------------+-------------+-----------------+--------------+------------------------------------------------------------+---------------------------------------------------------------------+-------------------------------------------------------------+
| g0        | src0      | BUFG/O          | None       | BUFGCTRL_X0Y0 | n/a          |                 2 |        1447 |               0 |       10.000 | clk_out1_design_4_clk_wiz_1_0                              | design_4_i/clk_wiz_1/inst/clkout1_buf/O                             | design_4_i/clk_wiz_1/inst/clk_out1                          |
| g1        | src1      | BUFGCTRL/O      | None       | BUFGCTRL_X0Y1 | n/a          |                 2 |         232 |               0 |       33.333 | design_4_i/mdm_1/U0/Use_E2.BSCAN_I/Use_E2.BSCANE2_I/DRCK   | design_4_i/mdm_1/U0/No_Dbg_Reg_Access.BUFG_DRCK/Using_FPGA.Native/O | design_4_i/mdm_1/U0/No_Dbg_Reg_Access.BUFG_DRCK/Dbg_Clk_0   |
| g1        | src2      | BUFGCTRL/O      | None       | BUFGCTRL_X0Y1 | n/a          |                 2 |         232 |               0 |       33.333 | design_4_i/mdm_1/U0/Use_E2.BSCAN_I/Use_E2.BSCANE2_I/DRCK   | design_4_i/mdm_1/U0/No_Dbg_Reg_Access.BUFG_DRCK/Using_FPGA.Native/O | design_4_i/mdm_1/U0/No_Dbg_Reg_Access.BUFG_DRCK/Dbg_Clk_0   |
| g2        | src3      | BUFG/O          | None       | BUFGCTRL_X0Y2 | n/a          |                 2 |          64 |               0 |              |                                                            | design_4_i/matriz_0/col_serial_out_reg_i_1/O                        | design_4_i/matriz_0/matriz_v1_0_S00_AXI_inst/inst1/reloj12  |
| g3        | src4      | BUFG/O          | None       | BUFGCTRL_X0Y3 | n/a          |                 2 |          38 |               1 |       33.333 | design_4_i/mdm_1/U0/Use_E2.BSCAN_I/Use_E2.BSCANE2_I/UPDATE | design_4_i/mdm_1/U0/Use_E2.BSCAN_I/Dbg_Update_0_BUFG_inst/O         | design_4_i/mdm_1/U0/Use_E2.BSCAN_I/Dbg_Update_0_BUFG        |
| g4        | src5      | BUFG/O          | None       | BUFGCTRL_X0Y4 | n/a          |                 1 |           1 |               0 |       10.000 | clkfbout_design_4_clk_wiz_1_0                              | design_4_i/clk_wiz_1/inst/clkf_buf/O                                | design_4_i/clk_wiz_1/inst/clkfbout_buf_design_4_clk_wiz_1_0 |
+-----------+-----------+-----------------+------------+---------------+--------------+-------------------+-------------+-----------------+--------------+------------------------------------------------------------+---------------------------------------------------------------------+-------------------------------------------------------------+
* Clock Loads column represents cell count of net connects that connect to a clock pin. Internal cell leaf pins are not considered
** Non-Clock Loads column represents cell count of non-clock pin loads


3. Global Clock Source Details
------------------------------

+-----------+-----------+---------------------+------------+-----------------+--------------+-------------+-----------------+---------------------+------------------------------------------------------------+---------------------------------------------------------------------+---------------------------------------------------------------------+
| Source Id | Global Id | Driver Type/Pin     | Constraint | Site            | Clock Region | Clock Loads | Non-Clock Loads | Source Clock Period | Source Clock                                               | Driver Pin                                                          | Net                                                                 |
+-----------+-----------+---------------------+------------+-----------------+--------------+-------------+-----------------+---------------------+------------------------------------------------------------+---------------------------------------------------------------------+---------------------------------------------------------------------+
| src0      | g0        | MMCME2_ADV/CLKOUT0  | None       | MMCME2_ADV_X1Y0 | X1Y0         |           1 |               0 |              10.000 | clk_out1_design_4_clk_wiz_1_0                              | design_4_i/clk_wiz_1/inst/mmcm_adv_inst/CLKOUT0                     | design_4_i/clk_wiz_1/inst/clk_out1_design_4_clk_wiz_1_0             |
| src1      | g1        | BSCANE2/DRCK        | None       | BSCAN_X0Y1      | X0Y0         |           1 |               0 |              33.333 | design_4_i/mdm_1/U0/Use_E2.BSCAN_I/Use_E2.BSCANE2_I/DRCK   | design_4_i/mdm_1/U0/Use_E2.BSCAN_I/Use_E2.BSCANE2_I/DRCK            | design_4_i/mdm_1/U0/Use_E2.BSCAN_I/DRCK                             |
| src2      | g1        | VCC/P               | None       |                 | n/a          |           0 |               0 |                     |                                                            | design_4_i/mdm_1/U0/No_Dbg_Reg_Access.BUFG_DRCK/VCC_1/P             | design_4_i/mdm_1/U0/No_Dbg_Reg_Access.BUFG_DRCK/VCC_2               |
| src3      | g2        | FDCE/Q              | None       | SLICE_X42Y56    | X1Y1         |           1 |               2 |                     |                                                            | design_4_i/matriz_0/U0/matriz_v1_0_S00_AXI_inst/inst1/reloj12_reg/Q | design_4_i/matriz_0/U0/matriz_v1_0_S00_AXI_inst/inst1/reloj12_reg_0 |
| src4      | g3        | BSCANE2/UPDATE      | None       | BSCAN_X0Y1      | X0Y0         |           1 |               0 |              33.333 | design_4_i/mdm_1/U0/Use_E2.BSCAN_I/Use_E2.BSCANE2_I/UPDATE | design_4_i/mdm_1/U0/Use_E2.BSCAN_I/Use_E2.BSCANE2_I/UPDATE          | design_4_i/mdm_1/U0/Use_E2.BSCAN_I/Dbg_Update_0                     |
| src5      | g4        | MMCME2_ADV/CLKFBOUT | None       | MMCME2_ADV_X1Y0 | X1Y0         |           1 |               0 |              10.000 | clkfbout_design_4_clk_wiz_1_0                              | design_4_i/clk_wiz_1/inst/mmcm_adv_inst/CLKFBOUT                    | design_4_i/clk_wiz_1/inst/clkfbout_design_4_clk_wiz_1_0             |
+-----------+-----------+---------------------+------------+-----------------+--------------+-------------+-----------------+---------------------+------------------------------------------------------------+---------------------------------------------------------------------+---------------------------------------------------------------------+
* Clock Loads column represents cell count of net connects that connect to a clock pin. Internal cell leaf pins are not considered
** Non-Clock Loads column represents cell count of non-clock pin loads


4. Local Clock Details
----------------------

+----------+-----------------+------------+------------------+--------------+-------------+-----------------+--------------+-------+---------------------------------------------------------------------------------+---------------------------------------------------------------------------------+
| Local Id | Driver Type/Pin | Constraint | Site/BEL         | Clock Region | Clock Loads | Non-Clock Loads | Clock Period | Clock | Driver Pin                                                                      | Net                                                                             |
+----------+-----------------+------------+------------------+--------------+-------------+-----------------+--------------+-------+---------------------------------------------------------------------------------+---------------------------------------------------------------------------------+
| 0        | FDRE/Q          | None       | SLICE_X51Y78/AFF | X1Y1         |          18 |               2 |              |       | design_4_i/conversorAD_0/U0/conversorAD_v1_0_S00_AXI_inst/divisor/clk_aux_reg/Q | design_4_i/conversorAD_0/U0/conversorAD_v1_0_S00_AXI_inst/divisor/clk_aux_reg_0 |
+----------+-----------------+------------+------------------+--------------+-------------+-----------------+--------------+-------+---------------------------------------------------------------------------------+---------------------------------------------------------------------------------+
* Local Clocks in this context represents only clocks driven by non-global buffers
** Clock Loads column represents cell count of net connects that connect to a clock pin. Internal cell leaf pins are not considered
*** Non-Clock Loads column represents cell count of non-clock pin loads


5. Clock Regions: Key Resource Utilization
------------------------------------------

+-------------------+--------------+--------------+--------------+--------------+--------------+--------------+--------------+--------------+--------------+--------------+--------------+--------------+--------------+--------------+--------------+
|                   | Global Clock |     BUFRs    |    BUFMRs    |    BUFIOs    |     MMCM     |      PLL     |      GT      |      PCI     |    ILOGIC    |    OLOGIC    |      FF      |     LUTM     |    RAMB18    |    RAMB36    |    DSP48E2   |
+-------------------+------+-------+------+-------+------+-------+------+-------+------+-------+------+-------+------+-------+------+-------+------+-------+------+-------+------+-------+------+-------+------+-------+------+-------+------+-------+
| Clock Region Name | Used | Avail | Used | Avail | Used | Avail | Used | Avail | Used | Avail | Used | Avail | Used | Avail | Used | Avail | Used | Avail | Used | Avail | Used | Avail | Used | Avail | Used | Avail | Used | Avail | Used | Avail |
+-------------------+------+-------+------+-------+------+-------+------+-------+------+-------+------+-------+------+-------+------+-------+------+-------+------+-------+------+-------+------+-------+------+-------+------+-------+------+-------+
| X0Y0              |    0 |    12 |    0 |     4 |    0 |     2 |    0 |     4 |    0 |     1 |    0 |     1 |    0 |     0 |    0 |     0 |    0 |    50 |    0 |    50 |    0 |  1200 |    0 |   400 |    0 |    20 |    0 |    10 |    0 |    20 |
| X1Y0              |    2 |    12 |    0 |     4 |    0 |     2 |    0 |     4 |    1 |     1 |    0 |     1 |    0 |     0 |    0 |     0 |    0 |    50 |    0 |    50 |    8 |  1500 |    1 |   450 |    0 |    40 |    0 |    20 |    0 |    20 |
| X0Y1              |    3 |    12 |    0 |     4 |    0 |     2 |    0 |     4 |    0 |     1 |    0 |     1 |    0 |     0 |    0 |     0 |    0 |    50 |    0 |    50 |  475 |  1200 |  132 |   400 |    0 |    20 |    0 |    10 |    0 |    20 |
| X1Y1              |    4 |    12 |    0 |     4 |    0 |     2 |    0 |     4 |    0 |     1 |    0 |     1 |    0 |     0 |    0 |     0 |    0 |    50 |    0 |    50 | 1180 |  1500 |  357 |   450 |    0 |    40 |    4 |    20 |    0 |    20 |
| X0Y2              |    0 |    12 |    0 |     4 |    0 |     2 |    0 |     4 |    0 |     1 |    0 |     1 |    0 |     0 |    0 |     0 |    0 |    50 |    0 |    50 |    0 |  1800 |    0 |   400 |    0 |    20 |    0 |    10 |    0 |    20 |
| X1Y2              |    0 |    12 |    0 |     0 |    0 |     0 |    0 |     0 |    0 |     0 |    0 |     0 |    0 |     4 |    0 |     1 |    0 |     0 |    0 |     0 |    0 |   950 |    0 |   300 |    0 |    10 |    0 |     5 |    0 |    20 |
+-------------------+------+-------+------+-------+------+-------+------+-------+------+-------+------+-------+------+-------+------+-------+------+-------+------+-------+------+-------+------+-------+------+-------+------+-------+------+-------+
* Global Clock column represents track count; while other columns represents cell counts


6. Clock Regions : Global Clock Summary
---------------------------------------

All Modules
+----+----+----+
|    | X0 | X1 |
+----+----+----+
| Y2 |  0 |  0 |
| Y1 |  0 |  0 |
| Y0 |  0 |  0 |
+----+----+----+


7. Device Cell Placement Summary for Global Clock g0
----------------------------------------------------

+-----------+-----------------+-------------------+-------------------------------+-------------+---------------+-------------+----------+----------------+----------+------------------------------------+
| Global Id | Driver Type/Pin | Driver Region (D) | Clock                         | Period (ns) | Waveform (ns) | Slice Loads | IO Loads | Clocking Loads | GT Loads | Net                                |
+-----------+-----------------+-------------------+-------------------------------+-------------+---------------+-------------+----------+----------------+----------+------------------------------------+
| g0        | BUFG/O          | n/a               | clk_out1_design_4_clk_wiz_1_0 |      10.000 | {0.000 5.000} |        1415 |        0 |              0 |        0 | design_4_i/clk_wiz_1/inst/clk_out1 |
+-----------+-----------------+-------------------+-------------------------------+-------------+---------------+-------------+----------+----------------+----------+------------------------------------+
* Slice Loads column represents load cell count of all cell types other than IO, GT and clock resources
** IO Loads column represents load cell count of IO types
*** Clocking Loads column represents load cell count that are clock resources (global clock buffer, MMCM, PLL, etc)
**** GT Loads column represents load cell count of GT types


+----+------+-------+-----------------------+
|    | X0   | X1    | HORIZONTAL PROG DELAY |
+----+------+-------+-----------------------+
| Y2 |    0 |     0 |                     - |
| Y1 |  373 |  1042 |                     0 |
| Y0 |    0 |     0 |                     - |
+----+------+-------+-----------------------+


8. Device Cell Placement Summary for Global Clock g1
----------------------------------------------------

+-----------+-----------------+-------------------+----------------------------------------------------------+-------------+----------------+-------------+----------+----------------+----------+-----------------------------------------------------------+
| Global Id | Driver Type/Pin | Driver Region (D) | Clock                                                    | Period (ns) | Waveform (ns)  | Slice Loads | IO Loads | Clocking Loads | GT Loads | Net                                                       |
+-----------+-----------------+-------------------+----------------------------------------------------------+-------------+----------------+-------------+----------+----------------+----------+-----------------------------------------------------------+
| g1        | BUFGCTRL/O      | n/a               | design_4_i/mdm_1/U0/Use_E2.BSCAN_I/Use_E2.BSCANE2_I/DRCK |      33.333 | {0.000 16.667} |         232 |        0 |              0 |        0 | design_4_i/mdm_1/U0/No_Dbg_Reg_Access.BUFG_DRCK/Dbg_Clk_0 |
+-----------+-----------------+-------------------+----------------------------------------------------------+-------------+----------------+-------------+----------+----------------+----------+-----------------------------------------------------------+
* Slice Loads column represents load cell count of all cell types other than IO, GT and clock resources
** IO Loads column represents load cell count of IO types
*** Clocking Loads column represents load cell count that are clock resources (global clock buffer, MMCM, PLL, etc)
**** GT Loads column represents load cell count of GT types


+----+------+-----+-----------------------+
|    | X0   | X1  | HORIZONTAL PROG DELAY |
+----+------+-----+-----------------------+
| Y2 |    0 |   0 |                     - |
| Y1 |  146 |  86 |                     0 |
| Y0 |    0 |   0 |                     - |
+----+------+-----+-----------------------+


9. Device Cell Placement Summary for Global Clock g2
----------------------------------------------------

+-----------+-----------------+-------------------+-------+-------------+---------------+-------------+----------+----------------+----------+------------------------------------------------------------+
| Global Id | Driver Type/Pin | Driver Region (D) | Clock | Period (ns) | Waveform (ns) | Slice Loads | IO Loads | Clocking Loads | GT Loads | Net                                                        |
+-----------+-----------------+-------------------+-------+-------------+---------------+-------------+----------+----------------+----------+------------------------------------------------------------+
| g2        | BUFG/O          | n/a               |       |             |               |          64 |        0 |              0 |        0 | design_4_i/matriz_0/matriz_v1_0_S00_AXI_inst/inst1/reloj12 |
+-----------+-----------------+-------------------+-------+-------------+---------------+-------------+----------+----------------+----------+------------------------------------------------------------+
* Slice Loads column represents load cell count of all cell types other than IO, GT and clock resources
** IO Loads column represents load cell count of IO types
*** Clocking Loads column represents load cell count that are clock resources (global clock buffer, MMCM, PLL, etc)
**** GT Loads column represents load cell count of GT types


+----+----+-----+-----------------------+
|    | X0 | X1  | HORIZONTAL PROG DELAY |
+----+----+-----+-----------------------+
| Y2 |  0 |   0 |                     - |
| Y1 |  0 |  56 |                     0 |
| Y0 |  0 |   8 |                     0 |
+----+----+-----+-----------------------+


10. Device Cell Placement Summary for Global Clock g3
-----------------------------------------------------

+-----------+-----------------+-------------------+------------------------------------------------------------+-------------+----------------+-------------+----------+----------------+----------+------------------------------------------------------+
| Global Id | Driver Type/Pin | Driver Region (D) | Clock                                                      | Period (ns) | Waveform (ns)  | Slice Loads | IO Loads | Clocking Loads | GT Loads | Net                                                  |
+-----------+-----------------+-------------------+------------------------------------------------------------+-------------+----------------+-------------+----------+----------------+----------+------------------------------------------------------+
| g3        | BUFG/O          | n/a               | design_4_i/mdm_1/U0/Use_E2.BSCAN_I/Use_E2.BSCANE2_I/UPDATE |      33.333 | {0.000 16.667} |          39 |        0 |              0 |        0 | design_4_i/mdm_1/U0/Use_E2.BSCAN_I/Dbg_Update_0_BUFG |
+-----------+-----------------+-------------------+------------------------------------------------------------+-------------+----------------+-------------+----------+----------------+----------+------------------------------------------------------+
* Slice Loads column represents load cell count of all cell types other than IO, GT and clock resources
** IO Loads column represents load cell count of IO types
*** Clocking Loads column represents load cell count that are clock resources (global clock buffer, MMCM, PLL, etc)
**** GT Loads column represents load cell count of GT types


+----+-----+-----+-----------------------+
|    | X0  | X1  | HORIZONTAL PROG DELAY |
+----+-----+-----+-----------------------+
| Y2 |   0 |   0 |                     - |
| Y1 |  10 |  29 |                     0 |
| Y0 |   0 |   0 |                     - |
+----+-----+-----+-----------------------+


11. Device Cell Placement Summary for Global Clock g4
-----------------------------------------------------

+-----------+-----------------+-------------------+-------------------------------+-------------+---------------+-------------+----------+----------------+----------+-------------------------------------------------------------+
| Global Id | Driver Type/Pin | Driver Region (D) | Clock                         | Period (ns) | Waveform (ns) | Slice Loads | IO Loads | Clocking Loads | GT Loads | Net                                                         |
+-----------+-----------------+-------------------+-------------------------------+-------------+---------------+-------------+----------+----------------+----------+-------------------------------------------------------------+
| g4        | BUFG/O          | n/a               | clkfbout_design_4_clk_wiz_1_0 |      10.000 | {0.000 5.000} |           0 |        0 |              1 |        0 | design_4_i/clk_wiz_1/inst/clkfbout_buf_design_4_clk_wiz_1_0 |
+-----------+-----------------+-------------------+-------------------------------+-------------+---------------+-------------+----------+----------------+----------+-------------------------------------------------------------+
* Slice Loads column represents load cell count of all cell types other than IO, GT and clock resources
** IO Loads column represents load cell count of IO types
*** Clocking Loads column represents load cell count that are clock resources (global clock buffer, MMCM, PLL, etc)
**** GT Loads column represents load cell count of GT types


+----+----+----+-----------------------+
|    | X0 | X1 | HORIZONTAL PROG DELAY |
+----+----+----+-----------------------+
| Y2 |  0 |  0 |                     - |
| Y1 |  0 |  0 |                     - |
| Y0 |  0 |  1 |                     0 |
+----+----+----+-----------------------+


12. Clock Region Cell Placement per Global Clock: Region X1Y0
-------------------------------------------------------------

+-----------+-------+-----------------+------------+-------------+-----------------+----+-------------+------+-----+----+------+-----+---------+-------------------------------------------------------------+
| Global Id | Track | Driver Type/Pin | Constraint | Clock Loads | Non-Clock Loads | FF | Memory LUTs | RAMB | DSP | GT | MMCM | PLL | Hard IP | Net                                                         |
+-----------+-------+-----------------+------------+-------------+-----------------+----+-------------+------+-----+----+------+-----+---------+-------------------------------------------------------------+
| g2        | n/a   | BUFG/O          | None       |           8 |               0 |  8 |           0 |    0 |   0 |  0 |    0 |   0 |       0 | design_4_i/matriz_0/matriz_v1_0_S00_AXI_inst/inst1/reloj12  |
| g4        | n/a   | BUFG/O          | None       |           1 |               0 |  0 |           0 |    0 |   0 |  0 |    1 |   0 |       0 | design_4_i/clk_wiz_1/inst/clkfbout_buf_design_4_clk_wiz_1_0 |
+-----------+-------+-----------------+------------+-------------+-----------------+----+-------------+------+-----+----+------+-----+---------+-------------------------------------------------------------+
* Clock Loads column represents cell count of net connects that connect to a clock pin. Internal cell leaf pins are not considered
** Non-Clock Loads column represents cell count of non-clock pin loads
*** Columns FF, LUTRAM, RAMB through 'Hard IP' represents load cell counts


13. Clock Region Cell Placement per Global Clock: Region X0Y1
-------------------------------------------------------------

+-----------+-------+-----------------+------------+-------------+-----------------+-----+-------------+------+-----+----+------+-----+---------+-----------------------------------------------------------+
| Global Id | Track | Driver Type/Pin | Constraint | Clock Loads | Non-Clock Loads | FF  | Memory LUTs | RAMB | DSP | GT | MMCM | PLL | Hard IP | Net                                                       |
+-----------+-------+-----------------+------------+-------------+-----------------+-----+-------------+------+-----+----+------+-----+---------+-----------------------------------------------------------+
| g0        | n/a   | BUFG/O          | None       |         373 |               0 | 341 |          32 |    0 |   0 |  0 |    0 |   0 |       0 | design_4_i/clk_wiz_1/inst/clk_out1                        |
| g1        | n/a   | BUFGCTRL/O      | None       |         146 |               0 | 124 |          22 |    0 |   0 |  0 |    0 |   0 |       0 | design_4_i/mdm_1/U0/No_Dbg_Reg_Access.BUFG_DRCK/Dbg_Clk_0 |
| g3        | n/a   | BUFG/O          | None       |          10 |               0 |  10 |           0 |    0 |   0 |  0 |    0 |   0 |       0 | design_4_i/mdm_1/U0/Use_E2.BSCAN_I/Dbg_Update_0_BUFG      |
+-----------+-------+-----------------+------------+-------------+-----------------+-----+-------------+------+-----+----+------+-----+---------+-----------------------------------------------------------+
* Clock Loads column represents cell count of net connects that connect to a clock pin. Internal cell leaf pins are not considered
** Non-Clock Loads column represents cell count of non-clock pin loads
*** Columns FF, LUTRAM, RAMB through 'Hard IP' represents load cell counts


14. Clock Region Cell Placement per Global Clock: Region X1Y1
-------------------------------------------------------------

+-----------+-------+-----------------+------------+-------------+-----------------+-----+-------------+------+-----+----+------+-----+---------+------------------------------------------------------------+
| Global Id | Track | Driver Type/Pin | Constraint | Clock Loads | Non-Clock Loads | FF  | Memory LUTs | RAMB | DSP | GT | MMCM | PLL | Hard IP | Net                                                        |
+-----------+-------+-----------------+------------+-------------+-----------------+-----+-------------+------+-----+----+------+-----+---------+------------------------------------------------------------+
| g0        | n/a   | BUFG/O          | None       |        1042 |               0 | 992 |          46 |    4 |   0 |  0 |    0 |   0 |       0 | design_4_i/clk_wiz_1/inst/clk_out1                         |
| g1        | n/a   | BUFGCTRL/O      | None       |          86 |               0 |  86 |           0 |    0 |   0 |  0 |    0 |   0 |       0 | design_4_i/mdm_1/U0/No_Dbg_Reg_Access.BUFG_DRCK/Dbg_Clk_0  |
| g2        | n/a   | BUFG/O          | None       |          56 |               0 |  56 |           0 |    0 |   0 |  0 |    0 |   0 |       0 | design_4_i/matriz_0/matriz_v1_0_S00_AXI_inst/inst1/reloj12 |
| g3        | n/a   | BUFG/O          | None       |          28 |               1 |  28 |           0 |    0 |   0 |  0 |    0 |   0 |       0 | design_4_i/mdm_1/U0/Use_E2.BSCAN_I/Dbg_Update_0_BUFG       |
+-----------+-------+-----------------+------------+-------------+-----------------+-----+-------------+------+-----+----+------+-----+---------+------------------------------------------------------------+
* Clock Loads column represents cell count of net connects that connect to a clock pin. Internal cell leaf pins are not considered
** Non-Clock Loads column represents cell count of non-clock pin loads
*** Columns FF, LUTRAM, RAMB through 'Hard IP' represents load cell counts



# Location of BUFG Primitives 
set_property LOC BUFGCTRL_X0Y3 [get_cells design_4_i/mdm_1/U0/Use_E2.BSCAN_I/Dbg_Update_0_BUFG_inst]
set_property LOC BUFGCTRL_X0Y1 [get_cells design_4_i/mdm_1/U0/No_Dbg_Reg_Access.BUFG_DRCK/Using_FPGA.Native]
set_property LOC BUFGCTRL_X0Y2 [get_cells design_4_i/matriz_0/col_serial_out_reg_i_1]
set_property LOC BUFGCTRL_X0Y4 [get_cells design_4_i/clk_wiz_1/inst/clkf_buf]
set_property LOC BUFGCTRL_X0Y0 [get_cells design_4_i/clk_wiz_1/inst/clkout1_buf]

# Location of IO Primitives which is load of clock spine

# Location of clock ports
set_property LOC IOB_X1Y26 [get_ports sys_clock]

# Clock net "design_4_i/mdm_1/U0/Use_E2.BSCAN_I/Dbg_Update_0_BUFG" driven by instance "design_4_i/mdm_1/U0/Use_E2.BSCAN_I/Dbg_Update_0_BUFG_inst" located at site "BUFGCTRL_X0Y3"
#startgroup
create_pblock {CLKAG_design_4_i/mdm_1/U0/Use_E2.BSCAN_I/Dbg_Update_0_BUFG}
add_cells_to_pblock [get_pblocks  {CLKAG_design_4_i/mdm_1/U0/Use_E2.BSCAN_I/Dbg_Update_0_BUFG}] [get_cells -filter { PRIMITIVE_GROUP != I/O && IS_PRIMITIVE==1 && PRIMITIVE_LEVEL !=INTERNAL } -of_object [get_pins -leaf -filter {DIRECTION==IN} -of_objects [get_nets {design_4_i/mdm_1/U0/Use_E2.BSCAN_I/Dbg_Update_0_BUFG}]]]
resize_pblock [get_pblocks {CLKAG_design_4_i/mdm_1/U0/Use_E2.BSCAN_I/Dbg_Update_0_BUFG}] -add {CLOCKREGION_X0Y1:CLOCKREGION_X0Y1 CLOCKREGION_X1Y1:CLOCKREGION_X1Y1}
#endgroup

# Clock net "design_4_i/mdm_1/U0/No_Dbg_Reg_Access.BUFG_DRCK/Dbg_Clk_0" driven by instance "design_4_i/mdm_1/U0/No_Dbg_Reg_Access.BUFG_DRCK/Using_FPGA.Native" located at site "BUFGCTRL_X0Y1"
#startgroup
create_pblock {CLKAG_design_4_i/mdm_1/U0/No_Dbg_Reg_Access.BUFG_DRCK/Dbg_Clk_0}
add_cells_to_pblock [get_pblocks  {CLKAG_design_4_i/mdm_1/U0/No_Dbg_Reg_Access.BUFG_DRCK/Dbg_Clk_0}] [get_cells -filter { PRIMITIVE_GROUP != I/O && IS_PRIMITIVE==1 && PRIMITIVE_LEVEL !=INTERNAL } -of_object [get_pins -leaf -filter {DIRECTION==IN} -of_objects [get_nets {design_4_i/mdm_1/U0/No_Dbg_Reg_Access.BUFG_DRCK/Dbg_Clk_0}]]]
resize_pblock [get_pblocks {CLKAG_design_4_i/mdm_1/U0/No_Dbg_Reg_Access.BUFG_DRCK/Dbg_Clk_0}] -add {CLOCKREGION_X0Y1:CLOCKREGION_X0Y1 CLOCKREGION_X1Y1:CLOCKREGION_X1Y1}
#endgroup

# Clock net "design_4_i/matriz_0/matriz_v1_0_S00_AXI_inst/inst1/reloj12" driven by instance "design_4_i/matriz_0/col_serial_out_reg_i_1" located at site "BUFGCTRL_X0Y2"
#startgroup
create_pblock {CLKAG_design_4_i/matriz_0/matriz_v1_0_S00_AXI_inst/inst1/reloj12}
add_cells_to_pblock [get_pblocks  {CLKAG_design_4_i/matriz_0/matriz_v1_0_S00_AXI_inst/inst1/reloj12}] [get_cells -filter { PRIMITIVE_GROUP != I/O && IS_PRIMITIVE==1 && PRIMITIVE_LEVEL !=INTERNAL } -of_object [get_pins -leaf -filter {DIRECTION==IN} -of_objects [get_nets {design_4_i/matriz_0/matriz_v1_0_S00_AXI_inst/inst1/reloj12}]]]
resize_pblock [get_pblocks {CLKAG_design_4_i/matriz_0/matriz_v1_0_S00_AXI_inst/inst1/reloj12}] -add {CLOCKREGION_X1Y0:CLOCKREGION_X1Y0 CLOCKREGION_X1Y1:CLOCKREGION_X1Y1}
#endgroup

# Clock net "design_4_i/clk_wiz_1/inst/clk_out1" driven by instance "design_4_i/clk_wiz_1/inst/clkout1_buf" located at site "BUFGCTRL_X0Y0"
#startgroup
create_pblock {CLKAG_design_4_i/clk_wiz_1/inst/clk_out1}
add_cells_to_pblock [get_pblocks  {CLKAG_design_4_i/clk_wiz_1/inst/clk_out1}] [get_cells -filter { PRIMITIVE_GROUP != I/O && IS_PRIMITIVE==1 && PRIMITIVE_LEVEL !=INTERNAL } -of_object [get_pins -leaf -filter {DIRECTION==IN} -of_objects [get_nets {design_4_i/clk_wiz_1/inst/clk_out1}]]]
resize_pblock [get_pblocks {CLKAG_design_4_i/clk_wiz_1/inst/clk_out1}] -add {CLOCKREGION_X0Y1:CLOCKREGION_X0Y1 CLOCKREGION_X1Y1:CLOCKREGION_X1Y1}
#endgroup
