Copyright 1986-2022 Xilinx, Inc. All Rights Reserved. Copyright 2022-2023 Advanced Micro Devices, Inc. All Rights Reserved.
---------------------------------------------------------------------------------------------------------------------------------------------
| Tool Version : Vivado v.2023.1 (win64) Build 3865809 Sun May  7 15:05:29 MDT 2023
| Date         : Wed Nov  5 17:00:13 2025
| Host         : PTO0814 running 64-bit major release  (build 9200)
| Command      : report_control_sets -verbose -file design_3_wrapper_control_sets_placed.rpt
| Design       : design_3_wrapper
| Device       : xc7a35t
---------------------------------------------------------------------------------------------------------------------------------------------

Control Set Information

Table of Contents
-----------------
1. Summary
2. Histogram
3. Flip-Flop Distribution
4. Detailed Control Set Information

1. Summary
----------

+----------------------------------------------------------+-------+
|                          Status                          | Count |
+----------------------------------------------------------+-------+
| Total control sets                                       |   128 |
|    Minimum number of control sets                        |   128 |
|    Addition due to synthesis replication                 |     0 |
|    Addition due to physical synthesis replication        |     0 |
| Unused register locations in slices containing registers |   215 |
+----------------------------------------------------------+-------+
* Control sets can be merged at opt_design using control_set_merge or merge_equivalent_drivers
** Run report_qor_suggestions for automated merging and remapping suggestions


2. Histogram
------------

+--------------------+-------+
|       Fanout       | Count |
+--------------------+-------+
| Total control sets |   128 |
| >= 0 to < 4        |    10 |
| >= 4 to < 6        |    12 |
| >= 6 to < 8        |     8 |
| >= 8 to < 10       |    58 |
| >= 10 to < 12      |     2 |
| >= 12 to < 14      |     1 |
| >= 14 to < 16      |     1 |
| >= 16              |    36 |
+--------------------+-------+
* Control sets can be remapped at either synth_design or opt_design


3. Flip-Flop Distribution
-------------------------

+--------------+-----------------------+------------------------+-----------------+--------------+
| Clock Enable | Synchronous Set/Reset | Asynchronous Set/Reset | Total Registers | Total Slices |
+--------------+-----------------------+------------------------+-----------------+--------------+
| No           | No                    | No                     |             183 |           72 |
| No           | No                    | Yes                    |             296 |           96 |
| No           | Yes                   | No                     |             296 |          114 |
| Yes          | No                    | No                     |             218 |           70 |
| Yes          | No                    | Yes                    |              39 |           16 |
| Yes          | Yes                   | No                     |            1241 |          369 |
+--------------+-----------------------+------------------------+-----------------+--------------+


4. Detailed Control Set Information
-----------------------------------

+-------------------------------------------------------------+------------------------------------------------------------------------------------------------------------------------------------------------------------------------------------------------------------+------------------------------------------------------------------------------------------------------------------------------------------------+------------------+----------------+--------------+
|                         Clock Signal                        |                                                                                                Enable Signal                                                                                               |                                                                Set/Reset Signal                                                                | Slice Load Count | Bel Load Count | Bels / Slice |
+-------------------------------------------------------------+------------------------------------------------------------------------------------------------------------------------------------------------------------------------------------------------------------+------------------------------------------------------------------------------------------------------------------------------------------------+------------------+----------------+--------------+
| ~design_3_i/mdm_1/U0/No_Dbg_Reg_Access.BUFG_DRCK/Dbg_Clk_0  | design_3_i/mdm_1/U0/MDM_Core_I1/JTAG_CONTROL_I/Use_BSCAN.FDC_I/CE                                                                                                                                          | design_3_i/mdm_1/U0/MDM_Core_I1/JTAG_CONTROL_I/Use_BSCAN.FDC_I/D                                                                               |                1 |              1 |         1.00 |
|  design_3_i/clk_wiz_1/inst/clk_out1                         |                                                                                                                                                                                                            | design_3_i/microblaze_0/U0/MicroBlaze_Core_I/Performance.Core/Use_Debug_Logic.Master_Core.Debug_Perf/Serial_Dbg_Intf.capture_1                 |                1 |              1 |         1.00 |
|  design_3_i/mdm_1/U0/No_Dbg_Reg_Access.BUFG_DRCK/Dbg_Clk_0  | design_3_i/mdm_1/U0/Use_E2.BSCAN_I/Use_E2.BSCANE2_I_0                                                                                                                                                      | design_3_i/mdm_1/U0/MDM_Core_I1/JTAG_CONTROL_I/Functional_Reset                                                                                |                1 |              1 |         1.00 |
| ~design_3_i/mdm_1/U0/Use_E2.BSCAN_I/Dbg_Update_0_BUFG       |                                                                                                                                                                                                            | design_3_i/mdm_1/U0/MDM_Core_I1/JTAG_CONTROL_I/sel_n                                                                                           |                1 |              1 |         1.00 |
|  design_3_i/mdm_1/U0/Use_E2.BSCAN_I/Dbg_Update_0_BUFG       | design_3_i/microblaze_0/U0/MicroBlaze_Core_I/Performance.Core/Use_Debug_Logic.Master_Core.Debug_Perf/Control_Reg_En                                                                                        | design_3_i/microblaze_0/U0/MicroBlaze_Core_I/Performance.Core/Use_Debug_Logic.Master_Core.Debug_Perf/start_single_step_reg_n_0                 |                1 |              1 |         1.00 |
|  design_3_i/mdm_1/U0/Use_E2.BSCAN_I/Dbg_Update_0_BUFG       | design_3_i/microblaze_0/U0/MicroBlaze_Core_I/Performance.Core/Use_Debug_Logic.Master_Core.Debug_Perf/Control_Reg_En                                                                                        | design_3_i/microblaze_0/U0/MicroBlaze_Core_I/Performance.Core/Use_Debug_Logic.Master_Core.Debug_Perf/Serial_Dbg_Intf.force_stop_cmd_i_reg_0    |                1 |              1 |         1.00 |
|  design_3_i/mdm_1/U0/Use_E2.BSCAN_I/Dbg_Update_0_BUFG       | design_3_i/microblaze_0/U0/MicroBlaze_Core_I/Performance.Core/Use_Debug_Logic.Master_Core.Debug_Perf/Control_Reg_En                                                                                        | design_3_i/microblaze_0/U0/MicroBlaze_Core_I/Performance.Core/Use_Debug_Logic.Master_Core.Debug_Perf/Serial_Dbg_Intf.continue_from_brk_reg_n_0 |                1 |              1 |         1.00 |
|  design_3_i/mdm_1/U0/Use_E2.BSCAN_I/Dbg_Update_0_BUFG       | design_3_i/microblaze_0/U0/MicroBlaze_Core_I/Performance.Core/Use_Debug_Logic.Master_Core.Debug_Perf/Control_Reg_En                                                                                        | design_3_i/microblaze_0/U0/MicroBlaze_Core_I/Performance.Core/Use_Debug_Logic.Master_Core.Debug_Perf/Serial_Dbg_Intf.normal_stop_cmd_i_reg_n_0 |                1 |              1 |         1.00 |
|  design_3_i/mdm_1/U0/Use_E2.BSCAN_I/Dbg_Update_0_BUFG       | design_3_i/microblaze_0/U0/MicroBlaze_Core_I/Performance.Core/Use_Debug_Logic.Master_Core.Debug_Perf/Command_Reg_En                                                                                        | design_3_i/microblaze_0/U0/MicroBlaze_Core_I/Performance.Core/Use_Debug_Logic.Master_Core.Debug_Perf/command_reg_clear                         |                1 |              2 |         2.00 |
|  design_3_i/mdm_1/U0/Use_E2.BSCAN_I/Dbg_Update_0_BUFG       |                                                                                                                                                                                                            |                                                                                                                                                |                1 |              3 |         3.00 |
|  design_3_i/mdm_1/U0/Use_E2.BSCAN_I/Dbg_Update_0_BUFG       | design_3_i/microblaze_0/U0/MicroBlaze_Core_I/Performance.Core/Use_Debug_Logic.Master_Core.Debug_Perf/Control_Reg_En                                                                                        |                                                                                                                                                |                1 |              4 |         4.00 |
|  design_3_i/keypad_0/U0/keypad_v1_0_S00_AXI_inst/reloj_BUFG | design_3_i/keypad_0/U0/keypad_v1_0_S00_AXI_inst/TeclaDetecInst/ldCode                                                                                                                                      | design_3_i/keypad_0/U0/keypad_v1_0_S00_AXI_inst/TeclaDetecInst/ACTIVE_LOW_PR_OUT_DFF[0].FDRE_PER_N                                             |                3 |              4 |         1.33 |
|  design_3_i/clk_wiz_1/inst/clk_out1                         | design_3_i/keypad_0/U0/keypad_v1_0_S00_AXI_inst/TeclaDetecInst/E[0]                                                                                                                                        | design_3_i/keypad_0/U0/keypad_v1_0_S00_AXI_inst/TeclaDetecInst/SR[0]                                                                           |                1 |              4 |         4.00 |
|  design_3_i/clk_wiz_1/inst/clk_out1                         |                                                                                                                                                                                                            | design_3_i/rst_clk_wiz_1_100M/U0/bus_struct_reset[0]                                                                                           |                1 |              4 |         4.00 |
|  design_3_i/mdm_1/U0/Use_E2.BSCAN_I/Dbg_Update_0_BUFG       | design_3_i/mdm_1/U0/MDM_Core_I1/Use_BSCAN.MDM_SEL                                                                                                                                                          | design_3_i/mdm_1/U0/Use_E2.BSCAN_I/AR[0]                                                                                                       |                1 |              4 |         4.00 |
|  design_3_i/clk_wiz_1/inst/clk_out1                         | design_3_i/keypad_0/U0/keypad_v1_0_S00_AXI_inst/TeclaDetecInst/E[0]                                                                                                                                        | design_3_i/keypad_0/U0/keypad_v1_0_S00_AXI_inst/TeclaDetecInst/ACTIVE_LOW_PR_OUT_DFF[0].FDRE_PER_N                                             |                1 |              4 |         4.00 |
|  design_3_i/mdm_1/U0/No_Dbg_Reg_Access.BUFG_DRCK/Dbg_Clk_0  | design_3_i/mdm_1/U0/MDM_Core_I1/Use_BSCAN.TDI_Shifter0                                                                                                                                                     | design_3_i/mdm_1/U0/Use_E2.BSCAN_I/AR[0]                                                                                                       |                1 |              4 |         4.00 |
| ~design_3_i/mdm_1/U0/Use_E2.BSCAN_I/Dbg_Update_0_BUFG       |                                                                                                                                                                                                            | design_3_i/mdm_1/U0/Use_E2.BSCAN_I/AR[0]                                                                                                       |                1 |              4 |         4.00 |
|  design_3_i/clk_wiz_1/inst/clk_out1                         | design_3_i/axi_uartlite_0/U0/AXI_LITE_IPIF_I/I_SLAVE_ATTACHMENT/start2                                                                                                                                     | design_3_i/axi_uartlite_0/U0/AXI_LITE_IPIF_I/I_SLAVE_ATTACHMENT/I_DECODER/cs_ce_clr                                                            |                1 |              4 |         4.00 |
|  design_3_i/clk_wiz_1/inst/clk_out1                         | design_3_i/axi_uartlite_0/U0/UARTLITE_CORE_I/BAUD_RATE_I/en_16x_Baud                                                                                                                                       |                                                                                                                                                |                1 |              4 |         4.00 |
|  design_3_i/clk_wiz_1/inst/clk_out1                         |                                                                                                                                                                                                            | design_3_i/rst_clk_wiz_1_100M/U0/EXT_LPF/lpf_int                                                                                               |                2 |              5 |         2.50 |
|  design_3_i/clk_wiz_1/inst/clk_out1                         | design_3_i/microblaze_0/U0/MicroBlaze_Core_I/Performance.Core/Decode_I/wb_Halted                                                                                                                           | design_3_i/microblaze_0/U0/MicroBlaze_Core_I/sync_reset                                                                                        |                1 |              5 |         5.00 |
|  design_3_i/clk_wiz_1/inst/clk_out1                         |                                                                                                                                                                                                            | design_3_i/axi_uartlite_0/U0/UARTLITE_CORE_I/UARTLITE_RX_I/SRL_FIFO_I/I_SRL_FIFO_RBU_F/CNTR_INCR_DECR_ADDN_F_I/SS[0]                           |                3 |              6 |         2.00 |
|  design_3_i/clk_wiz_1/inst/clk_out1                         |                                                                                                                                                                                                            | design_3_i/axi_uartlite_0/U0/UARTLITE_CORE_I/UARTLITE_TX_I/SRL_FIFO_I/I_SRL_FIFO_RBU_F/CNTR_INCR_DECR_ADDN_F_I/SS[0]                           |                2 |              6 |         3.00 |
|  design_3_i/keypad_0/U0/keypad_v1_0_S00_AXI_inst/reloj_BUFG |                                                                                                                                                                                                            | design_3_i/keypad_0/U0/keypad_v1_0_S00_AXI_inst/TeclaDetecInst/ACTIVE_LOW_PR_OUT_DFF[0].FDRE_PER_N                                             |                4 |              6 |         1.50 |
|  design_3_i/mdm_1/U0/No_Dbg_Reg_Access.BUFG_DRCK/Dbg_Clk_0  | design_3_i/mdm_1/U0/MDM_Core_I1/JTAG_CONTROL_I/Use_BSCAN.FDC_I/sample_1                                                                                                                                    |                                                                                                                                                |                1 |              6 |         6.00 |
|  design_3_i/mdm_1/U0/No_Dbg_Reg_Access.BUFG_DRCK/Dbg_Clk_0  | design_3_i/mdm_1/U0/Use_E2.BSCAN_I/Use_E2.BSCANE2_I_2                                                                                                                                                      |                                                                                                                                                |                2 |              6 |         3.00 |
|  design_3_i/mdm_1/U0/No_Dbg_Reg_Access.BUFG_DRCK/Dbg_Clk_0  | design_3_i/mdm_1/U0/Use_E2.BSCAN_I/sel                                                                                                                                                                     |                                                                                                                                                |                2 |              6 |         3.00 |
|  design_3_i/clk_wiz_1/inst/clk_out1                         | design_3_i/rst_clk_wiz_1_100M/U0/SEQ/seq_cnt_en                                                                                                                                                            | design_3_i/rst_clk_wiz_1_100M/U0/SEQ/SEQ_COUNTER/clear                                                                                         |                1 |              6 |         6.00 |
|  design_3_i/clk_wiz_1/inst/clk_out1                         | design_3_i/axi_uartlite_0/U0/UARTLITE_CORE_I/BAUD_RATE_I/en_16x_Baud                                                                                                                                       | design_3_i/axi_uartlite_0/U0/UARTLITE_CORE_I/UARTLITE_RX_I/SERIAL_TO_PARALLEL[8].fifo_din[8]_i_1_n_0                                           |                1 |              7 |         7.00 |
|  design_3_i/clk_wiz_1/inst/clk_out1                         | design_3_i/LEDs_2/U0/LEDs_v1_0_S00_AXI_inst/slv_reg2[31]_i_1_n_0                                                                                                                                           | design_3_i/LEDs_2/U0/LEDs_v1_0_S00_AXI_inst/p_0_in                                                                                             |                3 |              8 |         2.67 |
|  design_3_i/clk_wiz_1/inst/clk_out1                         | design_3_i/keypad_0/U0/keypad_v1_0_S00_AXI_inst/p_1_in[7]                                                                                                                                                  | design_3_i/keypad_0/U0/keypad_v1_0_S00_AXI_inst/TeclaDetecInst/ACTIVE_LOW_PR_OUT_DFF[0].FDRE_PER_N                                             |                1 |              8 |         8.00 |
|  design_3_i/clk_wiz_1/inst/clk_out1                         | design_3_i/keypad_0/U0/keypad_v1_0_S00_AXI_inst/p_1_in[31]                                                                                                                                                 | design_3_i/keypad_0/U0/keypad_v1_0_S00_AXI_inst/TeclaDetecInst/ACTIVE_LOW_PR_OUT_DFF[0].FDRE_PER_N                                             |                1 |              8 |         8.00 |
|  design_3_i/clk_wiz_1/inst/clk_out1                         | design_3_i/keypad_0/U0/keypad_v1_0_S00_AXI_inst/p_1_in[16]                                                                                                                                                 | design_3_i/keypad_0/U0/keypad_v1_0_S00_AXI_inst/TeclaDetecInst/ACTIVE_LOW_PR_OUT_DFF[0].FDRE_PER_N                                             |                1 |              8 |         8.00 |
|  design_3_i/mdm_1/U0/Use_E2.BSCAN_I/Dbg_Update_0_BUFG       | design_3_i/mdm_1/U0/MDM_Core_I1/JTAG_CONTROL_I/Use_BSCAN.FDC_I/command_10                                                                                                                                  |                                                                                                                                                |                2 |              8 |         4.00 |
| ~design_3_i/mdm_1/U0/Use_E2.BSCAN_I/Dbg_Update_0_BUFG       | design_3_i/mdm_1/U0/MDM_Core_I1/JTAG_CONTROL_I/Use_BSCAN.command[0]_i_1_n_0                                                                                                                                |                                                                                                                                                |                2 |              8 |         4.00 |
|  design_3_i/mdm_1/U0/No_Dbg_Reg_Access.BUFG_DRCK/Dbg_Clk_0  | design_3_i/mdm_1/U0/MDM_Core_I1/JTAG_CONTROL_I/tdi_shifter0                                                                                                                                                |                                                                                                                                                |                2 |              8 |         4.00 |
|  design_3_i/mdm_1/U0/No_Dbg_Reg_Access.BUFG_DRCK/Dbg_Clk_0  | design_3_i/microblaze_0/U0/MicroBlaze_Core_I/Performance.Core/Use_Debug_Logic.Master_Core.Debug_Perf/Using_PC_Breakpoints.All_PC_Brks[0].Serial_Interface_1.address_hit_I/Compare[0].SRLC16E_I/which_pc__0 |                                                                                                                                                |                7 |              8 |         1.14 |
|  design_3_i/clk_wiz_1/inst/clk_out1                         | design_3_i/keypad_0/U0/keypad_v1_0_S00_AXI_inst/p_1_in[8]                                                                                                                                                  | design_3_i/keypad_0/U0/keypad_v1_0_S00_AXI_inst/TeclaDetecInst/ACTIVE_LOW_PR_OUT_DFF[0].FDRE_PER_N                                             |                1 |              8 |         8.00 |
|  design_3_i/clk_wiz_1/inst/clk_out1                         | design_3_i/axi_uartlite_0/U0/AXI_LITE_IPIF_I/I_SLAVE_ATTACHMENT/I_DECODER/fifo_wr                                                                                                                          |                                                                                                                                                |                1 |              8 |         8.00 |
|  design_3_i/clk_wiz_1/inst/clk_out1                         | design_3_i/axi_uartlite_0/U0/AXI_LITE_IPIF_I/I_SLAVE_ATTACHMENT/s_axi_rresp_i                                                                                                                              | design_3_i/axi_uartlite_0/U0/AXI_LITE_IPIF_I/I_SLAVE_ATTACHMENT/rst                                                                            |                2 |              8 |         4.00 |
|  design_3_i/clk_wiz_1/inst/clk_out1                         | design_3_i/axi_uartlite_0/U0/UARTLITE_CORE_I/UARTLITE_RX_I/SRL_FIFO_I/I_SRL_FIFO_RBU_F/DYNSHREG_F_I/fifo_wr                                                                                                |                                                                                                                                                |                1 |              8 |         8.00 |
|  design_3_i/clk_wiz_1/inst/clk_out1                         | design_3_i/LEDs_2/U0/LEDs_v1_0_S00_AXI_inst/slv_reg2[23]_i_1_n_0                                                                                                                                           | design_3_i/LEDs_2/U0/LEDs_v1_0_S00_AXI_inst/p_0_in                                                                                             |                2 |              8 |         4.00 |
|  design_3_i/clk_wiz_1/inst/clk_out1                         | design_3_i/LEDs_2/U0/LEDs_v1_0_S00_AXI_inst/slv_reg1[15]_i_1_n_0                                                                                                                                           | design_3_i/LEDs_2/U0/LEDs_v1_0_S00_AXI_inst/p_0_in                                                                                             |                4 |              8 |         2.00 |
|  design_3_i/clk_wiz_1/inst/clk_out1                         | design_3_i/LEDs_2/U0/LEDs_v1_0_S00_AXI_inst/slv_reg1[23]_i_1_n_0                                                                                                                                           | design_3_i/LEDs_2/U0/LEDs_v1_0_S00_AXI_inst/p_0_in                                                                                             |                1 |              8 |         8.00 |
|  design_3_i/clk_wiz_1/inst/clk_out1                         | design_3_i/LEDs_2/U0/LEDs_v1_0_S00_AXI_inst/slv_reg1[31]_i_1_n_0                                                                                                                                           | design_3_i/LEDs_2/U0/LEDs_v1_0_S00_AXI_inst/p_0_in                                                                                             |                1 |              8 |         8.00 |
|  design_3_i/clk_wiz_1/inst/clk_out1                         | design_3_i/LEDs_2/U0/LEDs_v1_0_S00_AXI_inst/slv_reg2[15]_i_1_n_0                                                                                                                                           | design_3_i/LEDs_2/U0/LEDs_v1_0_S00_AXI_inst/p_0_in                                                                                             |                3 |              8 |         2.67 |
|  design_3_i/clk_wiz_1/inst/clk_out1                         | design_3_i/LEDs_2/U0/LEDs_v1_0_S00_AXI_inst/slv_reg2[7]_i_1_n_0                                                                                                                                            | design_3_i/LEDs_2/U0/LEDs_v1_0_S00_AXI_inst/p_0_in                                                                                             |                2 |              8 |         4.00 |
|  design_3_i/clk_wiz_1/inst/clk_out1                         | design_3_i/LEDs_2/U0/LEDs_v1_0_S00_AXI_inst/slv_reg1[7]_i_1_n_0                                                                                                                                            | design_3_i/LEDs_2/U0/LEDs_v1_0_S00_AXI_inst/p_0_in                                                                                             |                2 |              8 |         4.00 |
|  design_3_i/clk_wiz_1/inst/clk_out1                         | design_3_i/LEDs_2/U0/LEDs_v1_0_S00_AXI_inst/p_1_in[8]                                                                                                                                                      | design_3_i/LEDs_2/U0/LEDs_v1_0_S00_AXI_inst/p_0_in                                                                                             |                3 |              8 |         2.67 |
|  design_3_i/clk_wiz_1/inst/clk_out1                         | design_3_i/LEDs_2/U0/LEDs_v1_0_S00_AXI_inst/p_1_in[16]                                                                                                                                                     | design_3_i/LEDs_2/U0/LEDs_v1_0_S00_AXI_inst/p_0_in                                                                                             |                4 |              8 |         2.00 |
|  design_3_i/clk_wiz_1/inst/clk_out1                         | design_3_i/LEDs_2/U0/LEDs_v1_0_S00_AXI_inst/p_1_in[31]                                                                                                                                                     | design_3_i/LEDs_2/U0/LEDs_v1_0_S00_AXI_inst/p_0_in                                                                                             |                2 |              8 |         4.00 |
|  design_3_i/clk_wiz_1/inst/clk_out1                         | design_3_i/LEDs_2/U0/LEDs_v1_0_S00_AXI_inst/p_1_in[7]                                                                                                                                                      | design_3_i/LEDs_2/U0/LEDs_v1_0_S00_AXI_inst/p_0_in                                                                                             |                2 |              8 |         4.00 |
|  design_3_i/clk_wiz_1/inst/clk_out1                         | design_3_i/LEDs_1/U0/LEDs_v1_0_S00_AXI_inst/p_1_in[15]                                                                                                                                                     | design_3_i/LEDs_1/U0/LEDs_v1_0_S00_AXI_inst/p_0_in                                                                                             |                2 |              8 |         4.00 |
|  design_3_i/clk_wiz_1/inst/clk_out1                         | design_3_i/LEDs_1/U0/LEDs_v1_0_S00_AXI_inst/p_1_in[23]                                                                                                                                                     | design_3_i/LEDs_1/U0/LEDs_v1_0_S00_AXI_inst/p_0_in                                                                                             |                3 |              8 |         2.67 |
|  design_3_i/clk_wiz_1/inst/clk_out1                         | design_3_i/LEDs_1/U0/LEDs_v1_0_S00_AXI_inst/p_1_in[31]                                                                                                                                                     | design_3_i/LEDs_1/U0/LEDs_v1_0_S00_AXI_inst/p_0_in                                                                                             |                3 |              8 |         2.67 |
|  design_3_i/clk_wiz_1/inst/clk_out1                         | design_3_i/LEDs_1/U0/LEDs_v1_0_S00_AXI_inst/slv_reg1[31]_i_1_n_0                                                                                                                                           | design_3_i/LEDs_1/U0/LEDs_v1_0_S00_AXI_inst/p_0_in                                                                                             |                2 |              8 |         4.00 |
|  design_3_i/clk_wiz_1/inst/clk_out1                         | design_3_i/LEDs_1/U0/LEDs_v1_0_S00_AXI_inst/slv_reg1[15]_i_1_n_0                                                                                                                                           | design_3_i/LEDs_1/U0/LEDs_v1_0_S00_AXI_inst/p_0_in                                                                                             |                2 |              8 |         4.00 |
|  design_3_i/clk_wiz_1/inst/clk_out1                         | design_3_i/LEDs_1/U0/LEDs_v1_0_S00_AXI_inst/slv_reg2[15]_i_1_n_0                                                                                                                                           | design_3_i/LEDs_1/U0/LEDs_v1_0_S00_AXI_inst/p_0_in                                                                                             |                2 |              8 |         4.00 |
|  design_3_i/clk_wiz_1/inst/clk_out1                         | design_3_i/LEDs_1/U0/LEDs_v1_0_S00_AXI_inst/slv_reg1[7]_i_1_n_0                                                                                                                                            | design_3_i/LEDs_1/U0/LEDs_v1_0_S00_AXI_inst/p_0_in                                                                                             |                2 |              8 |         4.00 |
|  design_3_i/clk_wiz_1/inst/clk_out1                         | design_3_i/LEDs_1/U0/LEDs_v1_0_S00_AXI_inst/slv_reg1[23]_i_1_n_0                                                                                                                                           | design_3_i/LEDs_1/U0/LEDs_v1_0_S00_AXI_inst/p_0_in                                                                                             |                2 |              8 |         4.00 |
|  design_3_i/clk_wiz_1/inst/clk_out1                         | design_3_i/LEDs_1/U0/LEDs_v1_0_S00_AXI_inst/slv_reg2[23]_i_1_n_0                                                                                                                                           | design_3_i/LEDs_1/U0/LEDs_v1_0_S00_AXI_inst/p_0_in                                                                                             |                1 |              8 |         8.00 |
|  design_3_i/clk_wiz_1/inst/clk_out1                         | design_3_i/LEDs_1/U0/LEDs_v1_0_S00_AXI_inst/slv_reg2[31]_i_1_n_0                                                                                                                                           | design_3_i/LEDs_1/U0/LEDs_v1_0_S00_AXI_inst/p_0_in                                                                                             |                1 |              8 |         8.00 |
|  design_3_i/clk_wiz_1/inst/clk_out1                         | design_3_i/LEDs_1/U0/LEDs_v1_0_S00_AXI_inst/slv_reg2[7]_i_1_n_0                                                                                                                                            | design_3_i/LEDs_1/U0/LEDs_v1_0_S00_AXI_inst/p_0_in                                                                                             |                1 |              8 |         8.00 |
|  design_3_i/clk_wiz_1/inst/clk_out1                         | design_3_i/LEDs_1/U0/LEDs_v1_0_S00_AXI_inst/p_1_in[7]                                                                                                                                                      | design_3_i/LEDs_1/U0/LEDs_v1_0_S00_AXI_inst/p_0_in                                                                                             |                3 |              8 |         2.67 |
|  design_3_i/clk_wiz_1/inst/clk_out1                         | design_3_i/LEDs_0/U0/LEDs_v1_0_S00_AXI_inst/slv_reg2[7]_i_1_n_0                                                                                                                                            | design_3_i/LEDs_0/U0/LEDs_v1_0_S00_AXI_inst/p_0_in                                                                                             |                2 |              8 |         4.00 |
|  design_3_i/clk_wiz_1/inst/clk_out1                         | design_3_i/LEDs_0/U0/LEDs_v1_0_S00_AXI_inst/slv_reg1[31]_i_1_n_0                                                                                                                                           | design_3_i/LEDs_0/U0/LEDs_v1_0_S00_AXI_inst/p_0_in                                                                                             |                2 |              8 |         4.00 |
|  design_3_i/clk_wiz_1/inst/clk_out1                         | design_3_i/LEDs_0/U0/LEDs_v1_0_S00_AXI_inst/slv_reg1[23]_i_1_n_0                                                                                                                                           | design_3_i/LEDs_0/U0/LEDs_v1_0_S00_AXI_inst/p_0_in                                                                                             |                3 |              8 |         2.67 |
|  design_3_i/clk_wiz_1/inst/clk_out1                         | design_3_i/LEDs_0/U0/LEDs_v1_0_S00_AXI_inst/slv_reg1[15]_i_1_n_0                                                                                                                                           | design_3_i/LEDs_0/U0/LEDs_v1_0_S00_AXI_inst/p_0_in                                                                                             |                3 |              8 |         2.67 |
|  design_3_i/clk_wiz_1/inst/clk_out1                         | design_3_i/LEDs_0/U0/LEDs_v1_0_S00_AXI_inst/slv_reg1[7]_i_1_n_0                                                                                                                                            | design_3_i/LEDs_0/U0/LEDs_v1_0_S00_AXI_inst/p_0_in                                                                                             |                2 |              8 |         4.00 |
|  design_3_i/clk_wiz_1/inst/clk_out1                         | design_3_i/LEDs_0/U0/LEDs_v1_0_S00_AXI_inst/slv_reg2[15]_i_1_n_0                                                                                                                                           | design_3_i/LEDs_0/U0/LEDs_v1_0_S00_AXI_inst/p_0_in                                                                                             |                2 |              8 |         4.00 |
|  design_3_i/clk_wiz_1/inst/clk_out1                         | design_3_i/LEDs_0/U0/LEDs_v1_0_S00_AXI_inst/slv_reg2[23]_i_1_n_0                                                                                                                                           | design_3_i/LEDs_0/U0/LEDs_v1_0_S00_AXI_inst/p_0_in                                                                                             |                3 |              8 |         2.67 |
|  design_3_i/clk_wiz_1/inst/clk_out1                         | design_3_i/LEDs_0/U0/LEDs_v1_0_S00_AXI_inst/slv_reg2[31]_i_1_n_0                                                                                                                                           | design_3_i/LEDs_0/U0/LEDs_v1_0_S00_AXI_inst/p_0_in                                                                                             |                2 |              8 |         4.00 |
|  design_3_i/clk_wiz_1/inst/clk_out1                         | design_3_i/LEDs_0/U0/LEDs_v1_0_S00_AXI_inst/p_1_in[23]                                                                                                                                                     | design_3_i/LEDs_0/U0/LEDs_v1_0_S00_AXI_inst/p_0_in                                                                                             |                2 |              8 |         4.00 |
|  design_3_i/clk_wiz_1/inst/clk_out1                         | design_3_i/LEDs_0/U0/LEDs_v1_0_S00_AXI_inst/p_1_in[15]                                                                                                                                                     | design_3_i/LEDs_0/U0/LEDs_v1_0_S00_AXI_inst/p_0_in                                                                                             |                3 |              8 |         2.67 |
|  design_3_i/clk_wiz_1/inst/clk_out1                         | design_3_i/LEDs_0/U0/LEDs_v1_0_S00_AXI_inst/p_1_in[31]                                                                                                                                                     | design_3_i/LEDs_0/U0/LEDs_v1_0_S00_AXI_inst/p_0_in                                                                                             |                2 |              8 |         4.00 |
|  design_3_i/clk_wiz_1/inst/clk_out1                         | design_3_i/LEDs_0/U0/LEDs_v1_0_S00_AXI_inst/p_1_in[7]                                                                                                                                                      | design_3_i/LEDs_0/U0/LEDs_v1_0_S00_AXI_inst/p_0_in                                                                                             |                2 |              8 |         4.00 |
|  design_3_i/clk_wiz_1/inst/clk_out1                         | design_3_i/keypad_0/U0/keypad_v1_0_S00_AXI_inst/TeclaDetecInst/E[3]                                                                                                                                        | design_3_i/keypad_0/U0/keypad_v1_0_S00_AXI_inst/TeclaDetecInst/SR[0]                                                                           |                3 |              8 |         2.67 |
|  design_3_i/clk_wiz_1/inst/clk_out1                         | design_3_i/keypad_0/U0/keypad_v1_0_S00_AXI_inst/TeclaDetecInst/E[1]                                                                                                                                        | design_3_i/keypad_0/U0/keypad_v1_0_S00_AXI_inst/TeclaDetecInst/SR[0]                                                                           |                3 |              8 |         2.67 |
|  design_3_i/clk_wiz_1/inst/clk_out1                         | design_3_i/keypad_0/U0/keypad_v1_0_S00_AXI_inst/TeclaDetecInst/E[2]                                                                                                                                        | design_3_i/keypad_0/U0/keypad_v1_0_S00_AXI_inst/TeclaDetecInst/SR[0]                                                                           |                2 |              8 |         4.00 |
|  design_3_i/clk_wiz_1/inst/clk_out1                         | design_3_i/keypad_0/U0/keypad_v1_0_S00_AXI_inst/slv_reg1[31]_i_1_n_0                                                                                                                                       | design_3_i/keypad_0/U0/keypad_v1_0_S00_AXI_inst/TeclaDetecInst/ACTIVE_LOW_PR_OUT_DFF[0].FDRE_PER_N                                             |                1 |              8 |         8.00 |
|  design_3_i/clk_wiz_1/inst/clk_out1                         | design_3_i/keypad_0/U0/keypad_v1_0_S00_AXI_inst/slv_reg2[15]_i_1_n_0                                                                                                                                       | design_3_i/keypad_0/U0/keypad_v1_0_S00_AXI_inst/TeclaDetecInst/ACTIVE_LOW_PR_OUT_DFF[0].FDRE_PER_N                                             |                2 |              8 |         4.00 |
|  design_3_i/clk_wiz_1/inst/clk_out1                         | design_3_i/keypad_0/U0/keypad_v1_0_S00_AXI_inst/slv_reg1[15]_i_1_n_0                                                                                                                                       | design_3_i/keypad_0/U0/keypad_v1_0_S00_AXI_inst/TeclaDetecInst/ACTIVE_LOW_PR_OUT_DFF[0].FDRE_PER_N                                             |                1 |              8 |         8.00 |
|  design_3_i/clk_wiz_1/inst/clk_out1                         | design_3_i/keypad_0/U0/keypad_v1_0_S00_AXI_inst/slv_reg2[7]_i_1_n_0                                                                                                                                        | design_3_i/keypad_0/U0/keypad_v1_0_S00_AXI_inst/TeclaDetecInst/ACTIVE_LOW_PR_OUT_DFF[0].FDRE_PER_N                                             |                3 |              8 |         2.67 |
|  design_3_i/clk_wiz_1/inst/clk_out1                         | design_3_i/keypad_0/U0/keypad_v1_0_S00_AXI_inst/slv_reg2[23]_i_1_n_0                                                                                                                                       | design_3_i/keypad_0/U0/keypad_v1_0_S00_AXI_inst/TeclaDetecInst/ACTIVE_LOW_PR_OUT_DFF[0].FDRE_PER_N                                             |                2 |              8 |         4.00 |
|  design_3_i/clk_wiz_1/inst/clk_out1                         | design_3_i/keypad_0/U0/keypad_v1_0_S00_AXI_inst/slv_reg1[7]_i_1_n_0                                                                                                                                        | design_3_i/keypad_0/U0/keypad_v1_0_S00_AXI_inst/TeclaDetecInst/ACTIVE_LOW_PR_OUT_DFF[0].FDRE_PER_N                                             |                2 |              8 |         4.00 |
|  design_3_i/clk_wiz_1/inst/clk_out1                         | design_3_i/keypad_0/U0/keypad_v1_0_S00_AXI_inst/slv_reg2[31]_i_1_n_0                                                                                                                                       | design_3_i/keypad_0/U0/keypad_v1_0_S00_AXI_inst/TeclaDetecInst/ACTIVE_LOW_PR_OUT_DFF[0].FDRE_PER_N                                             |                2 |              8 |         4.00 |
|  design_3_i/clk_wiz_1/inst/clk_out1                         | design_3_i/keypad_0/U0/keypad_v1_0_S00_AXI_inst/slv_reg1[23]_i_1_n_0                                                                                                                                       | design_3_i/keypad_0/U0/keypad_v1_0_S00_AXI_inst/TeclaDetecInst/ACTIVE_LOW_PR_OUT_DFF[0].FDRE_PER_N                                             |                1 |              8 |         8.00 |
|  design_3_i/clk_wiz_1/inst/clk_out1                         |                                                                                                                                                                                                            | design_3_i/axi_uartlite_0/U0/AXI_LITE_IPIF_I/I_SLAVE_ATTACHMENT/rst                                                                            |                4 |             10 |         2.50 |
|  design_3_i/mdm_1/U0/No_Dbg_Reg_Access.BUFG_DRCK/Dbg_Clk_0  | design_3_i/mdm_1/U0/MDM_Core_I1/JTAG_CONTROL_I/Use_BSCAN.FDC_I/Use_Serial_Unified_Completion.completion_block_reg                                                                                          |                                                                                                                                                |                4 |             10 |         2.50 |
|  design_3_i/clk_wiz_1/inst/clk_out1                         |                                                                                                                                                                                                            | design_3_i/microblaze_0_axi_periph/xbar/inst/gen_sasd.crossbar_sasd_0/addr_arbiter_inst/SR[0]                                                  |                6 |             13 |         2.17 |
|  design_3_i/clk_wiz_1/inst/clk_out1                         |                                                                                                                                                                                                            | design_3_i/keypad_0/U0/keypad_v1_0_S00_AXI_inst/TeclaDetecInst/ACTIVE_LOW_PR_OUT_DFF[0].FDRE_PER_N                                             |                4 |             15 |         3.75 |
|  design_3_i/clk_wiz_1/inst/clk_out1                         | design_3_i/microblaze_0_axi_periph/xbar/inst/gen_sasd.crossbar_sasd_0/reg_slice_r/aa_rready                                                                                                                |                                                                                                                                                |                8 |             16 |         2.00 |
|  design_3_i/clk_wiz_1/inst/clk_out1                         | design_3_i/microblaze_0/U0/MicroBlaze_Core_I/Performance.Core/Decode_I/PreFetch_Buffer_I1/OF_Valid_DFF/E[0]                                                                                                | design_3_i/microblaze_0/U0/MicroBlaze_Core_I/sync_reset                                                                                        |                5 |             16 |         3.20 |
|  design_3_i/clk_wiz_1/inst/clk_out1                         | design_3_i/microblaze_0_axi_periph/xbar/inst/gen_sasd.crossbar_sasd_0/addr_arbiter_inst/p_0_in1_in                                                                                                         | design_3_i/microblaze_0_axi_periph/xbar/inst/gen_sasd.crossbar_sasd_0/addr_arbiter_inst/SR[0]                                                  |                4 |             18 |         4.50 |
|  design_3_i/keypad_0/U0/keypad_v1_0_S00_AXI_inst/reloj_BUFG | design_3_i/keypad_0/U0/keypad_v1_0_S00_AXI_inst/TeclaDetecInst/timer.count[0]_i_1_n_0                                                                                                                      | design_3_i/keypad_0/U0/keypad_v1_0_S00_AXI_inst/TeclaDetecInst/ACTIVE_LOW_PR_OUT_DFF[0].FDRE_PER_N                                             |                5 |             20 |         4.00 |
|  design_3_i/clk_wiz_1/inst/clk_out1                         | design_3_i/microblaze_0/U0/MicroBlaze_Core_I/Performance.Core/Decode_I/mem_wait_on_ready_N_carry_or/MUXCY_I/lopt_1                                                                                         | design_3_i/microblaze_0/U0/MicroBlaze_Core_I/sync_reset                                                                                        |                5 |             20 |         4.00 |
|  design_3_i/mdm_1/U0/No_Dbg_Reg_Access.BUFG_DRCK/Dbg_Clk_0  |                                                                                                                                                                                                            | design_3_i/mdm_1/U0/Use_E2.BSCAN_I/Use_E2.BSCANE2_I_4                                                                                          |                5 |             23 |         4.60 |
|  design_3_i/clk_wiz_1/inst/clk_out1                         | design_3_i/axi_uartlite_0/U0/UARTLITE_CORE_I/BAUD_RATE_I/en_16x_Baud                                                                                                                                       | design_3_i/axi_uartlite_0/U0/UARTLITE_CORE_I/UARTLITE_RX_I/ACTIVE_LOW_PR_OUT_DFF[0].FDRE_PER_N                                                 |                9 |             28 |         3.11 |
|  design_3_i/clk_wiz_1/inst/clk_out1                         |                                                                                                                                                                                                            | design_3_i/axi_uartlite_0/U0/UARTLITE_CORE_I/UARTLITE_RX_I/ACTIVE_LOW_PR_OUT_DFF[0].FDRE_PER_N                                                 |               11 |             30 |         2.73 |
|  design_3_i/clk_wiz_1/inst/clk_out1                         | design_3_i/microblaze_0_axi_periph/xbar/inst/gen_sasd.crossbar_sasd_0/addr_arbiter_inst/s_axi_rvalid[0]                                                                                                    | design_3_i/microblaze_0/U0/MicroBlaze_Core_I/sync_reset                                                                                        |               11 |             32 |         2.91 |
|  design_3_i/mdm_1/U0/No_Dbg_Reg_Access.BUFG_DRCK/Dbg_Clk_0  | design_3_i/microblaze_0/U0/MicroBlaze_Core_I/Performance.Core/Use_Debug_Logic.Master_Core.Debug_Perf/Serial_Dbg_Intf.New_Dbg_Instr_TCK                                                                     |                                                                                                                                                |                9 |             32 |         3.56 |
|  design_3_i/clk_wiz_1/inst/clk_out1                         |                                                                                                                                                                                                            | design_3_i/microblaze_0/U0/MicroBlaze_Core_I/Performance.Core/wb_dlmb_valid_read_data0                                                         |               12 |             32 |         2.67 |
|  design_3_i/clk_wiz_1/inst/clk_out1                         | design_3_i/LEDs_0/U0/LEDs_v1_0_S00_AXI_inst/slv_reg3[31]_i_1_n_0                                                                                                                                           | design_3_i/LEDs_0/U0/LEDs_v1_0_S00_AXI_inst/p_0_in                                                                                             |                8 |             32 |         4.00 |
|  design_3_i/clk_wiz_1/inst/clk_out1                         | design_3_i/microblaze_0/U0/MicroBlaze_Core_I/Performance.Core/Decode_I/PreFetch_Buffer_I1/Gen_Mux_Select_LUT6[1].Gen_Sel_DFF/if_fetch_in_progress_reg[0]                                                   | design_3_i/microblaze_0/U0/MicroBlaze_Core_I/sync_reset                                                                                        |                9 |             32 |         3.56 |
|  design_3_i/clk_wiz_1/inst/clk_out1                         | design_3_i/microblaze_0/U0/MicroBlaze_Core_I/Performance.Core/Use_Debug_Logic.Master_Core.Debug_Perf/data_rd_reg[0]_i_1_n_0                                                                                | design_3_i/microblaze_0/U0/MicroBlaze_Core_I/sync_reset                                                                                        |               13 |             32 |         2.46 |
|  design_3_i/clk_wiz_1/inst/clk_out1                         | design_3_i/LEDs_1/U0/LEDs_v1_0_S00_AXI_inst/slv_reg3[31]_i_1_n_0                                                                                                                                           | design_3_i/LEDs_1/U0/LEDs_v1_0_S00_AXI_inst/p_0_in                                                                                             |                8 |             32 |         4.00 |
|  design_3_i/clk_wiz_1/inst/clk_out1                         | design_3_i/LEDs_1/U0/LEDs_v1_0_S00_AXI_inst/axi_rvalid05_out                                                                                                                                               | design_3_i/LEDs_1/U0/LEDs_v1_0_S00_AXI_inst/p_0_in                                                                                             |               10 |             32 |         3.20 |
|  design_3_i/clk_wiz_1/inst/clk_out1                         | design_3_i/LEDs_2/U0/LEDs_v1_0_S00_AXI_inst/axi_rvalid05_out                                                                                                                                               | design_3_i/LEDs_2/U0/LEDs_v1_0_S00_AXI_inst/p_0_in                                                                                             |               10 |             32 |         3.20 |
|  design_3_i/clk_wiz_1/inst/clk_out1                         | design_3_i/LEDs_2/U0/LEDs_v1_0_S00_AXI_inst/slv_reg3[31]_i_1_n_0                                                                                                                                           | design_3_i/LEDs_2/U0/LEDs_v1_0_S00_AXI_inst/p_0_in                                                                                             |                8 |             32 |         4.00 |
|  design_3_i/clk_wiz_1/inst/clk_out1                         | design_3_i/keypad_0/U0/keypad_v1_0_S00_AXI_inst/axi_rvalid05_out                                                                                                                                           | design_3_i/keypad_0/U0/keypad_v1_0_S00_AXI_inst/TeclaDetecInst/ACTIVE_LOW_PR_OUT_DFF[0].FDRE_PER_N                                             |               13 |             32 |         2.46 |
|  design_3_i/clk_wiz_1/inst/clk_out1                         | design_3_i/microblaze_0/U0/MicroBlaze_Core_I/Performance.Core/Decode_I/Use_MuxCy[3].OF_Piperun_Stage/MUXCY_I/Using_FPGA.Native_0                                                                           | design_3_i/microblaze_0/U0/MicroBlaze_Core_I/Performance.Core/Decode_I/R                                                                       |                9 |             32 |         3.56 |
|  design_3_i/clk_wiz_1/inst/clk_out1                         | design_3_i/microblaze_0/U0/MicroBlaze_Core_I/Performance.Core/Decode_I/mem_wait_on_ready_N_carry_or/MUXCY_I/lopt_1                                                                                         | design_3_i/microblaze_0/U0/MicroBlaze_Core_I/Performance.Core/Decode_I/SR[0]                                                                   |               11 |             32 |         2.91 |
|  design_3_i/clk_wiz_1/inst/clk_out1                         | design_3_i/LEDs_0/U0/LEDs_v1_0_S00_AXI_inst/axi_rvalid05_out                                                                                                                                               | design_3_i/LEDs_0/U0/LEDs_v1_0_S00_AXI_inst/p_0_in                                                                                             |               15 |             32 |         2.13 |
|  design_3_i/clk_wiz_1/inst/clk_out1                         | design_3_i/microblaze_0/U0/MicroBlaze_Core_I/Performance.Core/Decode_I/mem_wait_on_ready_N_carry_or/MUXCY_I/lopt_1                                                                                         |                                                                                                                                                |                8 |             32 |         4.00 |
|  design_3_i/clk_wiz_1/inst/clk_out1                         | design_3_i/microblaze_0/U0/MicroBlaze_Core_I/Performance.Core/Decode_I/Use_MuxCy[3].OF_Piperun_Stage/MUXCY_I/E[0]                                                                                          | design_3_i/microblaze_0/U0/MicroBlaze_Core_I/sync_reset                                                                                        |                7 |             32 |         4.57 |
|  design_3_i/clk_wiz_1/inst/clk_out1                         | design_3_i/microblaze_0_axi_periph/xbar/inst/gen_sasd.crossbar_sasd_0/addr_arbiter_inst/E[0]                                                                                                               |                                                                                                                                                |               12 |             33 |         2.75 |
|  design_3_i/mdm_1/U0/No_Dbg_Reg_Access.BUFG_DRCK/Dbg_Clk_0  | design_3_i/mdm_1/U0/Use_E2.BSCAN_I/Use_E2.BSCANE2_I_0                                                                                                                                                      |                                                                                                                                                |               16 |             47 |         2.94 |
|  design_3_i/clk_wiz_1/inst/clk_out1                         |                                                                                                                                                                                                            | design_3_i/LEDs_2/U0/LEDs_v1_0_S00_AXI_inst/p_0_in                                                                                             |               24 |             74 |         3.08 |
|  design_3_i/clk_wiz_1/inst/clk_out1                         | design_3_i/microblaze_0/U0/MicroBlaze_Core_I/Performance.Core/Decode_I/PreFetch_Buffer_I1/Instruction_Prefetch_Mux[42].Instr_Mux_MUXF7/Performance_Debug_Control.dbg_freeze_nohalt_reg                     |                                                                                                                                                |               10 |             75 |         7.50 |
|  design_3_i/clk_wiz_1/inst/clk_out1                         | design_3_i/microblaze_0/U0/MicroBlaze_Core_I/Performance.Core/Decode_I/Use_MuxCy[3].OF_Piperun_Stage/MUXCY_I/Using_FPGA.Native_0                                                                           | design_3_i/microblaze_0/U0/MicroBlaze_Core_I/sync_reset                                                                                        |               28 |             78 |         2.79 |
|  design_3_i/mdm_1/U0/No_Dbg_Reg_Access.BUFG_DRCK/Dbg_Clk_0  |                                                                                                                                                                                                            |                                                                                                                                                |               23 |             80 |         3.48 |
|  design_3_i/clk_wiz_1/inst/clk_out1                         |                                                                                                                                                                                                            | design_3_i/LEDs_1/U0/LEDs_v1_0_S00_AXI_inst/p_0_in                                                                                             |               35 |            106 |         3.03 |
|  design_3_i/clk_wiz_1/inst/clk_out1                         |                                                                                                                                                                                                            | design_3_i/LEDs_0/U0/LEDs_v1_0_S00_AXI_inst/p_0_in                                                                                             |               33 |            106 |         3.21 |
|  design_3_i/clk_wiz_1/inst/clk_out1                         |                                                                                                                                                                                                            |                                                                                                                                                |               52 |            117 |         2.25 |
|  design_3_i/clk_wiz_1/inst/clk_out1                         | design_3_i/microblaze_0/U0/MicroBlaze_Core_I/Performance.Core/Decode_I/WB_GPR_Wr                                                                                                                           |                                                                                                                                                |               16 |            128 |         8.00 |
|  design_3_i/clk_wiz_1/inst/clk_out1                         |                                                                                                                                                                                                            | design_3_i/microblaze_0/U0/MicroBlaze_Core_I/sync_reset                                                                                        |               61 |            150 |         2.46 |
|  design_3_i/clk_wiz_1/inst/clk_out1                         | design_3_i/microblaze_0/U0/MicroBlaze_Core_I/Performance.Core/Decode_I/Use_MuxCy[11].OF_Piperun_Stage/MUXCY_I/Using_FPGA.Native_0                                                                          | design_3_i/microblaze_0/U0/MicroBlaze_Core_I/sync_reset                                                                                        |               70 |            218 |         3.11 |
+-------------------------------------------------------------+------------------------------------------------------------------------------------------------------------------------------------------------------------------------------------------------------------+------------------------------------------------------------------------------------------------------------------------------------------------+------------------+----------------+--------------+


