Copyright 1986-2022 Xilinx, Inc. All Rights Reserved. Copyright 2022-2023 Advanced Micro Devices, Inc. All Rights Reserved.
---------------------------------------------------------------------------------------------------------------------------------------------
| Tool Version : Vivado v.2023.1 (win64) Build 3865809 Sun May  7 15:05:29 MDT 2023
| Date         : Mon Dec  1 20:58:45 2025
| Host         : PC-OSCAR running 64-bit major release  (build 9200)
| Command      : upgrade_ip
| Device       : xc7a35tcpg236-1
---------------------------------------------------------------------------------------------------------------------------------------------

Upgrade Log for IP 'design_5_vga_0_4'

1. Summary
----------

CAUTION (success, with warnings) in the upgrade of design_5_vga_0_4 (xilinx.com:user:vga:1.0) from (Rev. 2) to (Rev. 3)

After upgrade, an IP may have parameter and port differences compared to the original customization. Please review the parameters within the IP customization GUI to ensure proper functionality. Also, please review the updated IP instantiation template to ensure proper connectivity, and update your design if required.

2. Connection Warnings
----------------------

Detected external port differences while upgrading 'design_5_vga_0_4'. These changes may impact your design.


-Upgrade has added port 'max_col'

-Upgrade has added port 'max_row'







Copyright 1986-2022 Xilinx, Inc. All Rights Reserved. Copyright 2022-2023 Advanced Micro Devices, Inc. All Rights Reserved.
---------------------------------------------------------------------------------------------------------------------------------------------
| Tool Version : Vivado v.2023.1 (win64) Build 3865809 Sun May  7 15:05:29 MDT 2023
| Date         : Mon Dec  1 12:38:04 2025
| Host         : PC-OSCAR running 64-bit major release  (build 9200)
| Command      : upgrade_ip
| Device       : xc7a35tcpg236-1
---------------------------------------------------------------------------------------------------------------------------------------------

Upgrade Log for IP 'design_5_vga_0_4'

1. Summary
----------

CAUTION (success, with warnings) in the upgrade of design_5_vga_0_4 (xilinx.com:user:vga:1.0) from (Rev. 1) to (Rev. 2)

After upgrade, an IP may have parameter and port differences compared to the original customization. Please review the parameters within the IP customization GUI to ensure proper functionality. Also, please review the updated IP instantiation template to ensure proper connectivity, and update your design if required.

2. Connection Warnings
----------------------

Detected external port differences while upgrading 'design_5_vga_0_4'. These changes may impact your design.


-Upgrade has added port 'blue'

-Upgrade has added port 'green'

-Upgrade has added port 'hsyncb'

-Upgrade has added port 'red'

-Upgrade has added port 'vsyncb'


