18:56:49 **** Incremental Build of configuration Debug for project ProyectoFinal ****
make all 
'Building file: ../src/proyectoFinal.c'
'Invoking: MicroBlaze gcc compiler'
mb-gcc -Wall -O0 -g3 -c -fmessage-length=0 -MT"src/proyectoFinal.o" -IC:/Users/oscar/OneDrive/Documentos/UCM/5_QUINTO/SE/Practicas_SE/ProyectoFinal/sw/design_final_wrapper/export/design_final_wrapper/sw/design_final_wrapper/standalone_microblaze_0/bspinclude/include -mlittle-endian -mcpu=v11.0 -mxl-soft-mul -Wl,--no-relax -ffunction-sections -fdata-sections -MMD -MP -MF"src/proyectoFinal.d" -MT"src/proyectoFinal.o" -o "src/proyectoFinal.o" "../src/proyectoFinal.c"
In file included from ../src/proyectoFinal.c:3:
C:/Users/oscar/OneDrive/Documentos/UCM/5_QUINTO/SE/Practicas_SE/ProyectoFinal/sw/design_final_wrapper/export/design_final_wrapper/sw/design_final_wrapper/standalone_microblaze_0/bspinclude/include/xbasic_types.h:102:2: warning: #warning The xbasics_type.h file is deprecated and users should use xil_types.h and xil_assert. [-Wcpp]
  102 | #warning  The xbasics_type.h file is deprecated and users should use xil_types.h and xil_assert.
      |  ^~~~~~~
C:/Users/oscar/OneDrive/Documentos/UCM/5_QUINTO/SE/Practicas_SE/ProyectoFinal/sw/design_final_wrapper/export/design_final_wrapper/sw/design_final_wrapper/standalone_microblaze_0/bspinclude/include/xbasic_types.h:103:2: warning: #warning Please refer the Standalone BSP UG647 for further details [-Wcpp]
  103 | #warning  Please refer the Standalone BSP UG647 for further details
      |  ^~~~~~~
../src/proyectoFinal.c: In function 'VGA_pintarNumero':
../src/proyectoFinal.c:589:9: warning: implicit declaration of function 'VGA_limpiarNumero'; did you mean 'VGA_pintarNumero'? [-Wimplicit-function-declaration]
  589 |         VGA_limpiarNumero(origenRow, origenCol);
      |         ^~~~~~~~~~~~~~~~~
      |         VGA_pintarNumero
../src/proyectoFinal.c: At top level:
../src/proyectoFinal.c:906:6: warning: conflicting types for 'VGA_limpiarNumero'; have 'void(int,  int)'
  906 | void VGA_limpiarNumero(int origenRow, int origenCol){
      |      ^~~~~~~~~~~~~~~~~
../src/proyectoFinal.c:589:9: note: previous implicit declaration of 'VGA_limpiarNumero' with type 'void(int,  int)'
  589 |         VGA_limpiarNumero(origenRow, origenCol);
      |         ^~~~~~~~~~~~~~~~~
../src/proyectoFinal.c: In function 'estado_MENU':
../src/proyectoFinal.c:1041:1: warning: control reaches end of non-void function [-Wreturn-type]
 1041 | }
      | ^
../src/proyectoFinal.c: In function 'estado_AJUSTES':
../src/proyectoFinal.c:1045:1: warning: control reaches end of non-void function [-Wreturn-type]
 1045 | }
      | ^
../src/proyectoFinal.c: In function 'estado_COLOR':
../src/proyectoFinal.c:1049:1: warning: control reaches end of non-void function [-Wreturn-type]
 1049 | }
      | ^
../src/proyectoFinal.c: In function 'estado_SALDO':
../src/proyectoFinal.c:1053:1: warning: control reaches end of non-void function [-Wreturn-type]
 1053 | }
      | ^
../src/proyectoFinal.c: In function 'estado_JUGAR':
../src/proyectoFinal.c:1057:1: warning: control reaches end of non-void function [-Wreturn-type]
 1057 | }
      | ^
../src/proyectoFinal.c: In function 'estado_NUMERO':
../src/proyectoFinal.c:1061:1: warning: control reaches end of non-void function [-Wreturn-type]
 1061 | }
      | ^
../src/proyectoFinal.c: In function 'estado_ESPERA':
../src/proyectoFinal.c:1065:1: warning: control reaches end of non-void function [-Wreturn-type]
 1065 | }
      | ^
../src/proyectoFinal.c: In function 'estado_GANAR':
../src/proyectoFinal.c:1069:1: warning: control reaches end of non-void function [-Wreturn-type]
 1069 | }
      | ^
../src/proyectoFinal.c: In function 'estado_PERDER':
../src/proyectoFinal.c:1073:1: warning: control reaches end of non-void function [-Wreturn-type]
 1073 | }
      | ^
'Finished building: ../src/proyectoFinal.c'
' '
'Building target: ProyectoFinal.elf'
'Invoking: MicroBlaze gcc linker'
mb-gcc -Wl,-T -Wl,../src/lscript.ld -LC:/Users/oscar/OneDrive/Documentos/UCM/5_QUINTO/SE/Practicas_SE/ProyectoFinal/sw/design_final_wrapper/export/design_final_wrapper/sw/design_final_wrapper/standalone_microblaze_0/bsplib/lib -mlittle-endian -mcpu=v11.0 -mxl-soft-mul -Wl,--no-relax -Wl,--gc-sections -o "ProyectoFinal.elf"  ./src/proyectoFinal.o   -Wl,--start-group,-lxil,-lgcc,-lc,--end-group
d:/xilinx/vitis/2023.1/gnu/microblaze/nt/x86_64-oesdk-mingw32/usr/bin/microblaze-xilinx-elf/../../libexec/microblaze-xilinx-elf/gcc/microblaze-xilinx-elf/12.2.0/ld.exe: ProyectoFinal.elf section `.heap' will not fit in region `microblaze_0_local_memory_ilmb_bram_if_cntlr_Mem_microblaze_0_local_memory_dlmb_bram_if_cntlr_Mem'
d:/xilinx/vitis/2023.1/gnu/microblaze/nt/x86_64-oesdk-mingw32/usr/bin/microblaze-xilinx-elf/../../libexec/microblaze-xilinx-elf/gcc/microblaze-xilinx-elf/12.2.0/ld.exe: region `microblaze_0_local_memory_ilmb_bram_if_cntlr_Mem_microblaze_0_local_memory_dlmb_bram_if_cntlr_Mem' overflowed by 1232 bytes
collect2.exe: error: ld returned 1 exit status
make: *** [makefile:38: ProyectoFinal.elf] Error 1

18:56:49 Build Finished (took 431ms)

