02:00:05 **** Build of configuration Debug for project proyectoFinal ****
make all 
'Building file: ../src/proyectoFinal.c'
'Invoking: MicroBlaze gcc compiler'
mb-gcc -Wall -O0 -g3 -c -fmessage-length=0 -MT"src/proyectoFinal.o" -IC:/Users/oscar/OneDrive/Documentos/UCM/5_QUINTO/SE/Practicas_SE/ProyectoFinal/sw/design_final_wrapper/export/design_final_wrapper/sw/design_final_wrapper/standalone_microblaze_0/bspinclude/include -mlittle-endian -mcpu=v11.0 -mxl-soft-mul -Wl,--no-relax -ffunction-sections -fdata-sections -MMD -MP -MF"src/proyectoFinal.d" -MT"src/proyectoFinal.o" -o "src/proyectoFinal.o" "../src/proyectoFinal.c"
../src/proyectoFinal.c: In function 'VGA_pintarNumero':
../src/proyectoFinal.c:301:5: warning: implicit declaration of function 'VGA_limpiarNumero'; did you mean 'VGA_pintarNumero'? [-Wimplicit-function-declaration]
  301 |     VGA_limpiarNumero(origenRow, origenCol);
      |     ^~~~~~~~~~~~~~~~~
      |     VGA_pintarNumero
../src/proyectoFinal.c: At top level:
../src/proyectoFinal.c:636:6: warning: conflicting types for 'VGA_limpiarNumero'; have 'void(u8,  u8)' {aka 'void(unsigned char,  unsigned char)'}
  636 | void VGA_limpiarNumero(u8 origenRow, u8 origenCol){
      |      ^~~~~~~~~~~~~~~~~
../src/proyectoFinal.c:301:5: note: previous implicit declaration of 'VGA_limpiarNumero' with type 'void(u8,  u8)' {aka 'void(unsigned char,  unsigned char)'}
  301 |     VGA_limpiarNumero(origenRow, origenCol);
      |     ^~~~~~~~~~~~~~~~~
../src/proyectoFinal.c: In function 'operacionesEstadoActual':
../src/proyectoFinal.c:942:25: warning: implicit declaration of function 'usleep'; did you mean 'mb_sleep'? [-Wimplicit-function-declaration]
  942 |                         usleep(freqLED);
      |                         ^~~~~~
      |                         mb_sleep
'Finished building: ../src/proyectoFinal.c'
' '
'Building target: proyectoFinal.elf'
'Invoking: MicroBlaze gcc linker'
mb-gcc -Wl,-T -Wl,../src/lscript.ld -LC:/Users/oscar/OneDrive/Documentos/UCM/5_QUINTO/SE/Practicas_SE/ProyectoFinal/sw/design_final_wrapper/export/design_final_wrapper/sw/design_final_wrapper/standalone_microblaze_0/bsplib/lib -mlittle-endian -mcpu=v11.0 -mxl-soft-mul -Wl,--no-relax -Wl,--gc-sections -o "proyectoFinal.elf"  ./src/proyectoFinal.o   -Wl,--start-group,-lxil,-lgcc,-lc,--end-group
'Finished building target: proyectoFinal.elf'
' '
'Invoking: MicroBlaze Print Size'
mb-size proyectoFinal.elf  |tee "proyectoFinal.elf.size"
   text	   data	    bss	    dec	    hex	filename
   8472	    276	   3132	  11880	   2e68	proyectoFinal.elf
'Finished building: proyectoFinal.elf.size'
' '

02:00:05 Build Finished (took 804ms)

