Nothing to build in platform 'design_3_wrapper'

17:29:27 **** Incremental Build of configuration Debug for project Pract3 ****
make all 
'Building file: ../src/main.c'
'Invoking: MicroBlaze gcc compiler'
mb-gcc -Wall -O0 -g3 -c -fmessage-length=0 -MT"src/main.o" -IC:/Users/usuario_local/Documents/SE/Practicas_SE/Practica3/sw/design_3_wrapper/export/design_3_wrapper/sw/design_3_wrapper/standalone_microblaze_0/bspinclude/include -mlittle-endian -mcpu=v11.0 -mxl-soft-mul -Wl,--no-relax -ffunction-sections -fdata-sections -MMD -MP -MF"src/main.d" -MT"src/main.o" -o "src/main.o" "../src/main.c"
'Finished building: ../src/main.c'
' '
'Building target: Pract3.elf'
'Invoking: MicroBlaze gcc linker'
mb-gcc -Wl,-T -Wl,../src/lscript.ld -LC:/Users/usuario_local/Documents/SE/Practicas_SE/Practica3/sw/design_3_wrapper/export/design_3_wrapper/sw/design_3_wrapper/standalone_microblaze_0/bsplib/lib -mlittle-endian -mcpu=v11.0 -mxl-soft-mul -Wl,--no-relax -Wl,--gc-sections -o "Pract3.elf"  ./src/main.o   -Wl,--start-group,-lxil,-lgcc,-lc,--end-group
'Finished building target: Pract3.elf'
' '
'Invoking: MicroBlaze Print Size'
mb-size Pract3.elf  |tee "Pract3.elf.size"
   text	   data	    bss	    dec	    hex	filename
   5780	    268	   3112	   9160	   23c8	Pract3.elf
'Finished building: Pract3.elf.size'
' '
17:29:28 **** Incremental Build of configuration Debug for project Pract3_system ****
make all 
Skipping SD card image generation. Reason: "The system project only has applications for microblaze processors."
