TRACE::2026-01-27.01:58:37::SCWPlatform::Trying to open the hw design at C:/Users/oscar/OneDrive/Documentos/UCM/5_QUINTO/SE/Practicas_SE/ProyectoFinal/sw/design_final_wrapper/hw/design_final_wrapper.xsa
TRACE::2026-01-27.01:58:37::SCWPlatform::DSA given C:/Users/oscar/OneDrive/Documentos/UCM/5_QUINTO/SE/Practicas_SE/ProyectoFinal/sw/design_final_wrapper/hw/design_final_wrapper.xsa
TRACE::2026-01-27.01:58:37::SCWPlatform::DSA absoulate path C:/Users/oscar/OneDrive/Documentos/UCM/5_QUINTO/SE/Practicas_SE/ProyectoFinal/sw/design_final_wrapper/hw/design_final_wrapper.xsa
TRACE::2026-01-27.01:58:37::SCWPlatform::DSA directory C:/Users/oscar/OneDrive/Documentos/UCM/5_QUINTO/SE/Practicas_SE/ProyectoFinal/sw/design_final_wrapper/hw
TRACE::2026-01-27.01:58:37::SCWPlatform:: Platform Path C:/Users/oscar/OneDrive/Documentos/UCM/5_QUINTO/SE/Practicas_SE/ProyectoFinal/sw/design_final_wrapper/hw/design_final_wrapper.xsa
TRACE::2026-01-27.01:58:37::SCWPlatform:: Unique name xilinx:basys3::0.0
TRACE::2026-01-27.01:58:37::SCWPlatform::Do not have an existing db opened. 
TRACE::2026-01-27.01:58:37::SCWPlatform::Opened new HwDB with name design_final_wrapper_0
TRACE::2026-01-27.01:58:37::SCWWriter::formatted JSON is {
	"platformName":	"design_final_wrapper",
	"sprVersion":	"2.0",
	"mode":	"gui",
	"dsaType":	"Fixed",
	"platformDesc":	"design_final_wrapper",
	"platHandOff":	"C:/Users/oscar/OneDrive/Documentos/UCM/5_QUINTO/SE/Practicas_SE/ProyectoFinal/hw/design_final_wrapper.xsa",
	"platIntHandOff":	"<platformDir>/hw/design_final_wrapper.xsa",
	"deviceType":	"FPGA",
	"platIsPrebuiltAutogen":	"false",
	"platIsNoBootBsp":	"false",
	"hasFsblMakeHasChanges":	"false",
	"hasPmufwMakeHasChanges":	"false",
	"platPreBuiltFlag":	false,
	"platformSamplesDir":	""
}
TRACE::2026-01-27.01:58:37::SCWWriter::formatted JSON is {
	"platformName":	"design_final_wrapper",
	"sprVersion":	"2.0",
	"mode":	"gui",
	"dsaType":	"Fixed",
	"platformDesc":	"design_final_wrapper",
	"platHandOff":	"C:/Users/oscar/OneDrive/Documentos/UCM/5_QUINTO/SE/Practicas_SE/ProyectoFinal/hw/design_final_wrapper.xsa",
	"platIntHandOff":	"<platformDir>/hw/design_final_wrapper.xsa",
	"deviceType":	"FPGA",
	"platIsPrebuiltAutogen":	"false",
	"platIsNoBootBsp":	"false",
	"hasFsblMakeHasChanges":	"false",
	"hasPmufwMakeHasChanges":	"false",
	"platPreBuiltFlag":	false,
	"platformSamplesDir":	"",
	"platActiveSys":	"design_final_wrapper",
	"systems":	[{
			"systemName":	"design_final_wrapper",
			"systemDesc":	"design_final_wrapper",
			"sysIsBootAutoGen":	"true",
			"systemDispName":	"design_final_wrapper"
		}]
}
TRACE::2026-01-27.01:58:37::SCWPlatform::Boot application domains not present, creating them
TRACE::2026-01-27.01:58:37::SCWPlatform::Pure FPGA device, no boot application will be created.
TRACE::2026-01-27.01:58:37::SCWWriter::formatted JSON is {
	"platformName":	"design_final_wrapper",
	"sprVersion":	"2.0",
	"mode":	"gui",
	"dsaType":	"Fixed",
	"platformDesc":	"design_final_wrapper",
	"platHandOff":	"C:/Users/oscar/OneDrive/Documentos/UCM/5_QUINTO/SE/Practicas_SE/ProyectoFinal/hw/design_final_wrapper.xsa",
	"platIntHandOff":	"<platformDir>/hw/design_final_wrapper.xsa",
	"deviceType":	"FPGA",
	"platIsPrebuiltAutogen":	"false",
	"platIsNoBootBsp":	"false",
	"hasFsblMakeHasChanges":	"false",
	"hasPmufwMakeHasChanges":	"false",
	"platPreBuiltFlag":	false,
	"platformSamplesDir":	"",
	"platActiveSys":	"design_final_wrapper",
	"systems":	[{
			"systemName":	"design_final_wrapper",
			"systemDesc":	"design_final_wrapper",
			"sysIsBootAutoGen":	"true",
			"systemDispName":	"design_final_wrapper"
		}]
}
TRACE::2026-01-27.01:58:37::SCWWriter::formatted JSON is {
	"platformName":	"design_final_wrapper",
	"sprVersion":	"2.0",
	"mode":	"gui",
	"dsaType":	"Fixed",
	"platformDesc":	"design_final_wrapper",
	"platHandOff":	"C:/Users/oscar/OneDrive/Documentos/UCM/5_QUINTO/SE/Practicas_SE/ProyectoFinal/hw/design_final_wrapper.xsa",
	"platIntHandOff":	"<platformDir>/hw/design_final_wrapper.xsa",
	"deviceType":	"FPGA",
	"platIsPrebuiltAutogen":	"false",
	"platIsNoBootBsp":	"false",
	"hasFsblMakeHasChanges":	"false",
	"hasPmufwMakeHasChanges":	"false",
	"platPreBuiltFlag":	false,
	"platformSamplesDir":	"",
	"platActiveSys":	"design_final_wrapper",
	"systems":	[{
			"systemName":	"design_final_wrapper",
			"systemDesc":	"design_final_wrapper",
			"sysIsBootAutoGen":	"true",
			"systemDispName":	"design_final_wrapper"
		}]
}
TRACE::2026-01-27.01:58:37::SCWPlatform::Trying to open the hw design at C:/Users/oscar/OneDrive/Documentos/UCM/5_QUINTO/SE/Practicas_SE/ProyectoFinal/sw/design_final_wrapper/hw/design_final_wrapper.xsa
TRACE::2026-01-27.01:58:37::SCWPlatform::DSA given C:/Users/oscar/OneDrive/Documentos/UCM/5_QUINTO/SE/Practicas_SE/ProyectoFinal/sw/design_final_wrapper/hw/design_final_wrapper.xsa
TRACE::2026-01-27.01:58:37::SCWPlatform::DSA absoulate path C:/Users/oscar/OneDrive/Documentos/UCM/5_QUINTO/SE/Practicas_SE/ProyectoFinal/sw/design_final_wrapper/hw/design_final_wrapper.xsa
TRACE::2026-01-27.01:58:37::SCWPlatform::DSA directory C:/Users/oscar/OneDrive/Documentos/UCM/5_QUINTO/SE/Practicas_SE/ProyectoFinal/sw/design_final_wrapper/hw
TRACE::2026-01-27.01:58:37::SCWPlatform:: Platform Path C:/Users/oscar/OneDrive/Documentos/UCM/5_QUINTO/SE/Practicas_SE/ProyectoFinal/sw/design_final_wrapper/hw/design_final_wrapper.xsa
TRACE::2026-01-27.01:58:37::SCWPlatform:: Unique name xilinx:basys3::0.0
TRACE::2026-01-27.01:58:37::SCWPlatform::Trying to set the existing hwdb with name design_final_wrapper_0
TRACE::2026-01-27.01:58:37::SCWPlatform::Opened existing hwdb design_final_wrapper_0
TRACE::2026-01-27.01:58:37::SCWPlatform::Found the Hw Db part of the input DSA
TRACE::2026-01-27.01:58:37::SCWPlatform::Trying to open the hw design at C:/Users/oscar/OneDrive/Documentos/UCM/5_QUINTO/SE/Practicas_SE/ProyectoFinal/sw/design_final_wrapper/hw/design_final_wrapper.xsa
TRACE::2026-01-27.01:58:37::SCWPlatform::DSA given C:/Users/oscar/OneDrive/Documentos/UCM/5_QUINTO/SE/Practicas_SE/ProyectoFinal/sw/design_final_wrapper/hw/design_final_wrapper.xsa
TRACE::2026-01-27.01:58:37::SCWPlatform::DSA absoulate path C:/Users/oscar/OneDrive/Documentos/UCM/5_QUINTO/SE/Practicas_SE/ProyectoFinal/sw/design_final_wrapper/hw/design_final_wrapper.xsa
TRACE::2026-01-27.01:58:37::SCWPlatform::DSA directory C:/Users/oscar/OneDrive/Documentos/UCM/5_QUINTO/SE/Practicas_SE/ProyectoFinal/sw/design_final_wrapper/hw
TRACE::2026-01-27.01:58:37::SCWPlatform:: Platform Path C:/Users/oscar/OneDrive/Documentos/UCM/5_QUINTO/SE/Practicas_SE/ProyectoFinal/sw/design_final_wrapper/hw/design_final_wrapper.xsa
TRACE::2026-01-27.01:58:37::SCWPlatform:: Unique name xilinx:basys3::0.0
TRACE::2026-01-27.01:58:37::SCWPlatform::Trying to set the existing hwdb with name design_final_wrapper_0
TRACE::2026-01-27.01:58:37::SCWPlatform::Opened existing hwdb design_final_wrapper_0
TRACE::2026-01-27.01:58:37::SCWPlatform::Found the Hw Db part of the input DSA
TRACE::2026-01-27.01:58:37::SCWDomain::checking for install qemu data   : 
TRACE::2026-01-27.01:58:37::SCWPlatform::Trying to open the hw design at C:/Users/oscar/OneDrive/Documentos/UCM/5_QUINTO/SE/Practicas_SE/ProyectoFinal/sw/design_final_wrapper/hw/design_final_wrapper.xsa
TRACE::2026-01-27.01:58:37::SCWPlatform::DSA given C:/Users/oscar/OneDrive/Documentos/UCM/5_QUINTO/SE/Practicas_SE/ProyectoFinal/sw/design_final_wrapper/hw/design_final_wrapper.xsa
TRACE::2026-01-27.01:58:37::SCWPlatform::DSA absoulate path C:/Users/oscar/OneDrive/Documentos/UCM/5_QUINTO/SE/Practicas_SE/ProyectoFinal/sw/design_final_wrapper/hw/design_final_wrapper.xsa
TRACE::2026-01-27.01:58:37::SCWPlatform::DSA directory C:/Users/oscar/OneDrive/Documentos/UCM/5_QUINTO/SE/Practicas_SE/ProyectoFinal/sw/design_final_wrapper/hw
TRACE::2026-01-27.01:58:37::SCWPlatform:: Platform Path C:/Users/oscar/OneDrive/Documentos/UCM/5_QUINTO/SE/Practicas_SE/ProyectoFinal/sw/design_final_wrapper/hw/design_final_wrapper.xsa
TRACE::2026-01-27.01:58:37::SCWPlatform:: Unique name xilinx:basys3::0.0
TRACE::2026-01-27.01:58:37::SCWPlatform::Trying to set the existing hwdb with name design_final_wrapper_0
TRACE::2026-01-27.01:58:37::SCWPlatform::Opened existing hwdb design_final_wrapper_0
TRACE::2026-01-27.01:58:37::SCWPlatform::Found the Hw Db part of the input DSA
TRACE::2026-01-27.01:58:37::SCWPlatform::Trying to open the hw design at C:/Users/oscar/OneDrive/Documentos/UCM/5_QUINTO/SE/Practicas_SE/ProyectoFinal/sw/design_final_wrapper/hw/design_final_wrapper.xsa
TRACE::2026-01-27.01:58:37::SCWPlatform::DSA given C:/Users/oscar/OneDrive/Documentos/UCM/5_QUINTO/SE/Practicas_SE/ProyectoFinal/sw/design_final_wrapper/hw/design_final_wrapper.xsa
TRACE::2026-01-27.01:58:37::SCWPlatform::DSA absoulate path C:/Users/oscar/OneDrive/Documentos/UCM/5_QUINTO/SE/Practicas_SE/ProyectoFinal/sw/design_final_wrapper/hw/design_final_wrapper.xsa
TRACE::2026-01-27.01:58:37::SCWPlatform::DSA directory C:/Users/oscar/OneDrive/Documentos/UCM/5_QUINTO/SE/Practicas_SE/ProyectoFinal/sw/design_final_wrapper/hw
TRACE::2026-01-27.01:58:37::SCWPlatform:: Platform Path C:/Users/oscar/OneDrive/Documentos/UCM/5_QUINTO/SE/Practicas_SE/ProyectoFinal/sw/design_final_wrapper/hw/design_final_wrapper.xsa
TRACE::2026-01-27.01:58:37::SCWPlatform:: Unique name xilinx:basys3::0.0
TRACE::2026-01-27.01:58:37::SCWPlatform::Trying to set the existing hwdb with name design_final_wrapper_0
TRACE::2026-01-27.01:58:37::SCWPlatform::Opened existing hwdb design_final_wrapper_0
TRACE::2026-01-27.01:58:37::SCWPlatform::Found the Hw Db part of the input DSA
TRACE::2026-01-27.01:58:37::SCWPlatform::Trying to open the hw design at C:/Users/oscar/OneDrive/Documentos/UCM/5_QUINTO/SE/Practicas_SE/ProyectoFinal/sw/design_final_wrapper/hw/design_final_wrapper.xsa
TRACE::2026-01-27.01:58:37::SCWPlatform::DSA given C:/Users/oscar/OneDrive/Documentos/UCM/5_QUINTO/SE/Practicas_SE/ProyectoFinal/sw/design_final_wrapper/hw/design_final_wrapper.xsa
TRACE::2026-01-27.01:58:37::SCWPlatform::DSA absoulate path C:/Users/oscar/OneDrive/Documentos/UCM/5_QUINTO/SE/Practicas_SE/ProyectoFinal/sw/design_final_wrapper/hw/design_final_wrapper.xsa
TRACE::2026-01-27.01:58:37::SCWPlatform::DSA directory C:/Users/oscar/OneDrive/Documentos/UCM/5_QUINTO/SE/Practicas_SE/ProyectoFinal/sw/design_final_wrapper/hw
TRACE::2026-01-27.01:58:37::SCWPlatform:: Platform Path C:/Users/oscar/OneDrive/Documentos/UCM/5_QUINTO/SE/Practicas_SE/ProyectoFinal/sw/design_final_wrapper/hw/design_final_wrapper.xsa
TRACE::2026-01-27.01:58:37::SCWPlatform:: Unique name xilinx:basys3::0.0
TRACE::2026-01-27.01:58:37::SCWPlatform::Trying to set the existing hwdb with name design_final_wrapper_0
TRACE::2026-01-27.01:58:37::SCWPlatform::Opened existing hwdb design_final_wrapper_0
TRACE::2026-01-27.01:58:37::SCWPlatform::Found the Hw Db part of the input DSA
TRACE::2026-01-27.01:58:37::SCWMssOS::Checking the sw design at  C:/Users/oscar/OneDrive/Documentos/UCM/5_QUINTO/SE/Practicas_SE/ProyectoFinal/sw/design_final_wrapper/microblaze_0/standalone_microblaze_0/bsp/system.mss
TRACE::2026-01-27.01:58:37::SCWMssOS::DEBUG:  swdes dump  
TRACE::2026-01-27.01:58:37::SCWMssOS::No sw design opened at  C:/Users/oscar/OneDrive/Documentos/UCM/5_QUINTO/SE/Practicas_SE/ProyectoFinal/sw/design_final_wrapper/microblaze_0/standalone_microblaze_0/bsp/system.mss
TRACE::2026-01-27.01:58:37::SCWMssOS::mss does not exists at C:/Users/oscar/OneDrive/Documentos/UCM/5_QUINTO/SE/Practicas_SE/ProyectoFinal/sw/design_final_wrapper/microblaze_0/standalone_microblaze_0/bsp/system.mss
TRACE::2026-01-27.01:58:37::SCWMssOS::Creating sw design at  C:/Users/oscar/OneDrive/Documentos/UCM/5_QUINTO/SE/Practicas_SE/ProyectoFinal/sw/design_final_wrapper/microblaze_0/standalone_microblaze_0/bsp/system.mss
TRACE::2026-01-27.01:58:37::SCWMssOS::Adding the swdes entry, created swdb C:/Users/oscar/OneDrive/Documentos/UCM/5_QUINTO/SE/Practicas_SE/ProyectoFinal/sw/design_final_wrapper/microblaze_0/standalone_microblaze_0/bsp/system.mss with des name C:/Users/oscar/OneDrive/Documentos/UCM/5_QUINTO/SE/Practicas_SE/ProyectoFinal/sw/design_final_wrapper/microblaze_0/standalone_microblaze_0/bsp/system.mss
TRACE::2026-01-27.01:58:37::SCWMssOS::updating the scw layer changes to swdes at   C:/Users/oscar/OneDrive/Documentos/UCM/5_QUINTO/SE/Practicas_SE/ProyectoFinal/sw/design_final_wrapper/microblaze_0/standalone_microblaze_0/bsp/system.mss
TRACE::2026-01-27.01:58:37::SCWMssOS::Writing mss at C:/Users/oscar/OneDrive/Documentos/UCM/5_QUINTO/SE/Practicas_SE/ProyectoFinal/sw/design_final_wrapper/microblaze_0/standalone_microblaze_0/bsp/system.mss
TRACE::2026-01-27.01:58:37::SCWMssOS::Completed writing the mss file at C:/Users/oscar/OneDrive/Documentos/UCM/5_QUINTO/SE/Practicas_SE/ProyectoFinal/sw/design_final_wrapper/microblaze_0/standalone_microblaze_0/bsp
TRACE::2026-01-27.01:58:37::SCWMssOS::Picking up changes from newly written mss file into SCW Layer. 
TRACE::2026-01-27.01:58:37::SCWMssOS::Updated the changes from newly written mss file into SCW Layer. 
TRACE::2026-01-27.01:58:37::SCWMssOS::Completed writing the mss file at C:/Users/oscar/OneDrive/Documentos/UCM/5_QUINTO/SE/Practicas_SE/ProyectoFinal/sw/design_final_wrapper/microblaze_0/standalone_microblaze_0/bsp
TRACE::2026-01-27.01:58:37::SCWMssOS::Forcing BSP Sources regeneration.
TRACE::2026-01-27.01:58:39::SCWMssOS::Saving the mss changes C:/Users/oscar/OneDrive/Documentos/UCM/5_QUINTO/SE/Practicas_SE/ProyectoFinal/sw/design_final_wrapper/microblaze_0/standalone_microblaze_0/bsp/system.mss
TRACE::2026-01-27.01:58:39::SCWMssOS::Adding the swdes entry, mss present, able to open swdb C:/Users/oscar/OneDrive/Documentos/UCM/5_QUINTO/SE/Practicas_SE/ProyectoFinal/sw/design_final_wrapper/microblaze_0/standalone_microblaze_0/bsp/system.mss with des name system
TRACE::2026-01-27.01:58:39::SCWMssOS::Writing the mss file completed C:/Users/oscar/OneDrive/Documentos/UCM/5_QUINTO/SE/Practicas_SE/ProyectoFinal/sw/design_final_wrapper/microblaze_0/standalone_microblaze_0/bsp/system.mss
TRACE::2026-01-27.01:58:39::SCWMssOS::Commit changes completed.
TRACE::2026-01-27.01:58:39::SCWPlatform::Trying to open the hw design at C:/Users/oscar/OneDrive/Documentos/UCM/5_QUINTO/SE/Practicas_SE/ProyectoFinal/sw/design_final_wrapper/hw/design_final_wrapper.xsa
TRACE::2026-01-27.01:58:39::SCWPlatform::DSA given C:/Users/oscar/OneDrive/Documentos/UCM/5_QUINTO/SE/Practicas_SE/ProyectoFinal/sw/design_final_wrapper/hw/design_final_wrapper.xsa
TRACE::2026-01-27.01:58:39::SCWPlatform::DSA absoulate path C:/Users/oscar/OneDrive/Documentos/UCM/5_QUINTO/SE/Practicas_SE/ProyectoFinal/sw/design_final_wrapper/hw/design_final_wrapper.xsa
TRACE::2026-01-27.01:58:39::SCWPlatform::DSA directory C:/Users/oscar/OneDrive/Documentos/UCM/5_QUINTO/SE/Practicas_SE/ProyectoFinal/sw/design_final_wrapper/hw
TRACE::2026-01-27.01:58:39::SCWPlatform:: Platform Path C:/Users/oscar/OneDrive/Documentos/UCM/5_QUINTO/SE/Practicas_SE/ProyectoFinal/sw/design_final_wrapper/hw/design_final_wrapper.xsa
TRACE::2026-01-27.01:58:39::SCWPlatform:: Unique name xilinx:basys3::0.0
TRACE::2026-01-27.01:58:39::SCWPlatform::Trying to set the existing hwdb with name design_final_wrapper_0
TRACE::2026-01-27.01:58:39::SCWPlatform::Opened existing hwdb design_final_wrapper_0
TRACE::2026-01-27.01:58:39::SCWPlatform::Found the Hw Db part of the input DSA
TRACE::2026-01-27.01:58:39::SCWMssOS::Checking the sw design at  C:/Users/oscar/OneDrive/Documentos/UCM/5_QUINTO/SE/Practicas_SE/ProyectoFinal/sw/design_final_wrapper/microblaze_0/standalone_microblaze_0/bsp/system.mss
TRACE::2026-01-27.01:58:39::SCWMssOS::DEBUG:  swdes dump  C:/Users/oscar/OneDrive/Documentos/UCM/5_QUINTO/SE/Practicas_SE/ProyectoFinal/sw/design_final_wrapper/microblaze_0/standalone_microblaze_0/bsp/system.mss|system||

TRACE::2026-01-27.01:58:39::SCWMssOS::Sw design exists and opened at  C:/Users/oscar/OneDrive/Documentos/UCM/5_QUINTO/SE/Practicas_SE/ProyectoFinal/sw/design_final_wrapper/microblaze_0/standalone_microblaze_0/bsp/system.mss
TRACE::2026-01-27.01:58:39::SCWPlatform::Trying to open the hw design at C:/Users/oscar/OneDrive/Documentos/UCM/5_QUINTO/SE/Practicas_SE/ProyectoFinal/sw/design_final_wrapper/hw/design_final_wrapper.xsa
TRACE::2026-01-27.01:58:39::SCWPlatform::DSA given C:/Users/oscar/OneDrive/Documentos/UCM/5_QUINTO/SE/Practicas_SE/ProyectoFinal/sw/design_final_wrapper/hw/design_final_wrapper.xsa
TRACE::2026-01-27.01:58:39::SCWPlatform::DSA absoulate path C:/Users/oscar/OneDrive/Documentos/UCM/5_QUINTO/SE/Practicas_SE/ProyectoFinal/sw/design_final_wrapper/hw/design_final_wrapper.xsa
TRACE::2026-01-27.01:58:39::SCWPlatform::DSA directory C:/Users/oscar/OneDrive/Documentos/UCM/5_QUINTO/SE/Practicas_SE/ProyectoFinal/sw/design_final_wrapper/hw
TRACE::2026-01-27.01:58:39::SCWPlatform:: Platform Path C:/Users/oscar/OneDrive/Documentos/UCM/5_QUINTO/SE/Practicas_SE/ProyectoFinal/sw/design_final_wrapper/hw/design_final_wrapper.xsa
TRACE::2026-01-27.01:58:39::SCWPlatform:: Unique name xilinx:basys3::0.0
TRACE::2026-01-27.01:58:39::SCWPlatform::Trying to set the existing hwdb with name design_final_wrapper_0
TRACE::2026-01-27.01:58:39::SCWPlatform::Opened existing hwdb design_final_wrapper_0
TRACE::2026-01-27.01:58:39::SCWPlatform::Found the Hw Db part of the input DSA
TRACE::2026-01-27.01:58:39::SCWMssOS::Checking the sw design at  C:/Users/oscar/OneDrive/Documentos/UCM/5_QUINTO/SE/Practicas_SE/ProyectoFinal/sw/design_final_wrapper/microblaze_0/standalone_microblaze_0/bsp/system.mss
TRACE::2026-01-27.01:58:39::SCWMssOS::DEBUG:  swdes dump  C:/Users/oscar/OneDrive/Documentos/UCM/5_QUINTO/SE/Practicas_SE/ProyectoFinal/sw/design_final_wrapper/microblaze_0/standalone_microblaze_0/bsp/system.mss|system||

TRACE::2026-01-27.01:58:39::SCWMssOS::Sw design exists and opened at  C:/Users/oscar/OneDrive/Documentos/UCM/5_QUINTO/SE/Practicas_SE/ProyectoFinal/sw/design_final_wrapper/microblaze_0/standalone_microblaze_0/bsp/system.mss
TRACE::2026-01-27.01:58:39::SCWPlatform::Trying to open the hw design at C:/Users/oscar/OneDrive/Documentos/UCM/5_QUINTO/SE/Practicas_SE/ProyectoFinal/sw/design_final_wrapper/hw/design_final_wrapper.xsa
TRACE::2026-01-27.01:58:39::SCWPlatform::DSA given C:/Users/oscar/OneDrive/Documentos/UCM/5_QUINTO/SE/Practicas_SE/ProyectoFinal/sw/design_final_wrapper/hw/design_final_wrapper.xsa
TRACE::2026-01-27.01:58:39::SCWPlatform::DSA absoulate path C:/Users/oscar/OneDrive/Documentos/UCM/5_QUINTO/SE/Practicas_SE/ProyectoFinal/sw/design_final_wrapper/hw/design_final_wrapper.xsa
TRACE::2026-01-27.01:58:39::SCWPlatform::DSA directory C:/Users/oscar/OneDrive/Documentos/UCM/5_QUINTO/SE/Practicas_SE/ProyectoFinal/sw/design_final_wrapper/hw
TRACE::2026-01-27.01:58:39::SCWPlatform:: Platform Path C:/Users/oscar/OneDrive/Documentos/UCM/5_QUINTO/SE/Practicas_SE/ProyectoFinal/sw/design_final_wrapper/hw/design_final_wrapper.xsa
TRACE::2026-01-27.01:58:39::SCWPlatform:: Unique name xilinx:basys3::0.0
TRACE::2026-01-27.01:58:39::SCWPlatform::Trying to set the existing hwdb with name design_final_wrapper_0
TRACE::2026-01-27.01:58:39::SCWPlatform::Opened existing hwdb design_final_wrapper_0
TRACE::2026-01-27.01:58:39::SCWPlatform::Found the Hw Db part of the input DSA
TRACE::2026-01-27.01:58:39::SCWMssOS::Checking the sw design at  C:/Users/oscar/OneDrive/Documentos/UCM/5_QUINTO/SE/Practicas_SE/ProyectoFinal/sw/design_final_wrapper/microblaze_0/standalone_microblaze_0/bsp/system.mss
TRACE::2026-01-27.01:58:39::SCWMssOS::DEBUG:  swdes dump  C:/Users/oscar/OneDrive/Documentos/UCM/5_QUINTO/SE/Practicas_SE/ProyectoFinal/sw/design_final_wrapper/microblaze_0/standalone_microblaze_0/bsp/system.mss|system||

TRACE::2026-01-27.01:58:39::SCWMssOS::Sw design exists and opened at  C:/Users/oscar/OneDrive/Documentos/UCM/5_QUINTO/SE/Practicas_SE/ProyectoFinal/sw/design_final_wrapper/microblaze_0/standalone_microblaze_0/bsp/system.mss
TRACE::2026-01-27.01:58:39::SCWWriter::formatted JSON is {
	"platformName":	"design_final_wrapper",
	"sprVersion":	"2.0",
	"mode":	"gui",
	"dsaType":	"Fixed",
	"platformDesc":	"design_final_wrapper",
	"platHandOff":	"C:/Users/oscar/OneDrive/Documentos/UCM/5_QUINTO/SE/Practicas_SE/ProyectoFinal/hw/design_final_wrapper.xsa",
	"platIntHandOff":	"<platformDir>/hw/design_final_wrapper.xsa",
	"deviceType":	"FPGA",
	"platIsPrebuiltAutogen":	"false",
	"platIsNoBootBsp":	"false",
	"hasFsblMakeHasChanges":	"false",
	"hasPmufwMakeHasChanges":	"false",
	"platPreBuiltFlag":	false,
	"platformSamplesDir":	"",
	"platActiveSys":	"design_final_wrapper",
	"systems":	[{
			"systemName":	"design_final_wrapper",
			"systemDesc":	"design_final_wrapper",
			"sysIsBootAutoGen":	"true",
			"systemDispName":	"design_final_wrapper",
			"sysActiveDom":	"standalone_microblaze_0",
			"sysDefaultDom":	"standalone_microblaze_0",
			"domains":	[{
					"domainName":	"standalone_microblaze_0",
					"domainDispName":	"standalone_microblaze_0",
					"domainDesc":	"standalone_microblaze_0",
					"processors":	"microblaze_0",
					"os":	"standalone",
					"sdxOs":	"standalone",
					"debugEnable":	"False",
					"domRuntimes":	["cpp"],
					"swRepo":	"",
					"mssOsVer":	"8.1",
					"mssFile":	"",
					"md5Digest":	"c7f6d7d9569b685804f89c41e0284b2e",
					"compatibleApp":	"peripheral_tests",
					"domType":	"mssDomain",
					"arch":	"32-bit",
					"appSettings":	{
						"appCompilerFlags":	"",
						"appLinkerFlags":	""
					},
					"addedLibs":	[],
					"libOptions":	{
						"libsContainingOptions":	[]
					},
					"prebuiltLibs":	{
						"prebuiltIncPath":	[],
						"prebuiltLibPath":	[]
					},
					"isolation":	{
					}
				}]
		}]
}
LOG::2026-01-27.01:58:39::SCWPlatform::Started generating the artifacts platform design_final_wrapper
TRACE::2026-01-27.01:58:39::SCWPlatform::Sanity checking of platform is completed
LOG::2026-01-27.01:58:39::SCWPlatform::Started generating the artifacts for system configuration design_final_wrapper
LOG::2026-01-27.01:58:39::SCWSystem::Checking the domain standalone_microblaze_0
LOG::2026-01-27.01:58:39::SCWSystem::Not a boot domain 
LOG::2026-01-27.01:58:39::SCWSystem::Started Processing the domain standalone_microblaze_0
TRACE::2026-01-27.01:58:39::SCWDomain::Generating domain artifcats
TRACE::2026-01-27.01:58:39::SCWMssOS::Generating standalone artifcats
TRACE::2026-01-27.01:58:39::SCWMssOS:: Copying the user libraries. 
TRACE::2026-01-27.01:58:39::SCWPlatform::Trying to open the hw design at C:/Users/oscar/OneDrive/Documentos/UCM/5_QUINTO/SE/Practicas_SE/ProyectoFinal/sw/design_final_wrapper/hw/design_final_wrapper.xsa
TRACE::2026-01-27.01:58:39::SCWPlatform::DSA given C:/Users/oscar/OneDrive/Documentos/UCM/5_QUINTO/SE/Practicas_SE/ProyectoFinal/sw/design_final_wrapper/hw/design_final_wrapper.xsa
TRACE::2026-01-27.01:58:39::SCWPlatform::DSA absoulate path C:/Users/oscar/OneDrive/Documentos/UCM/5_QUINTO/SE/Practicas_SE/ProyectoFinal/sw/design_final_wrapper/hw/design_final_wrapper.xsa
TRACE::2026-01-27.01:58:39::SCWPlatform::DSA directory C:/Users/oscar/OneDrive/Documentos/UCM/5_QUINTO/SE/Practicas_SE/ProyectoFinal/sw/design_final_wrapper/hw
TRACE::2026-01-27.01:58:39::SCWPlatform:: Platform Path C:/Users/oscar/OneDrive/Documentos/UCM/5_QUINTO/SE/Practicas_SE/ProyectoFinal/sw/design_final_wrapper/hw/design_final_wrapper.xsa
TRACE::2026-01-27.01:58:39::SCWPlatform:: Unique name xilinx:basys3::0.0
TRACE::2026-01-27.01:58:39::SCWPlatform::Trying to set the existing hwdb with name design_final_wrapper_0
TRACE::2026-01-27.01:58:39::SCWPlatform::Opened existing hwdb design_final_wrapper_0
TRACE::2026-01-27.01:58:39::SCWPlatform::Found the Hw Db part of the input DSA
TRACE::2026-01-27.01:58:39::SCWMssOS::Checking the sw design at  C:/Users/oscar/OneDrive/Documentos/UCM/5_QUINTO/SE/Practicas_SE/ProyectoFinal/sw/design_final_wrapper/microblaze_0/standalone_microblaze_0/bsp/system.mss
TRACE::2026-01-27.01:58:39::SCWMssOS::DEBUG:  swdes dump  C:/Users/oscar/OneDrive/Documentos/UCM/5_QUINTO/SE/Practicas_SE/ProyectoFinal/sw/design_final_wrapper/microblaze_0/standalone_microblaze_0/bsp/system.mss|system||

TRACE::2026-01-27.01:58:39::SCWMssOS::Sw design exists and opened at  C:/Users/oscar/OneDrive/Documentos/UCM/5_QUINTO/SE/Practicas_SE/ProyectoFinal/sw/design_final_wrapper/microblaze_0/standalone_microblaze_0/bsp/system.mss
TRACE::2026-01-27.01:58:39::SCWMssOS::Completed writing the mss file at C:/Users/oscar/OneDrive/Documentos/UCM/5_QUINTO/SE/Practicas_SE/ProyectoFinal/sw/design_final_wrapper/microblaze_0/standalone_microblaze_0/bsp
TRACE::2026-01-27.01:58:39::SCWMssOS::Mss edits present, copying mssfile into export location C:/Users/oscar/OneDrive/Documentos/UCM/5_QUINTO/SE/Practicas_SE/ProyectoFinal/sw/design_final_wrapper/microblaze_0/standalone_microblaze_0/bsp/system.mss
TRACE::2026-01-27.01:58:39::SCWMssOS::bsp generated is upto date with the mss file. Skipping bsp generation.
TRACE::2026-01-27.01:58:39::SCWMssOS::BSP is already built. skipping the bsp build ... 
TRACE::2026-01-27.01:58:39::SCWDomain::Skipping the build for domain :  standalone_microblaze_0
TRACE::2026-01-27.01:58:39::SCWMssOS::skipping the bsp build ... 
TRACE::2026-01-27.01:58:39::SCWMssOS::Copying to export directory.
TRACE::2026-01-27.01:58:39::SCWMssOS:: Checking if to create the Supporting Applications
TRACE::2026-01-27.01:58:39::SCWMssOS:: No Linux domain exists, trying to generate FSBL 
LOG::2026-01-27.01:58:39::SCWSystem::Completed Processing the domain standalone_microblaze_0
LOG::2026-01-27.01:58:39::SCWSystem::Completed Processing the sysconfig design_final_wrapper
LOG::2026-01-27.01:58:39::SCWPlatform::Completed generating the artifacts for system configuration design_final_wrapper
TRACE::2026-01-27.01:58:39::SCWPlatform::Started preparing the platform 
TRACE::2026-01-27.01:58:39::SCWSystem::Writing the bif file for system config design_final_wrapper
TRACE::2026-01-27.01:58:39::SCWSystem::dir created 
TRACE::2026-01-27.01:58:39::SCWSystem::Writing the bif 
TRACE::2026-01-27.01:58:39::SCWPlatform::Started writing the spfm file 
TRACE::2026-01-27.01:58:39::SCWPlatform::Started writing the xpfm file 
TRACE::2026-01-27.01:58:39::SCWPlatform::Completed generating the platform
TRACE::2026-01-27.01:58:39::SCWMssOS::Saving the mss changes C:/Users/oscar/OneDrive/Documentos/UCM/5_QUINTO/SE/Practicas_SE/ProyectoFinal/sw/design_final_wrapper/microblaze_0/standalone_microblaze_0/bsp/system.mss
TRACE::2026-01-27.01:58:39::SCWMssOS::Found a swdesign opened with the mssfile.
TRACE::2026-01-27.01:58:39::SCWMssOS::Completed writemss as part of save.
TRACE::2026-01-27.01:58:39::SCWMssOS::Commit changes completed.
TRACE::2026-01-27.01:58:39::SCWPlatform::Trying to open the hw design at C:/Users/oscar/OneDrive/Documentos/UCM/5_QUINTO/SE/Practicas_SE/ProyectoFinal/sw/design_final_wrapper/hw/design_final_wrapper.xsa
TRACE::2026-01-27.01:58:39::SCWPlatform::DSA given C:/Users/oscar/OneDrive/Documentos/UCM/5_QUINTO/SE/Practicas_SE/ProyectoFinal/sw/design_final_wrapper/hw/design_final_wrapper.xsa
TRACE::2026-01-27.01:58:39::SCWPlatform::DSA absoulate path C:/Users/oscar/OneDrive/Documentos/UCM/5_QUINTO/SE/Practicas_SE/ProyectoFinal/sw/design_final_wrapper/hw/design_final_wrapper.xsa
TRACE::2026-01-27.01:58:39::SCWPlatform::DSA directory C:/Users/oscar/OneDrive/Documentos/UCM/5_QUINTO/SE/Practicas_SE/ProyectoFinal/sw/design_final_wrapper/hw
TRACE::2026-01-27.01:58:39::SCWPlatform:: Platform Path C:/Users/oscar/OneDrive/Documentos/UCM/5_QUINTO/SE/Practicas_SE/ProyectoFinal/sw/design_final_wrapper/hw/design_final_wrapper.xsa
TRACE::2026-01-27.01:58:39::SCWPlatform:: Unique name xilinx:basys3::0.0
TRACE::2026-01-27.01:58:39::SCWPlatform::Trying to set the existing hwdb with name design_final_wrapper_0
TRACE::2026-01-27.01:58:39::SCWPlatform::Opened existing hwdb design_final_wrapper_0
TRACE::2026-01-27.01:58:39::SCWPlatform::Found the Hw Db part of the input DSA
TRACE::2026-01-27.01:58:39::SCWMssOS::Checking the sw design at  C:/Users/oscar/OneDrive/Documentos/UCM/5_QUINTO/SE/Practicas_SE/ProyectoFinal/sw/design_final_wrapper/microblaze_0/standalone_microblaze_0/bsp/system.mss
TRACE::2026-01-27.01:58:39::SCWMssOS::DEBUG:  swdes dump  C:/Users/oscar/OneDrive/Documentos/UCM/5_QUINTO/SE/Practicas_SE/ProyectoFinal/sw/design_final_wrapper/microblaze_0/standalone_microblaze_0/bsp/system.mss|system||

TRACE::2026-01-27.01:58:39::SCWMssOS::Sw design exists and opened at  C:/Users/oscar/OneDrive/Documentos/UCM/5_QUINTO/SE/Practicas_SE/ProyectoFinal/sw/design_final_wrapper/microblaze_0/standalone_microblaze_0/bsp/system.mss
TRACE::2026-01-27.01:58:39::SCWPlatform::Trying to open the hw design at C:/Users/oscar/OneDrive/Documentos/UCM/5_QUINTO/SE/Practicas_SE/ProyectoFinal/sw/design_final_wrapper/hw/design_final_wrapper.xsa
TRACE::2026-01-27.01:58:39::SCWPlatform::DSA given C:/Users/oscar/OneDrive/Documentos/UCM/5_QUINTO/SE/Practicas_SE/ProyectoFinal/sw/design_final_wrapper/hw/design_final_wrapper.xsa
TRACE::2026-01-27.01:58:39::SCWPlatform::DSA absoulate path C:/Users/oscar/OneDrive/Documentos/UCM/5_QUINTO/SE/Practicas_SE/ProyectoFinal/sw/design_final_wrapper/hw/design_final_wrapper.xsa
TRACE::2026-01-27.01:58:39::SCWPlatform::DSA directory C:/Users/oscar/OneDrive/Documentos/UCM/5_QUINTO/SE/Practicas_SE/ProyectoFinal/sw/design_final_wrapper/hw
TRACE::2026-01-27.01:58:39::SCWPlatform:: Platform Path C:/Users/oscar/OneDrive/Documentos/UCM/5_QUINTO/SE/Practicas_SE/ProyectoFinal/sw/design_final_wrapper/hw/design_final_wrapper.xsa
TRACE::2026-01-27.01:58:39::SCWPlatform:: Unique name xilinx:basys3::0.0
TRACE::2026-01-27.01:58:39::SCWPlatform::Trying to set the existing hwdb with name design_final_wrapper_0
TRACE::2026-01-27.01:58:39::SCWPlatform::Opened existing hwdb design_final_wrapper_0
TRACE::2026-01-27.01:58:39::SCWPlatform::Found the Hw Db part of the input DSA
TRACE::2026-01-27.01:58:39::SCWMssOS::Checking the sw design at  C:/Users/oscar/OneDrive/Documentos/UCM/5_QUINTO/SE/Practicas_SE/ProyectoFinal/sw/design_final_wrapper/microblaze_0/standalone_microblaze_0/bsp/system.mss
TRACE::2026-01-27.01:58:39::SCWMssOS::DEBUG:  swdes dump  C:/Users/oscar/OneDrive/Documentos/UCM/5_QUINTO/SE/Practicas_SE/ProyectoFinal/sw/design_final_wrapper/microblaze_0/standalone_microblaze_0/bsp/system.mss|system||

TRACE::2026-01-27.01:58:39::SCWMssOS::Sw design exists and opened at  C:/Users/oscar/OneDrive/Documentos/UCM/5_QUINTO/SE/Practicas_SE/ProyectoFinal/sw/design_final_wrapper/microblaze_0/standalone_microblaze_0/bsp/system.mss
TRACE::2026-01-27.01:58:39::SCWPlatform::Trying to open the hw design at C:/Users/oscar/OneDrive/Documentos/UCM/5_QUINTO/SE/Practicas_SE/ProyectoFinal/sw/design_final_wrapper/hw/design_final_wrapper.xsa
TRACE::2026-01-27.01:58:39::SCWPlatform::DSA given C:/Users/oscar/OneDrive/Documentos/UCM/5_QUINTO/SE/Practicas_SE/ProyectoFinal/sw/design_final_wrapper/hw/design_final_wrapper.xsa
TRACE::2026-01-27.01:58:39::SCWPlatform::DSA absoulate path C:/Users/oscar/OneDrive/Documentos/UCM/5_QUINTO/SE/Practicas_SE/ProyectoFinal/sw/design_final_wrapper/hw/design_final_wrapper.xsa
TRACE::2026-01-27.01:58:39::SCWPlatform::DSA directory C:/Users/oscar/OneDrive/Documentos/UCM/5_QUINTO/SE/Practicas_SE/ProyectoFinal/sw/design_final_wrapper/hw
TRACE::2026-01-27.01:58:39::SCWPlatform:: Platform Path C:/Users/oscar/OneDrive/Documentos/UCM/5_QUINTO/SE/Practicas_SE/ProyectoFinal/sw/design_final_wrapper/hw/design_final_wrapper.xsa
TRACE::2026-01-27.01:58:39::SCWPlatform:: Unique name xilinx:basys3::0.0
TRACE::2026-01-27.01:58:39::SCWPlatform::Trying to set the existing hwdb with name design_final_wrapper_0
TRACE::2026-01-27.01:58:39::SCWPlatform::Opened existing hwdb design_final_wrapper_0
TRACE::2026-01-27.01:58:39::SCWPlatform::Found the Hw Db part of the input DSA
TRACE::2026-01-27.01:58:39::SCWMssOS::Checking the sw design at  C:/Users/oscar/OneDrive/Documentos/UCM/5_QUINTO/SE/Practicas_SE/ProyectoFinal/sw/design_final_wrapper/microblaze_0/standalone_microblaze_0/bsp/system.mss
TRACE::2026-01-27.01:58:39::SCWMssOS::DEBUG:  swdes dump  C:/Users/oscar/OneDrive/Documentos/UCM/5_QUINTO/SE/Practicas_SE/ProyectoFinal/sw/design_final_wrapper/microblaze_0/standalone_microblaze_0/bsp/system.mss|system||

TRACE::2026-01-27.01:58:39::SCWMssOS::Sw design exists and opened at  C:/Users/oscar/OneDrive/Documentos/UCM/5_QUINTO/SE/Practicas_SE/ProyectoFinal/sw/design_final_wrapper/microblaze_0/standalone_microblaze_0/bsp/system.mss
TRACE::2026-01-27.01:58:39::SCWWriter::formatted JSON is {
	"platformName":	"design_final_wrapper",
	"sprVersion":	"2.0",
	"mode":	"gui",
	"dsaType":	"Fixed",
	"platformDesc":	"design_final_wrapper",
	"platHandOff":	"C:/Users/oscar/OneDrive/Documentos/UCM/5_QUINTO/SE/Practicas_SE/ProyectoFinal/hw/design_final_wrapper.xsa",
	"platIntHandOff":	"<platformDir>/hw/design_final_wrapper.xsa",
	"deviceType":	"FPGA",
	"platIsPrebuiltAutogen":	"false",
	"platIsNoBootBsp":	"false",
	"hasFsblMakeHasChanges":	"false",
	"hasPmufwMakeHasChanges":	"false",
	"platPreBuiltFlag":	false,
	"platformSamplesDir":	"",
	"platActiveSys":	"design_final_wrapper",
	"systems":	[{
			"systemName":	"design_final_wrapper",
			"systemDesc":	"design_final_wrapper",
			"sysIsBootAutoGen":	"true",
			"systemDispName":	"design_final_wrapper",
			"sysActiveDom":	"standalone_microblaze_0",
			"sysDefaultDom":	"standalone_microblaze_0",
			"domains":	[{
					"domainName":	"standalone_microblaze_0",
					"domainDispName":	"standalone_microblaze_0",
					"domainDesc":	"standalone_microblaze_0",
					"processors":	"microblaze_0",
					"os":	"standalone",
					"sdxOs":	"standalone",
					"debugEnable":	"False",
					"domRuntimes":	["cpp"],
					"swRepo":	"",
					"mssOsVer":	"8.1",
					"mssFile":	"",
					"md5Digest":	"c7f6d7d9569b685804f89c41e0284b2e",
					"compatibleApp":	"peripheral_tests",
					"domType":	"mssDomain",
					"arch":	"32-bit",
					"appSettings":	{
						"appCompilerFlags":	"",
						"appLinkerFlags":	""
					},
					"addedLibs":	[],
					"libOptions":	{
						"libsContainingOptions":	[]
					},
					"prebuiltLibs":	{
						"prebuiltIncPath":	[],
						"prebuiltLibPath":	[]
					},
					"isolation":	{
					}
				}]
		}]
}
KEYINFO::2026-01-27.01:58:39::SCWPlatform::updated the xpfm file.
TRACE::2026-01-27.01:58:39::SCWPlatform::Trying to open the hw design at C:/Users/oscar/OneDrive/Documentos/UCM/5_QUINTO/SE/Practicas_SE/ProyectoFinal/sw/design_final_wrapper/hw/design_final_wrapper.xsa
TRACE::2026-01-27.01:58:39::SCWPlatform::DSA given C:/Users/oscar/OneDrive/Documentos/UCM/5_QUINTO/SE/Practicas_SE/ProyectoFinal/sw/design_final_wrapper/hw/design_final_wrapper.xsa
TRACE::2026-01-27.01:58:39::SCWPlatform::DSA absoulate path C:/Users/oscar/OneDrive/Documentos/UCM/5_QUINTO/SE/Practicas_SE/ProyectoFinal/sw/design_final_wrapper/hw/design_final_wrapper.xsa
TRACE::2026-01-27.01:58:39::SCWPlatform::DSA directory C:/Users/oscar/OneDrive/Documentos/UCM/5_QUINTO/SE/Practicas_SE/ProyectoFinal/sw/design_final_wrapper/hw
TRACE::2026-01-27.01:58:39::SCWPlatform:: Platform Path C:/Users/oscar/OneDrive/Documentos/UCM/5_QUINTO/SE/Practicas_SE/ProyectoFinal/sw/design_final_wrapper/hw/design_final_wrapper.xsa
TRACE::2026-01-27.01:58:39::SCWPlatform:: Unique name xilinx:basys3::0.0
TRACE::2026-01-27.01:58:39::SCWPlatform::Trying to set the existing hwdb with name design_final_wrapper_0
TRACE::2026-01-27.01:58:39::SCWPlatform::Opened existing hwdb design_final_wrapper_0
TRACE::2026-01-27.01:58:39::SCWPlatform::Found the Hw Db part of the input DSA
TRACE::2026-01-27.01:58:39::SCWMssOS::Checking the sw design at  C:/Users/oscar/OneDrive/Documentos/UCM/5_QUINTO/SE/Practicas_SE/ProyectoFinal/sw/design_final_wrapper/microblaze_0/standalone_microblaze_0/bsp/system.mss
TRACE::2026-01-27.01:58:39::SCWMssOS::DEBUG:  swdes dump  C:/Users/oscar/OneDrive/Documentos/UCM/5_QUINTO/SE/Practicas_SE/ProyectoFinal/sw/design_final_wrapper/microblaze_0/standalone_microblaze_0/bsp/system.mss|system||

TRACE::2026-01-27.01:58:39::SCWMssOS::Sw design exists and opened at  C:/Users/oscar/OneDrive/Documentos/UCM/5_QUINTO/SE/Practicas_SE/ProyectoFinal/sw/design_final_wrapper/microblaze_0/standalone_microblaze_0/bsp/system.mss
TRACE::2026-01-27.01:58:39::SCWMssOS::Saving the mss changes C:/Users/oscar/OneDrive/Documentos/UCM/5_QUINTO/SE/Practicas_SE/ProyectoFinal/sw/design_final_wrapper/microblaze_0/standalone_microblaze_0/bsp/system.mss
TRACE::2026-01-27.01:58:39::SCWMssOS::Found a swdesign opened with the mssfile.
TRACE::2026-01-27.01:58:39::SCWMssOS::Completed writemss as part of save.
TRACE::2026-01-27.01:58:39::SCWMssOS::Commit changes completed.
TRACE::2026-01-27.01:58:39::SCWPlatform::Trying to open the hw design at C:/Users/oscar/OneDrive/Documentos/UCM/5_QUINTO/SE/Practicas_SE/ProyectoFinal/sw/design_final_wrapper/hw/design_final_wrapper.xsa
TRACE::2026-01-27.01:58:39::SCWPlatform::DSA given C:/Users/oscar/OneDrive/Documentos/UCM/5_QUINTO/SE/Practicas_SE/ProyectoFinal/sw/design_final_wrapper/hw/design_final_wrapper.xsa
TRACE::2026-01-27.01:58:39::SCWPlatform::DSA absoulate path C:/Users/oscar/OneDrive/Documentos/UCM/5_QUINTO/SE/Practicas_SE/ProyectoFinal/sw/design_final_wrapper/hw/design_final_wrapper.xsa
TRACE::2026-01-27.01:58:39::SCWPlatform::DSA directory C:/Users/oscar/OneDrive/Documentos/UCM/5_QUINTO/SE/Practicas_SE/ProyectoFinal/sw/design_final_wrapper/hw
TRACE::2026-01-27.01:58:39::SCWPlatform:: Platform Path C:/Users/oscar/OneDrive/Documentos/UCM/5_QUINTO/SE/Practicas_SE/ProyectoFinal/sw/design_final_wrapper/hw/design_final_wrapper.xsa
TRACE::2026-01-27.01:58:39::SCWPlatform:: Unique name xilinx:basys3::0.0
TRACE::2026-01-27.01:58:39::SCWPlatform::Trying to set the existing hwdb with name design_final_wrapper_0
TRACE::2026-01-27.01:58:39::SCWPlatform::Opened existing hwdb design_final_wrapper_0
TRACE::2026-01-27.01:58:39::SCWPlatform::Found the Hw Db part of the input DSA
TRACE::2026-01-27.01:58:39::SCWMssOS::Checking the sw design at  C:/Users/oscar/OneDrive/Documentos/UCM/5_QUINTO/SE/Practicas_SE/ProyectoFinal/sw/design_final_wrapper/microblaze_0/standalone_microblaze_0/bsp/system.mss
TRACE::2026-01-27.01:58:39::SCWMssOS::DEBUG:  swdes dump  C:/Users/oscar/OneDrive/Documentos/UCM/5_QUINTO/SE/Practicas_SE/ProyectoFinal/sw/design_final_wrapper/microblaze_0/standalone_microblaze_0/bsp/system.mss|system||

TRACE::2026-01-27.01:58:39::SCWMssOS::Sw design exists and opened at  C:/Users/oscar/OneDrive/Documentos/UCM/5_QUINTO/SE/Practicas_SE/ProyectoFinal/sw/design_final_wrapper/microblaze_0/standalone_microblaze_0/bsp/system.mss
TRACE::2026-01-27.01:58:39::SCWPlatform::Trying to open the hw design at C:/Users/oscar/OneDrive/Documentos/UCM/5_QUINTO/SE/Practicas_SE/ProyectoFinal/sw/design_final_wrapper/hw/design_final_wrapper.xsa
TRACE::2026-01-27.01:58:39::SCWPlatform::DSA given C:/Users/oscar/OneDrive/Documentos/UCM/5_QUINTO/SE/Practicas_SE/ProyectoFinal/sw/design_final_wrapper/hw/design_final_wrapper.xsa
TRACE::2026-01-27.01:58:39::SCWPlatform::DSA absoulate path C:/Users/oscar/OneDrive/Documentos/UCM/5_QUINTO/SE/Practicas_SE/ProyectoFinal/sw/design_final_wrapper/hw/design_final_wrapper.xsa
TRACE::2026-01-27.01:58:39::SCWPlatform::DSA directory C:/Users/oscar/OneDrive/Documentos/UCM/5_QUINTO/SE/Practicas_SE/ProyectoFinal/sw/design_final_wrapper/hw
TRACE::2026-01-27.01:58:39::SCWPlatform:: Platform Path C:/Users/oscar/OneDrive/Documentos/UCM/5_QUINTO/SE/Practicas_SE/ProyectoFinal/sw/design_final_wrapper/hw/design_final_wrapper.xsa
TRACE::2026-01-27.01:58:39::SCWPlatform:: Unique name xilinx:basys3::0.0
TRACE::2026-01-27.01:58:39::SCWPlatform::Trying to set the existing hwdb with name design_final_wrapper_0
TRACE::2026-01-27.01:58:39::SCWPlatform::Opened existing hwdb design_final_wrapper_0
TRACE::2026-01-27.01:58:39::SCWPlatform::Found the Hw Db part of the input DSA
TRACE::2026-01-27.01:58:39::SCWMssOS::Checking the sw design at  C:/Users/oscar/OneDrive/Documentos/UCM/5_QUINTO/SE/Practicas_SE/ProyectoFinal/sw/design_final_wrapper/microblaze_0/standalone_microblaze_0/bsp/system.mss
TRACE::2026-01-27.01:58:39::SCWMssOS::DEBUG:  swdes dump  C:/Users/oscar/OneDrive/Documentos/UCM/5_QUINTO/SE/Practicas_SE/ProyectoFinal/sw/design_final_wrapper/microblaze_0/standalone_microblaze_0/bsp/system.mss|system||

TRACE::2026-01-27.01:58:39::SCWMssOS::Sw design exists and opened at  C:/Users/oscar/OneDrive/Documentos/UCM/5_QUINTO/SE/Practicas_SE/ProyectoFinal/sw/design_final_wrapper/microblaze_0/standalone_microblaze_0/bsp/system.mss
TRACE::2026-01-27.01:58:39::SCWPlatform::Trying to open the hw design at C:/Users/oscar/OneDrive/Documentos/UCM/5_QUINTO/SE/Practicas_SE/ProyectoFinal/sw/design_final_wrapper/hw/design_final_wrapper.xsa
TRACE::2026-01-27.01:58:39::SCWPlatform::DSA given C:/Users/oscar/OneDrive/Documentos/UCM/5_QUINTO/SE/Practicas_SE/ProyectoFinal/sw/design_final_wrapper/hw/design_final_wrapper.xsa
TRACE::2026-01-27.01:58:39::SCWPlatform::DSA absoulate path C:/Users/oscar/OneDrive/Documentos/UCM/5_QUINTO/SE/Practicas_SE/ProyectoFinal/sw/design_final_wrapper/hw/design_final_wrapper.xsa
TRACE::2026-01-27.01:58:39::SCWPlatform::DSA directory C:/Users/oscar/OneDrive/Documentos/UCM/5_QUINTO/SE/Practicas_SE/ProyectoFinal/sw/design_final_wrapper/hw
TRACE::2026-01-27.01:58:39::SCWPlatform:: Platform Path C:/Users/oscar/OneDrive/Documentos/UCM/5_QUINTO/SE/Practicas_SE/ProyectoFinal/sw/design_final_wrapper/hw/design_final_wrapper.xsa
TRACE::2026-01-27.01:58:39::SCWPlatform:: Unique name xilinx:basys3::0.0
TRACE::2026-01-27.01:58:39::SCWPlatform::Trying to set the existing hwdb with name design_final_wrapper_0
TRACE::2026-01-27.01:58:39::SCWPlatform::Opened existing hwdb design_final_wrapper_0
TRACE::2026-01-27.01:58:39::SCWPlatform::Found the Hw Db part of the input DSA
TRACE::2026-01-27.01:58:39::SCWMssOS::Checking the sw design at  C:/Users/oscar/OneDrive/Documentos/UCM/5_QUINTO/SE/Practicas_SE/ProyectoFinal/sw/design_final_wrapper/microblaze_0/standalone_microblaze_0/bsp/system.mss
TRACE::2026-01-27.01:58:39::SCWMssOS::DEBUG:  swdes dump  C:/Users/oscar/OneDrive/Documentos/UCM/5_QUINTO/SE/Practicas_SE/ProyectoFinal/sw/design_final_wrapper/microblaze_0/standalone_microblaze_0/bsp/system.mss|system||

TRACE::2026-01-27.01:58:39::SCWMssOS::Sw design exists and opened at  C:/Users/oscar/OneDrive/Documentos/UCM/5_QUINTO/SE/Practicas_SE/ProyectoFinal/sw/design_final_wrapper/microblaze_0/standalone_microblaze_0/bsp/system.mss
TRACE::2026-01-27.01:58:39::SCWWriter::formatted JSON is {
	"platformName":	"design_final_wrapper",
	"sprVersion":	"2.0",
	"mode":	"gui",
	"dsaType":	"Fixed",
	"platformDesc":	"design_final_wrapper",
	"platHandOff":	"C:/Users/oscar/OneDrive/Documentos/UCM/5_QUINTO/SE/Practicas_SE/ProyectoFinal/hw/design_final_wrapper.xsa",
	"platIntHandOff":	"<platformDir>/hw/design_final_wrapper.xsa",
	"deviceType":	"FPGA",
	"platIsPrebuiltAutogen":	"false",
	"platIsNoBootBsp":	"false",
	"hasFsblMakeHasChanges":	"false",
	"hasPmufwMakeHasChanges":	"false",
	"platPreBuiltFlag":	false,
	"platformSamplesDir":	"",
	"platActiveSys":	"design_final_wrapper",
	"systems":	[{
			"systemName":	"design_final_wrapper",
			"systemDesc":	"design_final_wrapper",
			"sysIsBootAutoGen":	"true",
			"systemDispName":	"design_final_wrapper",
			"sysActiveDom":	"standalone_microblaze_0",
			"sysDefaultDom":	"standalone_microblaze_0",
			"domains":	[{
					"domainName":	"standalone_microblaze_0",
					"domainDispName":	"standalone_microblaze_0",
					"domainDesc":	"standalone_microblaze_0",
					"processors":	"microblaze_0",
					"os":	"standalone",
					"sdxOs":	"standalone",
					"debugEnable":	"False",
					"domRuntimes":	["cpp"],
					"swRepo":	"",
					"mssOsVer":	"8.1",
					"mssFile":	"",
					"md5Digest":	"c7f6d7d9569b685804f89c41e0284b2e",
					"compatibleApp":	"peripheral_tests",
					"domType":	"mssDomain",
					"arch":	"32-bit",
					"appSettings":	{
						"appCompilerFlags":	"",
						"appLinkerFlags":	""
					},
					"addedLibs":	[],
					"libOptions":	{
						"libsContainingOptions":	[]
					},
					"prebuiltLibs":	{
						"prebuiltIncPath":	[],
						"prebuiltLibPath":	[]
					},
					"isolation":	{
					}
				}]
		}]
}
TRACE::2026-01-27.01:58:39::SCWPlatform::Trying to open the hw design at C:/Users/oscar/OneDrive/Documentos/UCM/5_QUINTO/SE/Practicas_SE/ProyectoFinal/sw/design_final_wrapper/hw/design_final_wrapper.xsa
TRACE::2026-01-27.01:58:39::SCWPlatform::DSA given C:/Users/oscar/OneDrive/Documentos/UCM/5_QUINTO/SE/Practicas_SE/ProyectoFinal/sw/design_final_wrapper/hw/design_final_wrapper.xsa
TRACE::2026-01-27.01:58:39::SCWPlatform::DSA absoulate path C:/Users/oscar/OneDrive/Documentos/UCM/5_QUINTO/SE/Practicas_SE/ProyectoFinal/sw/design_final_wrapper/hw/design_final_wrapper.xsa
TRACE::2026-01-27.01:58:39::SCWPlatform::DSA directory C:/Users/oscar/OneDrive/Documentos/UCM/5_QUINTO/SE/Practicas_SE/ProyectoFinal/sw/design_final_wrapper/hw
TRACE::2026-01-27.01:58:39::SCWPlatform:: Platform Path C:/Users/oscar/OneDrive/Documentos/UCM/5_QUINTO/SE/Practicas_SE/ProyectoFinal/sw/design_final_wrapper/hw/design_final_wrapper.xsa
TRACE::2026-01-27.01:58:39::SCWPlatform:: Unique name xilinx:basys3::0.0
TRACE::2026-01-27.01:58:39::SCWPlatform::Trying to set the existing hwdb with name design_final_wrapper_0
TRACE::2026-01-27.01:58:39::SCWPlatform::Opened existing hwdb design_final_wrapper_0
TRACE::2026-01-27.01:58:39::SCWPlatform::Found the Hw Db part of the input DSA
TRACE::2026-01-27.01:58:39::SCWMssOS::Checking the sw design at  C:/Users/oscar/OneDrive/Documentos/UCM/5_QUINTO/SE/Practicas_SE/ProyectoFinal/sw/design_final_wrapper/microblaze_0/standalone_microblaze_0/bsp/system.mss
TRACE::2026-01-27.01:58:39::SCWMssOS::DEBUG:  swdes dump  C:/Users/oscar/OneDrive/Documentos/UCM/5_QUINTO/SE/Practicas_SE/ProyectoFinal/sw/design_final_wrapper/microblaze_0/standalone_microblaze_0/bsp/system.mss|system||

TRACE::2026-01-27.01:58:39::SCWMssOS::Sw design exists and opened at  C:/Users/oscar/OneDrive/Documentos/UCM/5_QUINTO/SE/Practicas_SE/ProyectoFinal/sw/design_final_wrapper/microblaze_0/standalone_microblaze_0/bsp/system.mss
TRACE::2026-01-27.01:58:39::SCWPlatform::Trying to open the hw design at C:/Users/oscar/OneDrive/Documentos/UCM/5_QUINTO/SE/Practicas_SE/ProyectoFinal/sw/design_final_wrapper/hw/design_final_wrapper.xsa
TRACE::2026-01-27.01:58:39::SCWPlatform::DSA given C:/Users/oscar/OneDrive/Documentos/UCM/5_QUINTO/SE/Practicas_SE/ProyectoFinal/sw/design_final_wrapper/hw/design_final_wrapper.xsa
TRACE::2026-01-27.01:58:39::SCWPlatform::DSA absoulate path C:/Users/oscar/OneDrive/Documentos/UCM/5_QUINTO/SE/Practicas_SE/ProyectoFinal/sw/design_final_wrapper/hw/design_final_wrapper.xsa
TRACE::2026-01-27.01:58:39::SCWPlatform::DSA directory C:/Users/oscar/OneDrive/Documentos/UCM/5_QUINTO/SE/Practicas_SE/ProyectoFinal/sw/design_final_wrapper/hw
TRACE::2026-01-27.01:58:39::SCWPlatform:: Platform Path C:/Users/oscar/OneDrive/Documentos/UCM/5_QUINTO/SE/Practicas_SE/ProyectoFinal/sw/design_final_wrapper/hw/design_final_wrapper.xsa
TRACE::2026-01-27.01:58:39::SCWPlatform:: Unique name xilinx:basys3::0.0
TRACE::2026-01-27.01:58:39::SCWPlatform::Trying to set the existing hwdb with name design_final_wrapper_0
TRACE::2026-01-27.01:58:39::SCWPlatform::Opened existing hwdb design_final_wrapper_0
TRACE::2026-01-27.01:58:39::SCWPlatform::Found the Hw Db part of the input DSA
TRACE::2026-01-27.01:58:39::SCWMssOS::Checking the sw design at  C:/Users/oscar/OneDrive/Documentos/UCM/5_QUINTO/SE/Practicas_SE/ProyectoFinal/sw/design_final_wrapper/microblaze_0/standalone_microblaze_0/bsp/system.mss
TRACE::2026-01-27.01:58:39::SCWMssOS::DEBUG:  swdes dump  C:/Users/oscar/OneDrive/Documentos/UCM/5_QUINTO/SE/Practicas_SE/ProyectoFinal/sw/design_final_wrapper/microblaze_0/standalone_microblaze_0/bsp/system.mss|system||

TRACE::2026-01-27.01:58:39::SCWMssOS::Sw design exists and opened at  C:/Users/oscar/OneDrive/Documentos/UCM/5_QUINTO/SE/Practicas_SE/ProyectoFinal/sw/design_final_wrapper/microblaze_0/standalone_microblaze_0/bsp/system.mss
TRACE::2026-01-27.01:58:39::SCWMssOS::Saving the mss changes C:/Users/oscar/OneDrive/Documentos/UCM/5_QUINTO/SE/Practicas_SE/ProyectoFinal/sw/design_final_wrapper/microblaze_0/standalone_microblaze_0/bsp/system.mss
TRACE::2026-01-27.01:58:39::SCWMssOS::Found a swdesign opened with the mssfile.
TRACE::2026-01-27.01:58:39::SCWMssOS::Completed writemss as part of save.
TRACE::2026-01-27.01:58:39::SCWMssOS::Commit changes completed.
TRACE::2026-01-27.01:58:39::SCWPlatform::Trying to open the hw design at C:/Users/oscar/OneDrive/Documentos/UCM/5_QUINTO/SE/Practicas_SE/ProyectoFinal/sw/design_final_wrapper/hw/design_final_wrapper.xsa
TRACE::2026-01-27.01:58:39::SCWPlatform::DSA given C:/Users/oscar/OneDrive/Documentos/UCM/5_QUINTO/SE/Practicas_SE/ProyectoFinal/sw/design_final_wrapper/hw/design_final_wrapper.xsa
TRACE::2026-01-27.01:58:39::SCWPlatform::DSA absoulate path C:/Users/oscar/OneDrive/Documentos/UCM/5_QUINTO/SE/Practicas_SE/ProyectoFinal/sw/design_final_wrapper/hw/design_final_wrapper.xsa
TRACE::2026-01-27.01:58:39::SCWPlatform::DSA directory C:/Users/oscar/OneDrive/Documentos/UCM/5_QUINTO/SE/Practicas_SE/ProyectoFinal/sw/design_final_wrapper/hw
TRACE::2026-01-27.01:58:39::SCWPlatform:: Platform Path C:/Users/oscar/OneDrive/Documentos/UCM/5_QUINTO/SE/Practicas_SE/ProyectoFinal/sw/design_final_wrapper/hw/design_final_wrapper.xsa
TRACE::2026-01-27.01:58:39::SCWPlatform:: Unique name xilinx:basys3::0.0
TRACE::2026-01-27.01:58:39::SCWPlatform::Trying to set the existing hwdb with name design_final_wrapper_0
TRACE::2026-01-27.01:58:39::SCWPlatform::Opened existing hwdb design_final_wrapper_0
TRACE::2026-01-27.01:58:39::SCWPlatform::Found the Hw Db part of the input DSA
TRACE::2026-01-27.01:58:39::SCWMssOS::Checking the sw design at  C:/Users/oscar/OneDrive/Documentos/UCM/5_QUINTO/SE/Practicas_SE/ProyectoFinal/sw/design_final_wrapper/microblaze_0/standalone_microblaze_0/bsp/system.mss
TRACE::2026-01-27.01:58:39::SCWMssOS::DEBUG:  swdes dump  C:/Users/oscar/OneDrive/Documentos/UCM/5_QUINTO/SE/Practicas_SE/ProyectoFinal/sw/design_final_wrapper/microblaze_0/standalone_microblaze_0/bsp/system.mss|system||

TRACE::2026-01-27.01:58:39::SCWMssOS::Sw design exists and opened at  C:/Users/oscar/OneDrive/Documentos/UCM/5_QUINTO/SE/Practicas_SE/ProyectoFinal/sw/design_final_wrapper/microblaze_0/standalone_microblaze_0/bsp/system.mss
TRACE::2026-01-27.01:58:39::SCWPlatform::Trying to open the hw design at C:/Users/oscar/OneDrive/Documentos/UCM/5_QUINTO/SE/Practicas_SE/ProyectoFinal/sw/design_final_wrapper/hw/design_final_wrapper.xsa
TRACE::2026-01-27.01:58:39::SCWPlatform::DSA given C:/Users/oscar/OneDrive/Documentos/UCM/5_QUINTO/SE/Practicas_SE/ProyectoFinal/sw/design_final_wrapper/hw/design_final_wrapper.xsa
TRACE::2026-01-27.01:58:39::SCWPlatform::DSA absoulate path C:/Users/oscar/OneDrive/Documentos/UCM/5_QUINTO/SE/Practicas_SE/ProyectoFinal/sw/design_final_wrapper/hw/design_final_wrapper.xsa
TRACE::2026-01-27.01:58:39::SCWPlatform::DSA directory C:/Users/oscar/OneDrive/Documentos/UCM/5_QUINTO/SE/Practicas_SE/ProyectoFinal/sw/design_final_wrapper/hw
TRACE::2026-01-27.01:58:39::SCWPlatform:: Platform Path C:/Users/oscar/OneDrive/Documentos/UCM/5_QUINTO/SE/Practicas_SE/ProyectoFinal/sw/design_final_wrapper/hw/design_final_wrapper.xsa
TRACE::2026-01-27.01:58:39::SCWPlatform:: Unique name xilinx:basys3::0.0
TRACE::2026-01-27.01:58:39::SCWPlatform::Trying to set the existing hwdb with name design_final_wrapper_0
TRACE::2026-01-27.01:58:39::SCWPlatform::Opened existing hwdb design_final_wrapper_0
TRACE::2026-01-27.01:58:39::SCWPlatform::Found the Hw Db part of the input DSA
TRACE::2026-01-27.01:58:39::SCWMssOS::Checking the sw design at  C:/Users/oscar/OneDrive/Documentos/UCM/5_QUINTO/SE/Practicas_SE/ProyectoFinal/sw/design_final_wrapper/microblaze_0/standalone_microblaze_0/bsp/system.mss
TRACE::2026-01-27.01:58:39::SCWMssOS::DEBUG:  swdes dump  C:/Users/oscar/OneDrive/Documentos/UCM/5_QUINTO/SE/Practicas_SE/ProyectoFinal/sw/design_final_wrapper/microblaze_0/standalone_microblaze_0/bsp/system.mss|system||

TRACE::2026-01-27.01:58:39::SCWMssOS::Sw design exists and opened at  C:/Users/oscar/OneDrive/Documentos/UCM/5_QUINTO/SE/Practicas_SE/ProyectoFinal/sw/design_final_wrapper/microblaze_0/standalone_microblaze_0/bsp/system.mss
TRACE::2026-01-27.01:58:39::SCWPlatform::Trying to open the hw design at C:/Users/oscar/OneDrive/Documentos/UCM/5_QUINTO/SE/Practicas_SE/ProyectoFinal/sw/design_final_wrapper/hw/design_final_wrapper.xsa
TRACE::2026-01-27.01:58:39::SCWPlatform::DSA given C:/Users/oscar/OneDrive/Documentos/UCM/5_QUINTO/SE/Practicas_SE/ProyectoFinal/sw/design_final_wrapper/hw/design_final_wrapper.xsa
TRACE::2026-01-27.01:58:39::SCWPlatform::DSA absoulate path C:/Users/oscar/OneDrive/Documentos/UCM/5_QUINTO/SE/Practicas_SE/ProyectoFinal/sw/design_final_wrapper/hw/design_final_wrapper.xsa
TRACE::2026-01-27.01:58:39::SCWPlatform::DSA directory C:/Users/oscar/OneDrive/Documentos/UCM/5_QUINTO/SE/Practicas_SE/ProyectoFinal/sw/design_final_wrapper/hw
TRACE::2026-01-27.01:58:39::SCWPlatform:: Platform Path C:/Users/oscar/OneDrive/Documentos/UCM/5_QUINTO/SE/Practicas_SE/ProyectoFinal/sw/design_final_wrapper/hw/design_final_wrapper.xsa
TRACE::2026-01-27.01:58:39::SCWPlatform:: Unique name xilinx:basys3::0.0
TRACE::2026-01-27.01:58:39::SCWPlatform::Trying to set the existing hwdb with name design_final_wrapper_0
TRACE::2026-01-27.01:58:39::SCWPlatform::Opened existing hwdb design_final_wrapper_0
TRACE::2026-01-27.01:58:39::SCWPlatform::Found the Hw Db part of the input DSA
TRACE::2026-01-27.01:58:39::SCWMssOS::Checking the sw design at  C:/Users/oscar/OneDrive/Documentos/UCM/5_QUINTO/SE/Practicas_SE/ProyectoFinal/sw/design_final_wrapper/microblaze_0/standalone_microblaze_0/bsp/system.mss
TRACE::2026-01-27.01:58:39::SCWMssOS::DEBUG:  swdes dump  C:/Users/oscar/OneDrive/Documentos/UCM/5_QUINTO/SE/Practicas_SE/ProyectoFinal/sw/design_final_wrapper/microblaze_0/standalone_microblaze_0/bsp/system.mss|system||

TRACE::2026-01-27.01:58:39::SCWMssOS::Sw design exists and opened at  C:/Users/oscar/OneDrive/Documentos/UCM/5_QUINTO/SE/Practicas_SE/ProyectoFinal/sw/design_final_wrapper/microblaze_0/standalone_microblaze_0/bsp/system.mss
TRACE::2026-01-27.01:58:39::SCWWriter::formatted JSON is {
	"platformName":	"design_final_wrapper",
	"sprVersion":	"2.0",
	"mode":	"gui",
	"dsaType":	"Fixed",
	"platformDesc":	"design_final_wrapper",
	"platHandOff":	"C:/Users/oscar/OneDrive/Documentos/UCM/5_QUINTO/SE/Practicas_SE/ProyectoFinal/hw/design_final_wrapper.xsa",
	"platIntHandOff":	"<platformDir>/hw/design_final_wrapper.xsa",
	"deviceType":	"FPGA",
	"platIsPrebuiltAutogen":	"false",
	"platIsNoBootBsp":	"false",
	"hasFsblMakeHasChanges":	"false",
	"hasPmufwMakeHasChanges":	"false",
	"platPreBuiltFlag":	false,
	"platformSamplesDir":	"",
	"platActiveSys":	"design_final_wrapper",
	"systems":	[{
			"systemName":	"design_final_wrapper",
			"systemDesc":	"design_final_wrapper",
			"sysIsBootAutoGen":	"true",
			"systemDispName":	"design_final_wrapper",
			"sysActiveDom":	"standalone_microblaze_0",
			"sysDefaultDom":	"standalone_microblaze_0",
			"domains":	[{
					"domainName":	"standalone_microblaze_0",
					"domainDispName":	"standalone_microblaze_0",
					"domainDesc":	"standalone_microblaze_0",
					"processors":	"microblaze_0",
					"os":	"standalone",
					"sdxOs":	"standalone",
					"debugEnable":	"False",
					"domRuntimes":	["cpp"],
					"swRepo":	"",
					"mssOsVer":	"8.1",
					"mssFile":	"",
					"md5Digest":	"c7f6d7d9569b685804f89c41e0284b2e",
					"compatibleApp":	"peripheral_tests",
					"domType":	"mssDomain",
					"arch":	"32-bit",
					"appSettings":	{
						"appCompilerFlags":	"",
						"appLinkerFlags":	""
					},
					"addedLibs":	[],
					"libOptions":	{
						"libsContainingOptions":	[]
					},
					"prebuiltLibs":	{
						"prebuiltIncPath":	[],
						"prebuiltLibPath":	[]
					},
					"isolation":	{
					}
				}]
		}]
}
LOG::2026-01-27.01:58:39::SCWPlatform::Started generating the artifacts platform design_final_wrapper
TRACE::2026-01-27.01:58:39::SCWPlatform::Sanity checking of platform is completed
LOG::2026-01-27.01:58:39::SCWPlatform::Started generating the artifacts for system configuration design_final_wrapper
LOG::2026-01-27.01:58:39::SCWSystem::Started Processing the domain standalone_microblaze_0
TRACE::2026-01-27.01:58:39::SCWDomain::Generating domain artifcats
TRACE::2026-01-27.01:58:39::SCWMssOS::Generating standalone artifcats
TRACE::2026-01-27.01:58:39::SCWMssOS:: Copying the user libraries. 
TRACE::2026-01-27.01:58:39::SCWPlatform::Trying to open the hw design at C:/Users/oscar/OneDrive/Documentos/UCM/5_QUINTO/SE/Practicas_SE/ProyectoFinal/sw/design_final_wrapper/hw/design_final_wrapper.xsa
TRACE::2026-01-27.01:58:39::SCWPlatform::DSA given C:/Users/oscar/OneDrive/Documentos/UCM/5_QUINTO/SE/Practicas_SE/ProyectoFinal/sw/design_final_wrapper/hw/design_final_wrapper.xsa
TRACE::2026-01-27.01:58:39::SCWPlatform::DSA absoulate path C:/Users/oscar/OneDrive/Documentos/UCM/5_QUINTO/SE/Practicas_SE/ProyectoFinal/sw/design_final_wrapper/hw/design_final_wrapper.xsa
TRACE::2026-01-27.01:58:39::SCWPlatform::DSA directory C:/Users/oscar/OneDrive/Documentos/UCM/5_QUINTO/SE/Practicas_SE/ProyectoFinal/sw/design_final_wrapper/hw
TRACE::2026-01-27.01:58:39::SCWPlatform:: Platform Path C:/Users/oscar/OneDrive/Documentos/UCM/5_QUINTO/SE/Practicas_SE/ProyectoFinal/sw/design_final_wrapper/hw/design_final_wrapper.xsa
TRACE::2026-01-27.01:58:39::SCWPlatform:: Unique name xilinx:basys3::0.0
TRACE::2026-01-27.01:58:39::SCWPlatform::Trying to set the existing hwdb with name design_final_wrapper_0
TRACE::2026-01-27.01:58:39::SCWPlatform::Opened existing hwdb design_final_wrapper_0
TRACE::2026-01-27.01:58:39::SCWPlatform::Found the Hw Db part of the input DSA
TRACE::2026-01-27.01:58:39::SCWMssOS::Checking the sw design at  C:/Users/oscar/OneDrive/Documentos/UCM/5_QUINTO/SE/Practicas_SE/ProyectoFinal/sw/design_final_wrapper/microblaze_0/standalone_microblaze_0/bsp/system.mss
TRACE::2026-01-27.01:58:39::SCWMssOS::DEBUG:  swdes dump  C:/Users/oscar/OneDrive/Documentos/UCM/5_QUINTO/SE/Practicas_SE/ProyectoFinal/sw/design_final_wrapper/microblaze_0/standalone_microblaze_0/bsp/system.mss|system||

TRACE::2026-01-27.01:58:39::SCWMssOS::Sw design exists and opened at  C:/Users/oscar/OneDrive/Documentos/UCM/5_QUINTO/SE/Practicas_SE/ProyectoFinal/sw/design_final_wrapper/microblaze_0/standalone_microblaze_0/bsp/system.mss
TRACE::2026-01-27.01:58:39::SCWMssOS::Completed writing the mss file at C:/Users/oscar/OneDrive/Documentos/UCM/5_QUINTO/SE/Practicas_SE/ProyectoFinal/sw/design_final_wrapper/microblaze_0/standalone_microblaze_0/bsp
TRACE::2026-01-27.01:58:39::SCWMssOS::Mss edits present, copying mssfile into export location C:/Users/oscar/OneDrive/Documentos/UCM/5_QUINTO/SE/Practicas_SE/ProyectoFinal/sw/design_final_wrapper/microblaze_0/standalone_microblaze_0/bsp/system.mss
TRACE::2026-01-27.01:58:39::SCWMssOS::bsp generated is upto date with the mss file. Skipping bsp generation.
TRACE::2026-01-27.01:58:39::SCWMssOS::BSP is already built. skipping the bsp build ... 
TRACE::2026-01-27.01:58:39::SCWDomain::Building the domain as part of full build :  standalone_microblaze_0
TRACE::2026-01-27.01:58:39::SCWMssOS::skipping the bsp build ... 
TRACE::2026-01-27.01:58:39::SCWMssOS::Copying to export directory.
TRACE::2026-01-27.01:58:39::SCWMssOS:: Checking if to create the Supporting Applications
TRACE::2026-01-27.01:58:39::SCWMssOS:: No Linux domain exists, trying to generate FSBL 
LOG::2026-01-27.01:58:39::SCWSystem::Completed Processing the domain standalone_microblaze_0
LOG::2026-01-27.01:58:39::SCWSystem::Completed Processing the sysconfig design_final_wrapper
LOG::2026-01-27.01:58:39::SCWPlatform::Completed generating the artifacts for system configuration design_final_wrapper
TRACE::2026-01-27.01:58:39::SCWPlatform::Started preparing the platform 
TRACE::2026-01-27.01:58:39::SCWSystem::Writing the bif file for system config design_final_wrapper
TRACE::2026-01-27.01:58:39::SCWSystem::dir created 
TRACE::2026-01-27.01:58:39::SCWSystem::Writing the bif 
TRACE::2026-01-27.01:58:39::SCWPlatform::Started writing the spfm file 
TRACE::2026-01-27.01:58:39::SCWPlatform::Started writing the xpfm file 
TRACE::2026-01-27.01:58:39::SCWPlatform::Completed generating the platform
TRACE::2026-01-27.01:58:39::SCWMssOS::Saving the mss changes C:/Users/oscar/OneDrive/Documentos/UCM/5_QUINTO/SE/Practicas_SE/ProyectoFinal/sw/design_final_wrapper/microblaze_0/standalone_microblaze_0/bsp/system.mss
TRACE::2026-01-27.01:58:39::SCWMssOS::Found a swdesign opened with the mssfile.
TRACE::2026-01-27.01:58:39::SCWMssOS::Completed writemss as part of save.
TRACE::2026-01-27.01:58:39::SCWMssOS::Commit changes completed.
TRACE::2026-01-27.01:58:39::SCWPlatform::Trying to open the hw design at C:/Users/oscar/OneDrive/Documentos/UCM/5_QUINTO/SE/Practicas_SE/ProyectoFinal/sw/design_final_wrapper/hw/design_final_wrapper.xsa
TRACE::2026-01-27.01:58:39::SCWPlatform::DSA given C:/Users/oscar/OneDrive/Documentos/UCM/5_QUINTO/SE/Practicas_SE/ProyectoFinal/sw/design_final_wrapper/hw/design_final_wrapper.xsa
TRACE::2026-01-27.01:58:39::SCWPlatform::DSA absoulate path C:/Users/oscar/OneDrive/Documentos/UCM/5_QUINTO/SE/Practicas_SE/ProyectoFinal/sw/design_final_wrapper/hw/design_final_wrapper.xsa
TRACE::2026-01-27.01:58:39::SCWPlatform::DSA directory C:/Users/oscar/OneDrive/Documentos/UCM/5_QUINTO/SE/Practicas_SE/ProyectoFinal/sw/design_final_wrapper/hw
TRACE::2026-01-27.01:58:39::SCWPlatform:: Platform Path C:/Users/oscar/OneDrive/Documentos/UCM/5_QUINTO/SE/Practicas_SE/ProyectoFinal/sw/design_final_wrapper/hw/design_final_wrapper.xsa
TRACE::2026-01-27.01:58:39::SCWPlatform:: Unique name xilinx:basys3::0.0
TRACE::2026-01-27.01:58:39::SCWPlatform::Trying to set the existing hwdb with name design_final_wrapper_0
TRACE::2026-01-27.01:58:39::SCWPlatform::Opened existing hwdb design_final_wrapper_0
TRACE::2026-01-27.01:58:39::SCWPlatform::Found the Hw Db part of the input DSA
TRACE::2026-01-27.01:58:39::SCWMssOS::Checking the sw design at  C:/Users/oscar/OneDrive/Documentos/UCM/5_QUINTO/SE/Practicas_SE/ProyectoFinal/sw/design_final_wrapper/microblaze_0/standalone_microblaze_0/bsp/system.mss
TRACE::2026-01-27.01:58:39::SCWMssOS::DEBUG:  swdes dump  C:/Users/oscar/OneDrive/Documentos/UCM/5_QUINTO/SE/Practicas_SE/ProyectoFinal/sw/design_final_wrapper/microblaze_0/standalone_microblaze_0/bsp/system.mss|system||

TRACE::2026-01-27.01:58:39::SCWMssOS::Sw design exists and opened at  C:/Users/oscar/OneDrive/Documentos/UCM/5_QUINTO/SE/Practicas_SE/ProyectoFinal/sw/design_final_wrapper/microblaze_0/standalone_microblaze_0/bsp/system.mss
TRACE::2026-01-27.01:58:39::SCWPlatform::Trying to open the hw design at C:/Users/oscar/OneDrive/Documentos/UCM/5_QUINTO/SE/Practicas_SE/ProyectoFinal/sw/design_final_wrapper/hw/design_final_wrapper.xsa
TRACE::2026-01-27.01:58:39::SCWPlatform::DSA given C:/Users/oscar/OneDrive/Documentos/UCM/5_QUINTO/SE/Practicas_SE/ProyectoFinal/sw/design_final_wrapper/hw/design_final_wrapper.xsa
TRACE::2026-01-27.01:58:39::SCWPlatform::DSA absoulate path C:/Users/oscar/OneDrive/Documentos/UCM/5_QUINTO/SE/Practicas_SE/ProyectoFinal/sw/design_final_wrapper/hw/design_final_wrapper.xsa
TRACE::2026-01-27.01:58:39::SCWPlatform::DSA directory C:/Users/oscar/OneDrive/Documentos/UCM/5_QUINTO/SE/Practicas_SE/ProyectoFinal/sw/design_final_wrapper/hw
TRACE::2026-01-27.01:58:39::SCWPlatform:: Platform Path C:/Users/oscar/OneDrive/Documentos/UCM/5_QUINTO/SE/Practicas_SE/ProyectoFinal/sw/design_final_wrapper/hw/design_final_wrapper.xsa
TRACE::2026-01-27.01:58:39::SCWPlatform:: Unique name xilinx:basys3::0.0
TRACE::2026-01-27.01:58:39::SCWPlatform::Trying to set the existing hwdb with name design_final_wrapper_0
TRACE::2026-01-27.01:58:39::SCWPlatform::Opened existing hwdb design_final_wrapper_0
TRACE::2026-01-27.01:58:39::SCWPlatform::Found the Hw Db part of the input DSA
TRACE::2026-01-27.01:58:39::SCWMssOS::Checking the sw design at  C:/Users/oscar/OneDrive/Documentos/UCM/5_QUINTO/SE/Practicas_SE/ProyectoFinal/sw/design_final_wrapper/microblaze_0/standalone_microblaze_0/bsp/system.mss
TRACE::2026-01-27.01:58:39::SCWMssOS::DEBUG:  swdes dump  C:/Users/oscar/OneDrive/Documentos/UCM/5_QUINTO/SE/Practicas_SE/ProyectoFinal/sw/design_final_wrapper/microblaze_0/standalone_microblaze_0/bsp/system.mss|system||

TRACE::2026-01-27.01:58:39::SCWMssOS::Sw design exists and opened at  C:/Users/oscar/OneDrive/Documentos/UCM/5_QUINTO/SE/Practicas_SE/ProyectoFinal/sw/design_final_wrapper/microblaze_0/standalone_microblaze_0/bsp/system.mss
TRACE::2026-01-27.01:58:39::SCWPlatform::Trying to open the hw design at C:/Users/oscar/OneDrive/Documentos/UCM/5_QUINTO/SE/Practicas_SE/ProyectoFinal/sw/design_final_wrapper/hw/design_final_wrapper.xsa
TRACE::2026-01-27.01:58:39::SCWPlatform::DSA given C:/Users/oscar/OneDrive/Documentos/UCM/5_QUINTO/SE/Practicas_SE/ProyectoFinal/sw/design_final_wrapper/hw/design_final_wrapper.xsa
TRACE::2026-01-27.01:58:39::SCWPlatform::DSA absoulate path C:/Users/oscar/OneDrive/Documentos/UCM/5_QUINTO/SE/Practicas_SE/ProyectoFinal/sw/design_final_wrapper/hw/design_final_wrapper.xsa
TRACE::2026-01-27.01:58:39::SCWPlatform::DSA directory C:/Users/oscar/OneDrive/Documentos/UCM/5_QUINTO/SE/Practicas_SE/ProyectoFinal/sw/design_final_wrapper/hw
TRACE::2026-01-27.01:58:39::SCWPlatform:: Platform Path C:/Users/oscar/OneDrive/Documentos/UCM/5_QUINTO/SE/Practicas_SE/ProyectoFinal/sw/design_final_wrapper/hw/design_final_wrapper.xsa
TRACE::2026-01-27.01:58:39::SCWPlatform:: Unique name xilinx:basys3::0.0
TRACE::2026-01-27.01:58:39::SCWPlatform::Trying to set the existing hwdb with name design_final_wrapper_0
TRACE::2026-01-27.01:58:39::SCWPlatform::Opened existing hwdb design_final_wrapper_0
TRACE::2026-01-27.01:58:39::SCWPlatform::Found the Hw Db part of the input DSA
TRACE::2026-01-27.01:58:39::SCWMssOS::Checking the sw design at  C:/Users/oscar/OneDrive/Documentos/UCM/5_QUINTO/SE/Practicas_SE/ProyectoFinal/sw/design_final_wrapper/microblaze_0/standalone_microblaze_0/bsp/system.mss
TRACE::2026-01-27.01:58:39::SCWMssOS::DEBUG:  swdes dump  C:/Users/oscar/OneDrive/Documentos/UCM/5_QUINTO/SE/Practicas_SE/ProyectoFinal/sw/design_final_wrapper/microblaze_0/standalone_microblaze_0/bsp/system.mss|system||

TRACE::2026-01-27.01:58:39::SCWMssOS::Sw design exists and opened at  C:/Users/oscar/OneDrive/Documentos/UCM/5_QUINTO/SE/Practicas_SE/ProyectoFinal/sw/design_final_wrapper/microblaze_0/standalone_microblaze_0/bsp/system.mss
TRACE::2026-01-27.01:58:39::SCWWriter::formatted JSON is {
	"platformName":	"design_final_wrapper",
	"sprVersion":	"2.0",
	"mode":	"gui",
	"dsaType":	"Fixed",
	"platformDesc":	"design_final_wrapper",
	"platHandOff":	"C:/Users/oscar/OneDrive/Documentos/UCM/5_QUINTO/SE/Practicas_SE/ProyectoFinal/hw/design_final_wrapper.xsa",
	"platIntHandOff":	"<platformDir>/hw/design_final_wrapper.xsa",
	"deviceType":	"FPGA",
	"platIsPrebuiltAutogen":	"false",
	"platIsNoBootBsp":	"false",
	"hasFsblMakeHasChanges":	"false",
	"hasPmufwMakeHasChanges":	"false",
	"platPreBuiltFlag":	false,
	"platformSamplesDir":	"",
	"platActiveSys":	"design_final_wrapper",
	"systems":	[{
			"systemName":	"design_final_wrapper",
			"systemDesc":	"design_final_wrapper",
			"sysIsBootAutoGen":	"true",
			"systemDispName":	"design_final_wrapper",
			"sysActiveDom":	"standalone_microblaze_0",
			"sysDefaultDom":	"standalone_microblaze_0",
			"domains":	[{
					"domainName":	"standalone_microblaze_0",
					"domainDispName":	"standalone_microblaze_0",
					"domainDesc":	"standalone_microblaze_0",
					"processors":	"microblaze_0",
					"os":	"standalone",
					"sdxOs":	"standalone",
					"debugEnable":	"False",
					"domRuntimes":	["cpp"],
					"swRepo":	"",
					"mssOsVer":	"8.1",
					"mssFile":	"",
					"md5Digest":	"c7f6d7d9569b685804f89c41e0284b2e",
					"compatibleApp":	"peripheral_tests",
					"domType":	"mssDomain",
					"arch":	"32-bit",
					"appSettings":	{
						"appCompilerFlags":	"",
						"appLinkerFlags":	""
					},
					"addedLibs":	[],
					"libOptions":	{
						"libsContainingOptions":	[]
					},
					"prebuiltLibs":	{
						"prebuiltIncPath":	[],
						"prebuiltLibPath":	[]
					},
					"isolation":	{
					}
				}]
		}]
}
KEYINFO::2026-01-27.01:58:39::SCWPlatform::updated the xpfm file.
LOG::2026-01-27.02:00:01::SCWPlatform::Started generating the artifacts platform design_final_wrapper
TRACE::2026-01-27.02:00:01::SCWPlatform::Sanity checking of platform is completed
LOG::2026-01-27.02:00:01::SCWPlatform::Started generating the artifacts for system configuration design_final_wrapper
LOG::2026-01-27.02:00:01::SCWSystem::Checking the domain standalone_microblaze_0
LOG::2026-01-27.02:00:01::SCWSystem::Not a boot domain 
LOG::2026-01-27.02:00:01::SCWSystem::Started Processing the domain standalone_microblaze_0
TRACE::2026-01-27.02:00:01::SCWDomain::Generating domain artifcats
TRACE::2026-01-27.02:00:01::SCWMssOS::Generating standalone artifcats
TRACE::2026-01-27.02:00:01::SCWMssOS:: Copying the user libraries. 
TRACE::2026-01-27.02:00:01::SCWPlatform::Trying to open the hw design at C:/Users/oscar/OneDrive/Documentos/UCM/5_QUINTO/SE/Practicas_SE/ProyectoFinal/sw/design_final_wrapper/hw/design_final_wrapper.xsa
TRACE::2026-01-27.02:00:01::SCWPlatform::DSA given C:/Users/oscar/OneDrive/Documentos/UCM/5_QUINTO/SE/Practicas_SE/ProyectoFinal/sw/design_final_wrapper/hw/design_final_wrapper.xsa
TRACE::2026-01-27.02:00:01::SCWPlatform::DSA absoulate path C:/Users/oscar/OneDrive/Documentos/UCM/5_QUINTO/SE/Practicas_SE/ProyectoFinal/sw/design_final_wrapper/hw/design_final_wrapper.xsa
TRACE::2026-01-27.02:00:01::SCWPlatform::DSA directory C:/Users/oscar/OneDrive/Documentos/UCM/5_QUINTO/SE/Practicas_SE/ProyectoFinal/sw/design_final_wrapper/hw
TRACE::2026-01-27.02:00:01::SCWPlatform:: Platform Path C:/Users/oscar/OneDrive/Documentos/UCM/5_QUINTO/SE/Practicas_SE/ProyectoFinal/sw/design_final_wrapper/hw/design_final_wrapper.xsa
TRACE::2026-01-27.02:00:01::SCWPlatform:: Unique name xilinx:basys3::0.0
TRACE::2026-01-27.02:00:01::SCWPlatform::Trying to set the existing hwdb with name design_final_wrapper_0
TRACE::2026-01-27.02:00:01::SCWPlatform::Opened existing hwdb design_final_wrapper_0
TRACE::2026-01-27.02:00:01::SCWPlatform::Found the Hw Db part of the input DSA
TRACE::2026-01-27.02:00:01::SCWMssOS::Checking the sw design at  C:/Users/oscar/OneDrive/Documentos/UCM/5_QUINTO/SE/Practicas_SE/ProyectoFinal/sw/design_final_wrapper/microblaze_0/standalone_microblaze_0/bsp/system.mss
TRACE::2026-01-27.02:00:01::SCWMssOS::DEBUG:  swdes dump  C:/Users/oscar/OneDrive/Documentos/UCM/5_QUINTO/SE/Practicas_SE/ProyectoFinal/sw/design_final_wrapper/microblaze_0/standalone_microblaze_0/bsp/system.mss|system||

TRACE::2026-01-27.02:00:01::SCWMssOS::Sw design exists and opened at  C:/Users/oscar/OneDrive/Documentos/UCM/5_QUINTO/SE/Practicas_SE/ProyectoFinal/sw/design_final_wrapper/microblaze_0/standalone_microblaze_0/bsp/system.mss
TRACE::2026-01-27.02:00:01::SCWMssOS::Completed writing the mss file at C:/Users/oscar/OneDrive/Documentos/UCM/5_QUINTO/SE/Practicas_SE/ProyectoFinal/sw/design_final_wrapper/microblaze_0/standalone_microblaze_0/bsp
TRACE::2026-01-27.02:00:01::SCWMssOS::Mss edits present, copying mssfile into export location C:/Users/oscar/OneDrive/Documentos/UCM/5_QUINTO/SE/Practicas_SE/ProyectoFinal/sw/design_final_wrapper/microblaze_0/standalone_microblaze_0/bsp/system.mss
TRACE::2026-01-27.02:00:01::SCWMssOS::bsp generated is upto date with the mss file. Skipping bsp generation.
TRACE::2026-01-27.02:00:01::SCWMssOS::BSP is already built. skipping the bsp build ... 
TRACE::2026-01-27.02:00:01::SCWDomain::Building the domain as part of full build :  standalone_microblaze_0
TRACE::2026-01-27.02:00:01::SCWMssOS::doing bsp build ... 
TRACE::2026-01-27.02:00:01::SCWMssOS::System Command Ran  C: & cd  C:/Users/oscar/OneDrive/Documentos/UCM/5_QUINTO/SE/Practicas_SE/ProyectoFinal/sw/design_final_wrapper/microblaze_0/standalone_microblaze_0/bsp & make 
TRACE::2026-01-27.02:00:01::SCWMssOS::make --no-print-directory seq_libs

TRACE::2026-01-27.02:00:01::SCWMssOS::"Running Make include in microblaze_0/libsrc/bram_v4_8/src"

TRACE::2026-01-27.02:00:01::SCWMssOS::make -C microblaze_0/libsrc/bram_v4_8/src -s include  "SHELL=CMD" "COMPILER=mb-gcc" "ASSEMBLER=mb-as" "ARCHIVER=mb-ar" "COMPILE
TRACE::2026-01-27.02:00:01::SCWMssOS::R_FLAGS=  -O2 -c -mcpu=v11.0 -mlittle-endian -mxl-soft-mul" "EXTRA_COMPILER_FLAGS=-g -ffunction-sections -fdata-sections -Wall 
TRACE::2026-01-27.02:00:01::SCWMssOS::-Wextra -fno-tree-loop-distribute-patterns"

TRACE::2026-01-27.02:00:01::SCWMssOS::"Running Make include in microblaze_0/libsrc/cpu_v2_17/src"

TRACE::2026-01-27.02:00:01::SCWMssOS::make -C microblaze_0/libsrc/cpu_v2_17/src -s include  "SHELL=CMD" "COMPILER=mb-gcc" "ASSEMBLER=mb-as" "ARCHIVER=mb-ar" "COMPILE
TRACE::2026-01-27.02:00:01::SCWMssOS::R_FLAGS=  -O2 -c -mcpu=v11.0 -mlittle-endian -mxl-soft-mul" "EXTRA_COMPILER_FLAGS=-g -ffunction-sections -fdata-sections -Wall 
TRACE::2026-01-27.02:00:01::SCWMssOS::-Wextra -fno-tree-loop-distribute-patterns"

TRACE::2026-01-27.02:00:01::SCWMssOS::"Running Make include in microblaze_0/libsrc/keypad_v1_0/src"

TRACE::2026-01-27.02:00:01::SCWMssOS::make -C microblaze_0/libsrc/keypad_v1_0/src -s include  "SHELL=CMD" "COMPILER=mb-gcc" "ASSEMBLER=mb-as" "ARCHIVER=mb-ar" "COMPI
TRACE::2026-01-27.02:00:01::SCWMssOS::LER_FLAGS=  -O2 -c -mcpu=v11.0 -mlittle-endian -mxl-soft-mul" "EXTRA_COMPILER_FLAGS=-g -ffunction-sections -fdata-sections -Wal
TRACE::2026-01-27.02:00:01::SCWMssOS::l -Wextra -fno-tree-loop-distribute-patterns"

TRACE::2026-01-27.02:00:01::SCWMssOS::"Running Make include in microblaze_0/libsrc/led_v1_0/src"

TRACE::2026-01-27.02:00:01::SCWMssOS::make -C microblaze_0/libsrc/led_v1_0/src -s include  "SHELL=CMD" "COMPILER=mb-gcc" "ASSEMBLER=mb-as" "ARCHIVER=mb-ar" "COMPILER
TRACE::2026-01-27.02:00:01::SCWMssOS::_FLAGS=  -O2 -c -mcpu=v11.0 -mlittle-endian -mxl-soft-mul" "EXTRA_COMPILER_FLAGS=-g -ffunction-sections -fdata-sections -Wall -
TRACE::2026-01-27.02:00:01::SCWMssOS::Wextra -fno-tree-loop-distribute-patterns"

TRACE::2026-01-27.02:00:01::SCWMssOS::"Running Make include in microblaze_0/libsrc/matriz_v1_0/src"

TRACE::2026-01-27.02:00:01::SCWMssOS::make -C microblaze_0/libsrc/matriz_v1_0/src -s include  "SHELL=CMD" "COMPILER=mb-gcc" "ASSEMBLER=mb-as" "ARCHIVER=mb-ar" "COMPI
TRACE::2026-01-27.02:00:01::SCWMssOS::LER_FLAGS=  -O2 -c -mcpu=v11.0 -mlittle-endian -mxl-soft-mul" "EXTRA_COMPILER_FLAGS=-g -ffunction-sections -fdata-sections -Wal
TRACE::2026-01-27.02:00:01::SCWMssOS::l -Wextra -fno-tree-loop-distribute-patterns"

TRACE::2026-01-27.02:00:01::SCWMssOS::"Running Make include in microblaze_0/libsrc/motor_v1_0/src"

TRACE::2026-01-27.02:00:01::SCWMssOS::make -C microblaze_0/libsrc/motor_v1_0/src -s include  "SHELL=CMD" "COMPILER=mb-gcc" "ASSEMBLER=mb-as" "ARCHIVER=mb-ar" "COMPIL
TRACE::2026-01-27.02:00:01::SCWMssOS::ER_FLAGS=  -O2 -c -mcpu=v11.0 -mlittle-endian -mxl-soft-mul" "EXTRA_COMPILER_FLAGS=-g -ffunction-sections -fdata-sections -Wall
TRACE::2026-01-27.02:00:01::SCWMssOS:: -Wextra -fno-tree-loop-distribute-patterns"

TRACE::2026-01-27.02:00:01::SCWMssOS::"Running Make include in microblaze_0/libsrc/standalone_v8_1/src"

TRACE::2026-01-27.02:00:01::SCWMssOS::make -C microblaze_0/libsrc/standalone_v8_1/src -s include  "SHELL=CMD" "COMPILER=mb-gcc" "ASSEMBLER=mb-as" "ARCHIVER=mb-ar" "C
TRACE::2026-01-27.02:00:01::SCWMssOS::OMPILER_FLAGS=  -O2 -c -mcpu=v11.0 -mlittle-endian -mxl-soft-mul" "EXTRA_COMPILER_FLAGS=-g -ffunction-sections -fdata-sections 
TRACE::2026-01-27.02:00:01::SCWMssOS::-Wall -Wextra -fno-tree-loop-distribute-patterns"

TRACE::2026-01-27.02:00:02::SCWMssOS::"Running Make libs in microblaze_0/libsrc/keypad_v1_0/src"

TRACE::2026-01-27.02:00:02::SCWMssOS::make -C microblaze_0/libsrc/keypad_v1_0/src -s libs  "SHELL=CMD" "COMPILER=mb-gcc" "ASSEMBLER=mb-as" "ARCHIVER=mb-ar" "COMPILER
TRACE::2026-01-27.02:00:02::SCWMssOS::_FLAGS=  -O2 -c -mcpu=v11.0 -mlittle-endian -mxl-soft-mul" "EXTRA_COMPILER_FLAGS=-g -ffunction-sections -fdata-sections -Wall -
TRACE::2026-01-27.02:00:02::SCWMssOS::Wextra -fno-tree-loop-distribute-patterns"

TRACE::2026-01-27.02:00:02::SCWMssOS::"Compiling keypad..."

TRACE::2026-01-27.02:00:02::SCWMssOS::"Running Make libs in microblaze_0/libsrc/led_v1_0/src"

TRACE::2026-01-27.02:00:02::SCWMssOS::make -C microblaze_0/libsrc/led_v1_0/src -s libs  "SHELL=CMD" "COMPILER=mb-gcc" "ASSEMBLER=mb-as" "ARCHIVER=mb-ar" "COMPILER_FL
TRACE::2026-01-27.02:00:02::SCWMssOS::AGS=  -O2 -c -mcpu=v11.0 -mlittle-endian -mxl-soft-mul" "EXTRA_COMPILER_FLAGS=-g -ffunction-sections -fdata-sections -Wall -Wex
TRACE::2026-01-27.02:00:02::SCWMssOS::tra -fno-tree-loop-distribute-patterns"

TRACE::2026-01-27.02:00:02::SCWMssOS::"Compiling led..."

TRACE::2026-01-27.02:00:02::SCWMssOS::"Running Make libs in microblaze_0/libsrc/matriz_v1_0/src"

TRACE::2026-01-27.02:00:02::SCWMssOS::make -C microblaze_0/libsrc/matriz_v1_0/src -s libs  "SHELL=CMD" "COMPILER=mb-gcc" "ASSEMBLER=mb-as" "ARCHIVER=mb-ar" "COMPILER
TRACE::2026-01-27.02:00:02::SCWMssOS::_FLAGS=  -O2 -c -mcpu=v11.0 -mlittle-endian -mxl-soft-mul" "EXTRA_COMPILER_FLAGS=-g -ffunction-sections -fdata-sections -Wall -
TRACE::2026-01-27.02:00:02::SCWMssOS::Wextra -fno-tree-loop-distribute-patterns"

TRACE::2026-01-27.02:00:02::SCWMssOS::"Compiling matriz..."

TRACE::2026-01-27.02:00:02::SCWMssOS::"Running Make libs in microblaze_0/libsrc/motor_v1_0/src"

TRACE::2026-01-27.02:00:02::SCWMssOS::make -C microblaze_0/libsrc/motor_v1_0/src -s libs  "SHELL=CMD" "COMPILER=mb-gcc" "ASSEMBLER=mb-as" "ARCHIVER=mb-ar" "COMPILER_
TRACE::2026-01-27.02:00:02::SCWMssOS::FLAGS=  -O2 -c -mcpu=v11.0 -mlittle-endian -mxl-soft-mul" "EXTRA_COMPILER_FLAGS=-g -ffunction-sections -fdata-sections -Wall -W
TRACE::2026-01-27.02:00:02::SCWMssOS::extra -fno-tree-loop-distribute-patterns"

TRACE::2026-01-27.02:00:03::SCWMssOS::"Compiling motor..."

TRACE::2026-01-27.02:00:03::SCWMssOS::'Finished building libraries sequentially.'

TRACE::2026-01-27.02:00:03::SCWMssOS::make -j 10 --no-print-directory par_libs

TRACE::2026-01-27.02:00:03::SCWMssOS::"Running Make include in microblaze_0/libsrc/bram_v4_8/src"

TRACE::2026-01-27.02:00:03::SCWMssOS::make -C microblaze_0/libsrc/bram_v4_8/src -s include  "SHELL=CMD" "COMPILER=mb-gcc" "ASSEMBLER=mb-as" "ARCHIVER=mb-ar" "COMPILE
TRACE::2026-01-27.02:00:03::SCWMssOS::R_FLAGS=  -O2 -c -mcpu=v11.0 -mlittle-endian -mxl-soft-mul" "EXTRA_COMPILER_FLAGS=-g -ffunction-sections -fdata-sections -Wall 
TRACE::2026-01-27.02:00:03::SCWMssOS::-Wextra -fno-tree-loop-distribute-patterns"

TRACE::2026-01-27.02:00:03::SCWMssOS::"Running Make include in microblaze_0/libsrc/cpu_v2_17/src"

TRACE::2026-01-27.02:00:03::SCWMssOS::make -C microblaze_0/libsrc/cpu_v2_17/src -s include  "SHELL=CMD" "COMPILER=mb-gcc" "ASSEMBLER=mb-as" "ARCHIVER=mb-ar" "COMPILE
TRACE::2026-01-27.02:00:03::SCWMssOS::R_FLAGS=  -O2 -c -mcpu=v11.0 -mlittle-endian -mxl-soft-mul" "EXTRA_COMPILER_FLAGS=-g -ffunction-sections -fdata-sections -Wall 
TRACE::2026-01-27.02:00:03::SCWMssOS::-Wextra -fno-tree-loop-distribute-patterns"

TRACE::2026-01-27.02:00:03::SCWMssOS::"Running Make include in microblaze_0/libsrc/keypad_v1_0/src"

TRACE::2026-01-27.02:00:03::SCWMssOS::make -C microblaze_0/libsrc/keypad_v1_0/src -s include  "SHELL=CMD" "COMPILER=mb-gcc" "ASSEMBLER=mb-as" "ARCHIVER=mb-ar" "COMPI
TRACE::2026-01-27.02:00:03::SCWMssOS::LER_FLAGS=  -O2 -c -mcpu=v11.0 -mlittle-endian -mxl-soft-mul" "EXTRA_COMPILER_FLAGS=-g -ffunction-sections -fdata-sections -Wal
TRACE::2026-01-27.02:00:03::SCWMssOS::l -Wextra -fno-tree-loop-distribute-patterns"

TRACE::2026-01-27.02:00:03::SCWMssOS::"Running Make include in microblaze_0/libsrc/led_v1_0/src"

TRACE::2026-01-27.02:00:03::SCWMssOS::make -C microblaze_0/libsrc/led_v1_0/src -s include  "SHELL=CMD" "COMPILER=mb-gcc" "ASSEMBLER=mb-as" "ARCHIVER=mb-ar" "COMPILER
TRACE::2026-01-27.02:00:03::SCWMssOS::_FLAGS=  -O2 -c -mcpu=v11.0 -mlittle-endian -mxl-soft-mul" "EXTRA_COMPILER_FLAGS=-g -ffunction-sections -fdata-sections -Wall -
TRACE::2026-01-27.02:00:03::SCWMssOS::Wextra -fno-tree-loop-distribute-patterns"

TRACE::2026-01-27.02:00:03::SCWMssOS::"Running Make include in microblaze_0/libsrc/matriz_v1_0/src"

TRACE::2026-01-27.02:00:03::SCWMssOS::make -C microblaze_0/libsrc/matriz_v1_0/src -s include  "SHELL=CMD" "COMPILER=mb-gcc" "ASSEMBLER=mb-as" "ARCHIVER=mb-ar" "COMPI
TRACE::2026-01-27.02:00:03::SCWMssOS::LER_FLAGS=  -O2 -c -mcpu=v11.0 -mlittle-endian -mxl-soft-mul" "EXTRA_COMPILER_FLAGS=-g -ffunction-sections -fdata-sections -Wal
TRACE::2026-01-27.02:00:03::SCWMssOS::l -Wextra -fno-tree-loop-distribute-patterns"

TRACE::2026-01-27.02:00:03::SCWMssOS::"Running Make include in microblaze_0/libsrc/motor_v1_0/src"

TRACE::2026-01-27.02:00:03::SCWMssOS::make -C microblaze_0/libsrc/motor_v1_0/src -s include  "SHELL=CMD" "COMPILER=mb-gcc" "ASSEMBLER=mb-as" "ARCHIVER=mb-ar" "COMPIL
TRACE::2026-01-27.02:00:03::SCWMssOS::ER_FLAGS=  -O2 -c -mcpu=v11.0 -mlittle-endian -mxl-soft-mul" "EXTRA_COMPILER_FLAGS=-g -ffunction-sections -fdata-sections -Wall
TRACE::2026-01-27.02:00:03::SCWMssOS:: -Wextra -fno-tree-loop-distribute-patterns"

TRACE::2026-01-27.02:00:03::SCWMssOS::"Running Make include in microblaze_0/libsrc/standalone_v8_1/src"

TRACE::2026-01-27.02:00:03::SCWMssOS::make -C microblaze_0/libsrc/standalone_v8_1/src -s include  "SHELL=CMD" "COMPILER=mb-gcc" "ASSEMBLER=mb-as" "ARCHIVER=mb-ar" "C
TRACE::2026-01-27.02:00:03::SCWMssOS::OMPILER_FLAGS=  -O2 -c -mcpu=v11.0 -mlittle-endian -mxl-soft-mul" "EXTRA_COMPILER_FLAGS=-g -ffunction-sections -fdata-sections 
TRACE::2026-01-27.02:00:03::SCWMssOS::-Wall -Wextra -fno-tree-loop-distribute-patterns"

TRACE::2026-01-27.02:00:03::SCWMssOS::"Running Make libs in microblaze_0/libsrc/bram_v4_8/src"

TRACE::2026-01-27.02:00:03::SCWMssOS::make -C microblaze_0/libsrc/bram_v4_8/src -s libs  "SHELL=CMD" "COMPILER=mb-gcc" "ASSEMBLER=mb-as" "ARCHIVER=mb-ar" "COMPILER_F
TRACE::2026-01-27.02:00:03::SCWMssOS::LAGS=  -O2 -c -mcpu=v11.0 -mlittle-endian -mxl-soft-mul" "EXTRA_COMPILER_FLAGS=-g -ffunction-sections -fdata-sections -Wall -We
TRACE::2026-01-27.02:00:03::SCWMssOS::xtra -fno-tree-loop-distribute-patterns"

TRACE::2026-01-27.02:00:03::SCWMssOS::"Running Make libs in microblaze_0/libsrc/cpu_v2_17/src"

TRACE::2026-01-27.02:00:03::SCWMssOS::make -C microblaze_0/libsrc/cpu_v2_17/src -s libs  "SHELL=CMD" "COMPILER=mb-gcc" "ASSEMBLER=mb-as" "ARCHIVER=mb-ar" "COMPILER_F
TRACE::2026-01-27.02:00:03::SCWMssOS::LAGS=  -O2 -c -mcpu=v11.0 -mlittle-endian -mxl-soft-mul" "EXTRA_COMPILER_FLAGS=-g -ffunction-sections -fdata-sections -Wall -We
TRACE::2026-01-27.02:00:03::SCWMssOS::xtra -fno-tree-loop-distribute-patterns"

TRACE::2026-01-27.02:00:03::SCWMssOS::"Running Make libs in microblaze_0/libsrc/standalone_v8_1/src"

TRACE::2026-01-27.02:00:03::SCWMssOS::make -C microblaze_0/libsrc/standalone_v8_1/src -s libs  "SHELL=CMD" "COMPILER=mb-gcc" "ASSEMBLER=mb-as" "ARCHIVER=mb-ar" "COMP
TRACE::2026-01-27.02:00:03::SCWMssOS::ILER_FLAGS=  -O2 -c -mcpu=v11.0 -mlittle-endian -mxl-soft-mul" "EXTRA_COMPILER_FLAGS=-g -ffunction-sections -fdata-sections -Wa
TRACE::2026-01-27.02:00:03::SCWMssOS::ll -Wextra -fno-tree-loop-distribute-patterns"

TRACE::2026-01-27.02:00:04::SCWMssOS::"DEBUG NON_LTO_OBJECTS is ../../../lib/microblaze_interrupt_handler.o"

TRACE::2026-01-27.02:00:04::SCWMssOS::'Finished building libraries parallelly.'

TRACE::2026-01-27.02:00:04::SCWMssOS::make --no-print-directory archive

TRACE::2026-01-27.02:00:04::SCWMssOS::mb-ar -r  microblaze_0/lib/libxil.a microblaze_0/lib/_exit.o microblaze_0/lib/errno.o microblaze_0/lib/fcntl.o microblaze_0/lib
TRACE::2026-01-27.02:00:04::SCWMssOS::/hw_exception_handler.o microblaze_0/lib/inbyte.o microblaze_0/lib/microblaze_disable_dcache.o microblaze_0/lib/microblaze_disa
TRACE::2026-01-27.02:00:04::SCWMssOS::ble_exceptions.o microblaze_0/lib/microblaze_disable_icache.o microblaze_0/lib/microblaze_disable_interrupts.o microblaze_0/lib
TRACE::2026-01-27.02:00:04::SCWMssOS::/microblaze_enable_dcache.o microblaze_0/lib/microblaze_enable_exceptions.o microblaze_0/lib/microblaze_enable_icache.o microbl
TRACE::2026-01-27.02:00:04::SCWMssOS::aze_0/lib/microblaze_enable_interrupts.o microblaze_0/lib/microblaze_exception_handler.o microblaze_0/lib/microblaze_flush_cach
TRACE::2026-01-27.02:00:04::SCWMssOS::e_ext.o microblaze_0/lib/microblaze_flush_cache_ext_range.o microblaze_0/lib/microblaze_flush_dcache.o microblaze_0/lib/microbl
TRACE::2026-01-27.02:00:04::SCWMssOS::aze_flush_dcache_range.o microblaze_0/lib/microblaze_init_dcache_range.o microblaze_0/lib/microblaze_init_icache_range.o microb
TRACE::2026-01-27.02:00:04::SCWMssOS::laze_0/lib/microblaze_interrupt_handler.o microblaze_0/lib/microblaze_interrupts_g.o microblaze_0/lib/microblaze_invalidate_cac
TRACE::2026-01-27.02:00:04::SCWMssOS::he_ext.o microblaze_0/lib/microblaze_invalidate_cache_ext_range.o microblaze_0/lib/microblaze_invalidate_dcache.o microblaze_0/
TRACE::2026-01-27.02:00:04::SCWMssOS::lib/microblaze_invalidate_dcache_range.o microblaze_0/lib/microblaze_invalidate_icache.o microblaze_0/lib/microblaze_invalidate
TRACE::2026-01-27.02:00:04::SCWMssOS::_icache_range.o microblaze_0/lib/microblaze_scrub.o microblaze_0/lib/microblaze_selftest.o microblaze_0/lib/microblaze_sleep.o 
TRACE::2026-01-27.02:00:04::SCWMssOS::microblaze_0/lib/microblaze_update_dcache.o microblaze_0/lib/microblaze_update_icache.o microblaze_0/lib/outbyte.o microblaze_0
TRACE::2026-01-27.02:00:04::SCWMssOS::/lib/print.o microblaze_0/lib/pvr.o microblaze_0/lib/xbram.o microblaze_0/lib/xbram_g.o microblaze_0/lib/xbram_intr.o microblaz
TRACE::2026-01-27.02:00:04::SCWMssOS::e_0/lib/xbram_selftest.o microblaze_0/lib/xbram_sinit.o microblaze_0/lib/xil_assert.o microblaze_0/lib/xil_cache.o microblaze_0
TRACE::2026-01-27.02:00:04::SCWMssOS::/lib/xil_clocking.o microblaze_0/lib/xil_exception.o microblaze_0/lib/xil_mem.o microblaze_0/lib/xil_misc_psreset_api.o microbl
TRACE::2026-01-27.02:00:04::SCWMssOS::aze_0/lib/xil_printf.o microblaze_0/lib/xil_sleepcommon.o microblaze_0/lib/xil_testcache.o microblaze_0/lib/xil_testio.o microb
TRACE::2026-01-27.02:00:04::SCWMssOS::laze_0/lib/xil_testmem.o microblaze_0/lib/xil_util.o microblaze_0/lib/xinterrupt_wrap.o microblaze_0/lib/xio.o microblaze_0/lib
TRACE::2026-01-27.02:00:04::SCWMssOS::/xplatform_info.o

TRACE::2026-01-27.02:00:04::SCWMssOS::'Finished building libraries'

TRACE::2026-01-27.02:00:04::SCWMssOS::Copying to export directory.
TRACE::2026-01-27.02:00:04::SCWMssOS:: Checking if to create the Supporting Applications
TRACE::2026-01-27.02:00:04::SCWMssOS:: No Linux domain exists, trying to generate FSBL 
LOG::2026-01-27.02:00:04::SCWSystem::Completed Processing the domain standalone_microblaze_0
LOG::2026-01-27.02:00:04::SCWSystem::Completed Processing the sysconfig design_final_wrapper
LOG::2026-01-27.02:00:04::SCWPlatform::Completed generating the artifacts for system configuration design_final_wrapper
TRACE::2026-01-27.02:00:04::SCWPlatform::Started preparing the platform 
TRACE::2026-01-27.02:00:04::SCWSystem::Writing the bif file for system config design_final_wrapper
TRACE::2026-01-27.02:00:04::SCWSystem::dir created 
TRACE::2026-01-27.02:00:04::SCWSystem::Writing the bif 
TRACE::2026-01-27.02:00:04::SCWPlatform::Started writing the spfm file 
TRACE::2026-01-27.02:00:04::SCWPlatform::Started writing the xpfm file 
TRACE::2026-01-27.02:00:04::SCWPlatform::Completed generating the platform
TRACE::2026-01-27.02:00:04::SCWMssOS::Saving the mss changes C:/Users/oscar/OneDrive/Documentos/UCM/5_QUINTO/SE/Practicas_SE/ProyectoFinal/sw/design_final_wrapper/microblaze_0/standalone_microblaze_0/bsp/system.mss
TRACE::2026-01-27.02:00:04::SCWMssOS::Found a swdesign opened with the mssfile.
TRACE::2026-01-27.02:00:04::SCWMssOS::Completed writemss as part of save.
TRACE::2026-01-27.02:00:04::SCWMssOS::Commit changes completed.
TRACE::2026-01-27.02:00:04::SCWPlatform::Trying to open the hw design at C:/Users/oscar/OneDrive/Documentos/UCM/5_QUINTO/SE/Practicas_SE/ProyectoFinal/sw/design_final_wrapper/hw/design_final_wrapper.xsa
TRACE::2026-01-27.02:00:04::SCWPlatform::DSA given C:/Users/oscar/OneDrive/Documentos/UCM/5_QUINTO/SE/Practicas_SE/ProyectoFinal/sw/design_final_wrapper/hw/design_final_wrapper.xsa
TRACE::2026-01-27.02:00:04::SCWPlatform::DSA absoulate path C:/Users/oscar/OneDrive/Documentos/UCM/5_QUINTO/SE/Practicas_SE/ProyectoFinal/sw/design_final_wrapper/hw/design_final_wrapper.xsa
TRACE::2026-01-27.02:00:04::SCWPlatform::DSA directory C:/Users/oscar/OneDrive/Documentos/UCM/5_QUINTO/SE/Practicas_SE/ProyectoFinal/sw/design_final_wrapper/hw
TRACE::2026-01-27.02:00:04::SCWPlatform:: Platform Path C:/Users/oscar/OneDrive/Documentos/UCM/5_QUINTO/SE/Practicas_SE/ProyectoFinal/sw/design_final_wrapper/hw/design_final_wrapper.xsa
TRACE::2026-01-27.02:00:04::SCWPlatform:: Unique name xilinx:basys3::0.0
TRACE::2026-01-27.02:00:04::SCWPlatform::Trying to set the existing hwdb with name design_final_wrapper_0
TRACE::2026-01-27.02:00:04::SCWPlatform::Opened existing hwdb design_final_wrapper_0
TRACE::2026-01-27.02:00:04::SCWPlatform::Found the Hw Db part of the input DSA
TRACE::2026-01-27.02:00:04::SCWMssOS::Checking the sw design at  C:/Users/oscar/OneDrive/Documentos/UCM/5_QUINTO/SE/Practicas_SE/ProyectoFinal/sw/design_final_wrapper/microblaze_0/standalone_microblaze_0/bsp/system.mss
TRACE::2026-01-27.02:00:04::SCWMssOS::DEBUG:  swdes dump  C:/Users/oscar/OneDrive/Documentos/UCM/5_QUINTO/SE/Practicas_SE/ProyectoFinal/sw/design_final_wrapper/microblaze_0/standalone_microblaze_0/bsp/system.mss|system||

TRACE::2026-01-27.02:00:04::SCWMssOS::Sw design exists and opened at  C:/Users/oscar/OneDrive/Documentos/UCM/5_QUINTO/SE/Practicas_SE/ProyectoFinal/sw/design_final_wrapper/microblaze_0/standalone_microblaze_0/bsp/system.mss
TRACE::2026-01-27.02:00:04::SCWPlatform::Trying to open the hw design at C:/Users/oscar/OneDrive/Documentos/UCM/5_QUINTO/SE/Practicas_SE/ProyectoFinal/sw/design_final_wrapper/hw/design_final_wrapper.xsa
TRACE::2026-01-27.02:00:04::SCWPlatform::DSA given C:/Users/oscar/OneDrive/Documentos/UCM/5_QUINTO/SE/Practicas_SE/ProyectoFinal/sw/design_final_wrapper/hw/design_final_wrapper.xsa
TRACE::2026-01-27.02:00:04::SCWPlatform::DSA absoulate path C:/Users/oscar/OneDrive/Documentos/UCM/5_QUINTO/SE/Practicas_SE/ProyectoFinal/sw/design_final_wrapper/hw/design_final_wrapper.xsa
TRACE::2026-01-27.02:00:04::SCWPlatform::DSA directory C:/Users/oscar/OneDrive/Documentos/UCM/5_QUINTO/SE/Practicas_SE/ProyectoFinal/sw/design_final_wrapper/hw
TRACE::2026-01-27.02:00:04::SCWPlatform:: Platform Path C:/Users/oscar/OneDrive/Documentos/UCM/5_QUINTO/SE/Practicas_SE/ProyectoFinal/sw/design_final_wrapper/hw/design_final_wrapper.xsa
TRACE::2026-01-27.02:00:04::SCWPlatform:: Unique name xilinx:basys3::0.0
TRACE::2026-01-27.02:00:04::SCWPlatform::Trying to set the existing hwdb with name design_final_wrapper_0
TRACE::2026-01-27.02:00:04::SCWPlatform::Opened existing hwdb design_final_wrapper_0
TRACE::2026-01-27.02:00:04::SCWPlatform::Found the Hw Db part of the input DSA
TRACE::2026-01-27.02:00:04::SCWMssOS::Checking the sw design at  C:/Users/oscar/OneDrive/Documentos/UCM/5_QUINTO/SE/Practicas_SE/ProyectoFinal/sw/design_final_wrapper/microblaze_0/standalone_microblaze_0/bsp/system.mss
TRACE::2026-01-27.02:00:04::SCWMssOS::DEBUG:  swdes dump  C:/Users/oscar/OneDrive/Documentos/UCM/5_QUINTO/SE/Practicas_SE/ProyectoFinal/sw/design_final_wrapper/microblaze_0/standalone_microblaze_0/bsp/system.mss|system||

TRACE::2026-01-27.02:00:04::SCWMssOS::Sw design exists and opened at  C:/Users/oscar/OneDrive/Documentos/UCM/5_QUINTO/SE/Practicas_SE/ProyectoFinal/sw/design_final_wrapper/microblaze_0/standalone_microblaze_0/bsp/system.mss
TRACE::2026-01-27.02:00:04::SCWPlatform::Trying to open the hw design at C:/Users/oscar/OneDrive/Documentos/UCM/5_QUINTO/SE/Practicas_SE/ProyectoFinal/sw/design_final_wrapper/hw/design_final_wrapper.xsa
TRACE::2026-01-27.02:00:04::SCWPlatform::DSA given C:/Users/oscar/OneDrive/Documentos/UCM/5_QUINTO/SE/Practicas_SE/ProyectoFinal/sw/design_final_wrapper/hw/design_final_wrapper.xsa
TRACE::2026-01-27.02:00:04::SCWPlatform::DSA absoulate path C:/Users/oscar/OneDrive/Documentos/UCM/5_QUINTO/SE/Practicas_SE/ProyectoFinal/sw/design_final_wrapper/hw/design_final_wrapper.xsa
TRACE::2026-01-27.02:00:04::SCWPlatform::DSA directory C:/Users/oscar/OneDrive/Documentos/UCM/5_QUINTO/SE/Practicas_SE/ProyectoFinal/sw/design_final_wrapper/hw
TRACE::2026-01-27.02:00:04::SCWPlatform:: Platform Path C:/Users/oscar/OneDrive/Documentos/UCM/5_QUINTO/SE/Practicas_SE/ProyectoFinal/sw/design_final_wrapper/hw/design_final_wrapper.xsa
TRACE::2026-01-27.02:00:04::SCWPlatform:: Unique name xilinx:basys3::0.0
TRACE::2026-01-27.02:00:04::SCWPlatform::Trying to set the existing hwdb with name design_final_wrapper_0
TRACE::2026-01-27.02:00:04::SCWPlatform::Opened existing hwdb design_final_wrapper_0
TRACE::2026-01-27.02:00:04::SCWPlatform::Found the Hw Db part of the input DSA
TRACE::2026-01-27.02:00:04::SCWMssOS::Checking the sw design at  C:/Users/oscar/OneDrive/Documentos/UCM/5_QUINTO/SE/Practicas_SE/ProyectoFinal/sw/design_final_wrapper/microblaze_0/standalone_microblaze_0/bsp/system.mss
TRACE::2026-01-27.02:00:04::SCWMssOS::DEBUG:  swdes dump  C:/Users/oscar/OneDrive/Documentos/UCM/5_QUINTO/SE/Practicas_SE/ProyectoFinal/sw/design_final_wrapper/microblaze_0/standalone_microblaze_0/bsp/system.mss|system||

TRACE::2026-01-27.02:00:04::SCWMssOS::Sw design exists and opened at  C:/Users/oscar/OneDrive/Documentos/UCM/5_QUINTO/SE/Practicas_SE/ProyectoFinal/sw/design_final_wrapper/microblaze_0/standalone_microblaze_0/bsp/system.mss
TRACE::2026-01-27.02:00:04::SCWWriter::formatted JSON is {
	"platformName":	"design_final_wrapper",
	"sprVersion":	"2.0",
	"mode":	"gui",
	"dsaType":	"Fixed",
	"platformDesc":	"design_final_wrapper",
	"platHandOff":	"C:/Users/oscar/OneDrive/Documentos/UCM/5_QUINTO/SE/Practicas_SE/ProyectoFinal/hw/design_final_wrapper.xsa",
	"platIntHandOff":	"<platformDir>/hw/design_final_wrapper.xsa",
	"deviceType":	"FPGA",
	"platIsPrebuiltAutogen":	"false",
	"platIsNoBootBsp":	"false",
	"hasFsblMakeHasChanges":	"false",
	"hasPmufwMakeHasChanges":	"false",
	"platPreBuiltFlag":	false,
	"platformSamplesDir":	"",
	"platActiveSys":	"design_final_wrapper",
	"systems":	[{
			"systemName":	"design_final_wrapper",
			"systemDesc":	"design_final_wrapper",
			"sysIsBootAutoGen":	"true",
			"systemDispName":	"design_final_wrapper",
			"sysActiveDom":	"standalone_microblaze_0",
			"sysDefaultDom":	"standalone_microblaze_0",
			"domains":	[{
					"domainName":	"standalone_microblaze_0",
					"domainDispName":	"standalone_microblaze_0",
					"domainDesc":	"standalone_microblaze_0",
					"processors":	"microblaze_0",
					"os":	"standalone",
					"sdxOs":	"standalone",
					"debugEnable":	"False",
					"domRuntimes":	["cpp"],
					"swRepo":	"",
					"mssOsVer":	"8.1",
					"mssFile":	"",
					"md5Digest":	"c7f6d7d9569b685804f89c41e0284b2e",
					"compatibleApp":	"peripheral_tests",
					"domType":	"mssDomain",
					"arch":	"32-bit",
					"appSettings":	{
						"appCompilerFlags":	"",
						"appLinkerFlags":	""
					},
					"addedLibs":	[],
					"libOptions":	{
						"libsContainingOptions":	[]
					},
					"prebuiltLibs":	{
						"prebuiltIncPath":	[],
						"prebuiltLibPath":	[]
					},
					"isolation":	{
					}
				}]
		}]
}
KEYINFO::2026-01-27.02:00:04::SCWPlatform::updated the xpfm file.
TRACE::2026-01-27.02:00:04::SCWPlatform::Trying to open the hw design at C:/Users/oscar/OneDrive/Documentos/UCM/5_QUINTO/SE/Practicas_SE/ProyectoFinal/sw/design_final_wrapper/hw/design_final_wrapper.xsa
TRACE::2026-01-27.02:00:04::SCWPlatform::DSA given C:/Users/oscar/OneDrive/Documentos/UCM/5_QUINTO/SE/Practicas_SE/ProyectoFinal/sw/design_final_wrapper/hw/design_final_wrapper.xsa
TRACE::2026-01-27.02:00:04::SCWPlatform::DSA absoulate path C:/Users/oscar/OneDrive/Documentos/UCM/5_QUINTO/SE/Practicas_SE/ProyectoFinal/sw/design_final_wrapper/hw/design_final_wrapper.xsa
TRACE::2026-01-27.02:00:04::SCWPlatform::DSA directory C:/Users/oscar/OneDrive/Documentos/UCM/5_QUINTO/SE/Practicas_SE/ProyectoFinal/sw/design_final_wrapper/hw
TRACE::2026-01-27.02:00:04::SCWPlatform:: Platform Path C:/Users/oscar/OneDrive/Documentos/UCM/5_QUINTO/SE/Practicas_SE/ProyectoFinal/sw/design_final_wrapper/hw/design_final_wrapper.xsa
TRACE::2026-01-27.02:00:04::SCWPlatform:: Unique name xilinx:basys3::0.0
TRACE::2026-01-27.02:00:04::SCWPlatform::Trying to set the existing hwdb with name design_final_wrapper_0
TRACE::2026-01-27.02:00:04::SCWPlatform::Opened existing hwdb design_final_wrapper_0
TRACE::2026-01-27.02:00:04::SCWPlatform::Found the Hw Db part of the input DSA
TRACE::2026-01-27.02:00:04::SCWMssOS::Checking the sw design at  C:/Users/oscar/OneDrive/Documentos/UCM/5_QUINTO/SE/Practicas_SE/ProyectoFinal/sw/design_final_wrapper/microblaze_0/standalone_microblaze_0/bsp/system.mss
TRACE::2026-01-27.02:00:04::SCWMssOS::DEBUG:  swdes dump  C:/Users/oscar/OneDrive/Documentos/UCM/5_QUINTO/SE/Practicas_SE/ProyectoFinal/sw/design_final_wrapper/microblaze_0/standalone_microblaze_0/bsp/system.mss|system||

TRACE::2026-01-27.02:00:04::SCWMssOS::Sw design exists and opened at  C:/Users/oscar/OneDrive/Documentos/UCM/5_QUINTO/SE/Practicas_SE/ProyectoFinal/sw/design_final_wrapper/microblaze_0/standalone_microblaze_0/bsp/system.mss
