2025-10-22T13:52:21.136762100255-13:52:21 **** Build of project design_2_wrapper ****
000-buildplatform.bat 64779 design_2_wrapper  
000-ECHO est  desactivado.
000-ECHO est  desactivado.
000-XSDB Server Channel: tcfchan#1
000-Building the BSP Library for domain  - standalone_microblaze_0 on processor microblaze_0
000-make --no-print-directory seq_libs
000-
000-"Running Make include in microblaze_0/libsrc/bram_v4_8/src"
000-
000-make -C microblaze_0/libsrc/bram_v4_8/src -s include  "SHELL=CMD" "COMPILER=mb-gcc" "ASSEMBLER=mb-as" "ARCHIVER=mb-ar" "COMPILE
000-R_FLAGS=  -O2 -c -mcpu=v11.0 -mlittle-endian -mxl-soft-mul" "EXTRA_COMPILER_FLAGS=-g -ffunction-sections -fdata-sections -Wall 
000--Wextra -fno-tree-loop-distribute-patterns"
000-
000-"Running Make include in microblaze_0/libsrc/copro_v1_0/src"
000-
000-make -C microblaze_0/libsrc/copro_v1_0/src -s include  "SHELL=CMD" "COMPILER=mb-gcc" "ASSEMBLER=mb-as" "ARCHIVER=mb-ar" "COMPIL
000-ER_FLAGS=  -O2 -c -mcpu=v11.0 -mlittle-endian -mxl-soft-mul" "EXTRA_COMPILER_FLAGS=-g -ffunction-sections -fdata-sections -Wall
000- -Wextra -fno-tree-loop-distribute-patterns"
000-
000-"Running Make include in microblaze_0/libsrc/cpu_v2_17/src"
000-
000-make -C microblaze_0/libsrc/cpu_v2_17/src -s include  "SHELL=CMD" "COMPILER=mb-gcc" "ASSEMBLER=mb-as" "ARCHIVER=mb-ar" "COMPILE
000-R_FLAGS=  -O2 -c -mcpu=v11.0 -mlittle-endian -mxl-soft-mul" "EXTRA_COMPILER_FLAGS=-g -ffunction-sections -fdata-sections -Wall 
000--Wextra -fno-tree-loop-distribute-patterns"
000-
000-"Running Make include in microblaze_0/libsrc/standalone_v8_1/src"
000-
000-make -C microblaze_0/libsrc/standalone_v8_1/src -s include  "SHELL=CMD" "COMPILER=mb-gcc" "ASSEMBLER=mb-as" "ARCHIVER=mb-ar" "C
000-OMPILER_FLAGS=  -O2 -c -mcpu=v11.0 -mlittle-endian -mxl-soft-mul" "EXTRA_COMPILER_FLAGS=-g -ffunction-sections -fdata-sections 
000--Wall -Wextra -fno-tree-loop-distribute-patterns"
000-
000-"Running Make include in microblaze_0/libsrc/uartlite_v3_8/src"
000-
000-make -C microblaze_0/libsrc/uartlite_v3_8/src -s include  "SHELL=CMD" "COMPILER=mb-gcc" "ASSEMBLER=mb-as" "ARCHIVER=mb-ar" "COM
000-PILER_FLAGS=  -O2 -c -mcpu=v11.0 -mlittle-endian -mxl-soft-mul" "EXTRA_COMPILER_FLAGS=-g -ffunction-sections -fdata-sections -W
000-all -Wextra -fno-tree-loop-distribute-patterns"
000-
000-"Running Make libs in microblaze_0/libsrc/copro_v1_0/src"
000-
000-make -C microblaze_0/libsrc/copro_v1_0/src -s libs  "SHELL=CMD" "COMPILER=mb-gcc" "ASSEMBLER=mb-as" "ARCHIVER=mb-ar" "COMPILER_
000-FLAGS=  -O2 -c -mcpu=v11.0 -mlittle-endian -mxl-soft-mul" "EXTRA_COMPILER_FLAGS=-g -ffunction-sections -fdata-sections -Wall -W
000-extra -fno-tree-loop-distribute-patterns"
000-
000-"Compiling copro..."
000-
000-copro_selftest.c: In function 'COPRO_Reg_SelfTest':
000/design_2_wrapper52-1-1comparison of integer expressions of different signedness: 'u32' {aka 'long unsigned int'} and 'int' [-Wsign-compare]1-copro_selftest.c:52:61: warning: comparison of integer expressions of different signedness: 'u32' {aka 'long unsigned int'} and 'int' [-Wsign-compare]
000-   52 |           if ( COPRO_mReadReg (baseaddr, read_loop_index*4) != (read_loop_index+1)*READ_WRITE_MUL_FACTOR){
000-      |                                                             ^~
000/design_2_wrapper36-1-1unused variable 'Index' [-Wunused-variable]1-copro_selftest.c:36:13: warning: unused variable 'Index' [-Wunused-variable]
000-   36 |         int Index;
000-      |             ^~~~~
000-mb-ar: creating ../../../lib/libxil.a
000-'Finished building libraries sequentially.'
000-
000-make -j 10 --no-print-directory par_libs
000-
000-"Running Make include in microblaze_0/libsrc/bram_v4_8/src"
000-
000-make -C microblaze_0/libsrc/bram_v4_8/src -s include  "SHELL=CMD" "COMPILER=mb-gcc" "ASSEMBLER=mb-as" "ARCHIVER=mb-ar" "COMPILE
000-R_FLAGS=  -O2 -c -mcpu=v11.0 -mlittle-endian -mxl-soft-mul" "EXTRA_COMPILER_FLAGS=-g -ffunction-sections -fdata-sections -Wall 
000--Wextra -fno-tree-loop-distribute-patterns"
000-
000-"Running Make include in microblaze_0/libsrc/copro_v1_0/src"
000-
000-make -C microblaze_0/libsrc/copro_v1_0/src -s include  "SHELL=CMD" "COMPILER=mb-gcc" "ASSEMBLER=mb-as" "ARCHIVER=mb-ar" "COMPIL
000-ER_FLAGS=  -O2 -c -mcpu=v11.0 -mlittle-endian -mxl-soft-mul" "EXTRA_COMPILER_FLAGS=-g -ffunction-sections -fdata-sections -Wall
000- -Wextra -fno-tree-loop-distribute-patterns"
000-
000-"Running Make include in microblaze_0/libsrc/cpu_v2_17/src"
000-
000-make -C microblaze_0/libsrc/cpu_v2_17/src -s include  "SHELL=CMD" "COMPILER=mb-gcc" "ASSEMBLER=mb-as" "ARCHIVER=mb-ar" "COMPILE
000-R_FLAGS=  -O2 -c -mcpu=v11.0 -mlittle-endian -mxl-soft-mul" "EXTRA_COMPILER_FLAGS=-g -ffunction-sections -fdata-sections -Wall 
000--Wextra -fno-tree-loop-distribute-patterns"
000-
000-"Running Make include in microblaze_0/libsrc/standalone_v8_1/src"
000-
000-make -C microblaze_0/libsrc/standalone_v8_1/src -s include  "SHELL=CMD" "COMPILER=mb-gcc" "ASSEMBLER=mb-as" "ARCHIVER=mb-ar" "C
000-OMPILER_FLAGS=  -O2 -c -mcpu=v11.0 -mlittle-endian -mxl-soft-mul" "EXTRA_COMPILER_FLAGS=-g -ffunction-sections -fdata-sections 
000--Wall -Wextra -fno-tree-loop-distribute-patterns"
000-
000-"Running Make include in microblaze_0/libsrc/uartlite_v3_8/src"
000-
000-make -C microblaze_0/libsrc/uartlite_v3_8/src -s include  "SHELL=CMD" "COMPILER=mb-gcc" "ASSEMBLER=mb-as" "ARCHIVER=mb-ar" "COM
000-PILER_FLAGS=  -O2 -c -mcpu=v11.0 -mlittle-endian -mxl-soft-mul" "EXTRA_COMPILER_FLAGS=-g -ffunction-sections -fdata-sections -W
000-all -Wextra -fno-tree-loop-distribute-patterns"
000-
000-"Running Make libs in microblaze_0/libsrc/bram_v4_8/src"
000-
000-make -C microblaze_0/libsrc/bram_v4_8/src -s libs  "SHELL=CMD" "COMPILER=mb-gcc" "ASSEMBLER=mb-as" "ARCHIVER=mb-ar" "COMPILER_F
000-LAGS=  -O2 -c -mcpu=v11.0 -mlittle-endian -mxl-soft-mul" "EXTRA_COMPILER_FLAGS=-g -ffunction-sections -fdata-sections -Wall -We
000-xtra -fno-tree-loop-distribute-patterns"
000-
000-"Running Make libs in microblaze_0/libsrc/cpu_v2_17/src"
000-
000-make -C microblaze_0/libsrc/cpu_v2_17/src -s libs  "SHELL=CMD" "COMPILER=mb-gcc" "ASSEMBLER=mb-as" "ARCHIVER=mb-ar" "COMPILER_F
000-LAGS=  -O2 -c -mcpu=v11.0 -mlittle-endian -mxl-soft-mul" "EXTRA_COMPILER_FLAGS=-g -ffunction-sections -fdata-sections -Wall -We
000-xtra -fno-tree-loop-distribute-patterns"
000-
000-"Running Make libs in microblaze_0/libsrc/standalone_v8_1/src"
000-
000-make -C microblaze_0/libsrc/standalone_v8_1/src -s libs  "SHELL=CMD" "COMPILER=mb-gcc" "ASSEMBLER=mb-as" "ARCHIVER=mb-ar" "COMP
000-ILER_FLAGS=  -O2 -c -mcpu=v11.0 -mlittle-endian -mxl-soft-mul" "EXTRA_COMPILER_FLAGS=-g -ffunction-sections -fdata-sections -Wa
000-ll -Wextra -fno-tree-loop-distribute-patterns"
000-
000-"Running Make libs in microblaze_0/libsrc/uartlite_v3_8/src"
000-
000-make -C microblaze_0/libsrc/uartlite_v3_8/src -s libs  "SHELL=CMD" "COMPILER=mb-gcc" "ASSEMBLER=mb-as" "ARCHIVER=mb-ar" "COMPIL
000-ER_FLAGS=  -O2 -c -mcpu=v11.0 -mlittle-endian -mxl-soft-mul" "EXTRA_COMPILER_FLAGS=-g -ffunction-sections -fdata-sections -Wall
000- -Wextra -fno-tree-loop-distribute-patterns"
000-
000/design_2_wrapper81-1-1'#pragma message: For the sleep routines, assembly instructions are used'0-microblaze_sleep.c:81:9: note: '#pragma message: For the sleep routines, assembly instructions are used'
000-   81 | #pragma message ("For the sleep routines, assembly instructions are used")
000-      |         ^~~~~~~
000-"DEBUG NON_LTO_OBJECTS is ../../../lib/microblaze_interrupt_handler.o"
000-
000-'Finished building libraries parallelly.'
000-
000-make --no-print-directory archive
000-
000-mb-ar -r  microblaze_0/lib/libxil.a microblaze_0/lib/_exit.o microblaze_0/lib/errno.o microblaze_0/lib/fcntl.o microblaze_0/lib
000-/hw_exception_handler.o microblaze_0/lib/inbyte.o microblaze_0/lib/microblaze_disable_dcache.o microblaze_0/lib/microblaze_disa
000-ble_exceptions.o microblaze_0/lib/microblaze_disable_icache.o microblaze_0/lib/microblaze_disable_interrupts.o microblaze_0/lib
000-/microblaze_enable_dcache.o microblaze_0/lib/microblaze_enable_exceptions.o microblaze_0/lib/microblaze_enable_icache.o microbl
000-aze_0/lib/microblaze_enable_interrupts.o microblaze_0/lib/microblaze_exception_handler.o microblaze_0/lib/microblaze_flush_cach
000-e_ext.o microblaze_0/lib/microblaze_flush_cache_ext_range.o microblaze_0/lib/microblaze_flush_dcache.o microblaze_0/lib/microbl
000-aze_flush_dcache_range.o microblaze_0/lib/microblaze_init_dcache_range.o microblaze_0/lib/microblaze_init_icache_range.o microb
000-laze_0/lib/microblaze_interrupt_handler.o microblaze_0/lib/microblaze_interrupts_g.o microblaze_0/lib/microblaze_invalidate_cac
000-he_ext.o microblaze_0/lib/microblaze_invalidate_cache_ext_range.o microblaze_0/lib/microblaze_invalidate_dcache.o microblaze_0/
000-lib/microblaze_invalidate_dcache_range.o microblaze_0/lib/microblaze_invalidate_icache.o microblaze_0/lib/microblaze_invalidate
000-_icache_range.o microblaze_0/lib/microblaze_scrub.o microblaze_0/lib/microblaze_selftest.o microblaze_0/lib/microblaze_sleep.o 
000-microblaze_0/lib/microblaze_update_dcache.o microblaze_0/lib/microblaze_update_icache.o microblaze_0/lib/outbyte.o microblaze_0
000-/lib/print.o microblaze_0/lib/pvr.o microblaze_0/lib/xbram.o microblaze_0/lib/xbram_g.o microblaze_0/lib/xbram_intr.o microblaz
000-e_0/lib/xbram_selftest.o microblaze_0/lib/xbram_sinit.o microblaze_0/lib/xil_assert.o microblaze_0/lib/xil_cache.o microblaze_0
000-/lib/xil_clocking.o microblaze_0/lib/xil_exception.o microblaze_0/lib/xil_mem.o microblaze_0/lib/xil_misc_psreset_api.o microbl
000-aze_0/lib/xil_printf.o microblaze_0/lib/xil_sleepcommon.o microblaze_0/lib/xil_testcache.o microblaze_0/lib/xil_testio.o microb
000-laze_0/lib/xil_testmem.o microblaze_0/lib/xil_util.o microblaze_0/lib/xinterrupt_wrap.o microblaze_0/lib/xio.o microblaze_0/lib
000-/xplatform_info.o microblaze_0/lib/xuartlite.o microblaze_0/lib/xuartlite_g.o microblaze_0/lib/xuartlite_intr.o microblaze_0/li
000-b/xuartlite_l.o microblaze_0/lib/xuartlite_selftest.o microblaze_0/lib/xuartlite_sinit.o microblaze_0/lib/xuartlite_stats.o
000-
000-'Finished building libraries'
000-
00255-
13:52:27 Build Finished (took 5s.931ms)

