
*** Running vivado
    with args -log design_final_wrapper.vdi -applog -m64 -product Vivado -messageDb vivado.pb -mode batch -source design_final_wrapper.tcl -notrace


ECHO est  desactivado.
ECHO est  desactivado.

****** Vivado v2023.1 (64-bit)
  **** SW Build 3865809 on Sun May  7 15:05:29 MDT 2023
  **** IP Build 3864474 on Sun May  7 20:36:21 MDT 2023
  **** SharedData Build 3865790 on Sun May 07 13:33:03 MDT 2023
    ** Copyright 1986-2022 Xilinx, Inc. All Rights Reserved.
    ** Copyright 2022-2023 Advanced Micro Devices, Inc. All Rights Reserved.

source design_final_wrapper.tcl -notrace
create_project: Time (s): cpu = 00:00:07 ; elapsed = 00:00:07 . Memory (MB): peak = 436.461 ; gain = 166.531
INFO: [IP_Flow 19-234] Refreshing IP repositories
INFO: [IP_Flow 19-1700] Loaded user IP repository 'c:/Users/oscar/OneDrive/Documentos/UCM/5_QUINTO/SE/Practicas_SE/ProyectoFinal/hw/ip_repo'.
INFO: [IP_Flow 19-2313] Loaded Vivado IP repository 'D:/Xilinx/Vivado/2023.1/data/ip'.
WARNING: [IP_Flow 19-4995] The host OS only allows 260 characters in a normal path. The IP cache path is more than 80 characters. If you experience issues with IP caching, please consider changing the IP cache to a location with a shorter path. Alternately consider using the OS subst command to map part of the path to a drive letter. 
Current IP cache path is C:/Users/oscar/OneDrive/Documentos/UCM/5_QUINTO/SE/Practicas_SE/ProyectoFinal/hw/proyectoFinal.cache/ip 
Command: link_design -top design_final_wrapper -part xc7a35tcpg236-1
Design is defaulting to srcset: sources_1
Design is defaulting to constrset: constrs_1
INFO: [Device 21-403] Loading part xc7a35tcpg236-1
Netlist sorting complete. Time (s): cpu = 00:00:00 ; elapsed = 00:00:00.193 . Memory (MB): peak = 884.316 ; gain = 0.000
INFO: [Netlist 29-17] Analyzing 348 Unisim elements for replacement
INFO: [Netlist 29-28] Unisim Transformation completed in 0 CPU seconds
INFO: [Project 1-479] Netlist was created with Vivado 2023.1
INFO: [Project 1-570] Preparing netlist for logic optimization
Parsing XDC File [c:/Users/oscar/OneDrive/Documentos/UCM/5_QUINTO/SE/Practicas_SE/ProyectoFinal/hw/proyectoFinal.gen/sources_1/bd/design_final/ip/design_final_microblaze_0_0/design_final_microblaze_0_0.xdc] for cell 'design_final_i/microblaze_0/U0'
Finished Parsing XDC File [c:/Users/oscar/OneDrive/Documentos/UCM/5_QUINTO/SE/Practicas_SE/ProyectoFinal/hw/proyectoFinal.gen/sources_1/bd/design_final/ip/design_final_microblaze_0_0/design_final_microblaze_0_0.xdc] for cell 'design_final_i/microblaze_0/U0'
Parsing XDC File [c:/Users/oscar/OneDrive/Documentos/UCM/5_QUINTO/SE/Practicas_SE/ProyectoFinal/hw/proyectoFinal.gen/sources_1/bd/design_final/ip/design_final_clk_wiz_1_0/design_final_clk_wiz_1_0_board.xdc] for cell 'design_final_i/clk_wiz_1/inst'
Finished Parsing XDC File [c:/Users/oscar/OneDrive/Documentos/UCM/5_QUINTO/SE/Practicas_SE/ProyectoFinal/hw/proyectoFinal.gen/sources_1/bd/design_final/ip/design_final_clk_wiz_1_0/design_final_clk_wiz_1_0_board.xdc] for cell 'design_final_i/clk_wiz_1/inst'
Parsing XDC File [c:/Users/oscar/OneDrive/Documentos/UCM/5_QUINTO/SE/Practicas_SE/ProyectoFinal/hw/proyectoFinal.gen/sources_1/bd/design_final/ip/design_final_clk_wiz_1_0/design_final_clk_wiz_1_0.xdc] for cell 'design_final_i/clk_wiz_1/inst'
INFO: [Timing 38-35] Done setting XDC timing constraints. [c:/Users/oscar/OneDrive/Documentos/UCM/5_QUINTO/SE/Practicas_SE/ProyectoFinal/hw/proyectoFinal.gen/sources_1/bd/design_final/ip/design_final_clk_wiz_1_0/design_final_clk_wiz_1_0.xdc:57]
INFO: [Timing 38-2] Deriving generated clocks [c:/Users/oscar/OneDrive/Documentos/UCM/5_QUINTO/SE/Practicas_SE/ProyectoFinal/hw/proyectoFinal.gen/sources_1/bd/design_final/ip/design_final_clk_wiz_1_0/design_final_clk_wiz_1_0.xdc:57]
get_clocks: Time (s): cpu = 00:00:07 ; elapsed = 00:00:08 . Memory (MB): peak = 1612.488 ; gain = 578.531
Finished Parsing XDC File [c:/Users/oscar/OneDrive/Documentos/UCM/5_QUINTO/SE/Practicas_SE/ProyectoFinal/hw/proyectoFinal.gen/sources_1/bd/design_final/ip/design_final_clk_wiz_1_0/design_final_clk_wiz_1_0.xdc] for cell 'design_final_i/clk_wiz_1/inst'
Parsing XDC File [c:/Users/oscar/OneDrive/Documentos/UCM/5_QUINTO/SE/Practicas_SE/ProyectoFinal/hw/proyectoFinal.gen/sources_1/bd/design_final/ip/design_final_rst_clk_wiz_1_100M_0/design_final_rst_clk_wiz_1_100M_0_board.xdc] for cell 'design_final_i/rst_clk_wiz_1_100M/U0'
Finished Parsing XDC File [c:/Users/oscar/OneDrive/Documentos/UCM/5_QUINTO/SE/Practicas_SE/ProyectoFinal/hw/proyectoFinal.gen/sources_1/bd/design_final/ip/design_final_rst_clk_wiz_1_100M_0/design_final_rst_clk_wiz_1_100M_0_board.xdc] for cell 'design_final_i/rst_clk_wiz_1_100M/U0'
Parsing XDC File [c:/Users/oscar/OneDrive/Documentos/UCM/5_QUINTO/SE/Practicas_SE/ProyectoFinal/hw/proyectoFinal.gen/sources_1/bd/design_final/ip/design_final_rst_clk_wiz_1_100M_0/design_final_rst_clk_wiz_1_100M_0.xdc] for cell 'design_final_i/rst_clk_wiz_1_100M/U0'
Finished Parsing XDC File [c:/Users/oscar/OneDrive/Documentos/UCM/5_QUINTO/SE/Practicas_SE/ProyectoFinal/hw/proyectoFinal.gen/sources_1/bd/design_final/ip/design_final_rst_clk_wiz_1_100M_0/design_final_rst_clk_wiz_1_100M_0.xdc] for cell 'design_final_i/rst_clk_wiz_1_100M/U0'
Parsing XDC File [c:/Users/oscar/OneDrive/Documentos/UCM/5_QUINTO/SE/Practicas_SE/ProyectoFinal/hw/proyectoFinal.gen/sources_1/bd/design_final/ip/design_final_vga_0_0/src/clk_ip_core/clk_ip_core.xdc] for cell 'design_final_i/vga_0/U0/vga_instance/display_image_inst/clk_ip_core_inst/inst'
INFO: [Timing 38-2] Deriving generated clocks [c:/Users/oscar/OneDrive/Documentos/UCM/5_QUINTO/SE/Practicas_SE/ProyectoFinal/hw/proyectoFinal.gen/sources_1/bd/design_final/ip/design_final_vga_0_0/src/clk_ip_core/clk_ip_core.xdc:57]
Finished Parsing XDC File [c:/Users/oscar/OneDrive/Documentos/UCM/5_QUINTO/SE/Practicas_SE/ProyectoFinal/hw/proyectoFinal.gen/sources_1/bd/design_final/ip/design_final_vga_0_0/src/clk_ip_core/clk_ip_core.xdc] for cell 'design_final_i/vga_0/U0/vga_instance/display_image_inst/clk_ip_core_inst/inst'
Parsing XDC File [C:/Users/oscar/OneDrive/Documentos/UCM/5_QUINTO/SE/Practicas_SE/ProyectoFinal/hw/proyectoFinal.srcs/constrs_1/new/const.xdc]
Finished Parsing XDC File [C:/Users/oscar/OneDrive/Documentos/UCM/5_QUINTO/SE/Practicas_SE/ProyectoFinal/hw/proyectoFinal.srcs/constrs_1/new/const.xdc]
Parsing XDC File [c:/Users/oscar/OneDrive/Documentos/UCM/5_QUINTO/SE/Practicas_SE/ProyectoFinal/hw/proyectoFinal.gen/sources_1/bd/design_final/ip/design_final_mdm_1_0/design_final_mdm_1_0.xdc] for cell 'design_final_i/mdm_1/U0'
Finished Parsing XDC File [c:/Users/oscar/OneDrive/Documentos/UCM/5_QUINTO/SE/Practicas_SE/ProyectoFinal/hw/proyectoFinal.gen/sources_1/bd/design_final/ip/design_final_mdm_1_0/design_final_mdm_1_0.xdc] for cell 'design_final_i/mdm_1/U0'
INFO: [Opt 31-138] Pushed 0 inverter(s) to 0 load pin(s).
Generating merged BMM file for the design top 'design_final_wrapper'...
INFO: [Memdata 28-144] Successfully populated the BRAM INIT strings from the following elf files: c:/Users/oscar/OneDrive/Documentos/UCM/5_QUINTO/SE/Practicas_SE/ProyectoFinal/hw/proyectoFinal.gen/sources_1/bd/design_final/ip/design_final_microblaze_0_0/data/mb_bootloop_le.elf 
Netlist sorting complete. Time (s): cpu = 00:00:00 ; elapsed = 00:00:00.005 . Memory (MB): peak = 1612.488 ; gain = 0.000
INFO: [Project 1-111] Unisim Transformation Summary:
  A total of 133 instances were transformed.
  LUT6_2 => LUT6_2 (LUT5, LUT6): 80 instances
  RAM32M => RAM32M (RAMD32(x6), RAMS32(x2)): 19 instances
  RAM32X1D => RAM32X1D (RAMD32(x2)): 2 instances
  RAM64M => RAM64M (RAMD64E(x4)): 32 instances

14 Infos, 1 Warnings, 0 Critical Warnings and 0 Errors encountered.
link_design completed successfully
link_design: Time (s): cpu = 00:00:15 ; elapsed = 00:00:18 . Memory (MB): peak = 1612.488 ; gain = 1114.621
Command: opt_design
Attempting to get a license for feature 'Implementation' and/or device 'xc7a35t'
INFO: [Common 17-349] Got license for feature 'Implementation' and/or device 'xc7a35t'
Running DRC as a precondition to command opt_design

Starting DRC Task
INFO: [DRC 23-27] Running DRC with 2 threads
INFO: [Project 1-461] DRC finished with 0 Errors
INFO: [Project 1-462] Please refer to the DRC report (report_drc) for more information.

Time (s): cpu = 00:00:01 ; elapsed = 00:00:01 . Memory (MB): peak = 1612.488 ; gain = 0.000

Starting Cache Timing Information Task
INFO: [Timing 38-35] Done setting XDC timing constraints.
Ending Cache Timing Information Task | Checksum: 1fcc817b7

Time (s): cpu = 00:00:01 ; elapsed = 00:00:00.233 . Memory (MB): peak = 1631.859 ; gain = 19.371

Starting Logic Optimization Task

Phase 1 Retarget
INFO: [Opt 31-1566] Pulled 1 inverters resulting in an inversion of 14 pins
INFO: [Opt 31-138] Pushed 1 inverter(s) to 1 load pin(s).
INFO: [Opt 31-49] Retargeted 0 cell(s).
Phase 1 Retarget | Checksum: 14dad9f92

Time (s): cpu = 00:00:00 ; elapsed = 00:00:00.306 . Memory (MB): peak = 1970.188 ; gain = 0.000
INFO: [Opt 31-389] Phase Retarget created 7 cells and removed 44 cells
INFO: [Opt 31-1021] In phase Retarget, 2 netlist objects are constrained preventing optimization. Please run opt_design with -debug_log to get more detail. 

Phase 2 Constant propagation
INFO: [Opt 31-138] Pushed 0 inverter(s) to 0 load pin(s).
Phase 2 Constant propagation | Checksum: 131d6d207

Time (s): cpu = 00:00:00 ; elapsed = 00:00:00.346 . Memory (MB): peak = 1970.188 ; gain = 0.000
INFO: [Opt 31-389] Phase Constant propagation created 5 cells and removed 22 cells
INFO: [Opt 31-1021] In phase Constant propagation, 1 netlist objects are constrained preventing optimization. Please run opt_design with -debug_log to get more detail. 

Phase 3 Sweep
Phase 3 Sweep | Checksum: 1f2471dd7

Time (s): cpu = 00:00:00 ; elapsed = 00:00:00.449 . Memory (MB): peak = 1970.188 ; gain = 0.000
INFO: [Opt 31-389] Phase Sweep created 0 cells and removed 22 cells
INFO: [Opt 31-1021] In phase Sweep, 2 netlist objects are constrained preventing optimization. Please run opt_design with -debug_log to get more detail. 

Phase 4 BUFG optimization
INFO: [Opt 31-194] Inserted BUFG design_final_i/mdm_1/U0/Use_E2.BSCAN_I/Dbg_Update_0_BUFG_inst to drive 39 load(s) on clock net design_final_i/mdm_1/U0/Use_E2.BSCAN_I/Dbg_Update_0_BUFG
INFO: [Opt 31-194] Inserted BUFG design_final_i/keypad_0/U0/keypad_v1_0_S00_AXI_inst/reloj_BUFG_inst to drive 31 load(s) on clock net design_final_i/keypad_0/U0/keypad_v1_0_S00_AXI_inst/reloj_BUFG
INFO: [Opt 31-193] Inserted 2 BUFG(s) on clock nets
Phase 4 BUFG optimization | Checksum: 1b6f33663

Time (s): cpu = 00:00:00 ; elapsed = 00:00:00.522 . Memory (MB): peak = 1970.188 ; gain = 0.000
INFO: [Opt 31-662] Phase BUFG optimization created 2 cells of which 2 are BUFGs and removed 0 cells.

Phase 5 Shift Register Optimization
INFO: [Opt 31-1064] SRL Remap converted 0 SRLs to 0 registers and converted 0 registers of register chains to 0 SRLs
Phase 5 Shift Register Optimization | Checksum: 1fd6bd5cd

Time (s): cpu = 00:00:00 ; elapsed = 00:00:00.678 . Memory (MB): peak = 1970.188 ; gain = 0.000
INFO: [Opt 31-389] Phase Shift Register Optimization created 0 cells and removed 0 cells

Phase 6 Post Processing Netlist
Phase 6 Post Processing Netlist | Checksum: 1fd6bd5cd

Time (s): cpu = 00:00:00 ; elapsed = 00:00:00.696 . Memory (MB): peak = 1970.188 ; gain = 0.000
INFO: [Opt 31-389] Phase Post Processing Netlist created 0 cells and removed 0 cells
INFO: [Opt 31-1021] In phase Post Processing Netlist, 1 netlist objects are constrained preventing optimization. Please run opt_design with -debug_log to get more detail. 
Opt_design Change Summary
=========================


-------------------------------------------------------------------------------------------------------------------------
|  Phase                        |  #Cells created  |  #Cells Removed  |  #Constrained objects preventing optimizations  |
-------------------------------------------------------------------------------------------------------------------------
|  Retarget                     |               7  |              44  |                                              2  |
|  Constant propagation         |               5  |              22  |                                              1  |
|  Sweep                        |               0  |              22  |                                              2  |
|  BUFG optimization            |               2  |               0  |                                              0  |
|  Shift Register Optimization  |               0  |               0  |                                              0  |
|  Post Processing Netlist      |               0  |               0  |                                              1  |
-------------------------------------------------------------------------------------------------------------------------



Starting Connectivity Check Task

Time (s): cpu = 00:00:00 ; elapsed = 00:00:00.008 . Memory (MB): peak = 1970.188 ; gain = 0.000
Ending Logic Optimization Task | Checksum: 1fd6bd5cd

Time (s): cpu = 00:00:00 ; elapsed = 00:00:00.713 . Memory (MB): peak = 1970.188 ; gain = 0.000

Starting Power Optimization Task
INFO: [Pwropt 34-132] Skipping clock gating for clocks with a period < 2.00 ns.
INFO: [Pwropt 34-9] Applying IDT optimizations ...
INFO: [Pwropt 34-10] Applying ODC optimizations ...
INFO: [Timing 38-35] Done setting XDC timing constraints.
Running Vector-less Activity Propagation...

Finished Running Vector-less Activity Propagation


Starting PowerOpt Patch Enables Task
INFO: [Pwropt 34-162] WRITE_MODE attribute of 0 BRAM(s) out of a total of 4 has been updated to save power. Run report_power_opt to get a complete listing of the BRAMs updated.
INFO: [Pwropt 34-201] Structural ODC has moved 0 WE to EN ports
Number of BRAM Ports augmented: 0 newly gated: 0 Total Ports: 8
Ending PowerOpt Patch Enables Task | Checksum: 1fd6bd5cd

Time (s): cpu = 00:00:00 ; elapsed = 00:00:00.035 . Memory (MB): peak = 2069.238 ; gain = 0.000
Ending Power Optimization Task | Checksum: 1fd6bd5cd

Time (s): cpu = 00:00:02 ; elapsed = 00:00:01 . Memory (MB): peak = 2069.238 ; gain = 99.051

Starting Final Cleanup Task
Ending Final Cleanup Task | Checksum: 1fd6bd5cd

Time (s): cpu = 00:00:00 ; elapsed = 00:00:00.001 . Memory (MB): peak = 2069.238 ; gain = 0.000

Starting Netlist Obfuscation Task
Netlist sorting complete. Time (s): cpu = 00:00:00 ; elapsed = 00:00:00.005 . Memory (MB): peak = 2069.238 ; gain = 0.000
Ending Netlist Obfuscation Task | Checksum: 1fd6bd5cd

Time (s): cpu = 00:00:00 ; elapsed = 00:00:00.006 . Memory (MB): peak = 2069.238 ; gain = 0.000
INFO: [Common 17-83] Releasing license: Implementation
44 Infos, 1 Warnings, 0 Critical Warnings and 0 Errors encountered.
opt_design completed successfully
opt_design: Time (s): cpu = 00:00:08 ; elapsed = 00:00:06 . Memory (MB): peak = 2069.238 ; gain = 456.750
INFO: [runtcl-4] Executing : report_drc -file design_final_wrapper_drc_opted.rpt -pb design_final_wrapper_drc_opted.pb -rpx design_final_wrapper_drc_opted.rpx
Command: report_drc -file design_final_wrapper_drc_opted.rpt -pb design_final_wrapper_drc_opted.pb -rpx design_final_wrapper_drc_opted.rpx
INFO: [IP_Flow 19-1839] IP Catalog is up to date.
INFO: [DRC 23-27] Running DRC with 2 threads
INFO: [Vivado_Tcl 2-168] The results of DRC are in file C:/Users/oscar/OneDrive/Documentos/UCM/5_QUINTO/SE/Practicas_SE/ProyectoFinal/hw/proyectoFinal.runs/impl_1/design_final_wrapper_drc_opted.rpt.
report_drc completed successfully
INFO: [Timing 38-35] Done setting XDC timing constraints.
INFO: [Timing 38-480] Writing timing data to binary archive.
Writing XDEF routing.
Writing XDEF routing logical nets.
Writing XDEF routing special nets.
Write XDEF Complete: Time (s): cpu = 00:00:00 ; elapsed = 00:00:00.034 . Memory (MB): peak = 2069.238 ; gain = 0.000
INFO: [Common 17-1381] The checkpoint 'C:/Users/oscar/OneDrive/Documentos/UCM/5_QUINTO/SE/Practicas_SE/ProyectoFinal/hw/proyectoFinal.runs/impl_1/design_final_wrapper_opt.dcp' has been generated.
Command: place_design
Attempting to get a license for feature 'Implementation' and/or device 'xc7a35t'
INFO: [Common 17-349] Got license for feature 'Implementation' and/or device 'xc7a35t'
INFO: [DRC 23-27] Running DRC with 2 threads
INFO: [Vivado_Tcl 4-198] DRC finished with 0 Errors
INFO: [Vivado_Tcl 4-199] Please refer to the DRC report (report_drc) for more information.
Running DRC as a precondition to command place_design
INFO: [DRC 23-27] Running DRC with 2 threads
INFO: [Vivado_Tcl 4-198] DRC finished with 0 Errors
INFO: [Vivado_Tcl 4-199] Please refer to the DRC report (report_drc) for more information.

Starting Placer Task
INFO: [Place 30-611] Multithreading enabled for place_design using a maximum of 2 CPUs

Phase 1 Placer Initialization

Phase 1.1 Placer Initialization Netlist Sorting
Netlist sorting complete. Time (s): cpu = 00:00:00 ; elapsed = 00:00:00.005 . Memory (MB): peak = 2069.238 ; gain = 0.000
Phase 1.1 Placer Initialization Netlist Sorting | Checksum: 1ad63bd1d

Time (s): cpu = 00:00:00 ; elapsed = 00:00:00.010 . Memory (MB): peak = 2069.238 ; gain = 0.000
Netlist sorting complete. Time (s): cpu = 00:00:00 ; elapsed = 00:00:00.004 . Memory (MB): peak = 2069.238 ; gain = 0.000

Phase 1.2 IO Placement/ Clock Placement/ Build Placer Device
Phase 1.2 IO Placement/ Clock Placement/ Build Placer Device | Checksum: 898d2139

Time (s): cpu = 00:00:01 ; elapsed = 00:00:00.314 . Memory (MB): peak = 2069.238 ; gain = 0.000

Phase 1.3 Build Placer Netlist Model
Phase 1.3 Build Placer Netlist Model | Checksum: 233768b98

Time (s): cpu = 00:00:02 ; elapsed = 00:00:01 . Memory (MB): peak = 2069.238 ; gain = 0.000

Phase 1.4 Constrain Clocks/Macros
Phase 1.4 Constrain Clocks/Macros | Checksum: 233768b98

Time (s): cpu = 00:00:02 ; elapsed = 00:00:01 . Memory (MB): peak = 2069.238 ; gain = 0.000
Phase 1 Placer Initialization | Checksum: 233768b98

Time (s): cpu = 00:00:02 ; elapsed = 00:00:01 . Memory (MB): peak = 2069.238 ; gain = 0.000

Phase 2 Global Placement

Phase 2.1 Floorplanning
Phase 2.1 Floorplanning | Checksum: 1c03e0652

Time (s): cpu = 00:00:03 ; elapsed = 00:00:02 . Memory (MB): peak = 2069.238 ; gain = 0.000

Phase 2.2 Update Timing before SLR Path Opt
Phase 2.2 Update Timing before SLR Path Opt | Checksum: 160397a44

Time (s): cpu = 00:00:03 ; elapsed = 00:00:02 . Memory (MB): peak = 2069.238 ; gain = 0.000

Phase 2.3 Post-Processing in Floorplanning
Phase 2.3 Post-Processing in Floorplanning | Checksum: 160397a44

Time (s): cpu = 00:00:03 ; elapsed = 00:00:02 . Memory (MB): peak = 2069.238 ; gain = 0.000

Phase 2.4 Global Placement Core

Phase 2.4.1 UpdateTiming Before Physical Synthesis
Phase 2.4.1 UpdateTiming Before Physical Synthesis | Checksum: 1542e8f3d

Time (s): cpu = 00:00:10 ; elapsed = 00:00:05 . Memory (MB): peak = 2069.238 ; gain = 0.000

Phase 2.4.2 Physical Synthesis In Placer
INFO: [Physopt 32-1035] Found 0 LUTNM shape to break, 180 LUT instances to create LUTNM shape
INFO: [Physopt 32-1044] Break lutnm for timing: one critical 0, two critical 0, total 0, new lutff created 0
INFO: [Physopt 32-1138] End 1 Pass. Optimized 87 nets or LUTs. Breaked 0 LUT, combined 87 existing LUTs and moved 0 existing LUT
INFO: [Physopt 32-65] No nets found for high-fanout optimization.
INFO: [Physopt 32-232] Optimized 0 net. Created 0 new instance.
INFO: [Physopt 32-775] End 1 Pass. Optimized 0 net or cell. Created 0 new cell, deleted 0 existing cell and moved 0 existing cell
INFO: [Physopt 32-456] No candidate cells for DSP register optimization found in the design.
INFO: [Physopt 32-775] End 2 Pass. Optimized 0 net or cell. Created 0 new cell, deleted 0 existing cell and moved 0 existing cell
INFO: [Physopt 32-1123] No candidate cells found for Shift Register to Pipeline optimization
INFO: [Physopt 32-775] End 2 Pass. Optimized 0 net or cell. Created 0 new cell, deleted 0 existing cell and moved 0 existing cell
INFO: [Physopt 32-677] No candidate cells for Shift Register optimization found in the design
INFO: [Physopt 32-775] End 1 Pass. Optimized 0 net or cell. Created 0 new cell, deleted 0 existing cell and moved 0 existing cell
INFO: [Physopt 32-526] No candidate cells for BRAM register optimization found in the design
INFO: [Physopt 32-775] End 1 Pass. Optimized 0 net or cell. Created 0 new cell, deleted 0 existing cell and moved 0 existing cell
INFO: [Physopt 32-846] No candidate cells for URAM register optimization found in the design
INFO: [Physopt 32-775] End 1 Pass. Optimized 0 net or cell. Created 0 new cell, deleted 0 existing cell and moved 0 existing cell
INFO: [Physopt 32-846] No candidate cells for URAM register optimization found in the design
INFO: [Physopt 32-775] End 1 Pass. Optimized 0 net or cell. Created 0 new cell, deleted 0 existing cell and moved 0 existing cell
INFO: [Physopt 32-949] No candidate nets found for dynamic/static region interface net replication
INFO: [Physopt 32-775] End 1 Pass. Optimized 0 net or cell. Created 0 new cell, deleted 0 existing cell and moved 0 existing cell
Netlist sorting complete. Time (s): cpu = 00:00:00 ; elapsed = 00:00:00.005 . Memory (MB): peak = 2069.238 ; gain = 0.000

Summary of Physical Synthesis Optimizations
============================================


-----------------------------------------------------------------------------------------------------------------------------------------------------------
|  Optimization                                     |  Added Cells  |  Removed Cells  |  Optimized Cells/Nets  |  Dont Touch  |  Iterations  |  Elapsed   |
-----------------------------------------------------------------------------------------------------------------------------------------------------------
|  LUT Combining                                    |            0  |             87  |                    87  |           0  |           1  |  00:00:00  |
|  Retime                                           |            0  |              0  |                     0  |           0  |           1  |  00:00:00  |
|  Very High Fanout                                 |            0  |              0  |                     0  |           0  |           1  |  00:00:00  |
|  DSP Register                                     |            0  |              0  |                     0  |           0  |           1  |  00:00:00  |
|  Shift Register to Pipeline                       |            0  |              0  |                     0  |           0  |           1  |  00:00:00  |
|  Shift Register                                   |            0  |              0  |                     0  |           0  |           1  |  00:00:00  |
|  BRAM Register                                    |            0  |              0  |                     0  |           0  |           1  |  00:00:00  |
|  URAM Register                                    |            0  |              0  |                     0  |           0  |           1  |  00:00:00  |
|  Dynamic/Static Region Interface Net Replication  |            0  |              0  |                     0  |           0  |           1  |  00:00:00  |
|  Total                                            |            0  |             87  |                    87  |           0  |           9  |  00:00:00  |
-----------------------------------------------------------------------------------------------------------------------------------------------------------


Phase 2.4.2 Physical Synthesis In Placer | Checksum: 5dd04189

Time (s): cpu = 00:00:11 ; elapsed = 00:00:06 . Memory (MB): peak = 2069.238 ; gain = 0.000
Phase 2.4 Global Placement Core | Checksum: aae9f978

Time (s): cpu = 00:00:11 ; elapsed = 00:00:06 . Memory (MB): peak = 2069.238 ; gain = 0.000
Phase 2 Global Placement | Checksum: aae9f978

Time (s): cpu = 00:00:11 ; elapsed = 00:00:06 . Memory (MB): peak = 2069.238 ; gain = 0.000

Phase 3 Detail Placement

Phase 3.1 Commit Multi Column Macros
Phase 3.1 Commit Multi Column Macros | Checksum: 13083e149

Time (s): cpu = 00:00:11 ; elapsed = 00:00:06 . Memory (MB): peak = 2069.238 ; gain = 0.000

Phase 3.2 Commit Most Macros & LUTRAMs
Phase 3.2 Commit Most Macros & LUTRAMs | Checksum: 176c4cf02

Time (s): cpu = 00:00:12 ; elapsed = 00:00:07 . Memory (MB): peak = 2069.238 ; gain = 0.000

Phase 3.3 Area Swap Optimization
Phase 3.3 Area Swap Optimization | Checksum: 17cf1e262

Time (s): cpu = 00:00:12 ; elapsed = 00:00:07 . Memory (MB): peak = 2069.238 ; gain = 0.000

Phase 3.4 Pipeline Register Optimization
Phase 3.4 Pipeline Register Optimization | Checksum: 1b0a4affe

Time (s): cpu = 00:00:12 ; elapsed = 00:00:07 . Memory (MB): peak = 2069.238 ; gain = 0.000

Phase 3.5 Fast Optimization
Phase 3.5 Fast Optimization | Checksum: 1c944c144

Time (s): cpu = 00:00:13 ; elapsed = 00:00:08 . Memory (MB): peak = 2069.238 ; gain = 0.000

Phase 3.6 Small Shape Detail Placement
Phase 3.6 Small Shape Detail Placement | Checksum: 473c82a6

Time (s): cpu = 00:00:14 ; elapsed = 00:00:09 . Memory (MB): peak = 2069.238 ; gain = 0.000

Phase 3.7 Re-assign LUT pins
Phase 3.7 Re-assign LUT pins | Checksum: 11cc1b196

Time (s): cpu = 00:00:15 ; elapsed = 00:00:09 . Memory (MB): peak = 2069.238 ; gain = 0.000

Phase 3.8 Pipeline Register Optimization
Phase 3.8 Pipeline Register Optimization | Checksum: 1b1a128ac

Time (s): cpu = 00:00:15 ; elapsed = 00:00:09 . Memory (MB): peak = 2069.238 ; gain = 0.000

Phase 3.9 Fast Optimization
Phase 3.9 Fast Optimization | Checksum: e655c843

Time (s): cpu = 00:00:16 ; elapsed = 00:00:10 . Memory (MB): peak = 2069.238 ; gain = 0.000
Phase 3 Detail Placement | Checksum: e655c843

Time (s): cpu = 00:00:16 ; elapsed = 00:00:10 . Memory (MB): peak = 2069.238 ; gain = 0.000

Phase 4 Post Placement Optimization and Clean-Up

Phase 4.1 Post Commit Optimization
INFO: [Timing 38-35] Done setting XDC timing constraints.

Phase 4.1.1 Post Placement Optimization
Post Placement Optimization Initialization | Checksum: 1ab85baf0

Phase 4.1.1.1 BUFG Insertion

Starting Physical Synthesis Task

Phase 1 Physical Synthesis Initialization
INFO: [Physopt 32-721] Multithreading enabled for phys_opt_design using a maximum of 2 CPUs
INFO: [Physopt 32-619] Estimated Timing Summary | WNS=-1.790 | TNS=-175.579 |
Phase 1 Physical Synthesis Initialization | Checksum: 10299afd6

Time (s): cpu = 00:00:00 ; elapsed = 00:00:00.249 . Memory (MB): peak = 2069.238 ; gain = 0.000
INFO: [Place 46-56] BUFG insertion identified 0 candidate nets. Inserted BUFG: 0, Replicated BUFG Driver: 0, Skipped due to Placement/Routing Conflicts: 0, Skipped due to Timing Degradation: 0, Skipped due to netlist editing failed: 0.
Ending Physical Synthesis Task | Checksum: 10299afd6

Time (s): cpu = 00:00:00 ; elapsed = 00:00:00.298 . Memory (MB): peak = 2069.238 ; gain = 0.000
Phase 4.1.1.1 BUFG Insertion | Checksum: 1ab85baf0

Time (s): cpu = 00:00:18 ; elapsed = 00:00:11 . Memory (MB): peak = 2069.238 ; gain = 0.000

Phase 4.1.1.2 Post Placement Timing Optimization
INFO: [Place 30-746] Post Placement Timing Summary WNS=-1.331. For the most accurate timing information please run report_timing.
Phase 4.1.1.2 Post Placement Timing Optimization | Checksum: 72e24d91

Time (s): cpu = 00:00:21 ; elapsed = 00:00:14 . Memory (MB): peak = 2069.238 ; gain = 0.000

Time (s): cpu = 00:00:21 ; elapsed = 00:00:14 . Memory (MB): peak = 2069.238 ; gain = 0.000
Phase 4.1 Post Commit Optimization | Checksum: 72e24d91

Time (s): cpu = 00:00:21 ; elapsed = 00:00:14 . Memory (MB): peak = 2069.238 ; gain = 0.000

Phase 4.2 Post Placement Cleanup
Phase 4.2 Post Placement Cleanup | Checksum: 72e24d91

Time (s): cpu = 00:00:21 ; elapsed = 00:00:14 . Memory (MB): peak = 2069.238 ; gain = 0.000

Phase 4.3 Placer Reporting

Phase 4.3.1 Print Estimated Congestion
INFO: [Place 30-612] Post-Placement Estimated Congestion 
 ____________________________________________________
|           | Global Congestion | Short Congestion  |
| Direction | Region Size       | Region Size       |
|___________|___________________|___________________|
|      North|                1x1|                2x2|
|___________|___________________|___________________|
|      South|                1x1|                2x2|
|___________|___________________|___________________|
|       East|                1x1|                1x1|
|___________|___________________|___________________|
|       West|                1x1|                1x1|
|___________|___________________|___________________|

Phase 4.3.1 Print Estimated Congestion | Checksum: 72e24d91

Time (s): cpu = 00:00:21 ; elapsed = 00:00:14 . Memory (MB): peak = 2069.238 ; gain = 0.000
Phase 4.3 Placer Reporting | Checksum: 72e24d91

Time (s): cpu = 00:00:21 ; elapsed = 00:00:14 . Memory (MB): peak = 2069.238 ; gain = 0.000

Phase 4.4 Final Placement Cleanup
Netlist sorting complete. Time (s): cpu = 00:00:00 ; elapsed = 00:00:00.005 . Memory (MB): peak = 2069.238 ; gain = 0.000

Time (s): cpu = 00:00:21 ; elapsed = 00:00:14 . Memory (MB): peak = 2069.238 ; gain = 0.000
Phase 4 Post Placement Optimization and Clean-Up | Checksum: 816f8421

Time (s): cpu = 00:00:21 ; elapsed = 00:00:14 . Memory (MB): peak = 2069.238 ; gain = 0.000
Ending Placer Task | Checksum: 5990a510

Time (s): cpu = 00:00:22 ; elapsed = 00:00:14 . Memory (MB): peak = 2069.238 ; gain = 0.000
INFO: [Common 17-83] Releasing license: Implementation
86 Infos, 1 Warnings, 0 Critical Warnings and 0 Errors encountered.
place_design completed successfully
place_design: Time (s): cpu = 00:00:23 ; elapsed = 00:00:15 . Memory (MB): peak = 2069.238 ; gain = 0.000
INFO: [runtcl-4] Executing : report_io -file design_final_wrapper_io_placed.rpt
report_io: Time (s): cpu = 00:00:00 ; elapsed = 00:00:00.045 . Memory (MB): peak = 2069.238 ; gain = 0.000
INFO: [runtcl-4] Executing : report_utilization -file design_final_wrapper_utilization_placed.rpt -pb design_final_wrapper_utilization_placed.pb
INFO: [runtcl-4] Executing : report_control_sets -verbose -file design_final_wrapper_control_sets_placed.rpt
report_control_sets: Time (s): cpu = 00:00:00 ; elapsed = 00:00:00.018 . Memory (MB): peak = 2069.238 ; gain = 0.000
INFO: [Timing 38-480] Writing timing data to binary archive.
Writing XDEF routing.
Writing XDEF routing logical nets.
Writing XDEF routing special nets.
Write XDEF Complete: Time (s): cpu = 00:00:01 ; elapsed = 00:00:00.462 . Memory (MB): peak = 2069.238 ; gain = 0.000
INFO: [Common 17-1381] The checkpoint 'C:/Users/oscar/OneDrive/Documentos/UCM/5_QUINTO/SE/Practicas_SE/ProyectoFinal/hw/proyectoFinal.runs/impl_1/design_final_wrapper_placed.dcp' has been generated.
Command: phys_opt_design
Attempting to get a license for feature 'Implementation' and/or device 'xc7a35t'
INFO: [Common 17-349] Got license for feature 'Implementation' and/or device 'xc7a35t'

Starting Initial Update Timing Task

Time (s): cpu = 00:00:02 ; elapsed = 00:00:00.677 . Memory (MB): peak = 2069.238 ; gain = 0.000
INFO: [Vivado_Tcl 4-1435] PhysOpt_Tcl_Interface Runtime Before Starting Physical Synthesis Task | CPU: 2.00s |  WALL: 0.70s
Netlist sorting complete. Time (s): cpu = 00:00:00 ; elapsed = 00:00:00.005 . Memory (MB): peak = 2069.238 ; gain = 0.000

Starting Physical Synthesis Task

Phase 1 Physical Synthesis Initialization
INFO: [Physopt 32-721] Multithreading enabled for phys_opt_design using a maximum of 2 CPUs
INFO: [Physopt 32-619] Estimated Timing Summary | WNS=-1.331 | TNS=-163.047 |
Phase 1 Physical Synthesis Initialization | Checksum: 12bea8c90

Time (s): cpu = 00:00:01 ; elapsed = 00:00:00.453 . Memory (MB): peak = 2069.238 ; gain = 0.000
INFO: [Physopt 32-619] Estimated Timing Summary | WNS=-1.331 | TNS=-163.047 |

Phase 2 DSP Register Optimization
INFO: [Physopt 32-456] No candidate cells for DSP register optimization found in the design.
INFO: [Physopt 32-775] End 2 Pass. Optimized 0 net or cell. Created 0 new cell, deleted 0 existing cell and moved 0 existing cell
Phase 2 DSP Register Optimization | Checksum: 12bea8c90

Time (s): cpu = 00:00:01 ; elapsed = 00:00:00.484 . Memory (MB): peak = 2069.238 ; gain = 0.000

Phase 3 Critical Path Optimization
INFO: [Physopt 32-619] Estimated Timing Summary | WNS=-1.331 | TNS=-163.047 |
INFO: [Physopt 32-702] Processed net design_final_i/vga_0/U0/vga_instance/display_image_inst/image_inst/use_image/RAM_reg_128_191_9_11/DOA. Optimizations did not improve timing on the net.
INFO: [Physopt 32-702] Processed net design_final_i/clk_wiz_1/inst/clk_out1_design_final_clk_wiz_1_0. Optimizations did not improve timing on the net.
INFO: [Physopt 32-663] Processed net design_final_i/vga_0/U0/vga_instance/AXI_Stream_FIFO_inst/num_elem_reg[3]_1.  Re-placed instance design_final_i/vga_0/U0/vga_instance/AXI_Stream_FIFO_inst/RAM_reg_128_191_0_2_i_1
INFO: [Physopt 32-735] Processed net design_final_i/vga_0/U0/vga_instance/AXI_Stream_FIFO_inst/num_elem_reg[3]_1. Optimization improves timing on the net.
INFO: [Physopt 32-619] Estimated Timing Summary | WNS=-1.300 | TNS=-160.235 |
INFO: [Physopt 32-702] Processed net design_final_i/vga_0/U0/vga_instance/display_image_inst/image_inst/use_image/RAM_reg_192_255_9_11/DOA. Optimizations did not improve timing on the net.
INFO: [Physopt 32-81] Processed net design_final_i/vga_0/U0/vga_instance/AXI_Stream_FIFO_inst/num_elem_reg[1]_1. Replicated 1 times.
INFO: [Physopt 32-735] Processed net design_final_i/vga_0/U0/vga_instance/AXI_Stream_FIFO_inst/num_elem_reg[1]_1. Optimization improves timing on the net.
INFO: [Physopt 32-619] Estimated Timing Summary | WNS=-1.300 | TNS=-159.567 |
INFO: [Physopt 32-702] Processed net design_final_i/vga_0/U0/vga_instance/display_image_inst/image_inst/use_image/RAM_reg_0_63_9_11/DOA. Optimizations did not improve timing on the net.
INFO: [Physopt 32-663] Processed net design_final_i/vga_0/U0/vga_instance/AXI_Stream_FIFO_inst/num_elem_reg[1]_0.  Re-placed instance design_final_i/vga_0/U0/vga_instance/AXI_Stream_FIFO_inst/RAM_reg_0_63_0_2_i_1
INFO: [Physopt 32-735] Processed net design_final_i/vga_0/U0/vga_instance/AXI_Stream_FIFO_inst/num_elem_reg[1]_0. Optimization improves timing on the net.
INFO: [Physopt 32-619] Estimated Timing Summary | WNS=-1.253 | TNS=-158.783 |
INFO: [Physopt 32-702] Processed net design_final_i/vga_0/U0/vga_instance/display_image_inst/image_inst/use_image/RAM_reg_128_191_6_8/DOA. Optimizations did not improve timing on the net.
INFO: [Physopt 32-81] Processed net design_final_i/vga_0/U0/vga_instance/AXI_Stream_FIFO_inst/num_elem_reg[3]_1. Replicated 1 times.
INFO: [Physopt 32-735] Processed net design_final_i/vga_0/U0/vga_instance/AXI_Stream_FIFO_inst/num_elem_reg[3]_1. Optimization improves timing on the net.
INFO: [Physopt 32-619] Estimated Timing Summary | WNS=-1.252 | TNS=-158.475 |
INFO: [Physopt 32-702] Processed net design_final_i/vga_0/U0/vga_instance/display_image_inst/image_inst/use_image/RAM_reg_64_127_9_11/DOA. Optimizations did not improve timing on the net.
INFO: [Physopt 32-81] Processed net design_final_i/vga_0/U0/vga_instance/AXI_Stream_FIFO_inst/num_elem_reg[3]_0. Replicated 1 times.
INFO: [Physopt 32-735] Processed net design_final_i/vga_0/U0/vga_instance/AXI_Stream_FIFO_inst/num_elem_reg[3]_0. Optimization improves timing on the net.
INFO: [Physopt 32-619] Estimated Timing Summary | WNS=-1.251 | TNS=-157.939 |
INFO: [Physopt 32-702] Processed net design_final_i/vga_0/U0/vga_instance/display_image_inst/image_inst/use_image/RAM_reg_192_255_0_2/DOA. Optimizations did not improve timing on the net.
INFO: [Physopt 32-608] Optimized 1 net.  Swapped 52 pins.
INFO: [Physopt 32-735] Processed net design_final_i/vga_0/U0/vga_instance/AXI_Stream_FIFO_inst/num_elem_reg[1]_1_repN. Optimization improves timing on the net.
INFO: [Physopt 32-619] Estimated Timing Summary | WNS=-1.249 | TNS=-155.331 |
INFO: [Physopt 32-608] Optimized 1 net.  Swapped 18 pins.
INFO: [Physopt 32-735] Processed net design_final_i/vga_0/U0/vga_instance/AXI_Stream_FIFO_inst/num_elem_reg[3]_0. Optimization improves timing on the net.
INFO: [Physopt 32-619] Estimated Timing Summary | WNS=-1.187 | TNS=-151.251 |
INFO: [Physopt 32-81] Processed net design_final_i/vga_0/U0/vga_instance/AXI_Stream_FIFO_inst/num_elem_reg[1]_0. Replicated 1 times.
INFO: [Physopt 32-735] Processed net design_final_i/vga_0/U0/vga_instance/AXI_Stream_FIFO_inst/num_elem_reg[1]_0. Optimization improves timing on the net.
INFO: [Physopt 32-619] Estimated Timing Summary | WNS=-1.159 | TNS=-151.247 |
INFO: [Physopt 32-702] Processed net design_final_i/vga_0/U0/vga_instance/display_image_inst/image_inst/use_image/RAM_reg_0_63_3_5/DOA. Optimizations did not improve timing on the net.
INFO: [Physopt 32-608] Optimized 1 net.  Swapped 6 pins.
INFO: [Physopt 32-735] Processed net design_final_i/vga_0/U0/vga_instance/AXI_Stream_FIFO_inst/num_elem_reg[1]_0. Optimization improves timing on the net.
INFO: [Physopt 32-619] Estimated Timing Summary | WNS=-1.159 | TNS=-146.795 |
INFO: [Physopt 32-608] Optimized 1 net.  Swapped 6 pins.
INFO: [Physopt 32-735] Processed net design_final_i/vga_0/U0/vga_instance/AXI_Stream_FIFO_inst/num_elem_reg[1]_0_repN. Optimization improves timing on the net.
INFO: [Physopt 32-619] Estimated Timing Summary | WNS=-1.140 | TNS=-145.315 |
INFO: [Physopt 32-608] Optimized 1 net.  Swapped 6 pins.
INFO: [Physopt 32-735] Processed net design_final_i/vga_0/U0/vga_instance/AXI_Stream_FIFO_inst/num_elem_reg[3]_1_repN. Optimization improves timing on the net.
INFO: [Physopt 32-619] Estimated Timing Summary | WNS=-1.113 | TNS=-143.839 |
INFO: [Physopt 32-702] Processed net design_final_i/vga_0/U0/vga_instance/display_image_inst/image_inst/use_image/RAM_reg_192_255_3_5/DOA. Optimizations did not improve timing on the net.
INFO: [Physopt 32-663] Processed net design_final_i/vga_0/U0/vga_instance/AXI_Stream_FIFO_inst/num_elem_reg[1]_1.  Re-placed instance design_final_i/vga_0/U0/vga_instance/AXI_Stream_FIFO_inst/RAM_reg_192_255_0_2_i_1
INFO: [Physopt 32-735] Processed net design_final_i/vga_0/U0/vga_instance/AXI_Stream_FIFO_inst/num_elem_reg[1]_1. Optimization improves timing on the net.
INFO: [Physopt 32-619] Estimated Timing Summary | WNS=-1.112 | TNS=-144.359 |
INFO: [Physopt 32-81] Processed net design_final_i/vga_0/U0/vga_instance/AXI_Stream_FIFO_inst/num_elem_reg[3]_1. Replicated 1 times.
INFO: [Physopt 32-735] Processed net design_final_i/vga_0/U0/vga_instance/AXI_Stream_FIFO_inst/num_elem_reg[3]_1. Optimization improves timing on the net.
INFO: [Physopt 32-619] Estimated Timing Summary | WNS=-1.108 | TNS=-144.387 |
INFO: [Physopt 32-702] Processed net design_final_i/vga_0/U0/vga_instance/display_image_inst/image_inst/use_image/RAM_reg_192_255_6_8/DOA. Optimizations did not improve timing on the net.
INFO: [Physopt 32-81] Processed net design_final_i/vga_0/U0/vga_instance/AXI_Stream_FIFO_inst/num_elem_reg[1]_1. Replicated 1 times.
INFO: [Physopt 32-735] Processed net design_final_i/vga_0/U0/vga_instance/AXI_Stream_FIFO_inst/num_elem_reg[1]_1. Optimization improves timing on the net.
INFO: [Physopt 32-619] Estimated Timing Summary | WNS=-1.107 | TNS=-143.315 |
INFO: [Physopt 32-608] Optimized 1 net.  Swapped 52 pins.
INFO: [Physopt 32-735] Processed net design_final_i/vga_0/U0/vga_instance/AXI_Stream_FIFO_inst/num_elem_reg[3]_1. Optimization improves timing on the net.
INFO: [Physopt 32-619] Estimated Timing Summary | WNS=-0.965 | TNS=-140.763 |
INFO: [Physopt 32-702] Processed net design_final_i/vga_0/U0/vga_instance/display_image_inst/image_inst/use_image/RAM_reg_128_191_0_2/DOA. Optimizations did not improve timing on the net.
INFO: [Physopt 32-608] Optimized 1 net.  Swapped 6 pins.
INFO: [Physopt 32-735] Processed net design_final_i/vga_0/U0/vga_instance/AXI_Stream_FIFO_inst/num_elem_reg[3]_1_repN_1. Optimization improves timing on the net.
INFO: [Physopt 32-619] Estimated Timing Summary | WNS=-0.962 | TNS=-139.483 |
INFO: [Physopt 32-608] Optimized 1 net.  Swapped 6 pins.
INFO: [Physopt 32-735] Processed net design_final_i/vga_0/U0/vga_instance/AXI_Stream_FIFO_inst/num_elem_reg[1]_1. Optimization improves timing on the net.
INFO: [Physopt 32-619] Estimated Timing Summary | WNS=-0.950 | TNS=-137.419 |
INFO: [Physopt 32-608] Optimized 1 net.  Swapped 9 pins.
INFO: [Physopt 32-735] Processed net design_final_i/vga_0/U0/vga_instance/AXI_Stream_FIFO_inst/num_elem_reg[1]_1_repN_1. Optimization improves timing on the net.
INFO: [Physopt 32-619] Estimated Timing Summary | WNS=-0.943 | TNS=-135.527 |
INFO: [Physopt 32-702] Processed net design_final_i/vga_0/U0/vga_instance/display_image_inst/image_inst/use_image/RAM_reg_64_127_0_2/DOA. Optimizations did not improve timing on the net.
INFO: [Physopt 32-608] Optimized 1 net.  Swapped 18 pins.
INFO: [Physopt 32-735] Processed net design_final_i/vga_0/U0/vga_instance/AXI_Stream_FIFO_inst/num_elem_reg[3]_0_repN. Optimization improves timing on the net.
INFO: [Physopt 32-619] Estimated Timing Summary | WNS=-0.933 | TNS=-134.255 |
INFO: [Physopt 32-702] Processed net design_final_i/vga_0/U0/vga_instance/AXI_Stream_FIFO_inst/num_elem_reg[1]_1_repN. Optimizations did not improve timing on the net.
INFO: [Physopt 32-702] Processed net design_final_i/vga_0/U0/vga_instance/AXI_Stream_FIFO_inst/fifo_reg_0_15_12_17/DOB0. Optimizations did not improve timing on the net.
INFO: [Physopt 32-81] Processed net design_final_i/vga_0/U0/vga_instance/AXI_Stream_FIFO_inst/read_pointer[1]. Replicated 1 times.
INFO: [Physopt 32-735] Processed net design_final_i/vga_0/U0/vga_instance/AXI_Stream_FIFO_inst/read_pointer[1]. Optimization improves timing on the net.
INFO: [Physopt 32-619] Estimated Timing Summary | WNS=-0.933 | TNS=-101.280 |
INFO: [Physopt 32-81] Processed net design_final_i/vga_0/U0/vga_instance/AXI_Stream_FIFO_inst/read_pointer[1]_repN. Replicated 2 times.
INFO: [Physopt 32-735] Processed net design_final_i/vga_0/U0/vga_instance/AXI_Stream_FIFO_inst/read_pointer[1]_repN. Optimization improves timing on the net.
INFO: [Physopt 32-619] Estimated Timing Summary | WNS=-0.913 | TNS=-97.928 |
INFO: [Physopt 32-663] Processed net design_final_i/vga_0/U0/vga_instance/AXI_Stream_FIFO_inst/read_pointer[1]_repN_1.  Re-placed instance design_final_i/vga_0/U0/vga_instance/AXI_Stream_FIFO_inst/read_pointer_reg[1]_replica_1
INFO: [Physopt 32-735] Processed net design_final_i/vga_0/U0/vga_instance/AXI_Stream_FIFO_inst/read_pointer[1]_repN_1. Optimization improves timing on the net.
INFO: [Physopt 32-619] Estimated Timing Summary | WNS=-0.911 | TNS=-97.800 |
INFO: [Physopt 32-702] Processed net design_final_i/vga_0/U0/vga_instance/AXI_Stream_FIFO_inst/read_pointer[1]_repN_1. Optimizations did not improve timing on the net.
INFO: [Physopt 32-702] Processed net design_final_i/vga_0/U0/vga_instance/display_image_inst/image_inst/use_image/RAM_reg_192_255_0_2/DOA. Optimizations did not improve timing on the net.
INFO: [Physopt 32-702] Processed net design_final_i/clk_wiz_1/inst/clk_out1_design_final_clk_wiz_1_0. Optimizations did not improve timing on the net.
INFO: [Physopt 32-702] Processed net design_final_i/vga_0/U0/vga_instance/AXI_Stream_FIFO_inst/num_elem_reg[1]_1_repN. Optimizations did not improve timing on the net.
INFO: [Physopt 32-702] Processed net design_final_i/vga_0/U0/vga_instance/AXI_Stream_FIFO_inst/fifo_reg_0_15_12_17/DOB0. Optimizations did not improve timing on the net.
INFO: [Physopt 32-702] Processed net design_final_i/vga_0/U0/vga_instance/AXI_Stream_FIFO_inst/read_pointer[1]_repN_1. Optimizations did not improve timing on the net.
INFO: [Physopt 32-619] Estimated Timing Summary | WNS=-0.911 | TNS=-97.800 |
Phase 3 Critical Path Optimization | Checksum: 12bea8c90

Time (s): cpu = 00:00:05 ; elapsed = 00:00:03 . Memory (MB): peak = 2069.238 ; gain = 0.000

Phase 4 Critical Path Optimization
INFO: [Physopt 32-619] Estimated Timing Summary | WNS=-0.911 | TNS=-97.800 |
INFO: [Physopt 32-702] Processed net design_final_i/vga_0/U0/vga_instance/display_image_inst/image_inst/use_image/RAM_reg_192_255_0_2/DOA. Optimizations did not improve timing on the net.
INFO: [Physopt 32-702] Processed net design_final_i/clk_wiz_1/inst/clk_out1_design_final_clk_wiz_1_0. Optimizations did not improve timing on the net.
INFO: [Physopt 32-702] Processed net design_final_i/vga_0/U0/vga_instance/AXI_Stream_FIFO_inst/num_elem_reg[1]_1_repN. Optimizations did not improve timing on the net.
INFO: [Physopt 32-702] Processed net design_final_i/vga_0/U0/vga_instance/AXI_Stream_FIFO_inst/fifo_reg_0_15_12_17/DOB0. Optimizations did not improve timing on the net.
INFO: [Physopt 32-702] Processed net design_final_i/vga_0/U0/vga_instance/AXI_Stream_FIFO_inst/read_pointer[1]_repN_1. Optimizations did not improve timing on the net.
INFO: [Physopt 32-702] Processed net design_final_i/vga_0/U0/vga_instance/display_image_inst/image_inst/use_image/RAM_reg_192_255_0_2/DOA. Optimizations did not improve timing on the net.
INFO: [Physopt 32-702] Processed net design_final_i/clk_wiz_1/inst/clk_out1_design_final_clk_wiz_1_0. Optimizations did not improve timing on the net.
INFO: [Physopt 32-702] Processed net design_final_i/vga_0/U0/vga_instance/AXI_Stream_FIFO_inst/num_elem_reg[1]_1_repN. Optimizations did not improve timing on the net.
INFO: [Physopt 32-702] Processed net design_final_i/vga_0/U0/vga_instance/AXI_Stream_FIFO_inst/fifo_reg_0_15_12_17/DOB0. Optimizations did not improve timing on the net.
INFO: [Physopt 32-702] Processed net design_final_i/vga_0/U0/vga_instance/AXI_Stream_FIFO_inst/read_pointer[1]_repN_1. Optimizations did not improve timing on the net.
INFO: [Physopt 32-619] Estimated Timing Summary | WNS=-0.911 | TNS=-97.800 |
Phase 4 Critical Path Optimization | Checksum: 12bea8c90

Time (s): cpu = 00:00:05 ; elapsed = 00:00:04 . Memory (MB): peak = 2069.238 ; gain = 0.000
Netlist sorting complete. Time (s): cpu = 00:00:00 ; elapsed = 00:00:00.007 . Memory (MB): peak = 2069.238 ; gain = 0.000
INFO: [Physopt 32-603] Post Physical Optimization Timing Summary | WNS=-0.911 | TNS=-97.800 |

Summary of Physical Synthesis Optimizations
============================================


-------------------------------------------------------------------------------------------------------------------------------------------------------------
|  Optimization   |  WNS Gain (ns)  |  TNS Gain (ns)  |  Added Cells  |  Removed Cells  |  Optimized Cells/Nets  |  Dont Touch  |  Iterations  |  Elapsed   |
-------------------------------------------------------------------------------------------------------------------------------------------------------------
|  DSP Register   |          0.000  |          0.000  |            0  |              0  |                     0  |           0  |           1  |  00:00:00  |
|  Critical Path  |          0.420  |         65.247  |            9  |              0  |                    22  |           0  |           2  |  00:00:03  |
|  Total          |          0.420  |         65.247  |            9  |              0  |                    22  |           0  |           3  |  00:00:03  |
-------------------------------------------------------------------------------------------------------------------------------------------------------------


Netlist sorting complete. Time (s): cpu = 00:00:00 ; elapsed = 00:00:00.005 . Memory (MB): peak = 2069.238 ; gain = 0.000
Ending Physical Synthesis Task | Checksum: 1c1f5c674

Time (s): cpu = 00:00:05 ; elapsed = 00:00:04 . Memory (MB): peak = 2069.238 ; gain = 0.000
INFO: [Common 17-83] Releasing license: Implementation
200 Infos, 1 Warnings, 0 Critical Warnings and 0 Errors encountered.
phys_opt_design completed successfully
INFO: [Timing 38-480] Writing timing data to binary archive.
Writing XDEF routing.
Writing XDEF routing logical nets.
Writing XDEF routing special nets.
Write XDEF Complete: Time (s): cpu = 00:00:02 ; elapsed = 00:00:00.460 . Memory (MB): peak = 2069.238 ; gain = 0.000
INFO: [Common 17-1381] The checkpoint 'C:/Users/oscar/OneDrive/Documentos/UCM/5_QUINTO/SE/Practicas_SE/ProyectoFinal/hw/proyectoFinal.runs/impl_1/design_final_wrapper_physopt.dcp' has been generated.
Command: route_design
Attempting to get a license for feature 'Implementation' and/or device 'xc7a35t'
INFO: [Common 17-349] Got license for feature 'Implementation' and/or device 'xc7a35t'
INFO: [DRC 23-27] Running DRC with 2 threads
INFO: [Vivado_Tcl 4-198] DRC finished with 0 Errors
INFO: [Vivado_Tcl 4-199] Please refer to the DRC report (report_drc) for more information.
Running DRC as a precondition to command route_design
INFO: [DRC 23-27] Running DRC with 2 threads
INFO: [Vivado_Tcl 4-198] DRC finished with 0 Errors
INFO: [Vivado_Tcl 4-199] Please refer to the DRC report (report_drc) for more information.


Starting Routing Task
INFO: [Route 35-254] Multithreading enabled for route_design using a maximum of 2 CPUs

Phase 1 Build RT Design
Checksum: PlaceDB: c0b1f71b ConstDB: 0 ShapeSum: 8ae0efe0 RouteDB: 0
Post Restoration Checksum: NetGraph: fa6d624 | NumContArr: c2522c36 | Constraints: 190a55ad | Timing: 0
Phase 1 Build RT Design | Checksum: eb035807

Time (s): cpu = 00:00:22 ; elapsed = 00:00:21 . Memory (MB): peak = 2097.676 ; gain = 28.438

Phase 2 Router Initialization

Phase 2.1 Fix Topology Constraints
Phase 2.1 Fix Topology Constraints | Checksum: eb035807

Time (s): cpu = 00:00:22 ; elapsed = 00:00:21 . Memory (MB): peak = 2097.676 ; gain = 28.438

Phase 2.2 Pre Route Cleanup
Phase 2.2 Pre Route Cleanup | Checksum: eb035807

Time (s): cpu = 00:00:22 ; elapsed = 00:00:21 . Memory (MB): peak = 2097.676 ; gain = 28.438
 Number of Nodes with overlaps = 0

Phase 2.3 Update Timing
Phase 2.3 Update Timing | Checksum: 1cb75c09a

Time (s): cpu = 00:00:24 ; elapsed = 00:00:23 . Memory (MB): peak = 2104.898 ; gain = 35.660
INFO: [Route 35-416] Intermediate Timing Summary | WNS=-0.850 | TNS=-73.899| WHS=-1.298 | THS=-633.848|


Router Utilization Summary
  Global Vertical Routing Utilization    = 0.00701587 %
  Global Horizontal Routing Utilization  = 0.00169183 %
  Routable Net Status*
  *Does not include unroutable nets such as driverless and loadless.
  Run report_route_status for detailed report.
  Number of Failed Nets               = 3833
    (Failed Nets is the sum of unrouted and partially routed nets)
  Number of Unrouted Nets             = 3832
  Number of Partially Routed Nets     = 1
  Number of Node Overlaps             = 0

Phase 2 Router Initialization | Checksum: 1bfe8eb40

Time (s): cpu = 00:00:25 ; elapsed = 00:00:23 . Memory (MB): peak = 2112.973 ; gain = 43.734

Phase 3 Initial Routing

Phase 3.1 Global Routing
Phase 3.1 Global Routing | Checksum: 1bfe8eb40

Time (s): cpu = 00:00:25 ; elapsed = 00:00:23 . Memory (MB): peak = 2112.973 ; gain = 43.734
Phase 3 Initial Routing | Checksum: 28b09710c

Time (s): cpu = 00:00:51 ; elapsed = 00:00:37 . Memory (MB): peak = 2142.348 ; gain = 73.109
INFO: [Route 35-580] Design has 496 pins with tight setup and hold constraints.

The top 5 pins with tight setup and hold constraints:

+===================================+===================================+==========================================================================================================+
| Launch Setup Clock                | Launch Hold Clock                 | Pin                                                                                                      |
+===================================+===================================+==========================================================================================================+
| clk_out1_design_final_clk_wiz_1_0 | clk_out1_design_final_clk_wiz_1_0 | design_final_i/vga_0/U0/vga_instance/display_image_inst/image_inst/use_image/RAM_reg_128_191_0_2/RAMC/WE |
| clk_out1_design_final_clk_wiz_1_0 | clk_out1_design_final_clk_wiz_1_0 | design_final_i/vga_0/U0/vga_instance/display_image_inst/image_inst/use_image/RAM_reg_128_191_0_2/RAMB/WE |
| clk_out1_design_final_clk_wiz_1_0 | clk_out1_design_final_clk_wiz_1_0 | design_final_i/vga_0/U0/vga_instance/display_image_inst/image_inst/use_image/RAM_reg_128_191_0_2/RAMD/WE |
| clk_out1_design_final_clk_wiz_1_0 | clk_out1_design_final_clk_wiz_1_0 | design_final_i/vga_0/U0/vga_instance/display_image_inst/image_inst/use_image/RAM_reg_128_191_0_2/RAMA/WE |
| clk_out1_design_final_clk_wiz_1_0 | clk_out1_design_final_clk_wiz_1_0 | design_final_i/vga_0/U0/vga_instance/display_image_inst/image_inst/use_image/RAM_reg_64_127_6_8/RAMD/WE  |
+-----------------------------------+-----------------------------------+----------------------------------------------------------------------------------------------------------+

File with complete list of pins: tight_setup_hold_pins.txt


Phase 4 Rip-up And Reroute

Phase 4.1 Global Iteration 0
 Number of Nodes with overlaps = 462
 Number of Nodes with overlaps = 72
 Number of Nodes with overlaps = 18
 Number of Nodes with overlaps = 7
 Number of Nodes with overlaps = 32
 Number of Nodes with overlaps = 3
 Number of Nodes with overlaps = 11
INFO: [Route 35-416] Intermediate Timing Summary | WNS=-6.701 | TNS=-3151.111| WHS=N/A    | THS=N/A    |

WARNING: [Route 35-447] Congestion is preventing the router from routing all nets. The router will prioritize the successful completion of routing all nets over timing optimizations.
Phase 4.1 Global Iteration 0 | Checksum: 741e5b2e

Time (s): cpu = 00:12:20 ; elapsed = 00:08:17 . Memory (MB): peak = 2513.938 ; gain = 444.699

Phase 4.2 Global Iteration 1
 Number of Nodes with overlaps = 3
 Number of Nodes with overlaps = 10
 Number of Nodes with overlaps = 0
INFO: [Route 35-416] Intermediate Timing Summary | WNS=-7.596 | TNS=-3317.475| WHS=N/A    | THS=N/A    |

Phase 4.2 Global Iteration 1 | Checksum: 1aa6e665b

Time (s): cpu = 00:14:17 ; elapsed = 00:10:14 . Memory (MB): peak = 2513.938 ; gain = 444.699

Phase 4.3 Global Iteration 2
 Number of Nodes with overlaps = 59
 Number of Nodes with overlaps = 47
 Number of Nodes with overlaps = 26
 Number of Nodes with overlaps = 5
 Number of Nodes with overlaps = 5
 Number of Nodes with overlaps = 0
INFO: [Route 35-416] Intermediate Timing Summary | WNS=-7.425 | TNS=-3259.587| WHS=N/A    | THS=N/A    |

Phase 4.3 Global Iteration 2 | Checksum: cc2d0cbc

Time (s): cpu = 00:18:54 ; elapsed = 00:14:41 . Memory (MB): peak = 2513.938 ; gain = 444.699

Phase 4.4 Global Iteration 3
 Number of Nodes with overlaps = 4
 Number of Nodes with overlaps = 40
 Number of Nodes with overlaps = 0
INFO: [Route 35-416] Intermediate Timing Summary | WNS=-7.039 | TNS=-3216.171| WHS=N/A    | THS=N/A    |

Phase 4.4 Global Iteration 3 | Checksum: f23c044c

Time (s): cpu = 00:20:05 ; elapsed = 00:15:51 . Memory (MB): peak = 2513.938 ; gain = 444.699
Phase 4 Rip-up And Reroute | Checksum: f23c044c

Time (s): cpu = 00:20:05 ; elapsed = 00:15:51 . Memory (MB): peak = 2513.938 ; gain = 444.699

Phase 5 Delay and Skew Optimization

Phase 5.1 Delay CleanUp

Phase 5.1.1 Update Timing
Phase 5.1.1 Update Timing | Checksum: 14c3daaf3

Time (s): cpu = 00:20:05 ; elapsed = 00:15:51 . Memory (MB): peak = 2513.938 ; gain = 444.699
INFO: [Route 35-416] Intermediate Timing Summary | WNS=-7.039 | TNS=-3216.171| WHS=N/A    | THS=N/A    |

Phase 5.1 Delay CleanUp | Checksum: 14c3daaf3

Time (s): cpu = 00:20:05 ; elapsed = 00:15:51 . Memory (MB): peak = 2513.938 ; gain = 444.699

Phase 5.2 Clock Skew Optimization
Phase 5.2 Clock Skew Optimization | Checksum: 14c3daaf3

Time (s): cpu = 00:20:05 ; elapsed = 00:15:51 . Memory (MB): peak = 2513.938 ; gain = 444.699
Phase 5 Delay and Skew Optimization | Checksum: 14c3daaf3

Time (s): cpu = 00:20:05 ; elapsed = 00:15:51 . Memory (MB): peak = 2513.938 ; gain = 444.699

Phase 6 Post Hold Fix

Phase 6.1 Hold Fix Iter

Phase 6.1.1 Update Timing
Phase 6.1.1 Update Timing | Checksum: 1104cd9a4

Time (s): cpu = 00:20:05 ; elapsed = 00:15:51 . Memory (MB): peak = 2513.938 ; gain = 444.699
INFO: [Route 35-416] Intermediate Timing Summary | WNS=-7.039 | TNS=-3216.171| WHS=0.070  | THS=0.000  |

Phase 6.1 Hold Fix Iter | Checksum: 1104cd9a4

Time (s): cpu = 00:20:05 ; elapsed = 00:15:51 . Memory (MB): peak = 2513.938 ; gain = 444.699
Phase 6 Post Hold Fix | Checksum: 1104cd9a4

Time (s): cpu = 00:20:05 ; elapsed = 00:15:51 . Memory (MB): peak = 2513.938 ; gain = 444.699

Phase 7 Route finalize

Router Utilization Summary
  Global Vertical Routing Utilization    = 1.54827 %
  Global Horizontal Routing Utilization  = 2.00807 %
  Routable Net Status*
  *Does not include unroutable nets such as driverless and loadless.
  Run report_route_status for detailed report.
  Number of Failed Nets               = 0
    (Failed Nets is the sum of unrouted and partially routed nets)
  Number of Unrouted Nets             = 0
  Number of Partially Routed Nets     = 0
  Number of Node Overlaps             = 0


--GLOBAL Congestion:
Utilization threshold used for congestion level computation: 0.85
Congestion Report
North Dir 1x1 Area, Max Cong = 47.7477%, No Congested Regions.
South Dir 1x1 Area, Max Cong = 55.8559%, No Congested Regions.
East Dir 1x1 Area, Max Cong = 66.1765%, No Congested Regions.
West Dir 1x1 Area, Max Cong = 58.8235%, No Congested Regions.

------------------------------
Reporting congestion hotspots
------------------------------
Direction: North
----------------
Congested clusters found at Level 0
Effective congestion level: 0 Aspect Ratio: 1 Sparse Ratio: 0
Direction: South
----------------
Congested clusters found at Level 0
Effective congestion level: 0 Aspect Ratio: 1 Sparse Ratio: 0
Direction: East
----------------
Congested clusters found at Level 0
Effective congestion level: 0 Aspect Ratio: 1 Sparse Ratio: 0
Direction: West
----------------
Congested clusters found at Level 0
Effective congestion level: 0 Aspect Ratio: 1 Sparse Ratio: 0

Phase 7 Route finalize | Checksum: 13adb4ac3

Time (s): cpu = 00:20:05 ; elapsed = 00:15:51 . Memory (MB): peak = 2513.938 ; gain = 444.699

Phase 8 Verifying routed nets

 Verification completed successfully
Phase 8 Verifying routed nets | Checksum: 13adb4ac3

Time (s): cpu = 00:20:05 ; elapsed = 00:15:52 . Memory (MB): peak = 2513.938 ; gain = 444.699

Phase 9 Depositing Routes
Phase 9 Depositing Routes | Checksum: 115c38c6e

Time (s): cpu = 00:20:06 ; elapsed = 00:15:52 . Memory (MB): peak = 2513.938 ; gain = 444.699

Phase 10 Post Router Timing
INFO: [Route 35-57] Estimated Timing Summary | WNS=-7.039 | TNS=-3216.171| WHS=0.070  | THS=0.000  |

WARNING: [Route 35-328] Router estimated timing not met.
Resolution: For a complete and accurate timing signoff, report_timing_summary must be run after route_design. Alternatively, route_design can be run with the -timing_summary option to enable a complete timing signoff at the end of route_design.
Phase 10 Post Router Timing | Checksum: 115c38c6e

Time (s): cpu = 00:20:06 ; elapsed = 00:15:52 . Memory (MB): peak = 2513.938 ; gain = 444.699
INFO: [Route 35-16] Router Completed Successfully

Phase 11 Post-Route Event Processing
Phase 11 Post-Route Event Processing | Checksum: 12a2db512

Time (s): cpu = 00:20:06 ; elapsed = 00:15:52 . Memory (MB): peak = 2513.938 ; gain = 444.699

Time (s): cpu = 00:20:06 ; elapsed = 00:15:52 . Memory (MB): peak = 2513.938 ; gain = 444.699

Routing Is Done.
INFO: [Common 17-83] Releasing license: Implementation
221 Infos, 3 Warnings, 0 Critical Warnings and 0 Errors encountered.
route_design completed successfully
route_design: Time (s): cpu = 00:20:08 ; elapsed = 00:15:53 . Memory (MB): peak = 2513.938 ; gain = 444.699
INFO: [runtcl-4] Executing : report_drc -file design_final_wrapper_drc_routed.rpt -pb design_final_wrapper_drc_routed.pb -rpx design_final_wrapper_drc_routed.rpx
Command: report_drc -file design_final_wrapper_drc_routed.rpt -pb design_final_wrapper_drc_routed.pb -rpx design_final_wrapper_drc_routed.rpx
INFO: [IP_Flow 19-1839] IP Catalog is up to date.
INFO: [DRC 23-27] Running DRC with 2 threads
INFO: [Vivado_Tcl 2-168] The results of DRC are in file C:/Users/oscar/OneDrive/Documentos/UCM/5_QUINTO/SE/Practicas_SE/ProyectoFinal/hw/proyectoFinal.runs/impl_1/design_final_wrapper_drc_routed.rpt.
report_drc completed successfully
INFO: [runtcl-4] Executing : report_methodology -file design_final_wrapper_methodology_drc_routed.rpt -pb design_final_wrapper_methodology_drc_routed.pb -rpx design_final_wrapper_methodology_drc_routed.rpx
Command: report_methodology -file design_final_wrapper_methodology_drc_routed.rpt -pb design_final_wrapper_methodology_drc_routed.pb -rpx design_final_wrapper_methodology_drc_routed.rpx
INFO: [Timing 38-35] Done setting XDC timing constraints.
INFO: [DRC 23-133] Running Methodology with 2 threads
INFO: [Vivado_Tcl 2-1520] The results of Report Methodology are in file C:/Users/oscar/OneDrive/Documentos/UCM/5_QUINTO/SE/Practicas_SE/ProyectoFinal/hw/proyectoFinal.runs/impl_1/design_final_wrapper_methodology_drc_routed.rpt.
report_methodology completed successfully
INFO: [runtcl-4] Executing : report_power -file design_final_wrapper_power_routed.rpt -pb design_final_wrapper_power_summary_routed.pb -rpx design_final_wrapper_power_routed.rpx
Command: report_power -file design_final_wrapper_power_routed.rpt -pb design_final_wrapper_power_summary_routed.pb -rpx design_final_wrapper_power_routed.rpx
INFO: [Timing 38-35] Done setting XDC timing constraints.
Running Vector-less Activity Propagation...

Finished Running Vector-less Activity Propagation
WARNING: [Power 33-332] Found switching activity that implies high-fanout reset nets being asserted for excessive periods of time which may result in inaccurate power analysis.
Resolution: To review and fix problems, please run Power Constraints Advisor in the GUI from Tools > Power Constraints Advisor or run report_power with the -advisory option to generate a text report.
231 Infos, 4 Warnings, 0 Critical Warnings and 0 Errors encountered.
report_power completed successfully
INFO: [runtcl-4] Executing : report_route_status -file design_final_wrapper_route_status.rpt -pb design_final_wrapper_route_status.pb
INFO: [runtcl-4] Executing : report_timing_summary -max_paths 10 -report_unconstrained -file design_final_wrapper_timing_summary_routed.rpt -pb design_final_wrapper_timing_summary_routed.pb -rpx design_final_wrapper_timing_summary_routed.rpx -warn_on_violation 
INFO: [Timing 38-91] UpdateTimingParams: Speed grade: -1, Delay Type: min_max.
INFO: [Timing 38-191] Multithreading enabled for timing update using a maximum of 2 CPUs
CRITICAL WARNING: [Timing 38-282] The design failed to meet the timing requirements. Please see the timing summary report for details on the timing violations.
INFO: [runtcl-4] Executing : report_incremental_reuse -file design_final_wrapper_incremental_reuse_routed.rpt
INFO: [Vivado_Tcl 4-1062] Incremental flow is disabled. No incremental reuse Info to report.
INFO: [runtcl-4] Executing : report_clock_utilization -file design_final_wrapper_clock_utilization_routed.rpt
INFO: [runtcl-4] Executing : report_bus_skew -warn_on_violation -file design_final_wrapper_bus_skew_routed.rpt -pb design_final_wrapper_bus_skew_routed.pb -rpx design_final_wrapper_bus_skew_routed.rpx
INFO: [Timing 38-91] UpdateTimingParams: Speed grade: -1, Delay Type: min_max.
INFO: [Timing 38-191] Multithreading enabled for timing update using a maximum of 2 CPUs
INFO: [Timing 38-480] Writing timing data to binary archive.
Writing XDEF routing.
Writing XDEF routing logical nets.
Writing XDEF routing special nets.
Write XDEF Complete: Time (s): cpu = 00:00:01 ; elapsed = 00:00:00.499 . Memory (MB): peak = 2513.938 ; gain = 0.000
INFO: [Common 17-1381] The checkpoint 'C:/Users/oscar/OneDrive/Documentos/UCM/5_QUINTO/SE/Practicas_SE/ProyectoFinal/hw/proyectoFinal.runs/impl_1/design_final_wrapper_routed.dcp' has been generated.
Command: write_bitstream -force design_final_wrapper.bit
Attempting to get a license for feature 'Implementation' and/or device 'xc7a35t'
INFO: [Common 17-349] Got license for feature 'Implementation' and/or device 'xc7a35t'
Running DRC as a precondition to command write_bitstream
INFO: [IP_Flow 19-1839] IP Catalog is up to date.
INFO: [DRC 23-27] Running DRC with 2 threads
WARNING: [DRC CFGBVS-1] Missing CFGBVS and CONFIG_VOLTAGE Design Properties: Neither the CFGBVS nor CONFIG_VOLTAGE voltage property is set in the current_design.  Configuration bank voltage select (CFGBVS) must be set to VCCO or GND, and CONFIG_VOLTAGE must be set to the correct configuration voltage, in order to determine the I/O voltage support for the pins in bank 0.  It is suggested to specify these either using the 'Edit Device Properties' function in the GUI or directly in the XDC file using the following syntax:

 set_property CFGBVS value1 [current_design]
 #where value1 is either VCCO or GND

 set_property CONFIG_VOLTAGE value2 [current_design]
 #where value2 is the voltage provided to configuration bank 0

Refer to the device configuration user guide for more information.
INFO: [Vivado 12-3199] DRC finished with 0 Errors, 1 Warnings
INFO: [Vivado 12-3200] Please refer to the DRC report (report_drc) for more information.
INFO: [Designutils 20-2272] Running write_bitstream with 2 threads.
Loading data files...
Loading site data...
Loading route data...
Processing options...
Creating bitmap...
Creating bitstream...
Writing bitstream ./design_final_wrapper.bit...
INFO: [Vivado 12-1842] Bitgen Completed Successfully.
INFO: [Project 1-1876] WebTalk data collection is mandatory when using a ULT device. To see the specific WebTalk data collected for your design, open the usage_statistics_webtalk.html or usage_statistics_webtalk.xml file in the implementation directory.
INFO: [Common 17-83] Releasing license: Implementation
14 Infos, 1 Warnings, 0 Critical Warnings and 0 Errors encountered.
write_bitstream completed successfully
write_bitstream: Time (s): cpu = 00:00:15 ; elapsed = 00:00:12 . Memory (MB): peak = 2684.219 ; gain = 170.281
INFO: [Common 17-206] Exiting Vivado at Tue Jan 27 01:56:05 2026...
