TRACE::2025-11-07.20:58:36::SCWPlatform::Trying to open the hw design at C:/Users/oscar/OneDrive/Documentos/UCM/QUINTO/SE/Practicas_SE/Practica3/sw/design_3_wrapper/hw/design_3_wrapper.xsa
TRACE::2025-11-07.20:58:36::SCWPlatform::DSA given C:/Users/oscar/OneDrive/Documentos/UCM/QUINTO/SE/Practicas_SE/Practica3/sw/design_3_wrapper/hw/design_3_wrapper.xsa
TRACE::2025-11-07.20:58:36::SCWPlatform::DSA absoulate path C:/Users/oscar/OneDrive/Documentos/UCM/QUINTO/SE/Practicas_SE/Practica3/sw/design_3_wrapper/hw/design_3_wrapper.xsa
TRACE::2025-11-07.20:58:36::SCWPlatform::DSA directory C:/Users/oscar/OneDrive/Documentos/UCM/QUINTO/SE/Practicas_SE/Practica3/sw/design_3_wrapper/hw
TRACE::2025-11-07.20:58:36::SCWPlatform:: Platform Path C:/Users/oscar/OneDrive/Documentos/UCM/QUINTO/SE/Practicas_SE/Practica3/sw/design_3_wrapper/hw/design_3_wrapper.xsa
TRACE::2025-11-07.20:58:36::SCWPlatform:: Unique name xilinx:basys3::0.0
TRACE::2025-11-07.20:58:36::SCWPlatform::Do not have an existing db opened. 
TRACE::2025-11-07.20:58:36::SCWPlatform::Opened new HwDB with name design_3_wrapper_0
TRACE::2025-11-07.20:58:36::SCWWriter::formatted JSON is {
	"platformName":	"design_3_wrapper",
	"sprVersion":	"2.0",
	"mode":	"gui",
	"dsaType":	"Fixed",
	"platformDesc":	"design_3_wrapper",
	"platHandOff":	"C:/Users/oscar/OneDrive/Documentos/UCM/QUINTO/SE/Practicas_SE/Practica3/hw/Practica3/design_3_wrapper.xsa",
	"platIntHandOff":	"<platformDir>/hw/design_3_wrapper.xsa",
	"deviceType":	"FPGA",
	"platIsPrebuiltAutogen":	"false",
	"platIsNoBootBsp":	"false",
	"hasFsblMakeHasChanges":	"false",
	"hasPmufwMakeHasChanges":	"false",
	"platPreBuiltFlag":	false,
	"platformSamplesDir":	""
}
TRACE::2025-11-07.20:58:36::SCWWriter::formatted JSON is {
	"platformName":	"design_3_wrapper",
	"sprVersion":	"2.0",
	"mode":	"gui",
	"dsaType":	"Fixed",
	"platformDesc":	"design_3_wrapper",
	"platHandOff":	"C:/Users/oscar/OneDrive/Documentos/UCM/QUINTO/SE/Practicas_SE/Practica3/hw/Practica3/design_3_wrapper.xsa",
	"platIntHandOff":	"<platformDir>/hw/design_3_wrapper.xsa",
	"deviceType":	"FPGA",
	"platIsPrebuiltAutogen":	"false",
	"platIsNoBootBsp":	"false",
	"hasFsblMakeHasChanges":	"false",
	"hasPmufwMakeHasChanges":	"false",
	"platPreBuiltFlag":	false,
	"platformSamplesDir":	"",
	"platActiveSys":	"design_3_wrapper",
	"systems":	[{
			"systemName":	"design_3_wrapper",
			"systemDesc":	"design_3_wrapper",
			"sysIsBootAutoGen":	"true",
			"systemDispName":	"design_3_wrapper"
		}]
}
TRACE::2025-11-07.20:58:36::SCWPlatform::Boot application domains not present, creating them
TRACE::2025-11-07.20:58:36::SCWPlatform::Pure FPGA device, no boot application will be created.
TRACE::2025-11-07.20:58:36::SCWWriter::formatted JSON is {
	"platformName":	"design_3_wrapper",
	"sprVersion":	"2.0",
	"mode":	"gui",
	"dsaType":	"Fixed",
	"platformDesc":	"design_3_wrapper",
	"platHandOff":	"C:/Users/oscar/OneDrive/Documentos/UCM/QUINTO/SE/Practicas_SE/Practica3/hw/Practica3/design_3_wrapper.xsa",
	"platIntHandOff":	"<platformDir>/hw/design_3_wrapper.xsa",
	"deviceType":	"FPGA",
	"platIsPrebuiltAutogen":	"false",
	"platIsNoBootBsp":	"false",
	"hasFsblMakeHasChanges":	"false",
	"hasPmufwMakeHasChanges":	"false",
	"platPreBuiltFlag":	false,
	"platformSamplesDir":	"",
	"platActiveSys":	"design_3_wrapper",
	"systems":	[{
			"systemName":	"design_3_wrapper",
			"systemDesc":	"design_3_wrapper",
			"sysIsBootAutoGen":	"true",
			"systemDispName":	"design_3_wrapper"
		}]
}
TRACE::2025-11-07.20:58:36::SCWWriter::formatted JSON is {
	"platformName":	"design_3_wrapper",
	"sprVersion":	"2.0",
	"mode":	"gui",
	"dsaType":	"Fixed",
	"platformDesc":	"design_3_wrapper",
	"platHandOff":	"C:/Users/oscar/OneDrive/Documentos/UCM/QUINTO/SE/Practicas_SE/Practica3/hw/Practica3/design_3_wrapper.xsa",
	"platIntHandOff":	"<platformDir>/hw/design_3_wrapper.xsa",
	"deviceType":	"FPGA",
	"platIsPrebuiltAutogen":	"false",
	"platIsNoBootBsp":	"false",
	"hasFsblMakeHasChanges":	"false",
	"hasPmufwMakeHasChanges":	"false",
	"platPreBuiltFlag":	false,
	"platformSamplesDir":	"",
	"platActiveSys":	"design_3_wrapper",
	"systems":	[{
			"systemName":	"design_3_wrapper",
			"systemDesc":	"design_3_wrapper",
			"sysIsBootAutoGen":	"true",
			"systemDispName":	"design_3_wrapper"
		}]
}
TRACE::2025-11-07.20:58:37::SCWPlatform::Trying to open the hw design at C:/Users/oscar/OneDrive/Documentos/UCM/QUINTO/SE/Practicas_SE/Practica3/sw/design_3_wrapper/hw/design_3_wrapper.xsa
TRACE::2025-11-07.20:58:37::SCWPlatform::DSA given C:/Users/oscar/OneDrive/Documentos/UCM/QUINTO/SE/Practicas_SE/Practica3/sw/design_3_wrapper/hw/design_3_wrapper.xsa
TRACE::2025-11-07.20:58:37::SCWPlatform::DSA absoulate path C:/Users/oscar/OneDrive/Documentos/UCM/QUINTO/SE/Practicas_SE/Practica3/sw/design_3_wrapper/hw/design_3_wrapper.xsa
TRACE::2025-11-07.20:58:37::SCWPlatform::DSA directory C:/Users/oscar/OneDrive/Documentos/UCM/QUINTO/SE/Practicas_SE/Practica3/sw/design_3_wrapper/hw
TRACE::2025-11-07.20:58:37::SCWPlatform:: Platform Path C:/Users/oscar/OneDrive/Documentos/UCM/QUINTO/SE/Practicas_SE/Practica3/sw/design_3_wrapper/hw/design_3_wrapper.xsa
TRACE::2025-11-07.20:58:37::SCWPlatform:: Unique name xilinx:basys3::0.0
TRACE::2025-11-07.20:58:37::SCWPlatform::Trying to set the existing hwdb with name design_3_wrapper_0
TRACE::2025-11-07.20:58:37::SCWPlatform::Opened existing hwdb design_3_wrapper_0
TRACE::2025-11-07.20:58:37::SCWPlatform::Found the Hw Db part of the input DSA
TRACE::2025-11-07.20:58:37::SCWPlatform::Trying to open the hw design at C:/Users/oscar/OneDrive/Documentos/UCM/QUINTO/SE/Practicas_SE/Practica3/sw/design_3_wrapper/hw/design_3_wrapper.xsa
TRACE::2025-11-07.20:58:37::SCWPlatform::DSA given C:/Users/oscar/OneDrive/Documentos/UCM/QUINTO/SE/Practicas_SE/Practica3/sw/design_3_wrapper/hw/design_3_wrapper.xsa
TRACE::2025-11-07.20:58:37::SCWPlatform::DSA absoulate path C:/Users/oscar/OneDrive/Documentos/UCM/QUINTO/SE/Practicas_SE/Practica3/sw/design_3_wrapper/hw/design_3_wrapper.xsa
TRACE::2025-11-07.20:58:37::SCWPlatform::DSA directory C:/Users/oscar/OneDrive/Documentos/UCM/QUINTO/SE/Practicas_SE/Practica3/sw/design_3_wrapper/hw
TRACE::2025-11-07.20:58:37::SCWPlatform:: Platform Path C:/Users/oscar/OneDrive/Documentos/UCM/QUINTO/SE/Practicas_SE/Practica3/sw/design_3_wrapper/hw/design_3_wrapper.xsa
TRACE::2025-11-07.20:58:37::SCWPlatform:: Unique name xilinx:basys3::0.0
TRACE::2025-11-07.20:58:37::SCWPlatform::Trying to set the existing hwdb with name design_3_wrapper_0
TRACE::2025-11-07.20:58:37::SCWPlatform::Opened existing hwdb design_3_wrapper_0
TRACE::2025-11-07.20:58:37::SCWPlatform::Found the Hw Db part of the input DSA
TRACE::2025-11-07.20:58:37::SCWDomain::checking for install qemu data   : 
TRACE::2025-11-07.20:58:37::SCWPlatform::Trying to open the hw design at C:/Users/oscar/OneDrive/Documentos/UCM/QUINTO/SE/Practicas_SE/Practica3/sw/design_3_wrapper/hw/design_3_wrapper.xsa
TRACE::2025-11-07.20:58:37::SCWPlatform::DSA given C:/Users/oscar/OneDrive/Documentos/UCM/QUINTO/SE/Practicas_SE/Practica3/sw/design_3_wrapper/hw/design_3_wrapper.xsa
TRACE::2025-11-07.20:58:37::SCWPlatform::DSA absoulate path C:/Users/oscar/OneDrive/Documentos/UCM/QUINTO/SE/Practicas_SE/Practica3/sw/design_3_wrapper/hw/design_3_wrapper.xsa
TRACE::2025-11-07.20:58:37::SCWPlatform::DSA directory C:/Users/oscar/OneDrive/Documentos/UCM/QUINTO/SE/Practicas_SE/Practica3/sw/design_3_wrapper/hw
TRACE::2025-11-07.20:58:37::SCWPlatform:: Platform Path C:/Users/oscar/OneDrive/Documentos/UCM/QUINTO/SE/Practicas_SE/Practica3/sw/design_3_wrapper/hw/design_3_wrapper.xsa
TRACE::2025-11-07.20:58:37::SCWPlatform:: Unique name xilinx:basys3::0.0
TRACE::2025-11-07.20:58:37::SCWPlatform::Trying to set the existing hwdb with name design_3_wrapper_0
TRACE::2025-11-07.20:58:37::SCWPlatform::Opened existing hwdb design_3_wrapper_0
TRACE::2025-11-07.20:58:37::SCWPlatform::Found the Hw Db part of the input DSA
TRACE::2025-11-07.20:58:37::SCWPlatform::Trying to open the hw design at C:/Users/oscar/OneDrive/Documentos/UCM/QUINTO/SE/Practicas_SE/Practica3/sw/design_3_wrapper/hw/design_3_wrapper.xsa
TRACE::2025-11-07.20:58:37::SCWPlatform::DSA given C:/Users/oscar/OneDrive/Documentos/UCM/QUINTO/SE/Practicas_SE/Practica3/sw/design_3_wrapper/hw/design_3_wrapper.xsa
TRACE::2025-11-07.20:58:37::SCWPlatform::DSA absoulate path C:/Users/oscar/OneDrive/Documentos/UCM/QUINTO/SE/Practicas_SE/Practica3/sw/design_3_wrapper/hw/design_3_wrapper.xsa
TRACE::2025-11-07.20:58:37::SCWPlatform::DSA directory C:/Users/oscar/OneDrive/Documentos/UCM/QUINTO/SE/Practicas_SE/Practica3/sw/design_3_wrapper/hw
TRACE::2025-11-07.20:58:37::SCWPlatform:: Platform Path C:/Users/oscar/OneDrive/Documentos/UCM/QUINTO/SE/Practicas_SE/Practica3/sw/design_3_wrapper/hw/design_3_wrapper.xsa
TRACE::2025-11-07.20:58:37::SCWPlatform:: Unique name xilinx:basys3::0.0
TRACE::2025-11-07.20:58:37::SCWPlatform::Trying to set the existing hwdb with name design_3_wrapper_0
TRACE::2025-11-07.20:58:37::SCWPlatform::Opened existing hwdb design_3_wrapper_0
TRACE::2025-11-07.20:58:37::SCWPlatform::Found the Hw Db part of the input DSA
TRACE::2025-11-07.20:58:37::SCWPlatform::Trying to open the hw design at C:/Users/oscar/OneDrive/Documentos/UCM/QUINTO/SE/Practicas_SE/Practica3/sw/design_3_wrapper/hw/design_3_wrapper.xsa
TRACE::2025-11-07.20:58:37::SCWPlatform::DSA given C:/Users/oscar/OneDrive/Documentos/UCM/QUINTO/SE/Practicas_SE/Practica3/sw/design_3_wrapper/hw/design_3_wrapper.xsa
TRACE::2025-11-07.20:58:37::SCWPlatform::DSA absoulate path C:/Users/oscar/OneDrive/Documentos/UCM/QUINTO/SE/Practicas_SE/Practica3/sw/design_3_wrapper/hw/design_3_wrapper.xsa
TRACE::2025-11-07.20:58:37::SCWPlatform::DSA directory C:/Users/oscar/OneDrive/Documentos/UCM/QUINTO/SE/Practicas_SE/Practica3/sw/design_3_wrapper/hw
TRACE::2025-11-07.20:58:37::SCWPlatform:: Platform Path C:/Users/oscar/OneDrive/Documentos/UCM/QUINTO/SE/Practicas_SE/Practica3/sw/design_3_wrapper/hw/design_3_wrapper.xsa
TRACE::2025-11-07.20:58:37::SCWPlatform:: Unique name xilinx:basys3::0.0
TRACE::2025-11-07.20:58:37::SCWPlatform::Trying to set the existing hwdb with name design_3_wrapper_0
TRACE::2025-11-07.20:58:37::SCWPlatform::Opened existing hwdb design_3_wrapper_0
TRACE::2025-11-07.20:58:37::SCWPlatform::Found the Hw Db part of the input DSA
TRACE::2025-11-07.20:58:37::SCWMssOS::Checking the sw design at  C:/Users/oscar/OneDrive/Documentos/UCM/QUINTO/SE/Practicas_SE/Practica3/sw/design_3_wrapper/microblaze_0/standalone_microblaze_0/bsp/system.mss
TRACE::2025-11-07.20:58:37::SCWMssOS::DEBUG:  swdes dump  
TRACE::2025-11-07.20:58:37::SCWMssOS::No sw design opened at  C:/Users/oscar/OneDrive/Documentos/UCM/QUINTO/SE/Practicas_SE/Practica3/sw/design_3_wrapper/microblaze_0/standalone_microblaze_0/bsp/system.mss
TRACE::2025-11-07.20:58:37::SCWMssOS::mss does not exists at C:/Users/oscar/OneDrive/Documentos/UCM/QUINTO/SE/Practicas_SE/Practica3/sw/design_3_wrapper/microblaze_0/standalone_microblaze_0/bsp/system.mss
TRACE::2025-11-07.20:58:37::SCWMssOS::Creating sw design at  C:/Users/oscar/OneDrive/Documentos/UCM/QUINTO/SE/Practicas_SE/Practica3/sw/design_3_wrapper/microblaze_0/standalone_microblaze_0/bsp/system.mss
TRACE::2025-11-07.20:58:37::SCWMssOS::Adding the swdes entry, created swdb C:/Users/oscar/OneDrive/Documentos/UCM/QUINTO/SE/Practicas_SE/Practica3/sw/design_3_wrapper/microblaze_0/standalone_microblaze_0/bsp/system.mss with des name C:/Users/oscar/OneDrive/Documentos/UCM/QUINTO/SE/Practicas_SE/Practica3/sw/design_3_wrapper/microblaze_0/standalone_microblaze_0/bsp/system.mss
TRACE::2025-11-07.20:58:37::SCWMssOS::updating the scw layer changes to swdes at   C:/Users/oscar/OneDrive/Documentos/UCM/QUINTO/SE/Practicas_SE/Practica3/sw/design_3_wrapper/microblaze_0/standalone_microblaze_0/bsp/system.mss
TRACE::2025-11-07.20:58:37::SCWMssOS::Writing mss at C:/Users/oscar/OneDrive/Documentos/UCM/QUINTO/SE/Practicas_SE/Practica3/sw/design_3_wrapper/microblaze_0/standalone_microblaze_0/bsp/system.mss
TRACE::2025-11-07.20:58:37::SCWMssOS::Completed writing the mss file at C:/Users/oscar/OneDrive/Documentos/UCM/QUINTO/SE/Practicas_SE/Practica3/sw/design_3_wrapper/microblaze_0/standalone_microblaze_0/bsp
TRACE::2025-11-07.20:58:37::SCWMssOS::Picking up changes from newly written mss file into SCW Layer. 
TRACE::2025-11-07.20:58:37::SCWMssOS::Updated the changes from newly written mss file into SCW Layer. 
TRACE::2025-11-07.20:58:37::SCWMssOS::Completed writing the mss file at C:/Users/oscar/OneDrive/Documentos/UCM/QUINTO/SE/Practicas_SE/Practica3/sw/design_3_wrapper/microblaze_0/standalone_microblaze_0/bsp
TRACE::2025-11-07.20:58:37::SCWMssOS::Forcing BSP Sources regeneration.
TRACE::2025-11-07.20:58:38::SCWMssOS::Saving the mss changes C:/Users/oscar/OneDrive/Documentos/UCM/QUINTO/SE/Practicas_SE/Practica3/sw/design_3_wrapper/microblaze_0/standalone_microblaze_0/bsp/system.mss
TRACE::2025-11-07.20:58:38::SCWMssOS::Adding the swdes entry, mss present, able to open swdb C:/Users/oscar/OneDrive/Documentos/UCM/QUINTO/SE/Practicas_SE/Practica3/sw/design_3_wrapper/microblaze_0/standalone_microblaze_0/bsp/system.mss with des name system
TRACE::2025-11-07.20:58:38::SCWMssOS::Writing the mss file completed C:/Users/oscar/OneDrive/Documentos/UCM/QUINTO/SE/Practicas_SE/Practica3/sw/design_3_wrapper/microblaze_0/standalone_microblaze_0/bsp/system.mss
TRACE::2025-11-07.20:58:38::SCWMssOS::Commit changes completed.
TRACE::2025-11-07.20:58:38::SCWPlatform::Trying to open the hw design at C:/Users/oscar/OneDrive/Documentos/UCM/QUINTO/SE/Practicas_SE/Practica3/sw/design_3_wrapper/hw/design_3_wrapper.xsa
TRACE::2025-11-07.20:58:38::SCWPlatform::DSA given C:/Users/oscar/OneDrive/Documentos/UCM/QUINTO/SE/Practicas_SE/Practica3/sw/design_3_wrapper/hw/design_3_wrapper.xsa
TRACE::2025-11-07.20:58:38::SCWPlatform::DSA absoulate path C:/Users/oscar/OneDrive/Documentos/UCM/QUINTO/SE/Practicas_SE/Practica3/sw/design_3_wrapper/hw/design_3_wrapper.xsa
TRACE::2025-11-07.20:58:38::SCWPlatform::DSA directory C:/Users/oscar/OneDrive/Documentos/UCM/QUINTO/SE/Practicas_SE/Practica3/sw/design_3_wrapper/hw
TRACE::2025-11-07.20:58:38::SCWPlatform:: Platform Path C:/Users/oscar/OneDrive/Documentos/UCM/QUINTO/SE/Practicas_SE/Practica3/sw/design_3_wrapper/hw/design_3_wrapper.xsa
TRACE::2025-11-07.20:58:38::SCWPlatform:: Unique name xilinx:basys3::0.0
TRACE::2025-11-07.20:58:38::SCWPlatform::Trying to set the existing hwdb with name design_3_wrapper_0
TRACE::2025-11-07.20:58:38::SCWPlatform::Opened existing hwdb design_3_wrapper_0
TRACE::2025-11-07.20:58:38::SCWPlatform::Found the Hw Db part of the input DSA
TRACE::2025-11-07.20:58:38::SCWMssOS::Checking the sw design at  C:/Users/oscar/OneDrive/Documentos/UCM/QUINTO/SE/Practicas_SE/Practica3/sw/design_3_wrapper/microblaze_0/standalone_microblaze_0/bsp/system.mss
TRACE::2025-11-07.20:58:38::SCWMssOS::DEBUG:  swdes dump  C:/Users/oscar/OneDrive/Documentos/UCM/QUINTO/SE/Practicas_SE/Practica3/sw/design_3_wrapper/microblaze_0/standalone_microblaze_0/bsp/system.mss|system||

TRACE::2025-11-07.20:58:38::SCWMssOS::Sw design exists and opened at  C:/Users/oscar/OneDrive/Documentos/UCM/QUINTO/SE/Practicas_SE/Practica3/sw/design_3_wrapper/microblaze_0/standalone_microblaze_0/bsp/system.mss
TRACE::2025-11-07.20:58:38::SCWPlatform::Trying to open the hw design at C:/Users/oscar/OneDrive/Documentos/UCM/QUINTO/SE/Practicas_SE/Practica3/sw/design_3_wrapper/hw/design_3_wrapper.xsa
TRACE::2025-11-07.20:58:38::SCWPlatform::DSA given C:/Users/oscar/OneDrive/Documentos/UCM/QUINTO/SE/Practicas_SE/Practica3/sw/design_3_wrapper/hw/design_3_wrapper.xsa
TRACE::2025-11-07.20:58:38::SCWPlatform::DSA absoulate path C:/Users/oscar/OneDrive/Documentos/UCM/QUINTO/SE/Practicas_SE/Practica3/sw/design_3_wrapper/hw/design_3_wrapper.xsa
TRACE::2025-11-07.20:58:38::SCWPlatform::DSA directory C:/Users/oscar/OneDrive/Documentos/UCM/QUINTO/SE/Practicas_SE/Practica3/sw/design_3_wrapper/hw
TRACE::2025-11-07.20:58:38::SCWPlatform:: Platform Path C:/Users/oscar/OneDrive/Documentos/UCM/QUINTO/SE/Practicas_SE/Practica3/sw/design_3_wrapper/hw/design_3_wrapper.xsa
TRACE::2025-11-07.20:58:38::SCWPlatform:: Unique name xilinx:basys3::0.0
TRACE::2025-11-07.20:58:38::SCWPlatform::Trying to set the existing hwdb with name design_3_wrapper_0
TRACE::2025-11-07.20:58:38::SCWPlatform::Opened existing hwdb design_3_wrapper_0
TRACE::2025-11-07.20:58:38::SCWPlatform::Found the Hw Db part of the input DSA
TRACE::2025-11-07.20:58:38::SCWMssOS::Checking the sw design at  C:/Users/oscar/OneDrive/Documentos/UCM/QUINTO/SE/Practicas_SE/Practica3/sw/design_3_wrapper/microblaze_0/standalone_microblaze_0/bsp/system.mss
TRACE::2025-11-07.20:58:38::SCWMssOS::DEBUG:  swdes dump  C:/Users/oscar/OneDrive/Documentos/UCM/QUINTO/SE/Practicas_SE/Practica3/sw/design_3_wrapper/microblaze_0/standalone_microblaze_0/bsp/system.mss|system||

TRACE::2025-11-07.20:58:38::SCWMssOS::Sw design exists and opened at  C:/Users/oscar/OneDrive/Documentos/UCM/QUINTO/SE/Practicas_SE/Practica3/sw/design_3_wrapper/microblaze_0/standalone_microblaze_0/bsp/system.mss
TRACE::2025-11-07.20:58:38::SCWPlatform::Trying to open the hw design at C:/Users/oscar/OneDrive/Documentos/UCM/QUINTO/SE/Practicas_SE/Practica3/sw/design_3_wrapper/hw/design_3_wrapper.xsa
TRACE::2025-11-07.20:58:38::SCWPlatform::DSA given C:/Users/oscar/OneDrive/Documentos/UCM/QUINTO/SE/Practicas_SE/Practica3/sw/design_3_wrapper/hw/design_3_wrapper.xsa
TRACE::2025-11-07.20:58:38::SCWPlatform::DSA absoulate path C:/Users/oscar/OneDrive/Documentos/UCM/QUINTO/SE/Practicas_SE/Practica3/sw/design_3_wrapper/hw/design_3_wrapper.xsa
TRACE::2025-11-07.20:58:38::SCWPlatform::DSA directory C:/Users/oscar/OneDrive/Documentos/UCM/QUINTO/SE/Practicas_SE/Practica3/sw/design_3_wrapper/hw
TRACE::2025-11-07.20:58:38::SCWPlatform:: Platform Path C:/Users/oscar/OneDrive/Documentos/UCM/QUINTO/SE/Practicas_SE/Practica3/sw/design_3_wrapper/hw/design_3_wrapper.xsa
TRACE::2025-11-07.20:58:38::SCWPlatform:: Unique name xilinx:basys3::0.0
TRACE::2025-11-07.20:58:38::SCWPlatform::Trying to set the existing hwdb with name design_3_wrapper_0
TRACE::2025-11-07.20:58:38::SCWPlatform::Opened existing hwdb design_3_wrapper_0
TRACE::2025-11-07.20:58:38::SCWPlatform::Found the Hw Db part of the input DSA
TRACE::2025-11-07.20:58:38::SCWMssOS::Checking the sw design at  C:/Users/oscar/OneDrive/Documentos/UCM/QUINTO/SE/Practicas_SE/Practica3/sw/design_3_wrapper/microblaze_0/standalone_microblaze_0/bsp/system.mss
TRACE::2025-11-07.20:58:38::SCWMssOS::DEBUG:  swdes dump  C:/Users/oscar/OneDrive/Documentos/UCM/QUINTO/SE/Practicas_SE/Practica3/sw/design_3_wrapper/microblaze_0/standalone_microblaze_0/bsp/system.mss|system||

TRACE::2025-11-07.20:58:38::SCWMssOS::Sw design exists and opened at  C:/Users/oscar/OneDrive/Documentos/UCM/QUINTO/SE/Practicas_SE/Practica3/sw/design_3_wrapper/microblaze_0/standalone_microblaze_0/bsp/system.mss
TRACE::2025-11-07.20:58:38::SCWWriter::formatted JSON is {
	"platformName":	"design_3_wrapper",
	"sprVersion":	"2.0",
	"mode":	"gui",
	"dsaType":	"Fixed",
	"platformDesc":	"design_3_wrapper",
	"platHandOff":	"C:/Users/oscar/OneDrive/Documentos/UCM/QUINTO/SE/Practicas_SE/Practica3/hw/Practica3/design_3_wrapper.xsa",
	"platIntHandOff":	"<platformDir>/hw/design_3_wrapper.xsa",
	"deviceType":	"FPGA",
	"platIsPrebuiltAutogen":	"false",
	"platIsNoBootBsp":	"false",
	"hasFsblMakeHasChanges":	"false",
	"hasPmufwMakeHasChanges":	"false",
	"platPreBuiltFlag":	false,
	"platformSamplesDir":	"",
	"platActiveSys":	"design_3_wrapper",
	"systems":	[{
			"systemName":	"design_3_wrapper",
			"systemDesc":	"design_3_wrapper",
			"sysIsBootAutoGen":	"true",
			"systemDispName":	"design_3_wrapper",
			"sysActiveDom":	"standalone_microblaze_0",
			"sysDefaultDom":	"standalone_microblaze_0",
			"domains":	[{
					"domainName":	"standalone_microblaze_0",
					"domainDispName":	"standalone_microblaze_0",
					"domainDesc":	"standalone_microblaze_0",
					"processors":	"microblaze_0",
					"os":	"standalone",
					"sdxOs":	"standalone",
					"debugEnable":	"False",
					"domRuntimes":	["cpp"],
					"swRepo":	"",
					"mssOsVer":	"8.1",
					"mssFile":	"",
					"md5Digest":	"cab17c3ce877429586b445594ed9d44c",
					"compatibleApp":	"peripheral_tests",
					"domType":	"mssDomain",
					"arch":	"32-bit",
					"appSettings":	{
						"appCompilerFlags":	"",
						"appLinkerFlags":	""
					},
					"addedLibs":	[],
					"libOptions":	{
						"libsContainingOptions":	[]
					},
					"prebuiltLibs":	{
						"prebuiltIncPath":	[],
						"prebuiltLibPath":	[]
					},
					"isolation":	{
					}
				}]
		}]
}
LOG::2025-11-07.20:58:38::SCWPlatform::Started generating the artifacts platform design_3_wrapper
TRACE::2025-11-07.20:58:38::SCWPlatform::Sanity checking of platform is completed
LOG::2025-11-07.20:58:38::SCWPlatform::Started generating the artifacts for system configuration design_3_wrapper
LOG::2025-11-07.20:58:38::SCWSystem::Checking the domain standalone_microblaze_0
LOG::2025-11-07.20:58:38::SCWSystem::Not a boot domain 
LOG::2025-11-07.20:58:38::SCWSystem::Started Processing the domain standalone_microblaze_0
TRACE::2025-11-07.20:58:38::SCWDomain::Generating domain artifcats
TRACE::2025-11-07.20:58:38::SCWMssOS::Generating standalone artifcats
TRACE::2025-11-07.20:58:38::SCWMssOS:: Copying the user libraries. 
TRACE::2025-11-07.20:58:38::SCWPlatform::Trying to open the hw design at C:/Users/oscar/OneDrive/Documentos/UCM/QUINTO/SE/Practicas_SE/Practica3/sw/design_3_wrapper/hw/design_3_wrapper.xsa
TRACE::2025-11-07.20:58:38::SCWPlatform::DSA given C:/Users/oscar/OneDrive/Documentos/UCM/QUINTO/SE/Practicas_SE/Practica3/sw/design_3_wrapper/hw/design_3_wrapper.xsa
TRACE::2025-11-07.20:58:38::SCWPlatform::DSA absoulate path C:/Users/oscar/OneDrive/Documentos/UCM/QUINTO/SE/Practicas_SE/Practica3/sw/design_3_wrapper/hw/design_3_wrapper.xsa
TRACE::2025-11-07.20:58:38::SCWPlatform::DSA directory C:/Users/oscar/OneDrive/Documentos/UCM/QUINTO/SE/Practicas_SE/Practica3/sw/design_3_wrapper/hw
TRACE::2025-11-07.20:58:38::SCWPlatform:: Platform Path C:/Users/oscar/OneDrive/Documentos/UCM/QUINTO/SE/Practicas_SE/Practica3/sw/design_3_wrapper/hw/design_3_wrapper.xsa
TRACE::2025-11-07.20:58:38::SCWPlatform:: Unique name xilinx:basys3::0.0
TRACE::2025-11-07.20:58:38::SCWPlatform::Trying to set the existing hwdb with name design_3_wrapper_0
TRACE::2025-11-07.20:58:38::SCWPlatform::Opened existing hwdb design_3_wrapper_0
TRACE::2025-11-07.20:58:38::SCWPlatform::Found the Hw Db part of the input DSA
TRACE::2025-11-07.20:58:38::SCWMssOS::Checking the sw design at  C:/Users/oscar/OneDrive/Documentos/UCM/QUINTO/SE/Practicas_SE/Practica3/sw/design_3_wrapper/microblaze_0/standalone_microblaze_0/bsp/system.mss
TRACE::2025-11-07.20:58:38::SCWMssOS::DEBUG:  swdes dump  C:/Users/oscar/OneDrive/Documentos/UCM/QUINTO/SE/Practicas_SE/Practica3/sw/design_3_wrapper/microblaze_0/standalone_microblaze_0/bsp/system.mss|system||

TRACE::2025-11-07.20:58:38::SCWMssOS::Sw design exists and opened at  C:/Users/oscar/OneDrive/Documentos/UCM/QUINTO/SE/Practicas_SE/Practica3/sw/design_3_wrapper/microblaze_0/standalone_microblaze_0/bsp/system.mss
TRACE::2025-11-07.20:58:38::SCWMssOS::Completed writing the mss file at C:/Users/oscar/OneDrive/Documentos/UCM/QUINTO/SE/Practicas_SE/Practica3/sw/design_3_wrapper/microblaze_0/standalone_microblaze_0/bsp
TRACE::2025-11-07.20:58:38::SCWMssOS::Mss edits present, copying mssfile into export location C:/Users/oscar/OneDrive/Documentos/UCM/QUINTO/SE/Practicas_SE/Practica3/sw/design_3_wrapper/microblaze_0/standalone_microblaze_0/bsp/system.mss
TRACE::2025-11-07.20:58:38::SCWMssOS::bsp generated is upto date with the mss file. Skipping bsp generation.
TRACE::2025-11-07.20:58:38::SCWMssOS::BSP is already built. skipping the bsp build ... 
TRACE::2025-11-07.20:58:38::SCWDomain::Skipping the build for domain :  standalone_microblaze_0
TRACE::2025-11-07.20:58:38::SCWMssOS::skipping the bsp build ... 
TRACE::2025-11-07.20:58:38::SCWMssOS::Copying to export directory.
TRACE::2025-11-07.20:58:38::SCWMssOS:: Checking if to create the Supporting Applications
TRACE::2025-11-07.20:58:38::SCWMssOS:: No Linux domain exists, trying to generate FSBL 
LOG::2025-11-07.20:58:38::SCWSystem::Completed Processing the domain standalone_microblaze_0
LOG::2025-11-07.20:58:38::SCWSystem::Completed Processing the sysconfig design_3_wrapper
LOG::2025-11-07.20:58:38::SCWPlatform::Completed generating the artifacts for system configuration design_3_wrapper
TRACE::2025-11-07.20:58:38::SCWPlatform::Started preparing the platform 
TRACE::2025-11-07.20:58:38::SCWSystem::Writing the bif file for system config design_3_wrapper
TRACE::2025-11-07.20:58:38::SCWSystem::dir created 
TRACE::2025-11-07.20:58:38::SCWSystem::Writing the bif 
TRACE::2025-11-07.20:58:38::SCWPlatform::Started writing the spfm file 
TRACE::2025-11-07.20:58:38::SCWPlatform::Started writing the xpfm file 
TRACE::2025-11-07.20:58:38::SCWPlatform::Completed generating the platform
TRACE::2025-11-07.20:58:38::SCWMssOS::Saving the mss changes C:/Users/oscar/OneDrive/Documentos/UCM/QUINTO/SE/Practicas_SE/Practica3/sw/design_3_wrapper/microblaze_0/standalone_microblaze_0/bsp/system.mss
TRACE::2025-11-07.20:58:38::SCWMssOS::Found a swdesign opened with the mssfile.
TRACE::2025-11-07.20:58:38::SCWMssOS::Completed writemss as part of save.
TRACE::2025-11-07.20:58:38::SCWMssOS::Commit changes completed.
TRACE::2025-11-07.20:58:38::SCWPlatform::Trying to open the hw design at C:/Users/oscar/OneDrive/Documentos/UCM/QUINTO/SE/Practicas_SE/Practica3/sw/design_3_wrapper/hw/design_3_wrapper.xsa
TRACE::2025-11-07.20:58:38::SCWPlatform::DSA given C:/Users/oscar/OneDrive/Documentos/UCM/QUINTO/SE/Practicas_SE/Practica3/sw/design_3_wrapper/hw/design_3_wrapper.xsa
TRACE::2025-11-07.20:58:38::SCWPlatform::DSA absoulate path C:/Users/oscar/OneDrive/Documentos/UCM/QUINTO/SE/Practicas_SE/Practica3/sw/design_3_wrapper/hw/design_3_wrapper.xsa
TRACE::2025-11-07.20:58:38::SCWPlatform::DSA directory C:/Users/oscar/OneDrive/Documentos/UCM/QUINTO/SE/Practicas_SE/Practica3/sw/design_3_wrapper/hw
TRACE::2025-11-07.20:58:38::SCWPlatform:: Platform Path C:/Users/oscar/OneDrive/Documentos/UCM/QUINTO/SE/Practicas_SE/Practica3/sw/design_3_wrapper/hw/design_3_wrapper.xsa
TRACE::2025-11-07.20:58:38::SCWPlatform:: Unique name xilinx:basys3::0.0
TRACE::2025-11-07.20:58:38::SCWPlatform::Trying to set the existing hwdb with name design_3_wrapper_0
TRACE::2025-11-07.20:58:38::SCWPlatform::Opened existing hwdb design_3_wrapper_0
TRACE::2025-11-07.20:58:38::SCWPlatform::Found the Hw Db part of the input DSA
TRACE::2025-11-07.20:58:38::SCWMssOS::Checking the sw design at  C:/Users/oscar/OneDrive/Documentos/UCM/QUINTO/SE/Practicas_SE/Practica3/sw/design_3_wrapper/microblaze_0/standalone_microblaze_0/bsp/system.mss
TRACE::2025-11-07.20:58:38::SCWMssOS::DEBUG:  swdes dump  C:/Users/oscar/OneDrive/Documentos/UCM/QUINTO/SE/Practicas_SE/Practica3/sw/design_3_wrapper/microblaze_0/standalone_microblaze_0/bsp/system.mss|system||

TRACE::2025-11-07.20:58:38::SCWMssOS::Sw design exists and opened at  C:/Users/oscar/OneDrive/Documentos/UCM/QUINTO/SE/Practicas_SE/Practica3/sw/design_3_wrapper/microblaze_0/standalone_microblaze_0/bsp/system.mss
TRACE::2025-11-07.20:58:38::SCWPlatform::Trying to open the hw design at C:/Users/oscar/OneDrive/Documentos/UCM/QUINTO/SE/Practicas_SE/Practica3/sw/design_3_wrapper/hw/design_3_wrapper.xsa
TRACE::2025-11-07.20:58:38::SCWPlatform::DSA given C:/Users/oscar/OneDrive/Documentos/UCM/QUINTO/SE/Practicas_SE/Practica3/sw/design_3_wrapper/hw/design_3_wrapper.xsa
TRACE::2025-11-07.20:58:38::SCWPlatform::DSA absoulate path C:/Users/oscar/OneDrive/Documentos/UCM/QUINTO/SE/Practicas_SE/Practica3/sw/design_3_wrapper/hw/design_3_wrapper.xsa
TRACE::2025-11-07.20:58:38::SCWPlatform::DSA directory C:/Users/oscar/OneDrive/Documentos/UCM/QUINTO/SE/Practicas_SE/Practica3/sw/design_3_wrapper/hw
TRACE::2025-11-07.20:58:38::SCWPlatform:: Platform Path C:/Users/oscar/OneDrive/Documentos/UCM/QUINTO/SE/Practicas_SE/Practica3/sw/design_3_wrapper/hw/design_3_wrapper.xsa
TRACE::2025-11-07.20:58:38::SCWPlatform:: Unique name xilinx:basys3::0.0
TRACE::2025-11-07.20:58:38::SCWPlatform::Trying to set the existing hwdb with name design_3_wrapper_0
TRACE::2025-11-07.20:58:38::SCWPlatform::Opened existing hwdb design_3_wrapper_0
TRACE::2025-11-07.20:58:38::SCWPlatform::Found the Hw Db part of the input DSA
TRACE::2025-11-07.20:58:38::SCWMssOS::Checking the sw design at  C:/Users/oscar/OneDrive/Documentos/UCM/QUINTO/SE/Practicas_SE/Practica3/sw/design_3_wrapper/microblaze_0/standalone_microblaze_0/bsp/system.mss
TRACE::2025-11-07.20:58:38::SCWMssOS::DEBUG:  swdes dump  C:/Users/oscar/OneDrive/Documentos/UCM/QUINTO/SE/Practicas_SE/Practica3/sw/design_3_wrapper/microblaze_0/standalone_microblaze_0/bsp/system.mss|system||

TRACE::2025-11-07.20:58:38::SCWMssOS::Sw design exists and opened at  C:/Users/oscar/OneDrive/Documentos/UCM/QUINTO/SE/Practicas_SE/Practica3/sw/design_3_wrapper/microblaze_0/standalone_microblaze_0/bsp/system.mss
TRACE::2025-11-07.20:58:38::SCWPlatform::Trying to open the hw design at C:/Users/oscar/OneDrive/Documentos/UCM/QUINTO/SE/Practicas_SE/Practica3/sw/design_3_wrapper/hw/design_3_wrapper.xsa
TRACE::2025-11-07.20:58:38::SCWPlatform::DSA given C:/Users/oscar/OneDrive/Documentos/UCM/QUINTO/SE/Practicas_SE/Practica3/sw/design_3_wrapper/hw/design_3_wrapper.xsa
TRACE::2025-11-07.20:58:38::SCWPlatform::DSA absoulate path C:/Users/oscar/OneDrive/Documentos/UCM/QUINTO/SE/Practicas_SE/Practica3/sw/design_3_wrapper/hw/design_3_wrapper.xsa
TRACE::2025-11-07.20:58:38::SCWPlatform::DSA directory C:/Users/oscar/OneDrive/Documentos/UCM/QUINTO/SE/Practicas_SE/Practica3/sw/design_3_wrapper/hw
TRACE::2025-11-07.20:58:38::SCWPlatform:: Platform Path C:/Users/oscar/OneDrive/Documentos/UCM/QUINTO/SE/Practicas_SE/Practica3/sw/design_3_wrapper/hw/design_3_wrapper.xsa
TRACE::2025-11-07.20:58:38::SCWPlatform:: Unique name xilinx:basys3::0.0
TRACE::2025-11-07.20:58:38::SCWPlatform::Trying to set the existing hwdb with name design_3_wrapper_0
TRACE::2025-11-07.20:58:38::SCWPlatform::Opened existing hwdb design_3_wrapper_0
TRACE::2025-11-07.20:58:38::SCWPlatform::Found the Hw Db part of the input DSA
TRACE::2025-11-07.20:58:38::SCWMssOS::Checking the sw design at  C:/Users/oscar/OneDrive/Documentos/UCM/QUINTO/SE/Practicas_SE/Practica3/sw/design_3_wrapper/microblaze_0/standalone_microblaze_0/bsp/system.mss
TRACE::2025-11-07.20:58:38::SCWMssOS::DEBUG:  swdes dump  C:/Users/oscar/OneDrive/Documentos/UCM/QUINTO/SE/Practicas_SE/Practica3/sw/design_3_wrapper/microblaze_0/standalone_microblaze_0/bsp/system.mss|system||

TRACE::2025-11-07.20:58:38::SCWMssOS::Sw design exists and opened at  C:/Users/oscar/OneDrive/Documentos/UCM/QUINTO/SE/Practicas_SE/Practica3/sw/design_3_wrapper/microblaze_0/standalone_microblaze_0/bsp/system.mss
TRACE::2025-11-07.20:58:38::SCWWriter::formatted JSON is {
	"platformName":	"design_3_wrapper",
	"sprVersion":	"2.0",
	"mode":	"gui",
	"dsaType":	"Fixed",
	"platformDesc":	"design_3_wrapper",
	"platHandOff":	"C:/Users/oscar/OneDrive/Documentos/UCM/QUINTO/SE/Practicas_SE/Practica3/hw/Practica3/design_3_wrapper.xsa",
	"platIntHandOff":	"<platformDir>/hw/design_3_wrapper.xsa",
	"deviceType":	"FPGA",
	"platIsPrebuiltAutogen":	"false",
	"platIsNoBootBsp":	"false",
	"hasFsblMakeHasChanges":	"false",
	"hasPmufwMakeHasChanges":	"false",
	"platPreBuiltFlag":	false,
	"platformSamplesDir":	"",
	"platActiveSys":	"design_3_wrapper",
	"systems":	[{
			"systemName":	"design_3_wrapper",
			"systemDesc":	"design_3_wrapper",
			"sysIsBootAutoGen":	"true",
			"systemDispName":	"design_3_wrapper",
			"sysActiveDom":	"standalone_microblaze_0",
			"sysDefaultDom":	"standalone_microblaze_0",
			"domains":	[{
					"domainName":	"standalone_microblaze_0",
					"domainDispName":	"standalone_microblaze_0",
					"domainDesc":	"standalone_microblaze_0",
					"processors":	"microblaze_0",
					"os":	"standalone",
					"sdxOs":	"standalone",
					"debugEnable":	"False",
					"domRuntimes":	["cpp"],
					"swRepo":	"",
					"mssOsVer":	"8.1",
					"mssFile":	"",
					"md5Digest":	"cab17c3ce877429586b445594ed9d44c",
					"compatibleApp":	"peripheral_tests",
					"domType":	"mssDomain",
					"arch":	"32-bit",
					"appSettings":	{
						"appCompilerFlags":	"",
						"appLinkerFlags":	""
					},
					"addedLibs":	[],
					"libOptions":	{
						"libsContainingOptions":	[]
					},
					"prebuiltLibs":	{
						"prebuiltIncPath":	[],
						"prebuiltLibPath":	[]
					},
					"isolation":	{
					}
				}]
		}]
}
KEYINFO::2025-11-07.20:58:38::SCWPlatform::updated the xpfm file.
TRACE::2025-11-07.20:58:39::SCWPlatform::Trying to open the hw design at C:/Users/oscar/OneDrive/Documentos/UCM/QUINTO/SE/Practicas_SE/Practica3/sw/design_3_wrapper/hw/design_3_wrapper.xsa
TRACE::2025-11-07.20:58:39::SCWPlatform::DSA given C:/Users/oscar/OneDrive/Documentos/UCM/QUINTO/SE/Practicas_SE/Practica3/sw/design_3_wrapper/hw/design_3_wrapper.xsa
TRACE::2025-11-07.20:58:39::SCWPlatform::DSA absoulate path C:/Users/oscar/OneDrive/Documentos/UCM/QUINTO/SE/Practicas_SE/Practica3/sw/design_3_wrapper/hw/design_3_wrapper.xsa
TRACE::2025-11-07.20:58:39::SCWPlatform::DSA directory C:/Users/oscar/OneDrive/Documentos/UCM/QUINTO/SE/Practicas_SE/Practica3/sw/design_3_wrapper/hw
TRACE::2025-11-07.20:58:39::SCWPlatform:: Platform Path C:/Users/oscar/OneDrive/Documentos/UCM/QUINTO/SE/Practicas_SE/Practica3/sw/design_3_wrapper/hw/design_3_wrapper.xsa
TRACE::2025-11-07.20:58:39::SCWPlatform:: Unique name xilinx:basys3::0.0
TRACE::2025-11-07.20:58:39::SCWPlatform::Trying to set the existing hwdb with name design_3_wrapper_0
TRACE::2025-11-07.20:58:39::SCWPlatform::Opened existing hwdb design_3_wrapper_0
TRACE::2025-11-07.20:58:39::SCWPlatform::Found the Hw Db part of the input DSA
TRACE::2025-11-07.20:58:39::SCWMssOS::Checking the sw design at  C:/Users/oscar/OneDrive/Documentos/UCM/QUINTO/SE/Practicas_SE/Practica3/sw/design_3_wrapper/microblaze_0/standalone_microblaze_0/bsp/system.mss
TRACE::2025-11-07.20:58:39::SCWMssOS::DEBUG:  swdes dump  C:/Users/oscar/OneDrive/Documentos/UCM/QUINTO/SE/Practicas_SE/Practica3/sw/design_3_wrapper/microblaze_0/standalone_microblaze_0/bsp/system.mss|system||

TRACE::2025-11-07.20:58:39::SCWMssOS::Sw design exists and opened at  C:/Users/oscar/OneDrive/Documentos/UCM/QUINTO/SE/Practicas_SE/Practica3/sw/design_3_wrapper/microblaze_0/standalone_microblaze_0/bsp/system.mss
TRACE::2025-11-07.20:58:39::SCWMssOS::Saving the mss changes C:/Users/oscar/OneDrive/Documentos/UCM/QUINTO/SE/Practicas_SE/Practica3/sw/design_3_wrapper/microblaze_0/standalone_microblaze_0/bsp/system.mss
TRACE::2025-11-07.20:58:39::SCWMssOS::Found a swdesign opened with the mssfile.
TRACE::2025-11-07.20:58:39::SCWMssOS::Completed writemss as part of save.
TRACE::2025-11-07.20:58:39::SCWMssOS::Commit changes completed.
TRACE::2025-11-07.20:58:39::SCWPlatform::Trying to open the hw design at C:/Users/oscar/OneDrive/Documentos/UCM/QUINTO/SE/Practicas_SE/Practica3/sw/design_3_wrapper/hw/design_3_wrapper.xsa
TRACE::2025-11-07.20:58:39::SCWPlatform::DSA given C:/Users/oscar/OneDrive/Documentos/UCM/QUINTO/SE/Practicas_SE/Practica3/sw/design_3_wrapper/hw/design_3_wrapper.xsa
TRACE::2025-11-07.20:58:39::SCWPlatform::DSA absoulate path C:/Users/oscar/OneDrive/Documentos/UCM/QUINTO/SE/Practicas_SE/Practica3/sw/design_3_wrapper/hw/design_3_wrapper.xsa
TRACE::2025-11-07.20:58:39::SCWPlatform::DSA directory C:/Users/oscar/OneDrive/Documentos/UCM/QUINTO/SE/Practicas_SE/Practica3/sw/design_3_wrapper/hw
TRACE::2025-11-07.20:58:39::SCWPlatform:: Platform Path C:/Users/oscar/OneDrive/Documentos/UCM/QUINTO/SE/Practicas_SE/Practica3/sw/design_3_wrapper/hw/design_3_wrapper.xsa
TRACE::2025-11-07.20:58:39::SCWPlatform:: Unique name xilinx:basys3::0.0
TRACE::2025-11-07.20:58:39::SCWPlatform::Trying to set the existing hwdb with name design_3_wrapper_0
TRACE::2025-11-07.20:58:39::SCWPlatform::Opened existing hwdb design_3_wrapper_0
TRACE::2025-11-07.20:58:39::SCWPlatform::Found the Hw Db part of the input DSA
TRACE::2025-11-07.20:58:39::SCWMssOS::Checking the sw design at  C:/Users/oscar/OneDrive/Documentos/UCM/QUINTO/SE/Practicas_SE/Practica3/sw/design_3_wrapper/microblaze_0/standalone_microblaze_0/bsp/system.mss
TRACE::2025-11-07.20:58:39::SCWMssOS::DEBUG:  swdes dump  C:/Users/oscar/OneDrive/Documentos/UCM/QUINTO/SE/Practicas_SE/Practica3/sw/design_3_wrapper/microblaze_0/standalone_microblaze_0/bsp/system.mss|system||

TRACE::2025-11-07.20:58:39::SCWMssOS::Sw design exists and opened at  C:/Users/oscar/OneDrive/Documentos/UCM/QUINTO/SE/Practicas_SE/Practica3/sw/design_3_wrapper/microblaze_0/standalone_microblaze_0/bsp/system.mss
TRACE::2025-11-07.20:58:39::SCWPlatform::Trying to open the hw design at C:/Users/oscar/OneDrive/Documentos/UCM/QUINTO/SE/Practicas_SE/Practica3/sw/design_3_wrapper/hw/design_3_wrapper.xsa
TRACE::2025-11-07.20:58:39::SCWPlatform::DSA given C:/Users/oscar/OneDrive/Documentos/UCM/QUINTO/SE/Practicas_SE/Practica3/sw/design_3_wrapper/hw/design_3_wrapper.xsa
TRACE::2025-11-07.20:58:39::SCWPlatform::DSA absoulate path C:/Users/oscar/OneDrive/Documentos/UCM/QUINTO/SE/Practicas_SE/Practica3/sw/design_3_wrapper/hw/design_3_wrapper.xsa
TRACE::2025-11-07.20:58:39::SCWPlatform::DSA directory C:/Users/oscar/OneDrive/Documentos/UCM/QUINTO/SE/Practicas_SE/Practica3/sw/design_3_wrapper/hw
TRACE::2025-11-07.20:58:39::SCWPlatform:: Platform Path C:/Users/oscar/OneDrive/Documentos/UCM/QUINTO/SE/Practicas_SE/Practica3/sw/design_3_wrapper/hw/design_3_wrapper.xsa
TRACE::2025-11-07.20:58:39::SCWPlatform:: Unique name xilinx:basys3::0.0
TRACE::2025-11-07.20:58:39::SCWPlatform::Trying to set the existing hwdb with name design_3_wrapper_0
TRACE::2025-11-07.20:58:39::SCWPlatform::Opened existing hwdb design_3_wrapper_0
TRACE::2025-11-07.20:58:39::SCWPlatform::Found the Hw Db part of the input DSA
TRACE::2025-11-07.20:58:39::SCWMssOS::Checking the sw design at  C:/Users/oscar/OneDrive/Documentos/UCM/QUINTO/SE/Practicas_SE/Practica3/sw/design_3_wrapper/microblaze_0/standalone_microblaze_0/bsp/system.mss
TRACE::2025-11-07.20:58:39::SCWMssOS::DEBUG:  swdes dump  C:/Users/oscar/OneDrive/Documentos/UCM/QUINTO/SE/Practicas_SE/Practica3/sw/design_3_wrapper/microblaze_0/standalone_microblaze_0/bsp/system.mss|system||

TRACE::2025-11-07.20:58:39::SCWMssOS::Sw design exists and opened at  C:/Users/oscar/OneDrive/Documentos/UCM/QUINTO/SE/Practicas_SE/Practica3/sw/design_3_wrapper/microblaze_0/standalone_microblaze_0/bsp/system.mss
TRACE::2025-11-07.20:58:39::SCWPlatform::Trying to open the hw design at C:/Users/oscar/OneDrive/Documentos/UCM/QUINTO/SE/Practicas_SE/Practica3/sw/design_3_wrapper/hw/design_3_wrapper.xsa
TRACE::2025-11-07.20:58:39::SCWPlatform::DSA given C:/Users/oscar/OneDrive/Documentos/UCM/QUINTO/SE/Practicas_SE/Practica3/sw/design_3_wrapper/hw/design_3_wrapper.xsa
TRACE::2025-11-07.20:58:39::SCWPlatform::DSA absoulate path C:/Users/oscar/OneDrive/Documentos/UCM/QUINTO/SE/Practicas_SE/Practica3/sw/design_3_wrapper/hw/design_3_wrapper.xsa
TRACE::2025-11-07.20:58:39::SCWPlatform::DSA directory C:/Users/oscar/OneDrive/Documentos/UCM/QUINTO/SE/Practicas_SE/Practica3/sw/design_3_wrapper/hw
TRACE::2025-11-07.20:58:39::SCWPlatform:: Platform Path C:/Users/oscar/OneDrive/Documentos/UCM/QUINTO/SE/Practicas_SE/Practica3/sw/design_3_wrapper/hw/design_3_wrapper.xsa
TRACE::2025-11-07.20:58:39::SCWPlatform:: Unique name xilinx:basys3::0.0
TRACE::2025-11-07.20:58:39::SCWPlatform::Trying to set the existing hwdb with name design_3_wrapper_0
TRACE::2025-11-07.20:58:39::SCWPlatform::Opened existing hwdb design_3_wrapper_0
TRACE::2025-11-07.20:58:39::SCWPlatform::Found the Hw Db part of the input DSA
TRACE::2025-11-07.20:58:39::SCWMssOS::Checking the sw design at  C:/Users/oscar/OneDrive/Documentos/UCM/QUINTO/SE/Practicas_SE/Practica3/sw/design_3_wrapper/microblaze_0/standalone_microblaze_0/bsp/system.mss
TRACE::2025-11-07.20:58:39::SCWMssOS::DEBUG:  swdes dump  C:/Users/oscar/OneDrive/Documentos/UCM/QUINTO/SE/Practicas_SE/Practica3/sw/design_3_wrapper/microblaze_0/standalone_microblaze_0/bsp/system.mss|system||

TRACE::2025-11-07.20:58:39::SCWMssOS::Sw design exists and opened at  C:/Users/oscar/OneDrive/Documentos/UCM/QUINTO/SE/Practicas_SE/Practica3/sw/design_3_wrapper/microblaze_0/standalone_microblaze_0/bsp/system.mss
TRACE::2025-11-07.20:58:39::SCWWriter::formatted JSON is {
	"platformName":	"design_3_wrapper",
	"sprVersion":	"2.0",
	"mode":	"gui",
	"dsaType":	"Fixed",
	"platformDesc":	"design_3_wrapper",
	"platHandOff":	"C:/Users/oscar/OneDrive/Documentos/UCM/QUINTO/SE/Practicas_SE/Practica3/hw/Practica3/design_3_wrapper.xsa",
	"platIntHandOff":	"<platformDir>/hw/design_3_wrapper.xsa",
	"deviceType":	"FPGA",
	"platIsPrebuiltAutogen":	"false",
	"platIsNoBootBsp":	"false",
	"hasFsblMakeHasChanges":	"false",
	"hasPmufwMakeHasChanges":	"false",
	"platPreBuiltFlag":	false,
	"platformSamplesDir":	"",
	"platActiveSys":	"design_3_wrapper",
	"systems":	[{
			"systemName":	"design_3_wrapper",
			"systemDesc":	"design_3_wrapper",
			"sysIsBootAutoGen":	"true",
			"systemDispName":	"design_3_wrapper",
			"sysActiveDom":	"standalone_microblaze_0",
			"sysDefaultDom":	"standalone_microblaze_0",
			"domains":	[{
					"domainName":	"standalone_microblaze_0",
					"domainDispName":	"standalone_microblaze_0",
					"domainDesc":	"standalone_microblaze_0",
					"processors":	"microblaze_0",
					"os":	"standalone",
					"sdxOs":	"standalone",
					"debugEnable":	"False",
					"domRuntimes":	["cpp"],
					"swRepo":	"",
					"mssOsVer":	"8.1",
					"mssFile":	"",
					"md5Digest":	"cab17c3ce877429586b445594ed9d44c",
					"compatibleApp":	"peripheral_tests",
					"domType":	"mssDomain",
					"arch":	"32-bit",
					"appSettings":	{
						"appCompilerFlags":	"",
						"appLinkerFlags":	""
					},
					"addedLibs":	[],
					"libOptions":	{
						"libsContainingOptions":	[]
					},
					"prebuiltLibs":	{
						"prebuiltIncPath":	[],
						"prebuiltLibPath":	[]
					},
					"isolation":	{
					}
				}]
		}]
}
TRACE::2025-11-07.20:58:39::SCWPlatform::Trying to open the hw design at C:/Users/oscar/OneDrive/Documentos/UCM/QUINTO/SE/Practicas_SE/Practica3/sw/design_3_wrapper/hw/design_3_wrapper.xsa
TRACE::2025-11-07.20:58:39::SCWPlatform::DSA given C:/Users/oscar/OneDrive/Documentos/UCM/QUINTO/SE/Practicas_SE/Practica3/sw/design_3_wrapper/hw/design_3_wrapper.xsa
TRACE::2025-11-07.20:58:39::SCWPlatform::DSA absoulate path C:/Users/oscar/OneDrive/Documentos/UCM/QUINTO/SE/Practicas_SE/Practica3/sw/design_3_wrapper/hw/design_3_wrapper.xsa
TRACE::2025-11-07.20:58:39::SCWPlatform::DSA directory C:/Users/oscar/OneDrive/Documentos/UCM/QUINTO/SE/Practicas_SE/Practica3/sw/design_3_wrapper/hw
TRACE::2025-11-07.20:58:39::SCWPlatform:: Platform Path C:/Users/oscar/OneDrive/Documentos/UCM/QUINTO/SE/Practicas_SE/Practica3/sw/design_3_wrapper/hw/design_3_wrapper.xsa
TRACE::2025-11-07.20:58:39::SCWPlatform:: Unique name xilinx:basys3::0.0
TRACE::2025-11-07.20:58:39::SCWPlatform::Trying to set the existing hwdb with name design_3_wrapper_0
TRACE::2025-11-07.20:58:39::SCWPlatform::Opened existing hwdb design_3_wrapper_0
TRACE::2025-11-07.20:58:39::SCWPlatform::Found the Hw Db part of the input DSA
TRACE::2025-11-07.20:58:39::SCWMssOS::Checking the sw design at  C:/Users/oscar/OneDrive/Documentos/UCM/QUINTO/SE/Practicas_SE/Practica3/sw/design_3_wrapper/microblaze_0/standalone_microblaze_0/bsp/system.mss
TRACE::2025-11-07.20:58:39::SCWMssOS::DEBUG:  swdes dump  C:/Users/oscar/OneDrive/Documentos/UCM/QUINTO/SE/Practicas_SE/Practica3/sw/design_3_wrapper/microblaze_0/standalone_microblaze_0/bsp/system.mss|system||

TRACE::2025-11-07.20:58:39::SCWMssOS::Sw design exists and opened at  C:/Users/oscar/OneDrive/Documentos/UCM/QUINTO/SE/Practicas_SE/Practica3/sw/design_3_wrapper/microblaze_0/standalone_microblaze_0/bsp/system.mss
TRACE::2025-11-07.20:58:39::SCWPlatform::Trying to open the hw design at C:/Users/oscar/OneDrive/Documentos/UCM/QUINTO/SE/Practicas_SE/Practica3/sw/design_3_wrapper/hw/design_3_wrapper.xsa
TRACE::2025-11-07.20:58:39::SCWPlatform::DSA given C:/Users/oscar/OneDrive/Documentos/UCM/QUINTO/SE/Practicas_SE/Practica3/sw/design_3_wrapper/hw/design_3_wrapper.xsa
TRACE::2025-11-07.20:58:39::SCWPlatform::DSA absoulate path C:/Users/oscar/OneDrive/Documentos/UCM/QUINTO/SE/Practicas_SE/Practica3/sw/design_3_wrapper/hw/design_3_wrapper.xsa
TRACE::2025-11-07.20:58:39::SCWPlatform::DSA directory C:/Users/oscar/OneDrive/Documentos/UCM/QUINTO/SE/Practicas_SE/Practica3/sw/design_3_wrapper/hw
TRACE::2025-11-07.20:58:39::SCWPlatform:: Platform Path C:/Users/oscar/OneDrive/Documentos/UCM/QUINTO/SE/Practicas_SE/Practica3/sw/design_3_wrapper/hw/design_3_wrapper.xsa
TRACE::2025-11-07.20:58:39::SCWPlatform:: Unique name xilinx:basys3::0.0
TRACE::2025-11-07.20:58:39::SCWPlatform::Trying to set the existing hwdb with name design_3_wrapper_0
TRACE::2025-11-07.20:58:39::SCWPlatform::Opened existing hwdb design_3_wrapper_0
TRACE::2025-11-07.20:58:39::SCWPlatform::Found the Hw Db part of the input DSA
TRACE::2025-11-07.20:58:39::SCWMssOS::Checking the sw design at  C:/Users/oscar/OneDrive/Documentos/UCM/QUINTO/SE/Practicas_SE/Practica3/sw/design_3_wrapper/microblaze_0/standalone_microblaze_0/bsp/system.mss
TRACE::2025-11-07.20:58:39::SCWMssOS::DEBUG:  swdes dump  C:/Users/oscar/OneDrive/Documentos/UCM/QUINTO/SE/Practicas_SE/Practica3/sw/design_3_wrapper/microblaze_0/standalone_microblaze_0/bsp/system.mss|system||

TRACE::2025-11-07.20:58:39::SCWMssOS::Sw design exists and opened at  C:/Users/oscar/OneDrive/Documentos/UCM/QUINTO/SE/Practicas_SE/Practica3/sw/design_3_wrapper/microblaze_0/standalone_microblaze_0/bsp/system.mss
TRACE::2025-11-07.20:58:39::SCWMssOS::Saving the mss changes C:/Users/oscar/OneDrive/Documentos/UCM/QUINTO/SE/Practicas_SE/Practica3/sw/design_3_wrapper/microblaze_0/standalone_microblaze_0/bsp/system.mss
TRACE::2025-11-07.20:58:39::SCWMssOS::Found a swdesign opened with the mssfile.
TRACE::2025-11-07.20:58:39::SCWMssOS::Completed writemss as part of save.
TRACE::2025-11-07.20:58:39::SCWMssOS::Commit changes completed.
TRACE::2025-11-07.20:58:39::SCWPlatform::Trying to open the hw design at C:/Users/oscar/OneDrive/Documentos/UCM/QUINTO/SE/Practicas_SE/Practica3/sw/design_3_wrapper/hw/design_3_wrapper.xsa
TRACE::2025-11-07.20:58:39::SCWPlatform::DSA given C:/Users/oscar/OneDrive/Documentos/UCM/QUINTO/SE/Practicas_SE/Practica3/sw/design_3_wrapper/hw/design_3_wrapper.xsa
TRACE::2025-11-07.20:58:39::SCWPlatform::DSA absoulate path C:/Users/oscar/OneDrive/Documentos/UCM/QUINTO/SE/Practicas_SE/Practica3/sw/design_3_wrapper/hw/design_3_wrapper.xsa
TRACE::2025-11-07.20:58:39::SCWPlatform::DSA directory C:/Users/oscar/OneDrive/Documentos/UCM/QUINTO/SE/Practicas_SE/Practica3/sw/design_3_wrapper/hw
TRACE::2025-11-07.20:58:39::SCWPlatform:: Platform Path C:/Users/oscar/OneDrive/Documentos/UCM/QUINTO/SE/Practicas_SE/Practica3/sw/design_3_wrapper/hw/design_3_wrapper.xsa
TRACE::2025-11-07.20:58:39::SCWPlatform:: Unique name xilinx:basys3::0.0
TRACE::2025-11-07.20:58:39::SCWPlatform::Trying to set the existing hwdb with name design_3_wrapper_0
TRACE::2025-11-07.20:58:39::SCWPlatform::Opened existing hwdb design_3_wrapper_0
TRACE::2025-11-07.20:58:39::SCWPlatform::Found the Hw Db part of the input DSA
TRACE::2025-11-07.20:58:39::SCWMssOS::Checking the sw design at  C:/Users/oscar/OneDrive/Documentos/UCM/QUINTO/SE/Practicas_SE/Practica3/sw/design_3_wrapper/microblaze_0/standalone_microblaze_0/bsp/system.mss
TRACE::2025-11-07.20:58:39::SCWMssOS::DEBUG:  swdes dump  C:/Users/oscar/OneDrive/Documentos/UCM/QUINTO/SE/Practicas_SE/Practica3/sw/design_3_wrapper/microblaze_0/standalone_microblaze_0/bsp/system.mss|system||

TRACE::2025-11-07.20:58:39::SCWMssOS::Sw design exists and opened at  C:/Users/oscar/OneDrive/Documentos/UCM/QUINTO/SE/Practicas_SE/Practica3/sw/design_3_wrapper/microblaze_0/standalone_microblaze_0/bsp/system.mss
TRACE::2025-11-07.20:58:39::SCWPlatform::Trying to open the hw design at C:/Users/oscar/OneDrive/Documentos/UCM/QUINTO/SE/Practicas_SE/Practica3/sw/design_3_wrapper/hw/design_3_wrapper.xsa
TRACE::2025-11-07.20:58:39::SCWPlatform::DSA given C:/Users/oscar/OneDrive/Documentos/UCM/QUINTO/SE/Practicas_SE/Practica3/sw/design_3_wrapper/hw/design_3_wrapper.xsa
TRACE::2025-11-07.20:58:39::SCWPlatform::DSA absoulate path C:/Users/oscar/OneDrive/Documentos/UCM/QUINTO/SE/Practicas_SE/Practica3/sw/design_3_wrapper/hw/design_3_wrapper.xsa
TRACE::2025-11-07.20:58:39::SCWPlatform::DSA directory C:/Users/oscar/OneDrive/Documentos/UCM/QUINTO/SE/Practicas_SE/Practica3/sw/design_3_wrapper/hw
TRACE::2025-11-07.20:58:39::SCWPlatform:: Platform Path C:/Users/oscar/OneDrive/Documentos/UCM/QUINTO/SE/Practicas_SE/Practica3/sw/design_3_wrapper/hw/design_3_wrapper.xsa
TRACE::2025-11-07.20:58:39::SCWPlatform:: Unique name xilinx:basys3::0.0
TRACE::2025-11-07.20:58:39::SCWPlatform::Trying to set the existing hwdb with name design_3_wrapper_0
TRACE::2025-11-07.20:58:39::SCWPlatform::Opened existing hwdb design_3_wrapper_0
TRACE::2025-11-07.20:58:39::SCWPlatform::Found the Hw Db part of the input DSA
TRACE::2025-11-07.20:58:39::SCWMssOS::Checking the sw design at  C:/Users/oscar/OneDrive/Documentos/UCM/QUINTO/SE/Practicas_SE/Practica3/sw/design_3_wrapper/microblaze_0/standalone_microblaze_0/bsp/system.mss
TRACE::2025-11-07.20:58:39::SCWMssOS::DEBUG:  swdes dump  C:/Users/oscar/OneDrive/Documentos/UCM/QUINTO/SE/Practicas_SE/Practica3/sw/design_3_wrapper/microblaze_0/standalone_microblaze_0/bsp/system.mss|system||

TRACE::2025-11-07.20:58:39::SCWMssOS::Sw design exists and opened at  C:/Users/oscar/OneDrive/Documentos/UCM/QUINTO/SE/Practicas_SE/Practica3/sw/design_3_wrapper/microblaze_0/standalone_microblaze_0/bsp/system.mss
TRACE::2025-11-07.20:58:39::SCWPlatform::Trying to open the hw design at C:/Users/oscar/OneDrive/Documentos/UCM/QUINTO/SE/Practicas_SE/Practica3/sw/design_3_wrapper/hw/design_3_wrapper.xsa
TRACE::2025-11-07.20:58:39::SCWPlatform::DSA given C:/Users/oscar/OneDrive/Documentos/UCM/QUINTO/SE/Practicas_SE/Practica3/sw/design_3_wrapper/hw/design_3_wrapper.xsa
TRACE::2025-11-07.20:58:39::SCWPlatform::DSA absoulate path C:/Users/oscar/OneDrive/Documentos/UCM/QUINTO/SE/Practicas_SE/Practica3/sw/design_3_wrapper/hw/design_3_wrapper.xsa
TRACE::2025-11-07.20:58:39::SCWPlatform::DSA directory C:/Users/oscar/OneDrive/Documentos/UCM/QUINTO/SE/Practicas_SE/Practica3/sw/design_3_wrapper/hw
TRACE::2025-11-07.20:58:39::SCWPlatform:: Platform Path C:/Users/oscar/OneDrive/Documentos/UCM/QUINTO/SE/Practicas_SE/Practica3/sw/design_3_wrapper/hw/design_3_wrapper.xsa
TRACE::2025-11-07.20:58:39::SCWPlatform:: Unique name xilinx:basys3::0.0
TRACE::2025-11-07.20:58:39::SCWPlatform::Trying to set the existing hwdb with name design_3_wrapper_0
TRACE::2025-11-07.20:58:39::SCWPlatform::Opened existing hwdb design_3_wrapper_0
TRACE::2025-11-07.20:58:39::SCWPlatform::Found the Hw Db part of the input DSA
TRACE::2025-11-07.20:58:39::SCWMssOS::Checking the sw design at  C:/Users/oscar/OneDrive/Documentos/UCM/QUINTO/SE/Practicas_SE/Practica3/sw/design_3_wrapper/microblaze_0/standalone_microblaze_0/bsp/system.mss
TRACE::2025-11-07.20:58:39::SCWMssOS::DEBUG:  swdes dump  C:/Users/oscar/OneDrive/Documentos/UCM/QUINTO/SE/Practicas_SE/Practica3/sw/design_3_wrapper/microblaze_0/standalone_microblaze_0/bsp/system.mss|system||

TRACE::2025-11-07.20:58:39::SCWMssOS::Sw design exists and opened at  C:/Users/oscar/OneDrive/Documentos/UCM/QUINTO/SE/Practicas_SE/Practica3/sw/design_3_wrapper/microblaze_0/standalone_microblaze_0/bsp/system.mss
TRACE::2025-11-07.20:58:39::SCWWriter::formatted JSON is {
	"platformName":	"design_3_wrapper",
	"sprVersion":	"2.0",
	"mode":	"gui",
	"dsaType":	"Fixed",
	"platformDesc":	"design_3_wrapper",
	"platHandOff":	"C:/Users/oscar/OneDrive/Documentos/UCM/QUINTO/SE/Practicas_SE/Practica3/hw/Practica3/design_3_wrapper.xsa",
	"platIntHandOff":	"<platformDir>/hw/design_3_wrapper.xsa",
	"deviceType":	"FPGA",
	"platIsPrebuiltAutogen":	"false",
	"platIsNoBootBsp":	"false",
	"hasFsblMakeHasChanges":	"false",
	"hasPmufwMakeHasChanges":	"false",
	"platPreBuiltFlag":	false,
	"platformSamplesDir":	"",
	"platActiveSys":	"design_3_wrapper",
	"systems":	[{
			"systemName":	"design_3_wrapper",
			"systemDesc":	"design_3_wrapper",
			"sysIsBootAutoGen":	"true",
			"systemDispName":	"design_3_wrapper",
			"sysActiveDom":	"standalone_microblaze_0",
			"sysDefaultDom":	"standalone_microblaze_0",
			"domains":	[{
					"domainName":	"standalone_microblaze_0",
					"domainDispName":	"standalone_microblaze_0",
					"domainDesc":	"standalone_microblaze_0",
					"processors":	"microblaze_0",
					"os":	"standalone",
					"sdxOs":	"standalone",
					"debugEnable":	"False",
					"domRuntimes":	["cpp"],
					"swRepo":	"",
					"mssOsVer":	"8.1",
					"mssFile":	"",
					"md5Digest":	"cab17c3ce877429586b445594ed9d44c",
					"compatibleApp":	"peripheral_tests",
					"domType":	"mssDomain",
					"arch":	"32-bit",
					"appSettings":	{
						"appCompilerFlags":	"",
						"appLinkerFlags":	""
					},
					"addedLibs":	[],
					"libOptions":	{
						"libsContainingOptions":	[]
					},
					"prebuiltLibs":	{
						"prebuiltIncPath":	[],
						"prebuiltLibPath":	[]
					},
					"isolation":	{
					}
				}]
		}]
}
LOG::2025-11-07.20:58:39::SCWPlatform::Started generating the artifacts platform design_3_wrapper
TRACE::2025-11-07.20:58:39::SCWPlatform::Sanity checking of platform is completed
LOG::2025-11-07.20:58:39::SCWPlatform::Started generating the artifacts for system configuration design_3_wrapper
LOG::2025-11-07.20:58:39::SCWSystem::Started Processing the domain standalone_microblaze_0
TRACE::2025-11-07.20:58:39::SCWDomain::Generating domain artifcats
TRACE::2025-11-07.20:58:39::SCWMssOS::Generating standalone artifcats
TRACE::2025-11-07.20:58:39::SCWMssOS:: Copying the user libraries. 
TRACE::2025-11-07.20:58:39::SCWPlatform::Trying to open the hw design at C:/Users/oscar/OneDrive/Documentos/UCM/QUINTO/SE/Practicas_SE/Practica3/sw/design_3_wrapper/hw/design_3_wrapper.xsa
TRACE::2025-11-07.20:58:39::SCWPlatform::DSA given C:/Users/oscar/OneDrive/Documentos/UCM/QUINTO/SE/Practicas_SE/Practica3/sw/design_3_wrapper/hw/design_3_wrapper.xsa
TRACE::2025-11-07.20:58:39::SCWPlatform::DSA absoulate path C:/Users/oscar/OneDrive/Documentos/UCM/QUINTO/SE/Practicas_SE/Practica3/sw/design_3_wrapper/hw/design_3_wrapper.xsa
TRACE::2025-11-07.20:58:39::SCWPlatform::DSA directory C:/Users/oscar/OneDrive/Documentos/UCM/QUINTO/SE/Practicas_SE/Practica3/sw/design_3_wrapper/hw
TRACE::2025-11-07.20:58:39::SCWPlatform:: Platform Path C:/Users/oscar/OneDrive/Documentos/UCM/QUINTO/SE/Practicas_SE/Practica3/sw/design_3_wrapper/hw/design_3_wrapper.xsa
TRACE::2025-11-07.20:58:39::SCWPlatform:: Unique name xilinx:basys3::0.0
TRACE::2025-11-07.20:58:39::SCWPlatform::Trying to set the existing hwdb with name design_3_wrapper_0
TRACE::2025-11-07.20:58:39::SCWPlatform::Opened existing hwdb design_3_wrapper_0
TRACE::2025-11-07.20:58:39::SCWPlatform::Found the Hw Db part of the input DSA
TRACE::2025-11-07.20:58:39::SCWMssOS::Checking the sw design at  C:/Users/oscar/OneDrive/Documentos/UCM/QUINTO/SE/Practicas_SE/Practica3/sw/design_3_wrapper/microblaze_0/standalone_microblaze_0/bsp/system.mss
TRACE::2025-11-07.20:58:39::SCWMssOS::DEBUG:  swdes dump  C:/Users/oscar/OneDrive/Documentos/UCM/QUINTO/SE/Practicas_SE/Practica3/sw/design_3_wrapper/microblaze_0/standalone_microblaze_0/bsp/system.mss|system||

TRACE::2025-11-07.20:58:39::SCWMssOS::Sw design exists and opened at  C:/Users/oscar/OneDrive/Documentos/UCM/QUINTO/SE/Practicas_SE/Practica3/sw/design_3_wrapper/microblaze_0/standalone_microblaze_0/bsp/system.mss
TRACE::2025-11-07.20:58:39::SCWMssOS::Completed writing the mss file at C:/Users/oscar/OneDrive/Documentos/UCM/QUINTO/SE/Practicas_SE/Practica3/sw/design_3_wrapper/microblaze_0/standalone_microblaze_0/bsp
TRACE::2025-11-07.20:58:39::SCWMssOS::Mss edits present, copying mssfile into export location C:/Users/oscar/OneDrive/Documentos/UCM/QUINTO/SE/Practicas_SE/Practica3/sw/design_3_wrapper/microblaze_0/standalone_microblaze_0/bsp/system.mss
TRACE::2025-11-07.20:58:39::SCWMssOS::bsp generated is upto date with the mss file. Skipping bsp generation.
TRACE::2025-11-07.20:58:39::SCWMssOS::BSP is already built. skipping the bsp build ... 
TRACE::2025-11-07.20:58:39::SCWDomain::Building the domain as part of full build :  standalone_microblaze_0
TRACE::2025-11-07.20:58:39::SCWMssOS::skipping the bsp build ... 
TRACE::2025-11-07.20:58:39::SCWMssOS::Copying to export directory.
TRACE::2025-11-07.20:58:39::SCWMssOS:: Checking if to create the Supporting Applications
TRACE::2025-11-07.20:58:39::SCWMssOS:: No Linux domain exists, trying to generate FSBL 
LOG::2025-11-07.20:58:39::SCWSystem::Completed Processing the domain standalone_microblaze_0
LOG::2025-11-07.20:58:39::SCWSystem::Completed Processing the sysconfig design_3_wrapper
LOG::2025-11-07.20:58:39::SCWPlatform::Completed generating the artifacts for system configuration design_3_wrapper
TRACE::2025-11-07.20:58:39::SCWPlatform::Started preparing the platform 
TRACE::2025-11-07.20:58:39::SCWSystem::Writing the bif file for system config design_3_wrapper
TRACE::2025-11-07.20:58:39::SCWSystem::dir created 
TRACE::2025-11-07.20:58:39::SCWSystem::Writing the bif 
TRACE::2025-11-07.20:58:39::SCWPlatform::Started writing the spfm file 
TRACE::2025-11-07.20:58:39::SCWPlatform::Started writing the xpfm file 
TRACE::2025-11-07.20:58:39::SCWPlatform::Completed generating the platform
TRACE::2025-11-07.20:58:39::SCWMssOS::Saving the mss changes C:/Users/oscar/OneDrive/Documentos/UCM/QUINTO/SE/Practicas_SE/Practica3/sw/design_3_wrapper/microblaze_0/standalone_microblaze_0/bsp/system.mss
TRACE::2025-11-07.20:58:39::SCWMssOS::Found a swdesign opened with the mssfile.
TRACE::2025-11-07.20:58:39::SCWMssOS::Completed writemss as part of save.
TRACE::2025-11-07.20:58:39::SCWMssOS::Commit changes completed.
TRACE::2025-11-07.20:58:39::SCWPlatform::Trying to open the hw design at C:/Users/oscar/OneDrive/Documentos/UCM/QUINTO/SE/Practicas_SE/Practica3/sw/design_3_wrapper/hw/design_3_wrapper.xsa
TRACE::2025-11-07.20:58:39::SCWPlatform::DSA given C:/Users/oscar/OneDrive/Documentos/UCM/QUINTO/SE/Practicas_SE/Practica3/sw/design_3_wrapper/hw/design_3_wrapper.xsa
TRACE::2025-11-07.20:58:39::SCWPlatform::DSA absoulate path C:/Users/oscar/OneDrive/Documentos/UCM/QUINTO/SE/Practicas_SE/Practica3/sw/design_3_wrapper/hw/design_3_wrapper.xsa
TRACE::2025-11-07.20:58:39::SCWPlatform::DSA directory C:/Users/oscar/OneDrive/Documentos/UCM/QUINTO/SE/Practicas_SE/Practica3/sw/design_3_wrapper/hw
TRACE::2025-11-07.20:58:39::SCWPlatform:: Platform Path C:/Users/oscar/OneDrive/Documentos/UCM/QUINTO/SE/Practicas_SE/Practica3/sw/design_3_wrapper/hw/design_3_wrapper.xsa
TRACE::2025-11-07.20:58:39::SCWPlatform:: Unique name xilinx:basys3::0.0
TRACE::2025-11-07.20:58:39::SCWPlatform::Trying to set the existing hwdb with name design_3_wrapper_0
TRACE::2025-11-07.20:58:39::SCWPlatform::Opened existing hwdb design_3_wrapper_0
TRACE::2025-11-07.20:58:39::SCWPlatform::Found the Hw Db part of the input DSA
TRACE::2025-11-07.20:58:39::SCWMssOS::Checking the sw design at  C:/Users/oscar/OneDrive/Documentos/UCM/QUINTO/SE/Practicas_SE/Practica3/sw/design_3_wrapper/microblaze_0/standalone_microblaze_0/bsp/system.mss
TRACE::2025-11-07.20:58:39::SCWMssOS::DEBUG:  swdes dump  C:/Users/oscar/OneDrive/Documentos/UCM/QUINTO/SE/Practicas_SE/Practica3/sw/design_3_wrapper/microblaze_0/standalone_microblaze_0/bsp/system.mss|system||

TRACE::2025-11-07.20:58:39::SCWMssOS::Sw design exists and opened at  C:/Users/oscar/OneDrive/Documentos/UCM/QUINTO/SE/Practicas_SE/Practica3/sw/design_3_wrapper/microblaze_0/standalone_microblaze_0/bsp/system.mss
TRACE::2025-11-07.20:58:39::SCWPlatform::Trying to open the hw design at C:/Users/oscar/OneDrive/Documentos/UCM/QUINTO/SE/Practicas_SE/Practica3/sw/design_3_wrapper/hw/design_3_wrapper.xsa
TRACE::2025-11-07.20:58:39::SCWPlatform::DSA given C:/Users/oscar/OneDrive/Documentos/UCM/QUINTO/SE/Practicas_SE/Practica3/sw/design_3_wrapper/hw/design_3_wrapper.xsa
TRACE::2025-11-07.20:58:39::SCWPlatform::DSA absoulate path C:/Users/oscar/OneDrive/Documentos/UCM/QUINTO/SE/Practicas_SE/Practica3/sw/design_3_wrapper/hw/design_3_wrapper.xsa
TRACE::2025-11-07.20:58:39::SCWPlatform::DSA directory C:/Users/oscar/OneDrive/Documentos/UCM/QUINTO/SE/Practicas_SE/Practica3/sw/design_3_wrapper/hw
TRACE::2025-11-07.20:58:39::SCWPlatform:: Platform Path C:/Users/oscar/OneDrive/Documentos/UCM/QUINTO/SE/Practicas_SE/Practica3/sw/design_3_wrapper/hw/design_3_wrapper.xsa
TRACE::2025-11-07.20:58:39::SCWPlatform:: Unique name xilinx:basys3::0.0
TRACE::2025-11-07.20:58:39::SCWPlatform::Trying to set the existing hwdb with name design_3_wrapper_0
TRACE::2025-11-07.20:58:39::SCWPlatform::Opened existing hwdb design_3_wrapper_0
TRACE::2025-11-07.20:58:39::SCWPlatform::Found the Hw Db part of the input DSA
TRACE::2025-11-07.20:58:39::SCWMssOS::Checking the sw design at  C:/Users/oscar/OneDrive/Documentos/UCM/QUINTO/SE/Practicas_SE/Practica3/sw/design_3_wrapper/microblaze_0/standalone_microblaze_0/bsp/system.mss
TRACE::2025-11-07.20:58:39::SCWMssOS::DEBUG:  swdes dump  C:/Users/oscar/OneDrive/Documentos/UCM/QUINTO/SE/Practicas_SE/Practica3/sw/design_3_wrapper/microblaze_0/standalone_microblaze_0/bsp/system.mss|system||

TRACE::2025-11-07.20:58:39::SCWMssOS::Sw design exists and opened at  C:/Users/oscar/OneDrive/Documentos/UCM/QUINTO/SE/Practicas_SE/Practica3/sw/design_3_wrapper/microblaze_0/standalone_microblaze_0/bsp/system.mss
TRACE::2025-11-07.20:58:39::SCWPlatform::Trying to open the hw design at C:/Users/oscar/OneDrive/Documentos/UCM/QUINTO/SE/Practicas_SE/Practica3/sw/design_3_wrapper/hw/design_3_wrapper.xsa
TRACE::2025-11-07.20:58:39::SCWPlatform::DSA given C:/Users/oscar/OneDrive/Documentos/UCM/QUINTO/SE/Practicas_SE/Practica3/sw/design_3_wrapper/hw/design_3_wrapper.xsa
TRACE::2025-11-07.20:58:39::SCWPlatform::DSA absoulate path C:/Users/oscar/OneDrive/Documentos/UCM/QUINTO/SE/Practicas_SE/Practica3/sw/design_3_wrapper/hw/design_3_wrapper.xsa
TRACE::2025-11-07.20:58:39::SCWPlatform::DSA directory C:/Users/oscar/OneDrive/Documentos/UCM/QUINTO/SE/Practicas_SE/Practica3/sw/design_3_wrapper/hw
TRACE::2025-11-07.20:58:39::SCWPlatform:: Platform Path C:/Users/oscar/OneDrive/Documentos/UCM/QUINTO/SE/Practicas_SE/Practica3/sw/design_3_wrapper/hw/design_3_wrapper.xsa
TRACE::2025-11-07.20:58:39::SCWPlatform:: Unique name xilinx:basys3::0.0
TRACE::2025-11-07.20:58:39::SCWPlatform::Trying to set the existing hwdb with name design_3_wrapper_0
TRACE::2025-11-07.20:58:39::SCWPlatform::Opened existing hwdb design_3_wrapper_0
TRACE::2025-11-07.20:58:39::SCWPlatform::Found the Hw Db part of the input DSA
TRACE::2025-11-07.20:58:39::SCWMssOS::Checking the sw design at  C:/Users/oscar/OneDrive/Documentos/UCM/QUINTO/SE/Practicas_SE/Practica3/sw/design_3_wrapper/microblaze_0/standalone_microblaze_0/bsp/system.mss
TRACE::2025-11-07.20:58:39::SCWMssOS::DEBUG:  swdes dump  C:/Users/oscar/OneDrive/Documentos/UCM/QUINTO/SE/Practicas_SE/Practica3/sw/design_3_wrapper/microblaze_0/standalone_microblaze_0/bsp/system.mss|system||

TRACE::2025-11-07.20:58:39::SCWMssOS::Sw design exists and opened at  C:/Users/oscar/OneDrive/Documentos/UCM/QUINTO/SE/Practicas_SE/Practica3/sw/design_3_wrapper/microblaze_0/standalone_microblaze_0/bsp/system.mss
TRACE::2025-11-07.20:58:39::SCWWriter::formatted JSON is {
	"platformName":	"design_3_wrapper",
	"sprVersion":	"2.0",
	"mode":	"gui",
	"dsaType":	"Fixed",
	"platformDesc":	"design_3_wrapper",
	"platHandOff":	"C:/Users/oscar/OneDrive/Documentos/UCM/QUINTO/SE/Practicas_SE/Practica3/hw/Practica3/design_3_wrapper.xsa",
	"platIntHandOff":	"<platformDir>/hw/design_3_wrapper.xsa",
	"deviceType":	"FPGA",
	"platIsPrebuiltAutogen":	"false",
	"platIsNoBootBsp":	"false",
	"hasFsblMakeHasChanges":	"false",
	"hasPmufwMakeHasChanges":	"false",
	"platPreBuiltFlag":	false,
	"platformSamplesDir":	"",
	"platActiveSys":	"design_3_wrapper",
	"systems":	[{
			"systemName":	"design_3_wrapper",
			"systemDesc":	"design_3_wrapper",
			"sysIsBootAutoGen":	"true",
			"systemDispName":	"design_3_wrapper",
			"sysActiveDom":	"standalone_microblaze_0",
			"sysDefaultDom":	"standalone_microblaze_0",
			"domains":	[{
					"domainName":	"standalone_microblaze_0",
					"domainDispName":	"standalone_microblaze_0",
					"domainDesc":	"standalone_microblaze_0",
					"processors":	"microblaze_0",
					"os":	"standalone",
					"sdxOs":	"standalone",
					"debugEnable":	"False",
					"domRuntimes":	["cpp"],
					"swRepo":	"",
					"mssOsVer":	"8.1",
					"mssFile":	"",
					"md5Digest":	"cab17c3ce877429586b445594ed9d44c",
					"compatibleApp":	"peripheral_tests",
					"domType":	"mssDomain",
					"arch":	"32-bit",
					"appSettings":	{
						"appCompilerFlags":	"",
						"appLinkerFlags":	""
					},
					"addedLibs":	[],
					"libOptions":	{
						"libsContainingOptions":	[]
					},
					"prebuiltLibs":	{
						"prebuiltIncPath":	[],
						"prebuiltLibPath":	[]
					},
					"isolation":	{
					}
				}]
		}]
}
KEYINFO::2025-11-07.20:58:39::SCWPlatform::updated the xpfm file.
