Nothing to build in platform 'design_2_wrapper'

17:49:31 **** Incremental Build of configuration Debug for project P2_VITIS ****
make all 
'Building file: ../src/testperiph.c'
'Invoking: MicroBlaze gcc compiler'
mb-gcc -Wall -O0 -g3 -c -fmessage-length=0 -MT"src/testperiph.o" -IC:/Users/usuario_local/Documents/Practicas_SE/Practica_2/design_2_wrapper/export/design_2_wrapper/sw/design_2_wrapper/standalone_microblaze_0/bspinclude/include -mlittle-endian -mcpu=v11.0 -mxl-soft-mul -Wl,--no-relax -ffunction-sections -fdata-sections -MMD -MP -MF"src/testperiph.d" -MT"src/testperiph.o" -o "src/testperiph.o" "../src/testperiph.c"
'Finished building: ../src/testperiph.c'
' '
'Building target: P2_VITIS.elf'
'Invoking: MicroBlaze gcc linker'
mb-gcc -Wl,-T -Wl,../src/lscript.ld -LC:/Users/usuario_local/Documents/Practicas_SE/Practica_2/design_2_wrapper/export/design_2_wrapper/sw/design_2_wrapper/standalone_microblaze_0/bsplib/lib -mlittle-endian -mcpu=v11.0 -mxl-soft-mul -Wl,--no-relax -Wl,--gc-sections -o "P2_VITIS.elf"  ./src/testperiph.o   -Wl,--start-group,-lxil,-lgcc,-lc,--end-group
'Finished building target: P2_VITIS.elf'
' '
'Invoking: MicroBlaze Print Size'
mb-size P2_VITIS.elf  |tee "P2_VITIS.elf.size"
   text	   data	    bss	    dec	    hex	filename
   6068	    268	   3112	   9448	   24e8	P2_VITIS.elf
'Finished building: P2_VITIS.elf.size'
' '
17:49:32 **** Incremental Build of configuration Debug for project P2_VITIS_system ****
make all 
Skipping SD card image generation. Reason: "The system project only has applications for microblaze processors."
