11:26:00 **** Build of configuration Debug for project Pract2 ****
make all 
'Building file: ../src/main.c'
'Invoking: MicroBlaze gcc compiler'
mb-gcc -Wall -O0 -g3 -c -fmessage-length=0 -MT"src/main.o" -IC:/Users/oscar/OneDrive/Documentos/UCM/QUINTO/SE/Practicas_SE/Practica2/sw/design_2_wrapper/export/design_2_wrapper/sw/design_2_wrapper/standalone_microblaze_0/bspinclude/include -mlittle-endian -mcpu=v11.0 -mxl-soft-mul -Wl,--no-relax -ffunction-sections -fdata-sections -MMD -MP -MF"src/main.d" -MT"src/main.o" -o "src/main.o" "../src/main.c"
../src/main.c: In function 'main':
../src/main.c:15:4: warning: implicit declaration of function 'sleep' [-Wimplicit-function-declaration]
   15 |    sleep(1);
      |    ^~~~~
'Finished building: ../src/main.c'
' '
'Building target: Pract2.elf'
'Invoking: MicroBlaze gcc linker'
mb-gcc -Wl,-T -Wl,../src/lscript.ld -LC:/Users/oscar/OneDrive/Documentos/UCM/QUINTO/SE/Practicas_SE/Practica2/sw/design_2_wrapper/export/design_2_wrapper/sw/design_2_wrapper/standalone_microblaze_0/bsplib/lib -mlittle-endian -mcpu=v11.0 -mxl-soft-mul -Wl,--no-relax -Wl,--gc-sections -o "Pract2.elf"  ./src/main.o   -Wl,--start-group,-lxil,-lgcc,-lc,--end-group
'Finished building target: Pract2.elf'
' '
'Invoking: MicroBlaze Print Size'
mb-size Pract2.elf  |tee "Pract2.elf.size"
   text	   data	    bss	    dec	    hex	filename
   6144	    272	   3104	   9520	   2530	Pract2.elf
'Finished building: Pract2.elf.size'
' '

11:26:01 Build Finished (took 703ms)

