17:23:59 **** Build of configuration Debug for project Pract2 ****
make all 
'Building file: ../src/testperiph.c'
'Invoking: MicroBlaze gcc compiler'
mb-gcc -Wall -O0 -g3 -c -fmessage-length=0 -MT"src/testperiph.o" -IC:/Users/oscar/OneDrive/Documentos/UCM/QUINTO/SE/Practicas_SE/Practica2/sw/design_2_wrapper/export/design_2_wrapper/sw/design_2_wrapper/standalone_microblaze_0/bspinclude/include -mlittle-endian -mcpu=v11.0 -mxl-soft-mul -Wl,--no-relax -ffunction-sections -fdata-sections -MMD -MP -MF"src/testperiph.d" -MT"src/testperiph.o" -o "src/testperiph.o" "../src/testperiph.c"
../src/testperiph.c: In function 'main':
../src/testperiph.c:31:12: warning: implicit declaration of function 'sleep' [-Wimplicit-function-declaration]
   31 |            sleep(1);
      |            ^~~~~
'Finished building: ../src/testperiph.c'
' '
'Building target: Pract2.elf'
'Invoking: MicroBlaze gcc linker'
mb-gcc -Wl,-T -Wl,../src/lscript.ld -LC:/Users/oscar/OneDrive/Documentos/UCM/QUINTO/SE/Practicas_SE/Practica2/sw/design_2_wrapper/export/design_2_wrapper/sw/design_2_wrapper/standalone_microblaze_0/bsplib/lib -mlittle-endian -mcpu=v11.0 -mxl-soft-mul -Wl,--no-relax -Wl,--gc-sections -o "Pract2.elf"  ./src/testperiph.o   -Wl,--start-group,-lxil,-lgcc,-lc,--end-group
'Finished building target: Pract2.elf'
' '
'Invoking: MicroBlaze Print Size'
mb-size Pract2.elf  |tee "Pract2.elf.size"
   text	   data	    bss	    dec	    hex	filename
   6136	    272	   3104	   9512	   2528	Pract2.elf
'Finished building: Pract2.elf.size'
' '

17:23:59 Build Finished (took 715ms)

