20:35:51 **** Build of configuration Debug for project P2_Vitis ****
make all 
'Building file: ../src/testperiph.c'
'Invoking: MicroBlaze gcc compiler'
mb-gcc -Wall -O0 -g3 -c -fmessage-length=0 -MT"src/testperiph.o" -IC:/Users/oscar/OneDrive/Documentos/UCM/QUINTO/SE/Practicas_SE/design_2_wrapper/export/design_2_wrapper/sw/design_2_wrapper/standalone_microblaze_0/bspinclude/include -mlittle-endian -mcpu=v11.0 -mxl-soft-mul -Wl,--no-relax -ffunction-sections -fdata-sections -MMD -MP -MF"src/testperiph.d" -MT"src/testperiph.o" -o "src/testperiph.o" "../src/testperiph.c"
../src/testperiph.c: In function 'main':
../src/testperiph.c:34:12: warning: implicit declaration of function 'sleep' [-Wimplicit-function-declaration]
   34 |            sleep(1);
      |            ^~~~~
'Finished building: ../src/testperiph.c'
' '
'Building target: P2_Vitis.elf'
'Invoking: MicroBlaze gcc linker'
mb-gcc -Wl,-T -Wl,../src/lscript.ld -LC:/Users/oscar/OneDrive/Documentos/UCM/QUINTO/SE/Practicas_SE/design_2_wrapper/export/design_2_wrapper/sw/design_2_wrapper/standalone_microblaze_0/bsplib/lib -mlittle-endian -mcpu=v11.0 -mxl-soft-mul -Wl,--no-relax -Wl,--gc-sections -o "P2_Vitis.elf"  ./src/testperiph.o   -Wl,--start-group,-lxil,-lgcc,-lc,--end-group
'Finished building target: P2_Vitis.elf'
' '
'Invoking: MicroBlaze Print Size'
mb-size P2_Vitis.elf  |tee "P2_Vitis.elf.size"
   text	   data	    bss	    dec	    hex	filename
   6128	    272	   3104	   9504	   2520	P2_Vitis.elf
'Finished building: P2_Vitis.elf.size'
' '

20:35:51 Build Finished (took 770ms)

