17:22:35 **** Build of project DesignP1_wrapper ****
buildplatform.bat 53817 DesignP1_wrapper  
XSDB Server Channel: tcfchan#10
Building the BSP Library for domain  - standalone_microblaze_0 on processor microblaze_0
make --no-print-directory seq_libs

'Finished building libraries sequentially.'

make -j 10 --no-print-directory par_libs

"Running Make include in microblaze_0/libsrc/bram_v4_8/src"

make -C microblaze_0/libsrc/bram_v4_8/src -s include  "SHELL=CMD" "COMPILER=mb-gcc" "ASSEMBLER=mb-as" "ARCHIVER=mb-ar" "COMPILE
R_FLAGS=  -O2 -c -mcpu=v11.0 -mlittle-endian -mxl-soft-mul" "EXTRA_COMPILER_FLAGS=-g -ffunction-sections -fdata-sections -Wall 
-Wextra -fno-tree-loop-distribute-patterns"

"Running Make include in microblaze_0/libsrc/cpu_v2_17/src"

make -C microblaze_0/libsrc/cpu_v2_17/src -s include  "SHELL=CMD" "COMPILER=mb-gcc" "ASSEMBLER=mb-as" "ARCHIVER=mb-ar" "COMPILE
R_FLAGS=  -O2 -c -mcpu=v11.0 -mlittle-endian -mxl-soft-mul" "EXTRA_COMPILER_FLAGS=-g -ffunction-sections -fdata-sections -Wall 
-Wextra -fno-tree-loop-distribute-patterns"

"Running Make include in microblaze_0/libsrc/gpio_v4_9/src"

make -C microblaze_0/libsrc/gpio_v4_9/src -s include  "SHELL=CMD" "COMPILER=mb-gcc" "ASSEMBLER=mb-as" "ARCHIVER=mb-ar" "COMPILE
R_FLAGS=  -O2 -c -mcpu=v11.0 -mlittle-endian -mxl-soft-mul" "EXTRA_COMPILER_FLAGS=-g -ffunction-sections -fdata-sections -Wall 
-Wextra -fno-tree-loop-distribute-patterns"

"Running Make include in microblaze_0/libsrc/standalone_v8_1/src"

make -C microblaze_0/libsrc/standalone_v8_1/src -s include  "SHELL=CMD" "COMPILER=mb-gcc" "ASSEMBLER=mb-as" "ARCHIVER=mb-ar" "C
OMPILER_FLAGS=  -O2 -c -mcpu=v11.0 -mlittle-endian -mxl-soft-mul" "EXTRA_COMPILER_FLAGS=-g -ffunction-sections -fdata-sections 
-Wall -Wextra -fno-tree-loop-distribute-patterns"

"Running Make include in microblaze_0/libsrc/uartlite_v3_8/src"

make -C microblaze_0/libsrc/uartlite_v3_8/src -s include  "SHELL=CMD" "COMPILER=mb-gcc" "ASSEMBLER=mb-as" "ARCHIVER=mb-ar" "COM
PILER_FLAGS=  -O2 -c -mcpu=v11.0 -mlittle-endian -mxl-soft-mul" "EXTRA_COMPILER_FLAGS=-g -ffunction-sections -fdata-sections -W
all -Wextra -fno-tree-loop-distribute-patterns"

"Running Make libs in microblaze_0/libsrc/bram_v4_8/src"

make -C microblaze_0/libsrc/bram_v4_8/src -s libs  "SHELL=CMD" "COMPILER=mb-gcc" "ASSEMBLER=mb-as" "ARCHIVER=mb-ar" "COMPILER_F
LAGS=  -O2 -c -mcpu=v11.0 -mlittle-endian -mxl-soft-mul" "EXTRA_COMPILER_FLAGS=-g -ffunction-sections -fdata-sections -Wall -We
xtra -fno-tree-loop-distribute-patterns"

"Running Make libs in microblaze_0/libsrc/cpu_v2_17/src"

make -C microblaze_0/libsrc/cpu_v2_17/src -s libs  "SHELL=CMD" "COMPILER=mb-gcc" "ASSEMBLER=mb-as" "ARCHIVER=mb-ar" "COMPILER_F
LAGS=  -O2 -c -mcpu=v11.0 -mlittle-endian -mxl-soft-mul" "EXTRA_COMPILER_FLAGS=-g -ffunction-sections -fdata-sections -Wall -We
xtra -fno-tree-loop-distribute-patterns"

"Running Make libs in microblaze_0/libsrc/gpio_v4_9/src"

make -C microblaze_0/libsrc/gpio_v4_9/src -s libs  "SHELL=CMD" "COMPILER=mb-gcc" "ASSEMBLER=mb-as" "ARCHIVER=mb-ar" "COMPILER_F
LAGS=  -O2 -c -mcpu=v11.0 -mlittle-endian -mxl-soft-mul" "EXTRA_COMPILER_FLAGS=-g -ffunction-sections -fdata-sections -Wall -We
xtra -fno-tree-loop-distribute-patterns"

"Running Make libs in microblaze_0/libsrc/standalone_v8_1/src"

make -C microblaze_0/libsrc/standalone_v8_1/src -s libs  "SHELL=CMD" "COMPILER=mb-gcc" "ASSEMBLER=mb-as" "ARCHIVER=mb-ar" "COMP
ILER_FLAGS=  -O2 -c -mcpu=v11.0 -mlittle-endian -mxl-soft-mul" "EXTRA_COMPILER_FLAGS=-g -ffunction-sections -fdata-sections -Wa
ll -Wextra -fno-tree-loop-distribute-patterns"

"Running Make libs in microblaze_0/libsrc/uartlite_v3_8/src"

make -C microblaze_0/libsrc/uartlite_v3_8/src -s libs  "SHELL=CMD" "COMPILER=mb-gcc" "ASSEMBLER=mb-as" "ARCHIVER=mb-ar" "COMPIL
ER_FLAGS=  -O2 -c -mcpu=v11.0 -mlittle-endian -mxl-soft-mul" "EXTRA_COMPILER_FLAGS=-g -ffunction-sections -fdata-sections -Wall
 -Wextra -fno-tree-loop-distribute-patterns"

microblaze_sleep.c:81:9: note: '#pragma message: For the sleep routines, assembly instructions are used'
   81 | #pragma message ("For the sleep routines, assembly instructions are used")
      |         ^~~~~~~
"DEBUG NON_LTO_OBJECTS is ../../../lib/microblaze_interrupt_handler.o"

'Finished building libraries parallelly.'

make --no-print-directory archive

mb-ar -r  microblaze_0/lib/libxil.a microblaze_0/lib/_exit.o microblaze_0/lib/errno.o microblaze_0/lib/fcntl.o microblaze_0/lib
/hw_exception_handler.o microblaze_0/lib/inbyte.o microblaze_0/lib/microblaze_disable_dcache.o microblaze_0/lib/microblaze_disa
ble_exceptions.o microblaze_0/lib/microblaze_disable_icache.o microblaze_0/lib/microblaze_disable_interrupts.o microblaze_0/lib
/microblaze_enable_dcache.o microblaze_0/lib/microblaze_enable_exceptions.o microblaze_0/lib/microblaze_enable_icache.o microbl
aze_0/lib/microblaze_enable_interrupts.o microblaze_0/lib/microblaze_exception_handler.o microblaze_0/lib/microblaze_flush_cach
e_ext.o microblaze_0/lib/microblaze_flush_cache_ext_range.o microblaze_0/lib/microblaze_flush_dcache.o microblaze_0/lib/microbl
aze_flush_dcache_range.o microblaze_0/lib/microblaze_init_dcache_range.o microblaze_0/lib/microblaze_init_icache_range.o microb
laze_0/lib/microblaze_interrupt_handler.o microblaze_0/lib/microblaze_interrupts_g.o microblaze_0/lib/microblaze_invalidate_cac
he_ext.o microblaze_0/lib/microblaze_invalidate_cache_ext_range.o microblaze_0/lib/microblaze_invalidate_dcache.o microblaze_0/
lib/microblaze_invalidate_dcache_range.o microblaze_0/lib/microblaze_invalidate_icache.o microblaze_0/lib/microblaze_invalidate
_icache_range.o microblaze_0/lib/microblaze_scrub.o microblaze_0/lib/microblaze_selftest.o microblaze_0/lib/microblaze_sleep.o 
microblaze_0/lib/microblaze_update_dcache.o microblaze_0/lib/microblaze_update_icache.o microblaze_0/lib/outbyte.o microblaze_0
/lib/print.o microblaze_0/lib/pvr.o microblaze_0/lib/xbram.o microblaze_0/lib/xbram_g.o microblaze_0/lib/xbram_intr.o microblaz
e_0/lib/xbram_selftest.o microblaze_0/lib/xbram_sinit.o microblaze_0/lib/xgpio.o microblaze_0/lib/xgpio_extra.o microblaze_0/li
b/xgpio_g.o microblaze_0/lib/xgpio_intr.o microblaze_0/lib/xgpio_selftest.o microblaze_0/lib/xgpio_sinit.o microblaze_0/lib/xil
_assert.o microblaze_0/lib/xil_cache.o microblaze_0/lib/xil_clocking.o microblaze_0/lib/xil_exception.o microblaze_0/lib/xil_me
m.o microblaze_0/lib/xil_misc_psreset_api.o microblaze_0/lib/xil_printf.o microblaze_0/lib/xil_sleepcommon.o microblaze_0/lib/x
il_testcache.o microblaze_0/lib/xil_testio.o microblaze_0/lib/xil_testmem.o microblaze_0/lib/xil_util.o microblaze_0/lib/xinter
rupt_wrap.o microblaze_0/lib/xio.o microblaze_0/lib/xplatform_info.o microblaze_0/lib/xuartlite.o microblaze_0/lib/xuartlite_g.
o microblaze_0/lib/xuartlite_intr.o microblaze_0/lib/xuartlite_l.o microblaze_0/lib/xuartlite_selftest.o microblaze_0/lib/xuart
lite_sinit.o microblaze_0/lib/xuartlite_stats.o

mb-ar: creating microblaze_0/lib/libxil.a
'Finished building libraries'

17:22:38 **** Build of configuration Debug for project Practica1 ****
make all 
'Building file: ../src/P1.c'
'Invoking: MicroBlaze gcc compiler'
mb-gcc -Wall -O0 -g3 -c -fmessage-length=0 -MT"src/P1.o" -IC:/Users/usuario_local/Documents/Practicas_SE/Practica1/DesignP1_wrapper/export/DesignP1_wrapper/sw/DesignP1_wrapper/standalone_microblaze_0/bspinclude/include -mlittle-endian -mcpu=v11.0 -mxl-soft-mul -Wl,--no-relax -ffunction-sections -fdata-sections -MMD -MP -MF"src/P1.d" -MT"src/P1.o" -o "src/P1.o" "../src/P1.c"
In file included from ../src/P1.c:6:
C:/Users/usuario_local/Documents/Practicas_SE/Practica1/DesignP1_wrapper/export/DesignP1_wrapper/sw/DesignP1_wrapper/standalone_microblaze_0/bspinclude/include/xbasic_types.h:102:2: warning: #warning The xbasics_type.h file is deprecated and users should use xil_types.h and xil_assert. [-Wcpp]
  102 | #warning  The xbasics_type.h file is deprecated and users should use xil_types.h and xil_assert.
      |  ^~~~~~~
C:/Users/usuario_local/Documents/Practicas_SE/Practica1/DesignP1_wrapper/export/DesignP1_wrapper/sw/DesignP1_wrapper/standalone_microblaze_0/bspinclude/include/xbasic_types.h:103:2: warning: #warning Please refer the Standalone BSP UG647 for further details [-Wcpp]
  103 | #warning  Please refer the Standalone BSP UG647 for further details
      |  ^~~~~~~
../src/P1.c: In function 'readCharFromUART':
../src/P1.c:22:27: warning: implicit declaration of function 'XUartLite_RecvByte' [-Wimplicit-function-declaration]
   22 |         Xuint8 caracter = XUartLite_RecvByte(XPAR_AXI_UARTLITE_0_BASEADDR);
      |                           ^~~~~~~~~~~~~~~~~~
../src/P1.c: In function 'sendCharToUART':
../src/P1.c:35:9: warning: implicit declaration of function 'XUartLite_SendByte' [-Wimplicit-function-declaration]
   35 |         XUartLite_SendByte(XPAR_UARTLITE_0_BASEADDR, c);
      |         ^~~~~~~~~~~~~~~~~~
../src/P1.c: In function 'showNumberOnLEDS':
../src/P1.c:140:1: warning: control reaches end of non-void function [-Wreturn-type]
  140 | }
      | ^
../src/P1.c: In function 'main':
../src/P1.c:198:12: warning: statement will never be executed [-Wswitch-unreachable]
  198 |            xil_printf("Opcion %c\n\r", option);
      |            ^~~~~~~~~~~~~~~~~~~~~~~~~~~~~~~~~~~
'Finished building: ../src/P1.c'
' '
'Building file: ../src/xgpio_tapp_example.c'
'Invoking: MicroBlaze gcc compiler'
mb-gcc -Wall -O0 -g3 -c -fmessage-length=0 -MT"src/xgpio_tapp_example.o" -IC:/Users/usuario_local/Documents/Practicas_SE/Practica1/DesignP1_wrapper/export/DesignP1_wrapper/sw/DesignP1_wrapper/standalone_microblaze_0/bspinclude/include -mlittle-endian -mcpu=v11.0 -mxl-soft-mul -Wl,--no-relax -ffunction-sections -fdata-sections -MMD -MP -MF"src/xgpio_tapp_example.d" -MT"src/xgpio_tapp_example.o" -o "src/xgpio_tapp_example.o" "../src/xgpio_tapp_example.c"
'Finished building: ../src/xgpio_tapp_example.c'
' '
'Building target: Practica1.elf'
'Invoking: MicroBlaze gcc linker'
mb-gcc -Wl,-T -Wl,../src/lscript.ld -LC:/Users/usuario_local/Documents/Practicas_SE/Practica1/DesignP1_wrapper/export/DesignP1_wrapper/sw/DesignP1_wrapper/standalone_microblaze_0/bsplib/lib -mlittle-endian -mcpu=v11.0 -mxl-soft-mul -Wl,--no-relax -Wl,--gc-sections -o "Practica1.elf"  ./src/P1.o ./src/xgpio_tapp_example.o   -Wl,--start-group,-lxil,-lgcc,-lc,--end-group
'Finished building target: Practica1.elf'
' '
'Invoking: MicroBlaze Print Size'
mb-size Practica1.elf  |tee "Practica1.elf.size"
   text	   data	    bss	    dec	    hex	filename
   9328	    288	   3112	  12728	   31b8	Practica1.elf
'Finished building: Practica1.elf.size'
' '
